21:57:25.179 [main] DEBUG org.testng.TestNG - suiteXmlPath: "C:\Users\Kultigin_Uludag\AppData\Local\JetBrains\IdeaIC2023.3\temp-testng-customsuite.xml"
21:57:25.389 [main] INFO  org.testng.internal.Utils - [TestNG] Running:
  C:\Users\Kultigin_Uludag\AppData\Local\JetBrains\IdeaIC2023.3\temp-testng-customsuite.xml

21:57:25.405 [main] INFO  testRunnerPages.ImplementSeleneid - Setup configured
21:57:25.409 [main] DEBUG c.c.selenide.impl.CiReportUrl - Variable selenide.reportsUrl not found
21:57:25.430 [main] DEBUG com.codeborne.selenide.impl.Plugins - Using default implementation of com.codeborne.selenide.impl.Photographer: com.codeborne.selenide.impl.WebdriverPhotographer
21:57:25.431 [main] DEBUG com.codeborne.selenide.impl.Plugins - Using default implementation of com.codeborne.selenide.impl.PageSourceExtractor: com.codeborne.selenide.impl.WebPageSourceExtractor
21:57:25.446 [main] DEBUG com.codeborne.selenide.impl.Plugins - Using default implementation of com.codeborne.selenide.impl.PageObjectFactory: com.codeborne.selenide.impl.SelenidePageFactory
21:57:25.449 [main] INFO  c.c.s.i.WebDriverThreadLocalContainer - No webdriver is bound to current thread: 1 - let's create a new webdriver
21:57:25.464 [main] DEBUG c.c.s.d.CreateDriverCommand - Creating webdriver in thread 1 (ip: 192.168.1.173, host: EPTRANKW0068)...
21:57:25.476 [main] INFO  c.codeborne.selenide.impl.FileHelper - Creating folder: C:\Users\Kultigin_Uludag\AppData\Local\Temp\3db292df-304f-451b-a5ae-b4b262abb085_Ex_Files_Adv_Selenium_GUI.zip.085\Ex_Files_Adv_Selenium_GUI\selenideFramework\build\downloads\1717181845465_72072_1
21:57:25.478 [main] DEBUG c.c.s.webdriver.WebDriverFactory - browser=chrome
21:57:25.478 [main] DEBUG c.c.s.webdriver.WebDriverFactory - browser.version=null
21:57:25.478 [main] DEBUG c.c.s.webdriver.WebDriverFactory - remote=null
21:57:25.478 [main] DEBUG c.c.s.webdriver.WebDriverFactory - browserSize=1366x768
21:57:25.478 [main] DEBUG c.c.s.webdriver.WebDriverFactory - downloadsFolder=C:\Users\Kultigin_Uludag\AppData\Local\Temp\3db292df-304f-451b-a5ae-b4b262abb085_Ex_Files_Adv_Selenium_GUI.zip.085\Ex_Files_Adv_Selenium_GUI\selenideFramework\build\downloads\1717181845465_72072_1
21:57:25.494 [main] DEBUG c.c.s.w.AbstractChromiumDriverFactory - Using chromium preferences: {credentials_enable_service=false, safebrowsing.enabled=true, plugins.always_open_pdf_externally=true, profile.default_content_setting_values.automatic_downloads=1, profile.password_manager_enabled=false, profile.password_manager_leak_detection=false, download.default_directory=C:\Users\Kultigin_Uludag\AppData\Local\Temp\3db292df-304f-451b-a5ae-b4b262abb085_Ex_Files_Adv_Selenium_GUI.zip.085\Ex_Files_Adv_Selenium_GUI\selenideFramework\build\downloads\1717181845465_72072_1}
21:57:25.495 [main] DEBUG c.c.s.webdriver.ChromeDriverFactory - Chrome options: Capabilities {acceptInsecureCerts: true, browserName: chrome, goog:chromeOptions: {args: [--proxy-bypass-list=<-loopb..., --disable-dev-shm-usage, --window-size=1366,768], excludeSwitches: [enable-automation, load-extension], extensions: [], prefs: {credentials_enable_service: false, download.default_directory: C:\Users\Kultigin_Uludag\Ap..., plugins.always_open_pdf_externally: true, profile.default_content_setting_values.automatic_downloads: 1, profile.password_manager_enabled: false, profile.password_manager_leak_detection: false, safebrowsing.enabled: true}}, pageLoadStrategy: normal, unhandledPromptBehavior: accept}
21:57:27.024 [main] INFO  c.c.s.webdriver.WebDriverFactory - BrowserName=chrome Version=125.0.6422.142 Platform=windows
21:57:27.024 [main] INFO  c.c.s.webdriver.WebDriverFactory - Selenide v. 7.3.1
21:57:27.024 [main] INFO  c.c.s.webdriver.WebDriverFactory - Selenium WebDriver v. 4.20.0 build revision: 866c76ca80
21:57:27.024 [main] INFO  c.c.s.d.CreateDriverCommand - Created webdriver in thread 1: ChromeDriver -> ChromeDriver: chrome on windows (15e7c6ad3fe4f39ececeaefc5d50ca0b), downloadsFolder: C:\Users\Kultigin_Uludag\AppData\Local\Temp\3db292df-304f-451b-a5ae-b4b262abb085_Ex_Files_Adv_Selenium_GUI.zip.085\Ex_Files_Adv_Selenium_GUI\selenideFramework\build\downloads\1717181845465_72072_1
21:57:27.026 [main] INFO  c.c.s.d.DisposablesRegistry - Register WebDriverInstance[config=StaticConfig, webDriver=ChromeDriver: chrome on windows (15e7c6ad3fe4f39ececeaefc5d50ca0b), proxy=null, downloadsFolder=C:\Users\Kultigin_Uludag\AppData\Local\Temp\3db292df-304f-451b-a5ae-b4b262abb085_Ex_Files_Adv_Selenium_GUI.zip.085\Ex_Files_Adv_Selenium_GUI\selenideFramework\build\downloads\1717181845465_72072_1] in 1 [size=1]
21:57:27.037 [main] INFO  c.c.s.d.DisposablesRegistry - Add shutdown hook in 1 [size=1]
21:57:30.567 [main] DEBUG com.codeborne.selenide.impl.Plugins - Using default implementation of com.codeborne.selenide.impl.WebElementSelector: com.codeborne.selenide.impl.WebElementSelector
21:57:30.570 [main] DEBUG com.codeborne.selenide.impl.Plugins - Using default implementation of com.codeborne.selenide.impl.ElementDescriber: com.codeborne.selenide.impl.SelenideElementDescriber
21:57:30.624 [main] DEBUG com.codeborne.selenide.impl.Plugins - Using default implementation of com.codeborne.selenide.commands.Clear: com.codeborne.selenide.commands.Clear
21:57:30.644 [main] DEBUG com.codeborne.selenide.impl.Plugins - Using default implementation of com.codeborne.selenide.impl.DownloadFileToFolder: com.codeborne.selenide.impl.DownloadFileToFolder
21:57:30.645 [main] DEBUG com.codeborne.selenide.impl.Plugins - Using default implementation of com.codeborne.selenide.impl.DownloadFileWithCdp: com.codeborne.selenide.impl.DownloadFileWithCdp
21:57:30.647 [main] DEBUG com.codeborne.selenide.impl.Plugins - Using default implementation of com.codeborne.selenide.commands.Commands: com.codeborne.selenide.commands.Commands
21:57:57.626 [main] INFO  testRunnerPages.ImplementSeleneid - Scroll with Js and click the element by JS used clickWithJS method used
21:57:57.761 [main] INFO  testRunnerPages.ImplementSeleneid - Resize the element my action method performed
21:58:03.274 [main] INFO  testRunnerPages.ImplementSeleneid - JsAndActionTest was completed
21:58:03.287 [Thread-3] INFO  c.c.s.d.DisposablesRegistry - Run cleanup: size=1
21:58:03.290 [Thread-3] INFO  c.codeborne.selenide.impl.FileHelper - Deleted empty folder: C:\Users\Kultigin_Uludag\AppData\Local\Temp\3db292df-304f-451b-a5ae-b4b262abb085_Ex_Files_Adv_Selenium_GUI.zip.085\Ex_Files_Adv_Selenium_GUI\selenideFramework\build\downloads\1717181845465_72072_1
21:58:03.291 [Thread-3] INFO  c.c.s.d.CloseDriverCommand - Close webdriver: 59 -> ChromeDriver: chrome on windows (15e7c6ad3fe4f39ececeaefc5d50ca0b)...
21:58:03.624 [Thread-3] INFO  c.c.s.d.CloseDriverCommand - Closed webdriver 59 in 333 ms
21:58:03.624 [Thread-3] INFO  c.c.s.d.DisposablesRegistry - Finished cleanup
22:40:25.576 [main] DEBUG org.testng.TestNG - suiteXmlPath: "C:\Users\Kultigin_Uludag\AppData\Local\JetBrains\IdeaIC2023.3\temp-testng-customsuite.xml"
22:40:25.799 [main] INFO  org.testng.internal.Utils - [TestNG] Running:
  C:\Users\Kultigin_Uludag\AppData\Local\JetBrains\IdeaIC2023.3\temp-testng-customsuite.xml

22:40:25.817 [main] INFO  testRunnerPages.ImplementSelenide - Setup configured
22:41:27.048 [main] DEBUG org.testng.TestNG - suiteXmlPath: "C:\Users\Kultigin_Uludag\AppData\Local\JetBrains\IdeaIC2023.3\temp-testng-customsuite.xml"
22:41:27.272 [main] INFO  org.testng.internal.Utils - [TestNG] Running:
  C:\Users\Kultigin_Uludag\AppData\Local\JetBrains\IdeaIC2023.3\temp-testng-customsuite.xml

22:41:27.286 [main] INFO  testRunnerPages.ImplementSelenide - Setup configured
22:41:27.290 [main] DEBUG c.c.selenide.impl.CiReportUrl - Variable selenide.reportsUrl not found
22:41:27.312 [main] DEBUG com.codeborne.selenide.impl.Plugins - Using default implementation of com.codeborne.selenide.impl.Photographer: com.codeborne.selenide.impl.WebdriverPhotographer
22:41:27.314 [main] DEBUG com.codeborne.selenide.impl.Plugins - Using default implementation of com.codeborne.selenide.impl.PageSourceExtractor: com.codeborne.selenide.impl.WebPageSourceExtractor
22:41:27.320 [main] DEBUG com.codeborne.selenide.impl.Plugins - Using default implementation of com.codeborne.selenide.impl.PageObjectFactory: com.codeborne.selenide.impl.SelenidePageFactory
22:41:27.324 [main] INFO  c.c.s.i.WebDriverThreadLocalContainer - No webdriver is bound to current thread: 1 - let's create a new webdriver
22:41:27.339 [main] DEBUG c.c.s.d.CreateDriverCommand - Creating webdriver in thread 1 (ip: 192.168.1.173, host: EPTRANKW0068)...
22:41:27.352 [main] INFO  c.codeborne.selenide.impl.FileHelper - Creating folder: C:\Users\Kultigin_Uludag\AppData\Local\Temp\3db292df-304f-451b-a5ae-b4b262abb085_Ex_Files_Adv_Selenium_GUI.zip.085\Ex_Files_Adv_Selenium_GUI\selenideFramework\build\downloads\1717184487340_23060_1
22:41:27.353 [main] DEBUG c.c.s.webdriver.WebDriverFactory - browser=chrome
22:41:27.353 [main] DEBUG c.c.s.webdriver.WebDriverFactory - browser.version=null
22:41:27.353 [main] DEBUG c.c.s.webdriver.WebDriverFactory - remote=null
22:41:27.353 [main] DEBUG c.c.s.webdriver.WebDriverFactory - browserSize=1366x768
22:41:27.353 [main] DEBUG c.c.s.webdriver.WebDriverFactory - downloadsFolder=C:\Users\Kultigin_Uludag\AppData\Local\Temp\3db292df-304f-451b-a5ae-b4b262abb085_Ex_Files_Adv_Selenium_GUI.zip.085\Ex_Files_Adv_Selenium_GUI\selenideFramework\build\downloads\1717184487340_23060_1
22:41:27.371 [main] DEBUG c.c.s.w.AbstractChromiumDriverFactory - Using chromium preferences: {credentials_enable_service=false, safebrowsing.enabled=true, plugins.always_open_pdf_externally=true, profile.default_content_setting_values.automatic_downloads=1, profile.password_manager_enabled=false, profile.password_manager_leak_detection=false, download.default_directory=C:\Users\Kultigin_Uludag\AppData\Local\Temp\3db292df-304f-451b-a5ae-b4b262abb085_Ex_Files_Adv_Selenium_GUI.zip.085\Ex_Files_Adv_Selenium_GUI\selenideFramework\build\downloads\1717184487340_23060_1}
22:41:27.372 [main] DEBUG c.c.s.webdriver.ChromeDriverFactory - Chrome options: Capabilities {acceptInsecureCerts: true, browserName: chrome, goog:chromeOptions: {args: [--proxy-bypass-list=<-loopb..., --disable-dev-shm-usage, --window-size=1366,768], excludeSwitches: [enable-automation, load-extension], extensions: [], prefs: {credentials_enable_service: false, download.default_directory: C:\Users\Kultigin_Uludag\Ap..., plugins.always_open_pdf_externally: true, profile.default_content_setting_values.automatic_downloads: 1, profile.password_manager_enabled: false, profile.password_manager_leak_detection: false, safebrowsing.enabled: true}}, pageLoadStrategy: normal, unhandledPromptBehavior: accept}
22:41:29.569 [main] INFO  c.c.s.webdriver.WebDriverFactory - BrowserName=chrome Version=125.0.6422.142 Platform=windows
22:41:29.569 [main] INFO  c.c.s.webdriver.WebDriverFactory - Selenide v. 7.3.1
22:41:29.569 [main] INFO  c.c.s.webdriver.WebDriverFactory - Selenium WebDriver v. 4.20.0 build revision: 866c76ca80
22:41:29.569 [main] INFO  c.c.s.d.CreateDriverCommand - Created webdriver in thread 1: ChromeDriver -> ChromeDriver: chrome on windows (d76ae935934bf86314f890674513983a), downloadsFolder: C:\Users\Kultigin_Uludag\AppData\Local\Temp\3db292df-304f-451b-a5ae-b4b262abb085_Ex_Files_Adv_Selenium_GUI.zip.085\Ex_Files_Adv_Selenium_GUI\selenideFramework\build\downloads\1717184487340_23060_1
22:41:29.570 [main] INFO  c.c.s.d.DisposablesRegistry - Register WebDriverInstance[config=StaticConfig, webDriver=ChromeDriver: chrome on windows (d76ae935934bf86314f890674513983a), proxy=null, downloadsFolder=C:\Users\Kultigin_Uludag\AppData\Local\Temp\3db292df-304f-451b-a5ae-b4b262abb085_Ex_Files_Adv_Selenium_GUI.zip.085\Ex_Files_Adv_Selenium_GUI\selenideFramework\build\downloads\1717184487340_23060_1] in 1 [size=1]
22:41:29.575 [main] INFO  c.c.s.d.DisposablesRegistry - Add shutdown hook in 1 [size=1]
22:41:32.276 [main] DEBUG com.codeborne.selenide.impl.Plugins - Using default implementation of com.codeborne.selenide.impl.WebElementSelector: com.codeborne.selenide.impl.WebElementSelector
22:41:32.277 [main] DEBUG com.codeborne.selenide.impl.Plugins - Using default implementation of com.codeborne.selenide.impl.ElementDescriber: com.codeborne.selenide.impl.SelenideElementDescriber
22:41:32.309 [main] DEBUG com.codeborne.selenide.impl.Plugins - Using default implementation of com.codeborne.selenide.commands.Clear: com.codeborne.selenide.commands.Clear
22:41:32.327 [main] DEBUG com.codeborne.selenide.impl.Plugins - Using default implementation of com.codeborne.selenide.impl.DownloadFileToFolder: com.codeborne.selenide.impl.DownloadFileToFolder
22:41:32.329 [main] DEBUG com.codeborne.selenide.impl.Plugins - Using default implementation of com.codeborne.selenide.impl.DownloadFileWithCdp: com.codeborne.selenide.impl.DownloadFileWithCdp
22:41:32.331 [main] DEBUG com.codeborne.selenide.impl.Plugins - Using default implementation of com.codeborne.selenide.commands.Commands: com.codeborne.selenide.commands.Commands
22:41:59.574 [main] INFO  testRunnerPages.ImplementSelenide - Adding new DAshboard Start
22:42:00.633 [main] INFO  testRunnerPages.ImplementSelenide - Adding dashboard completed
22:42:00.635 [main] INFO  testRunnerPages.ImplementSelenide - Scroll with Js and click the element by JS used clickWithJS method used
22:42:04.816 [main] DEBUG com.codeborne.selenide.impl.Plugins - Using default implementation of com.codeborne.selenide.ex.ErrorFormatter: com.codeborne.selenide.ex.SelenideErrorFormatter
22:42:04.974 [Thread-3] INFO  c.c.s.d.DisposablesRegistry - Run cleanup: size=1
22:42:04.975 [Thread-3] INFO  c.codeborne.selenide.impl.FileHelper - Deleted empty folder: C:\Users\Kultigin_Uludag\AppData\Local\Temp\3db292df-304f-451b-a5ae-b4b262abb085_Ex_Files_Adv_Selenium_GUI.zip.085\Ex_Files_Adv_Selenium_GUI\selenideFramework\build\downloads\1717184487340_23060_1
22:42:04.976 [Thread-3] INFO  c.c.s.d.CloseDriverCommand - Close webdriver: 60 -> ChromeDriver: chrome on windows (d76ae935934bf86314f890674513983a)...
22:42:05.223 [Thread-3] INFO  c.c.s.d.CloseDriverCommand - Closed webdriver 60 in 247 ms
22:42:05.224 [Thread-3] INFO  c.c.s.d.DisposablesRegistry - Finished cleanup
22:42:43.635 [main] DEBUG org.testng.TestNG - suiteXmlPath: "C:\Users\Kultigin_Uludag\AppData\Local\JetBrains\IdeaIC2023.3\temp-testng-customsuite.xml"
22:42:43.874 [main] INFO  org.testng.internal.Utils - [TestNG] Running:
  C:\Users\Kultigin_Uludag\AppData\Local\JetBrains\IdeaIC2023.3\temp-testng-customsuite.xml

22:42:43.892 [main] INFO  testRunnerPages.ImplementSelenide - Setup configured
22:42:43.895 [main] DEBUG c.c.selenide.impl.CiReportUrl - Variable selenide.reportsUrl not found
22:42:43.915 [main] DEBUG com.codeborne.selenide.impl.Plugins - Using default implementation of com.codeborne.selenide.impl.Photographer: com.codeborne.selenide.impl.WebdriverPhotographer
22:42:43.916 [main] DEBUG com.codeborne.selenide.impl.Plugins - Using default implementation of com.codeborne.selenide.impl.PageSourceExtractor: com.codeborne.selenide.impl.WebPageSourceExtractor
22:42:43.920 [main] DEBUG com.codeborne.selenide.impl.Plugins - Using default implementation of com.codeborne.selenide.impl.PageObjectFactory: com.codeborne.selenide.impl.SelenidePageFactory
22:42:43.924 [main] INFO  c.c.s.i.WebDriverThreadLocalContainer - No webdriver is bound to current thread: 1 - let's create a new webdriver
22:42:43.945 [main] DEBUG c.c.s.d.CreateDriverCommand - Creating webdriver in thread 1 (ip: 192.168.1.173, host: EPTRANKW0068)...
22:42:43.955 [main] INFO  c.codeborne.selenide.impl.FileHelper - Creating folder: C:\Users\Kultigin_Uludag\AppData\Local\Temp\3db292df-304f-451b-a5ae-b4b262abb085_Ex_Files_Adv_Selenium_GUI.zip.085\Ex_Files_Adv_Selenium_GUI\selenideFramework\build\downloads\1717184563945_36084_1
22:42:43.956 [main] DEBUG c.c.s.webdriver.WebDriverFactory - browser=chrome
22:42:43.956 [main] DEBUG c.c.s.webdriver.WebDriverFactory - browser.version=null
22:42:43.956 [main] DEBUG c.c.s.webdriver.WebDriverFactory - remote=null
22:42:43.956 [main] DEBUG c.c.s.webdriver.WebDriverFactory - browserSize=1366x768
22:42:43.956 [main] DEBUG c.c.s.webdriver.WebDriverFactory - downloadsFolder=C:\Users\Kultigin_Uludag\AppData\Local\Temp\3db292df-304f-451b-a5ae-b4b262abb085_Ex_Files_Adv_Selenium_GUI.zip.085\Ex_Files_Adv_Selenium_GUI\selenideFramework\build\downloads\1717184563945_36084_1
22:42:43.978 [main] DEBUG c.c.s.w.AbstractChromiumDriverFactory - Using chromium preferences: {credentials_enable_service=false, safebrowsing.enabled=true, plugins.always_open_pdf_externally=true, profile.default_content_setting_values.automatic_downloads=1, profile.password_manager_enabled=false, profile.password_manager_leak_detection=false, download.default_directory=C:\Users\Kultigin_Uludag\AppData\Local\Temp\3db292df-304f-451b-a5ae-b4b262abb085_Ex_Files_Adv_Selenium_GUI.zip.085\Ex_Files_Adv_Selenium_GUI\selenideFramework\build\downloads\1717184563945_36084_1}
22:42:43.979 [main] DEBUG c.c.s.webdriver.ChromeDriverFactory - Chrome options: Capabilities {acceptInsecureCerts: true, browserName: chrome, goog:chromeOptions: {args: [--proxy-bypass-list=<-loopb..., --disable-dev-shm-usage, --window-size=1366,768], excludeSwitches: [enable-automation, load-extension], extensions: [], prefs: {credentials_enable_service: false, download.default_directory: C:\Users\Kultigin_Uludag\Ap..., plugins.always_open_pdf_externally: true, profile.default_content_setting_values.automatic_downloads: 1, profile.password_manager_enabled: false, profile.password_manager_leak_detection: false, safebrowsing.enabled: true}}, pageLoadStrategy: normal, unhandledPromptBehavior: accept}
22:42:45.402 [main] INFO  c.c.s.webdriver.WebDriverFactory - BrowserName=chrome Version=125.0.6422.142 Platform=windows
22:42:45.403 [main] INFO  c.c.s.webdriver.WebDriverFactory - Selenide v. 7.3.1
22:42:45.403 [main] INFO  c.c.s.webdriver.WebDriverFactory - Selenium WebDriver v. 4.20.0 build revision: 866c76ca80
22:42:45.403 [main] INFO  c.c.s.d.CreateDriverCommand - Created webdriver in thread 1: ChromeDriver -> ChromeDriver: chrome on windows (c7a46bd3d4a5efd0f811d36e5c0ef111), downloadsFolder: C:\Users\Kultigin_Uludag\AppData\Local\Temp\3db292df-304f-451b-a5ae-b4b262abb085_Ex_Files_Adv_Selenium_GUI.zip.085\Ex_Files_Adv_Selenium_GUI\selenideFramework\build\downloads\1717184563945_36084_1
22:42:45.406 [main] INFO  c.c.s.d.DisposablesRegistry - Register WebDriverInstance[config=StaticConfig, webDriver=ChromeDriver: chrome on windows (c7a46bd3d4a5efd0f811d36e5c0ef111), proxy=null, downloadsFolder=C:\Users\Kultigin_Uludag\AppData\Local\Temp\3db292df-304f-451b-a5ae-b4b262abb085_Ex_Files_Adv_Selenium_GUI.zip.085\Ex_Files_Adv_Selenium_GUI\selenideFramework\build\downloads\1717184563945_36084_1] in 1 [size=1]
22:42:45.413 [main] INFO  c.c.s.d.DisposablesRegistry - Add shutdown hook in 1 [size=1]
22:42:47.054 [Thread-3] INFO  c.c.s.d.DisposablesRegistry - Run cleanup: size=1
22:42:47.057 [Thread-3] INFO  c.codeborne.selenide.impl.FileHelper - Deleted empty folder: C:\Users\Kultigin_Uludag\AppData\Local\Temp\3db292df-304f-451b-a5ae-b4b262abb085_Ex_Files_Adv_Selenium_GUI.zip.085\Ex_Files_Adv_Selenium_GUI\selenideFramework\build\downloads\1717184563945_36084_1
22:42:47.058 [Thread-3] INFO  c.c.s.d.CloseDriverCommand - Close webdriver: 61 -> ChromeDriver: chrome on windows (c7a46bd3d4a5efd0f811d36e5c0ef111)...
22:42:47.187 [Thread-3] INFO  c.c.s.d.CloseDriverCommand - Closed webdriver 61 in 128 ms
22:42:47.187 [Thread-3] INFO  c.c.s.d.DisposablesRegistry - Finished cleanup
22:44:48.400 [main] DEBUG org.testng.TestNG - suiteXmlPath: "C:\Users\Kultigin_Uludag\AppData\Local\JetBrains\IdeaIC2023.3\temp-testng-customsuite.xml"
22:44:48.614 [main] INFO  org.testng.internal.Utils - [TestNG] Running:
  C:\Users\Kultigin_Uludag\AppData\Local\JetBrains\IdeaIC2023.3\temp-testng-customsuite.xml

22:44:48.633 [main] INFO  testRunnerPages.ImplementSelenide - Setup configured
22:44:48.638 [main] DEBUG c.c.selenide.impl.CiReportUrl - Variable selenide.reportsUrl not found
22:44:48.657 [main] DEBUG com.codeborne.selenide.impl.Plugins - Using default implementation of com.codeborne.selenide.impl.Photographer: com.codeborne.selenide.impl.WebdriverPhotographer
22:44:48.659 [main] DEBUG com.codeborne.selenide.impl.Plugins - Using default implementation of com.codeborne.selenide.impl.PageSourceExtractor: com.codeborne.selenide.impl.WebPageSourceExtractor
22:44:48.663 [main] DEBUG com.codeborne.selenide.impl.Plugins - Using default implementation of com.codeborne.selenide.impl.PageObjectFactory: com.codeborne.selenide.impl.SelenidePageFactory
22:44:48.667 [main] INFO  c.c.s.i.WebDriverThreadLocalContainer - No webdriver is bound to current thread: 1 - let's create a new webdriver
22:44:48.683 [main] DEBUG c.c.s.d.CreateDriverCommand - Creating webdriver in thread 1 (ip: 192.168.1.173, host: EPTRANKW0068)...
22:44:48.694 [main] INFO  c.codeborne.selenide.impl.FileHelper - Creating folder: C:\Users\Kultigin_Uludag\AppData\Local\Temp\3db292df-304f-451b-a5ae-b4b262abb085_Ex_Files_Adv_Selenium_GUI.zip.085\Ex_Files_Adv_Selenium_GUI\selenideFramework\build\downloads\1717184688683_72108_1
22:44:48.695 [main] DEBUG c.c.s.webdriver.WebDriverFactory - browser=chrome
22:44:48.695 [main] DEBUG c.c.s.webdriver.WebDriverFactory - browser.version=null
22:44:48.695 [main] DEBUG c.c.s.webdriver.WebDriverFactory - remote=null
22:44:48.695 [main] DEBUG c.c.s.webdriver.WebDriverFactory - browserSize=1366x768
22:44:48.695 [main] DEBUG c.c.s.webdriver.WebDriverFactory - downloadsFolder=C:\Users\Kultigin_Uludag\AppData\Local\Temp\3db292df-304f-451b-a5ae-b4b262abb085_Ex_Files_Adv_Selenium_GUI.zip.085\Ex_Files_Adv_Selenium_GUI\selenideFramework\build\downloads\1717184688683_72108_1
22:44:48.713 [main] DEBUG c.c.s.w.AbstractChromiumDriverFactory - Using chromium preferences: {credentials_enable_service=false, safebrowsing.enabled=true, plugins.always_open_pdf_externally=true, profile.default_content_setting_values.automatic_downloads=1, profile.password_manager_enabled=false, profile.password_manager_leak_detection=false, download.default_directory=C:\Users\Kultigin_Uludag\AppData\Local\Temp\3db292df-304f-451b-a5ae-b4b262abb085_Ex_Files_Adv_Selenium_GUI.zip.085\Ex_Files_Adv_Selenium_GUI\selenideFramework\build\downloads\1717184688683_72108_1}
22:44:48.713 [main] DEBUG c.c.s.webdriver.ChromeDriverFactory - Chrome options: Capabilities {acceptInsecureCerts: true, browserName: chrome, goog:chromeOptions: {args: [--proxy-bypass-list=<-loopb..., --disable-dev-shm-usage, --window-size=1366,768], excludeSwitches: [enable-automation, load-extension], extensions: [], prefs: {credentials_enable_service: false, download.default_directory: C:\Users\Kultigin_Uludag\Ap..., plugins.always_open_pdf_externally: true, profile.default_content_setting_values.automatic_downloads: 1, profile.password_manager_enabled: false, profile.password_manager_leak_detection: false, safebrowsing.enabled: true}}, pageLoadStrategy: normal, unhandledPromptBehavior: accept}
22:44:50.183 [main] INFO  c.c.s.webdriver.WebDriverFactory - BrowserName=chrome Version=125.0.6422.142 Platform=windows
22:44:50.183 [main] INFO  c.c.s.webdriver.WebDriverFactory - Selenide v. 7.3.1
22:44:50.183 [main] INFO  c.c.s.webdriver.WebDriverFactory - Selenium WebDriver v. 4.20.0 build revision: 866c76ca80
22:44:50.183 [main] INFO  c.c.s.d.CreateDriverCommand - Created webdriver in thread 1: ChromeDriver -> ChromeDriver: chrome on windows (4a03f897f8dd92be86287e721f64c286), downloadsFolder: C:\Users\Kultigin_Uludag\AppData\Local\Temp\3db292df-304f-451b-a5ae-b4b262abb085_Ex_Files_Adv_Selenium_GUI.zip.085\Ex_Files_Adv_Selenium_GUI\selenideFramework\build\downloads\1717184688683_72108_1
22:44:50.185 [main] INFO  c.c.s.d.DisposablesRegistry - Register WebDriverInstance[config=StaticConfig, webDriver=ChromeDriver: chrome on windows (4a03f897f8dd92be86287e721f64c286), proxy=null, downloadsFolder=C:\Users\Kultigin_Uludag\AppData\Local\Temp\3db292df-304f-451b-a5ae-b4b262abb085_Ex_Files_Adv_Selenium_GUI.zip.085\Ex_Files_Adv_Selenium_GUI\selenideFramework\build\downloads\1717184688683_72108_1] in 1 [size=1]
22:44:50.191 [main] INFO  c.c.s.d.DisposablesRegistry - Add shutdown hook in 1 [size=1]
22:44:53.376 [main] DEBUG com.codeborne.selenide.impl.Plugins - Using default implementation of com.codeborne.selenide.impl.WebElementSelector: com.codeborne.selenide.impl.WebElementSelector
22:44:53.378 [main] DEBUG com.codeborne.selenide.impl.Plugins - Using default implementation of com.codeborne.selenide.impl.ElementDescriber: com.codeborne.selenide.impl.SelenideElementDescriber
22:44:53.412 [main] DEBUG com.codeborne.selenide.impl.Plugins - Using default implementation of com.codeborne.selenide.commands.Clear: com.codeborne.selenide.commands.Clear
22:44:53.433 [main] DEBUG com.codeborne.selenide.impl.Plugins - Using default implementation of com.codeborne.selenide.impl.DownloadFileToFolder: com.codeborne.selenide.impl.DownloadFileToFolder
22:44:53.436 [main] DEBUG com.codeborne.selenide.impl.Plugins - Using default implementation of com.codeborne.selenide.impl.DownloadFileWithCdp: com.codeborne.selenide.impl.DownloadFileWithCdp
22:44:53.438 [main] DEBUG com.codeborne.selenide.impl.Plugins - Using default implementation of com.codeborne.selenide.commands.Commands: com.codeborne.selenide.commands.Commands
22:45:24.510 [Thread-3] INFO  c.c.s.d.DisposablesRegistry - Run cleanup: size=1
22:45:24.514 [Thread-3] INFO  c.codeborne.selenide.impl.FileHelper - Deleted empty folder: C:\Users\Kultigin_Uludag\AppData\Local\Temp\3db292df-304f-451b-a5ae-b4b262abb085_Ex_Files_Adv_Selenium_GUI.zip.085\Ex_Files_Adv_Selenium_GUI\selenideFramework\build\downloads\1717184688683_72108_1
22:45:24.514 [Thread-3] INFO  c.c.s.d.CloseDriverCommand - Close webdriver: 59 -> ChromeDriver: chrome on windows (4a03f897f8dd92be86287e721f64c286)...
22:45:24.752 [Thread-3] INFO  c.c.s.d.CloseDriverCommand - Closed webdriver 59 in 238 ms
22:45:24.752 [Thread-3] INFO  c.c.s.d.DisposablesRegistry - Finished cleanup
22:46:06.472 [main] DEBUG org.testng.TestNG - suiteXmlPath: "C:\Users\Kultigin_Uludag\AppData\Local\JetBrains\IdeaIC2023.3\temp-testng-customsuite.xml"
22:46:06.675 [main] INFO  org.testng.internal.Utils - [TestNG] Running:
  C:\Users\Kultigin_Uludag\AppData\Local\JetBrains\IdeaIC2023.3\temp-testng-customsuite.xml

22:46:06.689 [main] INFO  testRunnerPages.ImplementSelenide - Setup configured
22:46:06.693 [main] DEBUG c.c.selenide.impl.CiReportUrl - Variable selenide.reportsUrl not found
22:46:06.711 [main] DEBUG com.codeborne.selenide.impl.Plugins - Using default implementation of com.codeborne.selenide.impl.Photographer: com.codeborne.selenide.impl.WebdriverPhotographer
22:46:06.712 [main] DEBUG com.codeborne.selenide.impl.Plugins - Using default implementation of com.codeborne.selenide.impl.PageSourceExtractor: com.codeborne.selenide.impl.WebPageSourceExtractor
22:46:06.716 [main] DEBUG com.codeborne.selenide.impl.Plugins - Using default implementation of com.codeborne.selenide.impl.PageObjectFactory: com.codeborne.selenide.impl.SelenidePageFactory
22:46:06.720 [main] INFO  c.c.s.i.WebDriverThreadLocalContainer - No webdriver is bound to current thread: 1 - let's create a new webdriver
22:46:06.736 [main] DEBUG c.c.s.d.CreateDriverCommand - Creating webdriver in thread 1 (ip: 192.168.1.173, host: EPTRANKW0068)...
22:46:06.747 [main] INFO  c.codeborne.selenide.impl.FileHelper - Creating folder: C:\Users\Kultigin_Uludag\AppData\Local\Temp\3db292df-304f-451b-a5ae-b4b262abb085_Ex_Files_Adv_Selenium_GUI.zip.085\Ex_Files_Adv_Selenium_GUI\selenideFramework\build\downloads\1717184766736_73712_1
22:46:06.748 [main] DEBUG c.c.s.webdriver.WebDriverFactory - browser=chrome
22:46:06.748 [main] DEBUG c.c.s.webdriver.WebDriverFactory - browser.version=null
22:46:06.748 [main] DEBUG c.c.s.webdriver.WebDriverFactory - remote=null
22:46:06.748 [main] DEBUG c.c.s.webdriver.WebDriverFactory - browserSize=1366x768
22:46:06.748 [main] DEBUG c.c.s.webdriver.WebDriverFactory - downloadsFolder=C:\Users\Kultigin_Uludag\AppData\Local\Temp\3db292df-304f-451b-a5ae-b4b262abb085_Ex_Files_Adv_Selenium_GUI.zip.085\Ex_Files_Adv_Selenium_GUI\selenideFramework\build\downloads\1717184766736_73712_1
22:46:06.764 [main] DEBUG c.c.s.w.AbstractChromiumDriverFactory - Using chromium preferences: {credentials_enable_service=false, safebrowsing.enabled=true, plugins.always_open_pdf_externally=true, profile.default_content_setting_values.automatic_downloads=1, profile.password_manager_enabled=false, profile.password_manager_leak_detection=false, download.default_directory=C:\Users\Kultigin_Uludag\AppData\Local\Temp\3db292df-304f-451b-a5ae-b4b262abb085_Ex_Files_Adv_Selenium_GUI.zip.085\Ex_Files_Adv_Selenium_GUI\selenideFramework\build\downloads\1717184766736_73712_1}
22:46:06.764 [main] DEBUG c.c.s.webdriver.ChromeDriverFactory - Chrome options: Capabilities {acceptInsecureCerts: true, browserName: chrome, goog:chromeOptions: {args: [--proxy-bypass-list=<-loopb..., --disable-dev-shm-usage, --window-size=1366,768], excludeSwitches: [enable-automation, load-extension], extensions: [], prefs: {credentials_enable_service: false, download.default_directory: C:\Users\Kultigin_Uludag\Ap..., plugins.always_open_pdf_externally: true, profile.default_content_setting_values.automatic_downloads: 1, profile.password_manager_enabled: false, profile.password_manager_leak_detection: false, safebrowsing.enabled: true}}, pageLoadStrategy: normal, unhandledPromptBehavior: accept}
22:46:08.230 [main] INFO  c.c.s.webdriver.WebDriverFactory - BrowserName=chrome Version=125.0.6422.142 Platform=windows
22:46:08.230 [main] INFO  c.c.s.webdriver.WebDriverFactory - Selenide v. 7.3.1
22:46:08.230 [main] INFO  c.c.s.webdriver.WebDriverFactory - Selenium WebDriver v. 4.20.0 build revision: 866c76ca80
22:46:08.230 [main] INFO  c.c.s.d.CreateDriverCommand - Created webdriver in thread 1: ChromeDriver -> ChromeDriver: chrome on windows (d2e76c70330d25a337a7d1f88f7fbae6), downloadsFolder: C:\Users\Kultigin_Uludag\AppData\Local\Temp\3db292df-304f-451b-a5ae-b4b262abb085_Ex_Files_Adv_Selenium_GUI.zip.085\Ex_Files_Adv_Selenium_GUI\selenideFramework\build\downloads\1717184766736_73712_1
22:46:08.232 [main] INFO  c.c.s.d.DisposablesRegistry - Register WebDriverInstance[config=StaticConfig, webDriver=ChromeDriver: chrome on windows (d2e76c70330d25a337a7d1f88f7fbae6), proxy=null, downloadsFolder=C:\Users\Kultigin_Uludag\AppData\Local\Temp\3db292df-304f-451b-a5ae-b4b262abb085_Ex_Files_Adv_Selenium_GUI.zip.085\Ex_Files_Adv_Selenium_GUI\selenideFramework\build\downloads\1717184766736_73712_1] in 1 [size=1]
22:46:08.239 [main] INFO  c.c.s.d.DisposablesRegistry - Add shutdown hook in 1 [size=1]
22:46:12.285 [main] DEBUG com.codeborne.selenide.impl.Plugins - Using default implementation of com.codeborne.selenide.impl.WebElementSelector: com.codeborne.selenide.impl.WebElementSelector
22:46:12.287 [main] DEBUG com.codeborne.selenide.impl.Plugins - Using default implementation of com.codeborne.selenide.impl.ElementDescriber: com.codeborne.selenide.impl.SelenideElementDescriber
22:46:12.321 [main] DEBUG com.codeborne.selenide.impl.Plugins - Using default implementation of com.codeborne.selenide.commands.Clear: com.codeborne.selenide.commands.Clear
22:46:12.346 [main] DEBUG com.codeborne.selenide.impl.Plugins - Using default implementation of com.codeborne.selenide.impl.DownloadFileToFolder: com.codeborne.selenide.impl.DownloadFileToFolder
22:46:12.348 [main] DEBUG com.codeborne.selenide.impl.Plugins - Using default implementation of com.codeborne.selenide.impl.DownloadFileWithCdp: com.codeborne.selenide.impl.DownloadFileWithCdp
22:46:12.350 [main] DEBUG com.codeborne.selenide.impl.Plugins - Using default implementation of com.codeborne.selenide.commands.Commands: com.codeborne.selenide.commands.Commands
22:46:37.312 [main] INFO  testRunnerPages.ImplementSelenide - Adding new DAshboard Start
22:46:44.754 [main] INFO  testRunnerPages.ImplementSelenide - Adding dashboard completed
22:46:44.756 [main] INFO  testRunnerPages.ImplementSelenide - Scroll with Js and click the element by JS used clickWithJS method used
22:46:48.965 [main] DEBUG com.codeborne.selenide.impl.Plugins - Using default implementation of com.codeborne.selenide.ex.ErrorFormatter: com.codeborne.selenide.ex.SelenideErrorFormatter
22:46:49.148 [Thread-3] INFO  c.c.s.d.DisposablesRegistry - Run cleanup: size=1
22:46:49.150 [Thread-3] INFO  c.codeborne.selenide.impl.FileHelper - Deleted empty folder: C:\Users\Kultigin_Uludag\AppData\Local\Temp\3db292df-304f-451b-a5ae-b4b262abb085_Ex_Files_Adv_Selenium_GUI.zip.085\Ex_Files_Adv_Selenium_GUI\selenideFramework\build\downloads\1717184766736_73712_1
22:46:49.151 [Thread-3] INFO  c.c.s.d.CloseDriverCommand - Close webdriver: 60 -> ChromeDriver: chrome on windows (d2e76c70330d25a337a7d1f88f7fbae6)...
22:46:49.404 [Thread-3] INFO  c.c.s.d.CloseDriverCommand - Closed webdriver 60 in 253 ms
22:46:49.404 [Thread-3] INFO  c.c.s.d.DisposablesRegistry - Finished cleanup
22:47:44.779 [main] DEBUG org.testng.TestNG - suiteXmlPath: "C:\Users\Kultigin_Uludag\AppData\Local\JetBrains\IdeaIC2023.3\temp-testng-customsuite.xml"
22:47:45.001 [main] INFO  org.testng.internal.Utils - [TestNG] Running:
  C:\Users\Kultigin_Uludag\AppData\Local\JetBrains\IdeaIC2023.3\temp-testng-customsuite.xml

22:47:45.016 [main] INFO  testRunnerPages.ImplementSelenide - Setup configured
22:47:45.019 [main] DEBUG c.c.selenide.impl.CiReportUrl - Variable selenide.reportsUrl not found
22:47:45.046 [main] DEBUG com.codeborne.selenide.impl.Plugins - Using default implementation of com.codeborne.selenide.impl.Photographer: com.codeborne.selenide.impl.WebdriverPhotographer
22:47:45.048 [main] DEBUG com.codeborne.selenide.impl.Plugins - Using default implementation of com.codeborne.selenide.impl.PageSourceExtractor: com.codeborne.selenide.impl.WebPageSourceExtractor
22:47:45.052 [main] DEBUG com.codeborne.selenide.impl.Plugins - Using default implementation of com.codeborne.selenide.impl.PageObjectFactory: com.codeborne.selenide.impl.SelenidePageFactory
22:47:45.056 [main] INFO  c.c.s.i.WebDriverThreadLocalContainer - No webdriver is bound to current thread: 1 - let's create a new webdriver
22:47:45.072 [main] DEBUG c.c.s.d.CreateDriverCommand - Creating webdriver in thread 1 (ip: 192.168.1.173, host: EPTRANKW0068)...
22:47:45.081 [main] INFO  c.codeborne.selenide.impl.FileHelper - Creating folder: C:\Users\Kultigin_Uludag\AppData\Local\Temp\3db292df-304f-451b-a5ae-b4b262abb085_Ex_Files_Adv_Selenium_GUI.zip.085\Ex_Files_Adv_Selenium_GUI\selenideFramework\build\downloads\1717184865072_73944_1
22:47:45.084 [main] DEBUG c.c.s.webdriver.WebDriverFactory - browser=chrome
22:47:45.084 [main] DEBUG c.c.s.webdriver.WebDriverFactory - browser.version=null
22:47:45.084 [main] DEBUG c.c.s.webdriver.WebDriverFactory - remote=null
22:47:45.084 [main] DEBUG c.c.s.webdriver.WebDriverFactory - browserSize=1366x768
22:47:45.084 [main] DEBUG c.c.s.webdriver.WebDriverFactory - downloadsFolder=C:\Users\Kultigin_Uludag\AppData\Local\Temp\3db292df-304f-451b-a5ae-b4b262abb085_Ex_Files_Adv_Selenium_GUI.zip.085\Ex_Files_Adv_Selenium_GUI\selenideFramework\build\downloads\1717184865072_73944_1
22:47:45.100 [main] DEBUG c.c.s.w.AbstractChromiumDriverFactory - Using chromium preferences: {credentials_enable_service=false, safebrowsing.enabled=true, plugins.always_open_pdf_externally=true, profile.default_content_setting_values.automatic_downloads=1, profile.password_manager_enabled=false, profile.password_manager_leak_detection=false, download.default_directory=C:\Users\Kultigin_Uludag\AppData\Local\Temp\3db292df-304f-451b-a5ae-b4b262abb085_Ex_Files_Adv_Selenium_GUI.zip.085\Ex_Files_Adv_Selenium_GUI\selenideFramework\build\downloads\1717184865072_73944_1}
22:47:45.101 [main] DEBUG c.c.s.webdriver.ChromeDriverFactory - Chrome options: Capabilities {acceptInsecureCerts: true, browserName: chrome, goog:chromeOptions: {args: [--proxy-bypass-list=<-loopb..., --disable-dev-shm-usage, --window-size=1366,768], excludeSwitches: [enable-automation, load-extension], extensions: [], prefs: {credentials_enable_service: false, download.default_directory: C:\Users\Kultigin_Uludag\Ap..., plugins.always_open_pdf_externally: true, profile.default_content_setting_values.automatic_downloads: 1, profile.password_manager_enabled: false, profile.password_manager_leak_detection: false, safebrowsing.enabled: true}}, pageLoadStrategy: normal, unhandledPromptBehavior: accept}
22:47:46.505 [main] INFO  c.c.s.webdriver.WebDriverFactory - BrowserName=chrome Version=125.0.6422.142 Platform=windows
22:47:46.505 [main] INFO  c.c.s.webdriver.WebDriverFactory - Selenide v. 7.3.1
22:47:46.505 [main] INFO  c.c.s.webdriver.WebDriverFactory - Selenium WebDriver v. 4.20.0 build revision: 866c76ca80
22:47:46.505 [main] INFO  c.c.s.d.CreateDriverCommand - Created webdriver in thread 1: ChromeDriver -> ChromeDriver: chrome on windows (3a8a3226c49f50f6281e22afb1f10f04), downloadsFolder: C:\Users\Kultigin_Uludag\AppData\Local\Temp\3db292df-304f-451b-a5ae-b4b262abb085_Ex_Files_Adv_Selenium_GUI.zip.085\Ex_Files_Adv_Selenium_GUI\selenideFramework\build\downloads\1717184865072_73944_1
22:47:46.506 [main] INFO  c.c.s.d.DisposablesRegistry - Register WebDriverInstance[config=StaticConfig, webDriver=ChromeDriver: chrome on windows (3a8a3226c49f50f6281e22afb1f10f04), proxy=null, downloadsFolder=C:\Users\Kultigin_Uludag\AppData\Local\Temp\3db292df-304f-451b-a5ae-b4b262abb085_Ex_Files_Adv_Selenium_GUI.zip.085\Ex_Files_Adv_Selenium_GUI\selenideFramework\build\downloads\1717184865072_73944_1] in 1 [size=1]
22:47:46.513 [main] INFO  c.c.s.d.DisposablesRegistry - Add shutdown hook in 1 [size=1]
22:47:49.790 [main] DEBUG com.codeborne.selenide.impl.Plugins - Using default implementation of com.codeborne.selenide.impl.WebElementSelector: com.codeborne.selenide.impl.WebElementSelector
22:47:49.792 [main] DEBUG com.codeborne.selenide.impl.Plugins - Using default implementation of com.codeborne.selenide.impl.ElementDescriber: com.codeborne.selenide.impl.SelenideElementDescriber
22:47:49.830 [main] DEBUG com.codeborne.selenide.impl.Plugins - Using default implementation of com.codeborne.selenide.commands.Clear: com.codeborne.selenide.commands.Clear
22:47:49.853 [main] DEBUG com.codeborne.selenide.impl.Plugins - Using default implementation of com.codeborne.selenide.impl.DownloadFileToFolder: com.codeborne.selenide.impl.DownloadFileToFolder
22:47:49.855 [main] DEBUG com.codeborne.selenide.impl.Plugins - Using default implementation of com.codeborne.selenide.impl.DownloadFileWithCdp: com.codeborne.selenide.impl.DownloadFileWithCdp
22:47:49.858 [main] DEBUG com.codeborne.selenide.impl.Plugins - Using default implementation of com.codeborne.selenide.commands.Commands: com.codeborne.selenide.commands.Commands
22:48:19.308 [main] INFO  testRunnerPages.ImplementSelenide - Adding new DAshboard Start
22:48:20.977 [main] INFO  testRunnerPages.ImplementSelenide - Adding dashboard completed
22:48:20.980 [main] INFO  testRunnerPages.ImplementSelenide - Scroll with Js and click the element by JS used clickWithJS method used
22:48:25.129 [main] DEBUG com.codeborne.selenide.impl.Plugins - Using default implementation of com.codeborne.selenide.ex.ErrorFormatter: com.codeborne.selenide.ex.SelenideErrorFormatter
22:48:25.292 [Thread-3] INFO  c.c.s.d.DisposablesRegistry - Run cleanup: size=1
22:48:25.294 [Thread-3] INFO  c.codeborne.selenide.impl.FileHelper - Deleted empty folder: C:\Users\Kultigin_Uludag\AppData\Local\Temp\3db292df-304f-451b-a5ae-b4b262abb085_Ex_Files_Adv_Selenium_GUI.zip.085\Ex_Files_Adv_Selenium_GUI\selenideFramework\build\downloads\1717184865072_73944_1
22:48:25.294 [Thread-3] INFO  c.c.s.d.CloseDriverCommand - Close webdriver: 60 -> ChromeDriver: chrome on windows (3a8a3226c49f50f6281e22afb1f10f04)...
22:48:25.551 [Thread-3] INFO  c.c.s.d.CloseDriverCommand - Closed webdriver 60 in 257 ms
22:48:25.551 [Thread-3] INFO  c.c.s.d.DisposablesRegistry - Finished cleanup
22:50:29.317 [main] DEBUG org.testng.TestNG - suiteXmlPath: "C:\Users\Kultigin_Uludag\AppData\Local\JetBrains\IdeaIC2023.3\temp-testng-customsuite.xml"
22:50:29.541 [main] INFO  org.testng.internal.Utils - [TestNG] Running:
  C:\Users\Kultigin_Uludag\AppData\Local\JetBrains\IdeaIC2023.3\temp-testng-customsuite.xml

22:50:29.559 [main] INFO  testRunnerPages.ImplementSelenide - Setup configured
22:50:29.563 [main] DEBUG c.c.selenide.impl.CiReportUrl - Variable selenide.reportsUrl not found
22:50:29.584 [main] DEBUG com.codeborne.selenide.impl.Plugins - Using default implementation of com.codeborne.selenide.impl.Photographer: com.codeborne.selenide.impl.WebdriverPhotographer
22:50:29.585 [main] DEBUG com.codeborne.selenide.impl.Plugins - Using default implementation of com.codeborne.selenide.impl.PageSourceExtractor: com.codeborne.selenide.impl.WebPageSourceExtractor
22:50:29.589 [main] DEBUG com.codeborne.selenide.impl.Plugins - Using default implementation of com.codeborne.selenide.impl.PageObjectFactory: com.codeborne.selenide.impl.SelenidePageFactory
22:50:29.594 [main] INFO  c.c.s.i.WebDriverThreadLocalContainer - No webdriver is bound to current thread: 1 - let's create a new webdriver
22:50:29.609 [main] DEBUG c.c.s.d.CreateDriverCommand - Creating webdriver in thread 1 (ip: 192.168.1.173, host: EPTRANKW0068)...
22:50:29.620 [main] INFO  c.codeborne.selenide.impl.FileHelper - Creating folder: C:\Users\Kultigin_Uludag\AppData\Local\Temp\3db292df-304f-451b-a5ae-b4b262abb085_Ex_Files_Adv_Selenium_GUI.zip.085\Ex_Files_Adv_Selenium_GUI\selenideFramework\build\downloads\1717185029609_54268_1
22:50:29.621 [main] DEBUG c.c.s.webdriver.WebDriverFactory - browser=chrome
22:50:29.622 [main] DEBUG c.c.s.webdriver.WebDriverFactory - browser.version=null
22:50:29.622 [main] DEBUG c.c.s.webdriver.WebDriverFactory - remote=null
22:50:29.622 [main] DEBUG c.c.s.webdriver.WebDriverFactory - browserSize=1366x768
22:50:29.622 [main] DEBUG c.c.s.webdriver.WebDriverFactory - downloadsFolder=C:\Users\Kultigin_Uludag\AppData\Local\Temp\3db292df-304f-451b-a5ae-b4b262abb085_Ex_Files_Adv_Selenium_GUI.zip.085\Ex_Files_Adv_Selenium_GUI\selenideFramework\build\downloads\1717185029609_54268_1
22:50:29.644 [main] DEBUG c.c.s.w.AbstractChromiumDriverFactory - Using chromium preferences: {credentials_enable_service=false, safebrowsing.enabled=true, plugins.always_open_pdf_externally=true, profile.default_content_setting_values.automatic_downloads=1, profile.password_manager_enabled=false, profile.password_manager_leak_detection=false, download.default_directory=C:\Users\Kultigin_Uludag\AppData\Local\Temp\3db292df-304f-451b-a5ae-b4b262abb085_Ex_Files_Adv_Selenium_GUI.zip.085\Ex_Files_Adv_Selenium_GUI\selenideFramework\build\downloads\1717185029609_54268_1}
22:50:29.644 [main] DEBUG c.c.s.webdriver.ChromeDriverFactory - Chrome options: Capabilities {acceptInsecureCerts: true, browserName: chrome, goog:chromeOptions: {args: [--proxy-bypass-list=<-loopb..., --disable-dev-shm-usage, --window-size=1366,768], excludeSwitches: [enable-automation, load-extension], extensions: [], prefs: {credentials_enable_service: false, download.default_directory: C:\Users\Kultigin_Uludag\Ap..., plugins.always_open_pdf_externally: true, profile.default_content_setting_values.automatic_downloads: 1, profile.password_manager_enabled: false, profile.password_manager_leak_detection: false, safebrowsing.enabled: true}}, pageLoadStrategy: normal, unhandledPromptBehavior: accept}
22:50:31.110 [main] INFO  c.c.s.webdriver.WebDriverFactory - BrowserName=chrome Version=125.0.6422.142 Platform=windows
22:50:31.110 [main] INFO  c.c.s.webdriver.WebDriverFactory - Selenide v. 7.3.1
22:50:31.111 [main] INFO  c.c.s.webdriver.WebDriverFactory - Selenium WebDriver v. 4.20.0 build revision: 866c76ca80
22:50:31.111 [main] INFO  c.c.s.d.CreateDriverCommand - Created webdriver in thread 1: ChromeDriver -> ChromeDriver: chrome on windows (2c7d7999d6dcc1fb054e4e70cb8e7529), downloadsFolder: C:\Users\Kultigin_Uludag\AppData\Local\Temp\3db292df-304f-451b-a5ae-b4b262abb085_Ex_Files_Adv_Selenium_GUI.zip.085\Ex_Files_Adv_Selenium_GUI\selenideFramework\build\downloads\1717185029609_54268_1
22:50:31.112 [main] INFO  c.c.s.d.DisposablesRegistry - Register WebDriverInstance[config=StaticConfig, webDriver=ChromeDriver: chrome on windows (2c7d7999d6dcc1fb054e4e70cb8e7529), proxy=null, downloadsFolder=C:\Users\Kultigin_Uludag\AppData\Local\Temp\3db292df-304f-451b-a5ae-b4b262abb085_Ex_Files_Adv_Selenium_GUI.zip.085\Ex_Files_Adv_Selenium_GUI\selenideFramework\build\downloads\1717185029609_54268_1] in 1 [size=1]
22:50:31.121 [main] INFO  c.c.s.d.DisposablesRegistry - Add shutdown hook in 1 [size=1]
22:50:33.968 [main] DEBUG com.codeborne.selenide.impl.Plugins - Using default implementation of com.codeborne.selenide.impl.WebElementSelector: com.codeborne.selenide.impl.WebElementSelector
22:50:33.969 [main] DEBUG com.codeborne.selenide.impl.Plugins - Using default implementation of com.codeborne.selenide.impl.ElementDescriber: com.codeborne.selenide.impl.SelenideElementDescriber
22:50:34.011 [main] DEBUG com.codeborne.selenide.impl.Plugins - Using default implementation of com.codeborne.selenide.commands.Clear: com.codeborne.selenide.commands.Clear
22:50:34.035 [main] DEBUG com.codeborne.selenide.impl.Plugins - Using default implementation of com.codeborne.selenide.impl.DownloadFileToFolder: com.codeborne.selenide.impl.DownloadFileToFolder
22:50:34.041 [main] DEBUG com.codeborne.selenide.impl.Plugins - Using default implementation of com.codeborne.selenide.impl.DownloadFileWithCdp: com.codeborne.selenide.impl.DownloadFileWithCdp
22:50:34.044 [main] DEBUG com.codeborne.selenide.impl.Plugins - Using default implementation of com.codeborne.selenide.commands.Commands: com.codeborne.selenide.commands.Commands
22:51:03.333 [main] INFO  testRunnerPages.ImplementSelenide - Adding new DAshboard Start
22:51:24.056 [main] INFO  testRunnerPages.ImplementSelenide - Scroll with Js and click the element by JS used clickWithJS method used
22:51:24.124 [main] INFO  testRunnerPages.ImplementSelenide - Resize the element my action method performed
22:51:29.540 [main] INFO  testRunnerPages.ImplementSelenide - JsAndActionTest was completed
22:51:29.549 [Thread-3] INFO  c.c.s.d.DisposablesRegistry - Run cleanup: size=1
22:51:29.552 [Thread-3] INFO  c.codeborne.selenide.impl.FileHelper - Deleted empty folder: C:\Users\Kultigin_Uludag\AppData\Local\Temp\3db292df-304f-451b-a5ae-b4b262abb085_Ex_Files_Adv_Selenium_GUI.zip.085\Ex_Files_Adv_Selenium_GUI\selenideFramework\build\downloads\1717185029609_54268_1
22:51:29.552 [Thread-3] INFO  c.c.s.d.CloseDriverCommand - Close webdriver: 60 -> ChromeDriver: chrome on windows (2c7d7999d6dcc1fb054e4e70cb8e7529)...
22:51:29.823 [Thread-3] INFO  c.c.s.d.CloseDriverCommand - Closed webdriver 60 in 271 ms
22:51:29.823 [Thread-3] INFO  c.c.s.d.DisposablesRegistry - Finished cleanup
23:01:49.735 [main] DEBUG org.testng.TestNG - suiteXmlPath: "C:\Users\Kultigin_Uludag\AppData\Local\JetBrains\IdeaIC2023.3\temp-testng-customsuite.xml"
23:01:49.953 [main] INFO  org.testng.internal.Utils - [TestNG] Running:
  C:\Users\Kultigin_Uludag\AppData\Local\JetBrains\IdeaIC2023.3\temp-testng-customsuite.xml

23:01:49.972 [main] INFO  testRunnerPages.ImplementSelenide - Setup configured
23:01:49.977 [main] DEBUG c.c.selenide.impl.CiReportUrl - Variable selenide.reportsUrl not found
23:01:50.000 [main] DEBUG com.codeborne.selenide.impl.Plugins - Using default implementation of com.codeborne.selenide.impl.Photographer: com.codeborne.selenide.impl.WebdriverPhotographer
23:01:50.002 [main] DEBUG com.codeborne.selenide.impl.Plugins - Using default implementation of com.codeborne.selenide.impl.PageSourceExtractor: com.codeborne.selenide.impl.WebPageSourceExtractor
23:01:50.008 [main] DEBUG com.codeborne.selenide.impl.Plugins - Using default implementation of com.codeborne.selenide.impl.PageObjectFactory: com.codeborne.selenide.impl.SelenidePageFactory
23:01:50.014 [main] INFO  c.c.s.i.WebDriverThreadLocalContainer - No webdriver is bound to current thread: 1 - let's create a new webdriver
23:01:50.032 [main] DEBUG c.c.s.d.CreateDriverCommand - Creating webdriver in thread 1 (ip: 192.168.1.173, host: EPTRANKW0068)...
23:01:50.044 [main] INFO  c.codeborne.selenide.impl.FileHelper - Creating folder: C:\Users\Kultigin_Uludag\AppData\Local\Temp\3db292df-304f-451b-a5ae-b4b262abb085_Ex_Files_Adv_Selenium_GUI.zip.085\Ex_Files_Adv_Selenium_GUI\selenideFramework\build\downloads\1717185710032_13804_1
23:01:50.046 [main] DEBUG c.c.s.webdriver.WebDriverFactory - browser=chrome
23:01:50.046 [main] DEBUG c.c.s.webdriver.WebDriverFactory - browser.version=null
23:01:50.046 [main] DEBUG c.c.s.webdriver.WebDriverFactory - remote=null
23:01:50.046 [main] DEBUG c.c.s.webdriver.WebDriverFactory - browserSize=1366x768
23:01:50.046 [main] DEBUG c.c.s.webdriver.WebDriverFactory - downloadsFolder=C:\Users\Kultigin_Uludag\AppData\Local\Temp\3db292df-304f-451b-a5ae-b4b262abb085_Ex_Files_Adv_Selenium_GUI.zip.085\Ex_Files_Adv_Selenium_GUI\selenideFramework\build\downloads\1717185710032_13804_1
23:01:50.066 [main] DEBUG c.c.s.w.AbstractChromiumDriverFactory - Using chromium preferences: {credentials_enable_service=false, safebrowsing.enabled=true, plugins.always_open_pdf_externally=true, profile.default_content_setting_values.automatic_downloads=1, profile.password_manager_enabled=false, profile.password_manager_leak_detection=false, download.default_directory=C:\Users\Kultigin_Uludag\AppData\Local\Temp\3db292df-304f-451b-a5ae-b4b262abb085_Ex_Files_Adv_Selenium_GUI.zip.085\Ex_Files_Adv_Selenium_GUI\selenideFramework\build\downloads\1717185710032_13804_1}
23:01:50.066 [main] DEBUG c.c.s.webdriver.ChromeDriverFactory - Chrome options: Capabilities {acceptInsecureCerts: true, browserName: chrome, goog:chromeOptions: {args: [--proxy-bypass-list=<-loopb..., --disable-dev-shm-usage, --window-size=1366,768], excludeSwitches: [enable-automation, load-extension], extensions: [], prefs: {credentials_enable_service: false, download.default_directory: C:\Users\Kultigin_Uludag\Ap..., plugins.always_open_pdf_externally: true, profile.default_content_setting_values.automatic_downloads: 1, profile.password_manager_enabled: false, profile.password_manager_leak_detection: false, safebrowsing.enabled: true}}, pageLoadStrategy: normal, unhandledPromptBehavior: accept}
23:01:51.525 [main] INFO  c.c.s.webdriver.WebDriverFactory - BrowserName=chrome Version=125.0.6422.142 Platform=windows
23:01:51.525 [main] INFO  c.c.s.webdriver.WebDriverFactory - Selenide v. 7.3.1
23:01:51.526 [main] INFO  c.c.s.webdriver.WebDriverFactory - Selenium WebDriver v. 4.20.0 build revision: 866c76ca80
23:01:51.526 [main] INFO  c.c.s.d.CreateDriverCommand - Created webdriver in thread 1: ChromeDriver -> ChromeDriver: chrome on windows (5afdbc0e7cea64928cb6ad74eb19c654), downloadsFolder: C:\Users\Kultigin_Uludag\AppData\Local\Temp\3db292df-304f-451b-a5ae-b4b262abb085_Ex_Files_Adv_Selenium_GUI.zip.085\Ex_Files_Adv_Selenium_GUI\selenideFramework\build\downloads\1717185710032_13804_1
23:01:51.527 [main] INFO  c.c.s.d.DisposablesRegistry - Register WebDriverInstance[config=StaticConfig, webDriver=ChromeDriver: chrome on windows (5afdbc0e7cea64928cb6ad74eb19c654), proxy=null, downloadsFolder=C:\Users\Kultigin_Uludag\AppData\Local\Temp\3db292df-304f-451b-a5ae-b4b262abb085_Ex_Files_Adv_Selenium_GUI.zip.085\Ex_Files_Adv_Selenium_GUI\selenideFramework\build\downloads\1717185710032_13804_1] in 1 [size=1]
23:01:51.533 [main] INFO  c.c.s.d.DisposablesRegistry - Add shutdown hook in 1 [size=1]
23:01:55.948 [main] DEBUG com.codeborne.selenide.impl.Plugins - Using default implementation of com.codeborne.selenide.impl.WebElementSelector: com.codeborne.selenide.impl.WebElementSelector
23:01:55.950 [main] DEBUG com.codeborne.selenide.impl.Plugins - Using default implementation of com.codeborne.selenide.impl.ElementDescriber: com.codeborne.selenide.impl.SelenideElementDescriber
23:01:55.986 [main] DEBUG com.codeborne.selenide.impl.Plugins - Using default implementation of com.codeborne.selenide.commands.Clear: com.codeborne.selenide.commands.Clear
23:01:56.012 [main] DEBUG com.codeborne.selenide.impl.Plugins - Using default implementation of com.codeborne.selenide.impl.DownloadFileToFolder: com.codeborne.selenide.impl.DownloadFileToFolder
23:01:56.015 [main] DEBUG com.codeborne.selenide.impl.Plugins - Using default implementation of com.codeborne.selenide.impl.DownloadFileWithCdp: com.codeborne.selenide.impl.DownloadFileWithCdp
23:01:56.020 [main] DEBUG com.codeborne.selenide.impl.Plugins - Using default implementation of com.codeborne.selenide.commands.Commands: com.codeborne.selenide.commands.Commands
23:02:24.226 [main] INFO  testRunnerPages.ImplementSelenide - Adding new DAshboard Start
23:02:25.304 [main] INFO  testRunnerPages.ImplementSelenide - Adding dashboard completed
23:02:25.312 [Thread-3] INFO  c.c.s.d.DisposablesRegistry - Run cleanup: size=1
23:02:25.313 [Thread-3] INFO  c.codeborne.selenide.impl.FileHelper - Deleted empty folder: C:\Users\Kultigin_Uludag\AppData\Local\Temp\3db292df-304f-451b-a5ae-b4b262abb085_Ex_Files_Adv_Selenium_GUI.zip.085\Ex_Files_Adv_Selenium_GUI\selenideFramework\build\downloads\1717185710032_13804_1
23:02:25.313 [Thread-3] INFO  c.c.s.d.CloseDriverCommand - Close webdriver: 59 -> ChromeDriver: chrome on windows (5afdbc0e7cea64928cb6ad74eb19c654)...
23:02:25.593 [Thread-3] INFO  c.c.s.d.CloseDriverCommand - Closed webdriver 59 in 280 ms
23:02:25.594 [Thread-3] INFO  c.c.s.d.DisposablesRegistry - Finished cleanup
23:04:27.761 [main] DEBUG org.testng.TestNG - suiteXmlPath: "C:\Users\Kultigin_Uludag\AppData\Local\JetBrains\IdeaIC2023.3\temp-testng-customsuite.xml"
23:04:27.969 [main] INFO  org.testng.internal.Utils - [TestNG] Running:
  C:\Users\Kultigin_Uludag\AppData\Local\JetBrains\IdeaIC2023.3\temp-testng-customsuite.xml

23:04:27.983 [main] INFO  testRunnerPages.ImplementSelenide - Setup configured
23:04:27.986 [main] DEBUG c.c.selenide.impl.CiReportUrl - Variable selenide.reportsUrl not found
23:04:28.007 [main] DEBUG com.codeborne.selenide.impl.Plugins - Using default implementation of com.codeborne.selenide.impl.Photographer: com.codeborne.selenide.impl.WebdriverPhotographer
23:04:28.009 [main] DEBUG com.codeborne.selenide.impl.Plugins - Using default implementation of com.codeborne.selenide.impl.PageSourceExtractor: com.codeborne.selenide.impl.WebPageSourceExtractor
23:04:28.012 [main] DEBUG com.codeborne.selenide.impl.Plugins - Using default implementation of com.codeborne.selenide.impl.PageObjectFactory: com.codeborne.selenide.impl.SelenidePageFactory
23:04:28.016 [main] INFO  c.c.s.i.WebDriverThreadLocalContainer - No webdriver is bound to current thread: 1 - let's create a new webdriver
23:04:28.032 [main] DEBUG c.c.s.d.CreateDriverCommand - Creating webdriver in thread 1 (ip: 192.168.1.173, host: EPTRANKW0068)...
23:04:28.044 [main] INFO  c.codeborne.selenide.impl.FileHelper - Creating folder: C:\Users\Kultigin_Uludag\AppData\Local\Temp\3db292df-304f-451b-a5ae-b4b262abb085_Ex_Files_Adv_Selenium_GUI.zip.085\Ex_Files_Adv_Selenium_GUI\selenideFramework\build\downloads\1717185868032_74200_1
23:04:28.045 [main] DEBUG c.c.s.webdriver.WebDriverFactory - browser=chrome
23:04:28.045 [main] DEBUG c.c.s.webdriver.WebDriverFactory - browser.version=null
23:04:28.045 [main] DEBUG c.c.s.webdriver.WebDriverFactory - remote=null
23:04:28.045 [main] DEBUG c.c.s.webdriver.WebDriverFactory - browserSize=1366x768
23:04:28.045 [main] DEBUG c.c.s.webdriver.WebDriverFactory - downloadsFolder=C:\Users\Kultigin_Uludag\AppData\Local\Temp\3db292df-304f-451b-a5ae-b4b262abb085_Ex_Files_Adv_Selenium_GUI.zip.085\Ex_Files_Adv_Selenium_GUI\selenideFramework\build\downloads\1717185868032_74200_1
23:04:28.063 [main] DEBUG c.c.s.w.AbstractChromiumDriverFactory - Using chromium preferences: {credentials_enable_service=false, safebrowsing.enabled=true, plugins.always_open_pdf_externally=true, profile.default_content_setting_values.automatic_downloads=1, profile.password_manager_enabled=false, profile.password_manager_leak_detection=false, download.default_directory=C:\Users\Kultigin_Uludag\AppData\Local\Temp\3db292df-304f-451b-a5ae-b4b262abb085_Ex_Files_Adv_Selenium_GUI.zip.085\Ex_Files_Adv_Selenium_GUI\selenideFramework\build\downloads\1717185868032_74200_1}
23:04:28.063 [main] DEBUG c.c.s.webdriver.ChromeDriverFactory - Chrome options: Capabilities {acceptInsecureCerts: true, browserName: chrome, goog:chromeOptions: {args: [--proxy-bypass-list=<-loopb..., --disable-dev-shm-usage, --window-size=1366,768], excludeSwitches: [enable-automation, load-extension], extensions: [], prefs: {credentials_enable_service: false, download.default_directory: C:\Users\Kultigin_Uludag\Ap..., plugins.always_open_pdf_externally: true, profile.default_content_setting_values.automatic_downloads: 1, profile.password_manager_enabled: false, profile.password_manager_leak_detection: false, safebrowsing.enabled: true}}, pageLoadStrategy: normal, unhandledPromptBehavior: accept}
23:04:29.469 [main] INFO  c.c.s.webdriver.WebDriverFactory - BrowserName=chrome Version=125.0.6422.142 Platform=windows
23:04:29.470 [main] INFO  c.c.s.webdriver.WebDriverFactory - Selenide v. 7.3.1
23:04:29.470 [main] INFO  c.c.s.webdriver.WebDriverFactory - Selenium WebDriver v. 4.20.0 build revision: 866c76ca80
23:04:29.470 [main] INFO  c.c.s.d.CreateDriverCommand - Created webdriver in thread 1: ChromeDriver -> ChromeDriver: chrome on windows (21e60676ac7dccf2737a05983b5949a9), downloadsFolder: C:\Users\Kultigin_Uludag\AppData\Local\Temp\3db292df-304f-451b-a5ae-b4b262abb085_Ex_Files_Adv_Selenium_GUI.zip.085\Ex_Files_Adv_Selenium_GUI\selenideFramework\build\downloads\1717185868032_74200_1
23:04:29.471 [main] INFO  c.c.s.d.DisposablesRegistry - Register WebDriverInstance[config=StaticConfig, webDriver=ChromeDriver: chrome on windows (21e60676ac7dccf2737a05983b5949a9), proxy=null, downloadsFolder=C:\Users\Kultigin_Uludag\AppData\Local\Temp\3db292df-304f-451b-a5ae-b4b262abb085_Ex_Files_Adv_Selenium_GUI.zip.085\Ex_Files_Adv_Selenium_GUI\selenideFramework\build\downloads\1717185868032_74200_1] in 1 [size=1]
23:04:29.478 [main] INFO  c.c.s.d.DisposablesRegistry - Add shutdown hook in 1 [size=1]
23:04:32.318 [main] DEBUG com.codeborne.selenide.impl.Plugins - Using default implementation of com.codeborne.selenide.impl.WebElementSelector: com.codeborne.selenide.impl.WebElementSelector
23:04:32.321 [main] DEBUG com.codeborne.selenide.impl.Plugins - Using default implementation of com.codeborne.selenide.impl.ElementDescriber: com.codeborne.selenide.impl.SelenideElementDescriber
23:04:32.360 [main] DEBUG com.codeborne.selenide.impl.Plugins - Using default implementation of com.codeborne.selenide.commands.Clear: com.codeborne.selenide.commands.Clear
23:04:32.384 [main] DEBUG com.codeborne.selenide.impl.Plugins - Using default implementation of com.codeborne.selenide.impl.DownloadFileToFolder: com.codeborne.selenide.impl.DownloadFileToFolder
23:04:32.385 [main] DEBUG com.codeborne.selenide.impl.Plugins - Using default implementation of com.codeborne.selenide.impl.DownloadFileWithCdp: com.codeborne.selenide.impl.DownloadFileWithCdp
23:04:32.387 [main] DEBUG com.codeborne.selenide.impl.Plugins - Using default implementation of com.codeborne.selenide.commands.Commands: com.codeborne.selenide.commands.Commands
23:04:58.022 [main] INFO  testRunnerPages.ImplementSelenide - Adding new DAshboard Start
23:05:19.263 [main] INFO  testRunnerPages.ImplementSelenide - Scroll with Js and click the element by JS used clickWithJS method used
23:05:19.358 [main] INFO  testRunnerPages.ImplementSelenide - Resize the element my action method performed
23:05:24.811 [main] INFO  testRunnerPages.ImplementSelenide - JsAndActionTest was completed
23:05:24.823 [Thread-3] INFO  c.c.s.d.DisposablesRegistry - Run cleanup: size=1
23:05:24.825 [Thread-3] INFO  c.codeborne.selenide.impl.FileHelper - Deleted empty folder: C:\Users\Kultigin_Uludag\AppData\Local\Temp\3db292df-304f-451b-a5ae-b4b262abb085_Ex_Files_Adv_Selenium_GUI.zip.085\Ex_Files_Adv_Selenium_GUI\selenideFramework\build\downloads\1717185868032_74200_1
23:05:24.825 [Thread-3] INFO  c.c.s.d.CloseDriverCommand - Close webdriver: 61 -> ChromeDriver: chrome on windows (21e60676ac7dccf2737a05983b5949a9)...
23:05:25.066 [Thread-3] INFO  c.c.s.d.CloseDriverCommand - Closed webdriver 61 in 241 ms
23:05:25.067 [Thread-3] INFO  c.c.s.d.DisposablesRegistry - Finished cleanup
01:30:47.151 [main] DEBUG org.testng.TestNG - suiteXmlPath: "C:\Users\Kultigin_Uludag\AppData\Local\JetBrains\IdeaIC2023.3\temp-testng-customsuite.xml"
01:30:47.385 [main] INFO  org.testng.internal.Utils - [TestNG] Running:
  C:\Users\Kultigin_Uludag\AppData\Local\JetBrains\IdeaIC2023.3\temp-testng-customsuite.xml

01:30:47.401 [main] INFO  Utilities.Driver - Setup configured
01:30:47.412 [main] DEBUG c.c.selenide.impl.CiReportUrl - Variable selenide.reportsUrl not found
01:30:47.413 [main] INFO  Utilities.Driver - Browse set to :chrome
01:30:47.414 [main] INFO  Utilities.Driver - Screenshot set to : true
01:30:47.436 [main] DEBUG com.codeborne.selenide.impl.Plugins - Using default implementation of com.codeborne.selenide.impl.Photographer: com.codeborne.selenide.impl.WebdriverPhotographer
01:30:47.438 [main] DEBUG com.codeborne.selenide.impl.Plugins - Using default implementation of com.codeborne.selenide.impl.PageSourceExtractor: com.codeborne.selenide.impl.WebPageSourceExtractor
01:30:47.442 [main] DEBUG com.codeborne.selenide.impl.Plugins - Using default implementation of com.codeborne.selenide.impl.PageObjectFactory: com.codeborne.selenide.impl.SelenidePageFactory
01:30:47.446 [main] INFO  c.c.s.i.WebDriverThreadLocalContainer - No webdriver is bound to current thread: 1 - let's create a new webdriver
01:30:47.463 [main] DEBUG c.c.s.d.CreateDriverCommand - Creating webdriver in thread 1 (ip: 192.168.1.173, host: EPTRANKW0068)...
01:30:47.473 [main] INFO  c.codeborne.selenide.impl.FileHelper - Creating folder: C:\Users\Kultigin_Uludag\AppData\Local\Temp\3db292df-304f-451b-a5ae-b4b262abb085_Ex_Files_Adv_Selenium_GUI.zip.085\Ex_Files_Adv_Selenium_GUI\selenideFramework\build\downloads\1717194647463_74392_1
01:30:47.474 [main] DEBUG c.c.s.webdriver.WebDriverFactory - browser=chrome
01:30:47.474 [main] DEBUG c.c.s.webdriver.WebDriverFactory - browser.version=null
01:30:47.474 [main] DEBUG c.c.s.webdriver.WebDriverFactory - remote=null
01:30:47.475 [main] DEBUG c.c.s.webdriver.WebDriverFactory - browserSize=1366x768
01:30:47.475 [main] DEBUG c.c.s.webdriver.WebDriverFactory - downloadsFolder=C:\Users\Kultigin_Uludag\AppData\Local\Temp\3db292df-304f-451b-a5ae-b4b262abb085_Ex_Files_Adv_Selenium_GUI.zip.085\Ex_Files_Adv_Selenium_GUI\selenideFramework\build\downloads\1717194647463_74392_1
01:30:47.491 [main] DEBUG c.c.s.w.AbstractChromiumDriverFactory - Using chromium preferences: {credentials_enable_service=false, safebrowsing.enabled=true, plugins.always_open_pdf_externally=true, profile.default_content_setting_values.automatic_downloads=1, profile.password_manager_enabled=false, profile.password_manager_leak_detection=false, download.default_directory=C:\Users\Kultigin_Uludag\AppData\Local\Temp\3db292df-304f-451b-a5ae-b4b262abb085_Ex_Files_Adv_Selenium_GUI.zip.085\Ex_Files_Adv_Selenium_GUI\selenideFramework\build\downloads\1717194647463_74392_1}
01:30:47.492 [main] DEBUG c.c.s.webdriver.ChromeDriverFactory - Chrome options: Capabilities {acceptInsecureCerts: true, browserName: chrome, goog:chromeOptions: {args: [--proxy-bypass-list=<-loopb..., --disable-dev-shm-usage, --window-size=1366,768], excludeSwitches: [enable-automation, load-extension], extensions: [], prefs: {credentials_enable_service: false, download.default_directory: C:\Users\Kultigin_Uludag\Ap..., plugins.always_open_pdf_externally: true, profile.default_content_setting_values.automatic_downloads: 1, profile.password_manager_enabled: false, profile.password_manager_leak_detection: false, safebrowsing.enabled: true}}, pageLoadStrategy: normal, unhandledPromptBehavior: accept}
01:30:49.655 [main] INFO  c.c.s.webdriver.WebDriverFactory - BrowserName=chrome Version=125.0.6422.142 Platform=windows
01:30:49.656 [main] INFO  c.c.s.webdriver.WebDriverFactory - Selenide v. 7.3.1
01:30:49.656 [main] INFO  c.c.s.webdriver.WebDriverFactory - Selenium WebDriver v. 4.20.0 build revision: 866c76ca80
01:30:49.656 [main] INFO  c.c.s.d.CreateDriverCommand - Created webdriver in thread 1: ChromeDriver -> ChromeDriver: chrome on windows (edf45f3540c40ce226336218d92b4426), downloadsFolder: C:\Users\Kultigin_Uludag\AppData\Local\Temp\3db292df-304f-451b-a5ae-b4b262abb085_Ex_Files_Adv_Selenium_GUI.zip.085\Ex_Files_Adv_Selenium_GUI\selenideFramework\build\downloads\1717194647463_74392_1
01:30:49.657 [main] INFO  c.c.s.d.DisposablesRegistry - Register WebDriverInstance[config=StaticConfig, webDriver=ChromeDriver: chrome on windows (edf45f3540c40ce226336218d92b4426), proxy=null, downloadsFolder=C:\Users\Kultigin_Uludag\AppData\Local\Temp\3db292df-304f-451b-a5ae-b4b262abb085_Ex_Files_Adv_Selenium_GUI.zip.085\Ex_Files_Adv_Selenium_GUI\selenideFramework\build\downloads\1717194647463_74392_1] in 1 [size=1]
01:30:49.663 [main] INFO  c.c.s.d.DisposablesRegistry - Add shutdown hook in 1 [size=1]
01:30:52.562 [main] DEBUG com.codeborne.selenide.impl.Plugins - Using default implementation of com.codeborne.selenide.impl.WebElementSelector: com.codeborne.selenide.impl.WebElementSelector
01:30:52.566 [main] DEBUG com.codeborne.selenide.impl.Plugins - Using default implementation of com.codeborne.selenide.impl.ElementDescriber: com.codeborne.selenide.impl.SelenideElementDescriber
01:30:52.610 [main] DEBUG com.codeborne.selenide.impl.Plugins - Using default implementation of com.codeborne.selenide.commands.Clear: com.codeborne.selenide.commands.Clear
01:30:52.629 [main] DEBUG com.codeborne.selenide.impl.Plugins - Using default implementation of com.codeborne.selenide.impl.DownloadFileToFolder: com.codeborne.selenide.impl.DownloadFileToFolder
01:30:52.631 [main] DEBUG com.codeborne.selenide.impl.Plugins - Using default implementation of com.codeborne.selenide.impl.DownloadFileWithCdp: com.codeborne.selenide.impl.DownloadFileWithCdp
01:30:52.634 [main] DEBUG com.codeborne.selenide.impl.Plugins - Using default implementation of com.codeborne.selenide.commands.Commands: com.codeborne.selenide.commands.Commands
01:31:22.801 [main] INFO  testRunnerPages.ImplementSelenide - Adding dashboard completed
01:31:23.202 [main] DEBUG com.codeborne.selenide.impl.Plugins - Using default implementation of com.codeborne.selenide.ex.ErrorFormatter: com.codeborne.selenide.ex.SelenideErrorFormatter
01:31:35.506 [Thread-3] INFO  c.c.s.d.DisposablesRegistry - Run cleanup: size=1
01:31:35.508 [Thread-3] INFO  c.codeborne.selenide.impl.FileHelper - Deleted empty folder: C:\Users\Kultigin_Uludag\AppData\Local\Temp\3db292df-304f-451b-a5ae-b4b262abb085_Ex_Files_Adv_Selenium_GUI.zip.085\Ex_Files_Adv_Selenium_GUI\selenideFramework\build\downloads\1717194647463_74392_1
01:31:35.508 [Thread-3] INFO  c.c.s.d.CloseDriverCommand - Close webdriver: 61 -> ChromeDriver: chrome on windows (edf45f3540c40ce226336218d92b4426)...
01:31:35.720 [Thread-3] INFO  c.c.s.d.CloseDriverCommand - Closed webdriver 61 in 212 ms
01:31:35.720 [Thread-3] INFO  c.c.s.d.DisposablesRegistry - Finished cleanup
01:34:46.186 [main] DEBUG org.testng.TestNG - suiteXmlPath: "C:\Users\Kultigin_Uludag\AppData\Local\JetBrains\IdeaIC2023.3\temp-testng-customsuite.xml"
01:34:46.408 [main] INFO  org.testng.internal.Utils - [TestNG] Running:
  C:\Users\Kultigin_Uludag\AppData\Local\JetBrains\IdeaIC2023.3\temp-testng-customsuite.xml

01:34:46.423 [main] INFO  Utilities.Driver - Setup configured
01:34:46.428 [main] DEBUG c.c.selenide.impl.CiReportUrl - Variable selenide.reportsUrl not found
01:34:46.430 [main] INFO  Utilities.Driver - Browse set to :chrome
01:34:46.431 [main] INFO  Utilities.Driver - Screenshot set to : true
01:34:46.451 [main] DEBUG com.codeborne.selenide.impl.Plugins - Using default implementation of com.codeborne.selenide.impl.Photographer: com.codeborne.selenide.impl.WebdriverPhotographer
01:34:46.454 [main] DEBUG com.codeborne.selenide.impl.Plugins - Using default implementation of com.codeborne.selenide.impl.PageSourceExtractor: com.codeborne.selenide.impl.WebPageSourceExtractor
01:34:46.458 [main] DEBUG com.codeborne.selenide.impl.Plugins - Using default implementation of com.codeborne.selenide.impl.PageObjectFactory: com.codeborne.selenide.impl.SelenidePageFactory
01:34:46.461 [main] INFO  c.c.s.i.WebDriverThreadLocalContainer - No webdriver is bound to current thread: 1 - let's create a new webdriver
01:34:46.478 [main] DEBUG c.c.s.d.CreateDriverCommand - Creating webdriver in thread 1 (ip: 192.168.1.173, host: EPTRANKW0068)...
01:34:46.489 [main] INFO  c.codeborne.selenide.impl.FileHelper - Creating folder: C:\Users\Kultigin_Uludag\AppData\Local\Temp\3db292df-304f-451b-a5ae-b4b262abb085_Ex_Files_Adv_Selenium_GUI.zip.085\Ex_Files_Adv_Selenium_GUI\selenideFramework\build\downloads\1717194886478_54384_1
01:34:46.490 [main] DEBUG c.c.s.webdriver.WebDriverFactory - browser=chrome
01:34:46.490 [main] DEBUG c.c.s.webdriver.WebDriverFactory - browser.version=null
01:34:46.490 [main] DEBUG c.c.s.webdriver.WebDriverFactory - remote=null
01:34:46.490 [main] DEBUG c.c.s.webdriver.WebDriverFactory - browserSize=1366x768
01:34:46.490 [main] DEBUG c.c.s.webdriver.WebDriverFactory - downloadsFolder=C:\Users\Kultigin_Uludag\AppData\Local\Temp\3db292df-304f-451b-a5ae-b4b262abb085_Ex_Files_Adv_Selenium_GUI.zip.085\Ex_Files_Adv_Selenium_GUI\selenideFramework\build\downloads\1717194886478_54384_1
01:34:46.510 [main] DEBUG c.c.s.w.AbstractChromiumDriverFactory - Using chromium preferences: {credentials_enable_service=false, safebrowsing.enabled=true, plugins.always_open_pdf_externally=true, profile.default_content_setting_values.automatic_downloads=1, profile.password_manager_enabled=false, profile.password_manager_leak_detection=false, download.default_directory=C:\Users\Kultigin_Uludag\AppData\Local\Temp\3db292df-304f-451b-a5ae-b4b262abb085_Ex_Files_Adv_Selenium_GUI.zip.085\Ex_Files_Adv_Selenium_GUI\selenideFramework\build\downloads\1717194886478_54384_1}
01:34:46.511 [main] DEBUG c.c.s.webdriver.ChromeDriverFactory - Chrome options: Capabilities {acceptInsecureCerts: true, browserName: chrome, goog:chromeOptions: {args: [--proxy-bypass-list=<-loopb..., --disable-dev-shm-usage, --window-size=1366,768], excludeSwitches: [enable-automation, load-extension], extensions: [], prefs: {credentials_enable_service: false, download.default_directory: C:\Users\Kultigin_Uludag\Ap..., plugins.always_open_pdf_externally: true, profile.default_content_setting_values.automatic_downloads: 1, profile.password_manager_enabled: false, profile.password_manager_leak_detection: false, safebrowsing.enabled: true}}, pageLoadStrategy: normal, unhandledPromptBehavior: accept}
01:34:47.942 [main] INFO  c.c.s.webdriver.WebDriverFactory - BrowserName=chrome Version=125.0.6422.142 Platform=windows
01:34:47.942 [main] INFO  c.c.s.webdriver.WebDriverFactory - Selenide v. 7.3.1
01:34:47.942 [main] INFO  c.c.s.webdriver.WebDriverFactory - Selenium WebDriver v. 4.20.0 build revision: 866c76ca80
01:34:47.942 [main] INFO  c.c.s.d.CreateDriverCommand - Created webdriver in thread 1: ChromeDriver -> ChromeDriver: chrome on windows (470391db6bd59b99f45af07c9a207516), downloadsFolder: C:\Users\Kultigin_Uludag\AppData\Local\Temp\3db292df-304f-451b-a5ae-b4b262abb085_Ex_Files_Adv_Selenium_GUI.zip.085\Ex_Files_Adv_Selenium_GUI\selenideFramework\build\downloads\1717194886478_54384_1
01:34:47.944 [main] INFO  c.c.s.d.DisposablesRegistry - Register WebDriverInstance[config=StaticConfig, webDriver=ChromeDriver: chrome on windows (470391db6bd59b99f45af07c9a207516), proxy=null, downloadsFolder=C:\Users\Kultigin_Uludag\AppData\Local\Temp\3db292df-304f-451b-a5ae-b4b262abb085_Ex_Files_Adv_Selenium_GUI.zip.085\Ex_Files_Adv_Selenium_GUI\selenideFramework\build\downloads\1717194886478_54384_1] in 1 [size=1]
01:34:47.950 [main] INFO  c.c.s.d.DisposablesRegistry - Add shutdown hook in 1 [size=1]
01:34:50.729 [main] DEBUG com.codeborne.selenide.impl.Plugins - Using default implementation of com.codeborne.selenide.impl.WebElementSelector: com.codeborne.selenide.impl.WebElementSelector
01:34:50.732 [main] DEBUG com.codeborne.selenide.impl.Plugins - Using default implementation of com.codeborne.selenide.impl.ElementDescriber: com.codeborne.selenide.impl.SelenideElementDescriber
01:34:50.766 [main] DEBUG com.codeborne.selenide.impl.Plugins - Using default implementation of com.codeborne.selenide.commands.Clear: com.codeborne.selenide.commands.Clear
01:34:50.786 [main] DEBUG com.codeborne.selenide.impl.Plugins - Using default implementation of com.codeborne.selenide.impl.DownloadFileToFolder: com.codeborne.selenide.impl.DownloadFileToFolder
01:34:50.788 [main] DEBUG com.codeborne.selenide.impl.Plugins - Using default implementation of com.codeborne.selenide.impl.DownloadFileWithCdp: com.codeborne.selenide.impl.DownloadFileWithCdp
01:34:50.792 [main] DEBUG com.codeborne.selenide.impl.Plugins - Using default implementation of com.codeborne.selenide.commands.Commands: com.codeborne.selenide.commands.Commands
01:35:30.453 [main] INFO  testRunnerPages.ImplementSelenide - Adding dashboard completed
01:35:30.878 [main] DEBUG com.codeborne.selenide.impl.Plugins - Using default implementation of com.codeborne.selenide.ex.ErrorFormatter: com.codeborne.selenide.ex.SelenideErrorFormatter
01:35:43.257 [Thread-3] INFO  c.c.s.d.DisposablesRegistry - Run cleanup: size=1
01:35:43.259 [Thread-3] INFO  c.codeborne.selenide.impl.FileHelper - Deleted empty folder: C:\Users\Kultigin_Uludag\AppData\Local\Temp\3db292df-304f-451b-a5ae-b4b262abb085_Ex_Files_Adv_Selenium_GUI.zip.085\Ex_Files_Adv_Selenium_GUI\selenideFramework\build\downloads\1717194886478_54384_1
01:35:43.259 [Thread-3] INFO  c.c.s.d.CloseDriverCommand - Close webdriver: 62 -> ChromeDriver: chrome on windows (470391db6bd59b99f45af07c9a207516)...
01:35:43.502 [Thread-3] INFO  c.c.s.d.CloseDriverCommand - Closed webdriver 62 in 243 ms
01:35:43.502 [Thread-3] INFO  c.c.s.d.DisposablesRegistry - Finished cleanup
01:38:10.603 [main] DEBUG org.testng.TestNG - suiteXmlPath: "C:\Users\Kultigin_Uludag\AppData\Local\JetBrains\IdeaIC2023.3\temp-testng-customsuite.xml"
01:38:10.827 [main] INFO  org.testng.internal.Utils - [TestNG] Running:
  C:\Users\Kultigin_Uludag\AppData\Local\JetBrains\IdeaIC2023.3\temp-testng-customsuite.xml

01:38:10.843 [main] INFO  Utilities.Driver - Setup configured
01:38:10.848 [main] DEBUG c.c.selenide.impl.CiReportUrl - Variable selenide.reportsUrl not found
01:38:10.850 [main] INFO  Utilities.Driver - Browse set to :chrome
01:38:10.850 [main] INFO  Utilities.Driver - Screenshot set to : true
01:38:10.874 [main] DEBUG com.codeborne.selenide.impl.Plugins - Using default implementation of com.codeborne.selenide.impl.Photographer: com.codeborne.selenide.impl.WebdriverPhotographer
01:38:10.877 [main] DEBUG com.codeborne.selenide.impl.Plugins - Using default implementation of com.codeborne.selenide.impl.PageSourceExtractor: com.codeborne.selenide.impl.WebPageSourceExtractor
01:38:10.883 [main] DEBUG com.codeborne.selenide.impl.Plugins - Using default implementation of com.codeborne.selenide.impl.PageObjectFactory: com.codeborne.selenide.impl.SelenidePageFactory
01:38:10.888 [main] INFO  c.c.s.i.WebDriverThreadLocalContainer - No webdriver is bound to current thread: 1 - let's create a new webdriver
01:38:10.904 [main] DEBUG c.c.s.d.CreateDriverCommand - Creating webdriver in thread 1 (ip: 192.168.1.173, host: EPTRANKW0068)...
01:38:10.913 [main] INFO  c.codeborne.selenide.impl.FileHelper - Creating folder: C:\Users\Kultigin_Uludag\AppData\Local\Temp\3db292df-304f-451b-a5ae-b4b262abb085_Ex_Files_Adv_Selenium_GUI.zip.085\Ex_Files_Adv_Selenium_GUI\selenideFramework\build\downloads\1717195090904_62680_1
01:38:10.914 [main] DEBUG c.c.s.webdriver.WebDriverFactory - browser=chrome
01:38:10.915 [main] DEBUG c.c.s.webdriver.WebDriverFactory - browser.version=null
01:38:10.915 [main] DEBUG c.c.s.webdriver.WebDriverFactory - remote=null
01:38:10.915 [main] DEBUG c.c.s.webdriver.WebDriverFactory - browserSize=1366x768
01:38:10.915 [main] DEBUG c.c.s.webdriver.WebDriverFactory - downloadsFolder=C:\Users\Kultigin_Uludag\AppData\Local\Temp\3db292df-304f-451b-a5ae-b4b262abb085_Ex_Files_Adv_Selenium_GUI.zip.085\Ex_Files_Adv_Selenium_GUI\selenideFramework\build\downloads\1717195090904_62680_1
01:38:10.932 [main] DEBUG c.c.s.w.AbstractChromiumDriverFactory - Using chromium preferences: {credentials_enable_service=false, safebrowsing.enabled=true, plugins.always_open_pdf_externally=true, profile.default_content_setting_values.automatic_downloads=1, profile.password_manager_enabled=false, profile.password_manager_leak_detection=false, download.default_directory=C:\Users\Kultigin_Uludag\AppData\Local\Temp\3db292df-304f-451b-a5ae-b4b262abb085_Ex_Files_Adv_Selenium_GUI.zip.085\Ex_Files_Adv_Selenium_GUI\selenideFramework\build\downloads\1717195090904_62680_1}
01:38:10.933 [main] DEBUG c.c.s.webdriver.ChromeDriverFactory - Chrome options: Capabilities {acceptInsecureCerts: true, browserName: chrome, goog:chromeOptions: {args: [--proxy-bypass-list=<-loopb..., --disable-dev-shm-usage, --window-size=1366,768], excludeSwitches: [enable-automation, load-extension], extensions: [], prefs: {credentials_enable_service: false, download.default_directory: C:\Users\Kultigin_Uludag\Ap..., plugins.always_open_pdf_externally: true, profile.default_content_setting_values.automatic_downloads: 1, profile.password_manager_enabled: false, profile.password_manager_leak_detection: false, safebrowsing.enabled: true}}, pageLoadStrategy: normal, unhandledPromptBehavior: accept}
01:38:12.978 [main] INFO  c.c.s.webdriver.WebDriverFactory - BrowserName=chrome Version=125.0.6422.142 Platform=windows
01:38:12.978 [main] INFO  c.c.s.webdriver.WebDriverFactory - Selenide v. 7.3.1
01:38:12.978 [main] INFO  c.c.s.webdriver.WebDriverFactory - Selenium WebDriver v. 4.20.0 build revision: 866c76ca80
01:38:12.978 [main] INFO  c.c.s.d.CreateDriverCommand - Created webdriver in thread 1: ChromeDriver -> ChromeDriver: chrome on windows (fff0b35553c3471f687ee189f3a78025), downloadsFolder: C:\Users\Kultigin_Uludag\AppData\Local\Temp\3db292df-304f-451b-a5ae-b4b262abb085_Ex_Files_Adv_Selenium_GUI.zip.085\Ex_Files_Adv_Selenium_GUI\selenideFramework\build\downloads\1717195090904_62680_1
01:38:12.980 [main] INFO  c.c.s.d.DisposablesRegistry - Register WebDriverInstance[config=StaticConfig, webDriver=ChromeDriver: chrome on windows (fff0b35553c3471f687ee189f3a78025), proxy=null, downloadsFolder=C:\Users\Kultigin_Uludag\AppData\Local\Temp\3db292df-304f-451b-a5ae-b4b262abb085_Ex_Files_Adv_Selenium_GUI.zip.085\Ex_Files_Adv_Selenium_GUI\selenideFramework\build\downloads\1717195090904_62680_1] in 1 [size=1]
01:38:12.987 [main] INFO  c.c.s.d.DisposablesRegistry - Add shutdown hook in 1 [size=1]
01:38:15.971 [main] DEBUG com.codeborne.selenide.impl.Plugins - Using default implementation of com.codeborne.selenide.impl.WebElementSelector: com.codeborne.selenide.impl.WebElementSelector
01:38:15.974 [main] DEBUG com.codeborne.selenide.impl.Plugins - Using default implementation of com.codeborne.selenide.impl.ElementDescriber: com.codeborne.selenide.impl.SelenideElementDescriber
01:38:16.009 [main] DEBUG com.codeborne.selenide.impl.Plugins - Using default implementation of com.codeborne.selenide.commands.Clear: com.codeborne.selenide.commands.Clear
01:38:16.033 [main] DEBUG com.codeborne.selenide.impl.Plugins - Using default implementation of com.codeborne.selenide.impl.DownloadFileToFolder: com.codeborne.selenide.impl.DownloadFileToFolder
01:38:16.035 [main] DEBUG com.codeborne.selenide.impl.Plugins - Using default implementation of com.codeborne.selenide.impl.DownloadFileWithCdp: com.codeborne.selenide.impl.DownloadFileWithCdp
01:38:16.039 [main] DEBUG com.codeborne.selenide.impl.Plugins - Using default implementation of com.codeborne.selenide.commands.Commands: com.codeborne.selenide.commands.Commands
01:38:52.169 [main] INFO  testRunnerPages.ImplementSelenide - Adding dashboard completed
01:38:52.455 [main] DEBUG com.codeborne.selenide.impl.Plugins - Using default implementation of com.codeborne.selenide.ex.ErrorFormatter: com.codeborne.selenide.ex.SelenideErrorFormatter
01:39:05.343 [Thread-3] INFO  c.c.s.d.DisposablesRegistry - Run cleanup: size=1
01:39:05.348 [Thread-3] INFO  c.codeborne.selenide.impl.FileHelper - Deleted empty folder: C:\Users\Kultigin_Uludag\AppData\Local\Temp\3db292df-304f-451b-a5ae-b4b262abb085_Ex_Files_Adv_Selenium_GUI.zip.085\Ex_Files_Adv_Selenium_GUI\selenideFramework\build\downloads\1717195090904_62680_1
01:39:05.348 [Thread-3] INFO  c.c.s.d.CloseDriverCommand - Close webdriver: 61 -> ChromeDriver: chrome on windows (fff0b35553c3471f687ee189f3a78025)...
01:39:05.676 [Thread-3] INFO  c.c.s.d.CloseDriverCommand - Closed webdriver 61 in 328 ms
01:39:05.677 [Thread-3] INFO  c.c.s.d.DisposablesRegistry - Finished cleanup
01:49:57.194 [main] DEBUG org.testng.TestNG - suiteXmlPath: "C:\Users\Kultigin_Uludag\AppData\Local\JetBrains\IdeaIC2023.3\temp-testng-customsuite.xml"
01:49:57.409 [main] INFO  org.testng.internal.Utils - [TestNG] Running:
  C:\Users\Kultigin_Uludag\AppData\Local\JetBrains\IdeaIC2023.3\temp-testng-customsuite.xml

01:49:57.424 [main] INFO  Utilities.Driver - Setup configured
01:49:57.427 [main] DEBUG c.c.selenide.impl.CiReportUrl - Variable selenide.reportsUrl not found
01:49:57.429 [main] INFO  Utilities.Driver - Browse set to :chrome
01:49:57.429 [main] INFO  Utilities.Driver - Screenshot set to : true
01:49:57.449 [main] DEBUG com.codeborne.selenide.impl.Plugins - Using default implementation of com.codeborne.selenide.impl.Photographer: com.codeborne.selenide.impl.WebdriverPhotographer
01:49:57.451 [main] DEBUG com.codeborne.selenide.impl.Plugins - Using default implementation of com.codeborne.selenide.impl.PageSourceExtractor: com.codeborne.selenide.impl.WebPageSourceExtractor
01:49:57.455 [main] DEBUG com.codeborne.selenide.impl.Plugins - Using default implementation of com.codeborne.selenide.impl.PageObjectFactory: com.codeborne.selenide.impl.SelenidePageFactory
01:49:57.458 [main] INFO  c.c.s.i.WebDriverThreadLocalContainer - No webdriver is bound to current thread: 1 - let's create a new webdriver
01:49:57.473 [main] DEBUG c.c.s.d.CreateDriverCommand - Creating webdriver in thread 1 (ip: 192.168.1.173, host: EPTRANKW0068)...
01:49:57.485 [main] INFO  c.codeborne.selenide.impl.FileHelper - Creating folder: C:\Users\Kultigin_Uludag\AppData\Local\Temp\3db292df-304f-451b-a5ae-b4b262abb085_Ex_Files_Adv_Selenium_GUI.zip.085\Ex_Files_Adv_Selenium_GUI\selenideFramework\build\downloads\1717195797473_68924_1
01:49:57.486 [main] DEBUG c.c.s.webdriver.WebDriverFactory - browser=chrome
01:49:57.486 [main] DEBUG c.c.s.webdriver.WebDriverFactory - browser.version=null
01:49:57.486 [main] DEBUG c.c.s.webdriver.WebDriverFactory - remote=null
01:49:57.486 [main] DEBUG c.c.s.webdriver.WebDriverFactory - browserSize=1366x768
01:49:57.486 [main] DEBUG c.c.s.webdriver.WebDriverFactory - downloadsFolder=C:\Users\Kultigin_Uludag\AppData\Local\Temp\3db292df-304f-451b-a5ae-b4b262abb085_Ex_Files_Adv_Selenium_GUI.zip.085\Ex_Files_Adv_Selenium_GUI\selenideFramework\build\downloads\1717195797473_68924_1
01:49:57.504 [main] DEBUG c.c.s.w.AbstractChromiumDriverFactory - Using chromium preferences: {credentials_enable_service=false, safebrowsing.enabled=true, plugins.always_open_pdf_externally=true, profile.default_content_setting_values.automatic_downloads=1, profile.password_manager_enabled=false, profile.password_manager_leak_detection=false, download.default_directory=C:\Users\Kultigin_Uludag\AppData\Local\Temp\3db292df-304f-451b-a5ae-b4b262abb085_Ex_Files_Adv_Selenium_GUI.zip.085\Ex_Files_Adv_Selenium_GUI\selenideFramework\build\downloads\1717195797473_68924_1}
01:49:57.504 [main] DEBUG c.c.s.webdriver.ChromeDriverFactory - Chrome options: Capabilities {acceptInsecureCerts: true, browserName: chrome, goog:chromeOptions: {args: [--proxy-bypass-list=<-loopb..., --disable-dev-shm-usage, --window-size=1366,768], excludeSwitches: [enable-automation, load-extension], extensions: [], prefs: {credentials_enable_service: false, download.default_directory: C:\Users\Kultigin_Uludag\Ap..., plugins.always_open_pdf_externally: true, profile.default_content_setting_values.automatic_downloads: 1, profile.password_manager_enabled: false, profile.password_manager_leak_detection: false, safebrowsing.enabled: true}}, pageLoadStrategy: normal, unhandledPromptBehavior: accept}
01:49:59.050 [main] INFO  c.c.s.webdriver.WebDriverFactory - BrowserName=chrome Version=125.0.6422.142 Platform=windows
01:49:59.050 [main] INFO  c.c.s.webdriver.WebDriverFactory - Selenide v. 7.3.1
01:49:59.050 [main] INFO  c.c.s.webdriver.WebDriverFactory - Selenium WebDriver v. 4.20.0 build revision: 866c76ca80
01:49:59.050 [main] INFO  c.c.s.d.CreateDriverCommand - Created webdriver in thread 1: ChromeDriver -> ChromeDriver: chrome on windows (1d2c53b6cbbc372ba9a0ef1618b6037a), downloadsFolder: C:\Users\Kultigin_Uludag\AppData\Local\Temp\3db292df-304f-451b-a5ae-b4b262abb085_Ex_Files_Adv_Selenium_GUI.zip.085\Ex_Files_Adv_Selenium_GUI\selenideFramework\build\downloads\1717195797473_68924_1
01:49:59.052 [main] INFO  c.c.s.d.DisposablesRegistry - Register WebDriverInstance[config=StaticConfig, webDriver=ChromeDriver: chrome on windows (1d2c53b6cbbc372ba9a0ef1618b6037a), proxy=null, downloadsFolder=C:\Users\Kultigin_Uludag\AppData\Local\Temp\3db292df-304f-451b-a5ae-b4b262abb085_Ex_Files_Adv_Selenium_GUI.zip.085\Ex_Files_Adv_Selenium_GUI\selenideFramework\build\downloads\1717195797473_68924_1] in 1 [size=1]
01:49:59.057 [main] INFO  c.c.s.d.DisposablesRegistry - Add shutdown hook in 1 [size=1]
01:50:02.262 [main] DEBUG com.codeborne.selenide.impl.Plugins - Using default implementation of com.codeborne.selenide.impl.WebElementSelector: com.codeborne.selenide.impl.WebElementSelector
01:50:02.264 [main] DEBUG com.codeborne.selenide.impl.Plugins - Using default implementation of com.codeborne.selenide.impl.ElementDescriber: com.codeborne.selenide.impl.SelenideElementDescriber
01:50:02.302 [main] DEBUG com.codeborne.selenide.impl.Plugins - Using default implementation of com.codeborne.selenide.commands.Clear: com.codeborne.selenide.commands.Clear
01:50:02.329 [main] DEBUG com.codeborne.selenide.impl.Plugins - Using default implementation of com.codeborne.selenide.impl.DownloadFileToFolder: com.codeborne.selenide.impl.DownloadFileToFolder
01:50:02.331 [main] DEBUG com.codeborne.selenide.impl.Plugins - Using default implementation of com.codeborne.selenide.impl.DownloadFileWithCdp: com.codeborne.selenide.impl.DownloadFileWithCdp
01:50:02.334 [main] DEBUG com.codeborne.selenide.impl.Plugins - Using default implementation of com.codeborne.selenide.commands.Commands: com.codeborne.selenide.commands.Commands
01:50:43.593 [main] INFO  testRunnerPages.ImplementSelenide - Adding dashboard completed
01:50:44.018 [main] DEBUG com.codeborne.selenide.impl.Plugins - Using default implementation of com.codeborne.selenide.ex.ErrorFormatter: com.codeborne.selenide.ex.SelenideErrorFormatter
01:51:02.502 [Thread-3] INFO  c.c.s.d.DisposablesRegistry - Run cleanup: size=1
01:51:02.503 [Thread-3] INFO  c.codeborne.selenide.impl.FileHelper - Deleted empty folder: C:\Users\Kultigin_Uludag\AppData\Local\Temp\3db292df-304f-451b-a5ae-b4b262abb085_Ex_Files_Adv_Selenium_GUI.zip.085\Ex_Files_Adv_Selenium_GUI\selenideFramework\build\downloads\1717195797473_68924_1
01:51:02.503 [Thread-3] INFO  c.c.s.d.CloseDriverCommand - Close webdriver: 62 -> ChromeDriver: chrome on windows (1d2c53b6cbbc372ba9a0ef1618b6037a)...
01:51:02.749 [Thread-3] INFO  c.c.s.d.CloseDriverCommand - Closed webdriver 62 in 246 ms
01:51:02.749 [Thread-3] INFO  c.c.s.d.DisposablesRegistry - Finished cleanup
01:55:20.555 [main] DEBUG org.testng.TestNG - suiteXmlPath: "C:\Users\Kultigin_Uludag\AppData\Local\JetBrains\IdeaIC2023.3\temp-testng-customsuite.xml"
01:55:20.798 [main] INFO  org.testng.internal.Utils - [TestNG] Running:
  C:\Users\Kultigin_Uludag\AppData\Local\JetBrains\IdeaIC2023.3\temp-testng-customsuite.xml

01:55:20.814 [main] INFO  Utilities.Driver - Setup configured
01:55:20.818 [main] DEBUG c.c.selenide.impl.CiReportUrl - Variable selenide.reportsUrl not found
01:55:20.820 [main] INFO  Utilities.Driver - Browse set to :chrome
01:55:20.820 [main] INFO  Utilities.Driver - Screenshot set to : true
01:55:20.840 [main] DEBUG com.codeborne.selenide.impl.Plugins - Using default implementation of com.codeborne.selenide.impl.Photographer: com.codeborne.selenide.impl.WebdriverPhotographer
01:55:20.842 [main] DEBUG com.codeborne.selenide.impl.Plugins - Using default implementation of com.codeborne.selenide.impl.PageSourceExtractor: com.codeborne.selenide.impl.WebPageSourceExtractor
01:55:20.846 [main] DEBUG com.codeborne.selenide.impl.Plugins - Using default implementation of com.codeborne.selenide.impl.PageObjectFactory: com.codeborne.selenide.impl.SelenidePageFactory
01:55:20.850 [main] INFO  c.c.s.i.WebDriverThreadLocalContainer - No webdriver is bound to current thread: 1 - let's create a new webdriver
01:55:20.868 [main] DEBUG c.c.s.d.CreateDriverCommand - Creating webdriver in thread 1 (ip: 192.168.1.173, host: EPTRANKW0068)...
01:55:20.879 [main] INFO  c.codeborne.selenide.impl.FileHelper - Creating folder: C:\Users\Kultigin_Uludag\AppData\Local\Temp\3db292df-304f-451b-a5ae-b4b262abb085_Ex_Files_Adv_Selenium_GUI.zip.085\Ex_Files_Adv_Selenium_GUI\selenideFramework\build\downloads\1717196120868_41144_1
01:55:20.880 [main] DEBUG c.c.s.webdriver.WebDriverFactory - browser=chrome
01:55:20.880 [main] DEBUG c.c.s.webdriver.WebDriverFactory - browser.version=null
01:55:20.880 [main] DEBUG c.c.s.webdriver.WebDriverFactory - remote=null
01:55:20.880 [main] DEBUG c.c.s.webdriver.WebDriverFactory - browserSize=1366x768
01:55:20.880 [main] DEBUG c.c.s.webdriver.WebDriverFactory - downloadsFolder=C:\Users\Kultigin_Uludag\AppData\Local\Temp\3db292df-304f-451b-a5ae-b4b262abb085_Ex_Files_Adv_Selenium_GUI.zip.085\Ex_Files_Adv_Selenium_GUI\selenideFramework\build\downloads\1717196120868_41144_1
01:55:20.897 [main] DEBUG c.c.s.w.AbstractChromiumDriverFactory - Using chromium preferences: {credentials_enable_service=false, safebrowsing.enabled=true, plugins.always_open_pdf_externally=true, profile.default_content_setting_values.automatic_downloads=1, profile.password_manager_enabled=false, profile.password_manager_leak_detection=false, download.default_directory=C:\Users\Kultigin_Uludag\AppData\Local\Temp\3db292df-304f-451b-a5ae-b4b262abb085_Ex_Files_Adv_Selenium_GUI.zip.085\Ex_Files_Adv_Selenium_GUI\selenideFramework\build\downloads\1717196120868_41144_1}
01:55:20.898 [main] DEBUG c.c.s.webdriver.ChromeDriverFactory - Chrome options: Capabilities {acceptInsecureCerts: true, browserName: chrome, goog:chromeOptions: {args: [--proxy-bypass-list=<-loopb..., --disable-dev-shm-usage, --window-size=1366,768], excludeSwitches: [enable-automation, load-extension], extensions: [], prefs: {credentials_enable_service: false, download.default_directory: C:\Users\Kultigin_Uludag\Ap..., plugins.always_open_pdf_externally: true, profile.default_content_setting_values.automatic_downloads: 1, profile.password_manager_enabled: false, profile.password_manager_leak_detection: false, safebrowsing.enabled: true}}, pageLoadStrategy: normal, unhandledPromptBehavior: accept}
01:55:22.426 [main] INFO  c.c.s.webdriver.WebDriverFactory - BrowserName=chrome Version=125.0.6422.142 Platform=windows
01:55:22.427 [main] INFO  c.c.s.webdriver.WebDriverFactory - Selenide v. 7.3.1
01:55:22.427 [main] INFO  c.c.s.webdriver.WebDriverFactory - Selenium WebDriver v. 4.20.0 build revision: 866c76ca80
01:55:22.427 [main] INFO  c.c.s.d.CreateDriverCommand - Created webdriver in thread 1: ChromeDriver -> ChromeDriver: chrome on windows (20b318819ab0fe11b7bc38a22af56329), downloadsFolder: C:\Users\Kultigin_Uludag\AppData\Local\Temp\3db292df-304f-451b-a5ae-b4b262abb085_Ex_Files_Adv_Selenium_GUI.zip.085\Ex_Files_Adv_Selenium_GUI\selenideFramework\build\downloads\1717196120868_41144_1
01:55:22.428 [main] INFO  c.c.s.d.DisposablesRegistry - Register WebDriverInstance[config=StaticConfig, webDriver=ChromeDriver: chrome on windows (20b318819ab0fe11b7bc38a22af56329), proxy=null, downloadsFolder=C:\Users\Kultigin_Uludag\AppData\Local\Temp\3db292df-304f-451b-a5ae-b4b262abb085_Ex_Files_Adv_Selenium_GUI.zip.085\Ex_Files_Adv_Selenium_GUI\selenideFramework\build\downloads\1717196120868_41144_1] in 1 [size=1]
01:55:22.433 [main] INFO  c.c.s.d.DisposablesRegistry - Add shutdown hook in 1 [size=1]
01:55:25.842 [main] DEBUG com.codeborne.selenide.impl.Plugins - Using default implementation of com.codeborne.selenide.impl.WebElementSelector: com.codeborne.selenide.impl.WebElementSelector
01:55:25.843 [main] DEBUG com.codeborne.selenide.impl.Plugins - Using default implementation of com.codeborne.selenide.impl.ElementDescriber: com.codeborne.selenide.impl.SelenideElementDescriber
01:55:25.876 [main] DEBUG com.codeborne.selenide.impl.Plugins - Using default implementation of com.codeborne.selenide.commands.Clear: com.codeborne.selenide.commands.Clear
01:55:25.923 [main] DEBUG com.codeborne.selenide.impl.Plugins - Using default implementation of com.codeborne.selenide.impl.DownloadFileToFolder: com.codeborne.selenide.impl.DownloadFileToFolder
01:55:25.926 [main] DEBUG com.codeborne.selenide.impl.Plugins - Using default implementation of com.codeborne.selenide.impl.DownloadFileWithCdp: com.codeborne.selenide.impl.DownloadFileWithCdp
01:55:25.931 [main] DEBUG com.codeborne.selenide.impl.Plugins - Using default implementation of com.codeborne.selenide.commands.Commands: com.codeborne.selenide.commands.Commands
01:56:03.069 [main] INFO  testRunnerPages.ImplementSelenide - Adding dashboard completed
01:56:03.388 [main] DEBUG com.codeborne.selenide.impl.Plugins - Using default implementation of com.codeborne.selenide.ex.ErrorFormatter: com.codeborne.selenide.ex.SelenideErrorFormatter
01:56:15.881 [Thread-3] INFO  c.c.s.d.DisposablesRegistry - Run cleanup: size=1
01:56:15.882 [Thread-3] INFO  c.codeborne.selenide.impl.FileHelper - Deleted empty folder: C:\Users\Kultigin_Uludag\AppData\Local\Temp\3db292df-304f-451b-a5ae-b4b262abb085_Ex_Files_Adv_Selenium_GUI.zip.085\Ex_Files_Adv_Selenium_GUI\selenideFramework\build\downloads\1717196120868_41144_1
01:56:15.883 [Thread-3] INFO  c.c.s.d.CloseDriverCommand - Close webdriver: 62 -> ChromeDriver: chrome on windows (20b318819ab0fe11b7bc38a22af56329)...
01:56:16.112 [Thread-3] INFO  c.c.s.d.CloseDriverCommand - Closed webdriver 62 in 229 ms
01:56:16.112 [Thread-3] INFO  c.c.s.d.DisposablesRegistry - Finished cleanup
02:10:09.999 [main] DEBUG org.testng.TestNG - suiteXmlPath: "C:\Users\Kultigin_Uludag\AppData\Local\JetBrains\IdeaIC2023.3\temp-testng-customsuite.xml"
02:10:10.230 [main] INFO  org.testng.internal.Utils - [TestNG] Running:
  C:\Users\Kultigin_Uludag\AppData\Local\JetBrains\IdeaIC2023.3\temp-testng-customsuite.xml

02:10:10.245 [main] INFO  Utilities.Driver - Setup configured
02:10:10.248 [main] DEBUG c.c.selenide.impl.CiReportUrl - Variable selenide.reportsUrl not found
02:10:10.250 [main] INFO  Utilities.Driver - Browse set to :chrome
02:10:10.250 [main] INFO  Utilities.Driver - Screenshot set to : true
02:10:10.274 [main] DEBUG com.codeborne.selenide.impl.Plugins - Using default implementation of com.codeborne.selenide.impl.Photographer: com.codeborne.selenide.impl.WebdriverPhotographer
02:10:10.275 [main] DEBUG com.codeborne.selenide.impl.Plugins - Using default implementation of com.codeborne.selenide.impl.PageSourceExtractor: com.codeborne.selenide.impl.WebPageSourceExtractor
02:10:10.279 [main] DEBUG com.codeborne.selenide.impl.Plugins - Using default implementation of com.codeborne.selenide.impl.PageObjectFactory: com.codeborne.selenide.impl.SelenidePageFactory
02:10:10.284 [main] INFO  c.c.s.i.WebDriverThreadLocalContainer - No webdriver is bound to current thread: 1 - let's create a new webdriver
02:10:10.300 [main] DEBUG c.c.s.d.CreateDriverCommand - Creating webdriver in thread 1 (ip: 192.168.1.173, host: EPTRANKW0068)...
02:10:10.314 [main] INFO  c.codeborne.selenide.impl.FileHelper - Creating folder: C:\Users\Kultigin_Uludag\AppData\Local\Temp\3db292df-304f-451b-a5ae-b4b262abb085_Ex_Files_Adv_Selenium_GUI.zip.085\Ex_Files_Adv_Selenium_GUI\selenideFramework\build\downloads\1717197010300_40384_1
02:10:10.315 [main] DEBUG c.c.s.webdriver.WebDriverFactory - browser=chrome
02:10:10.316 [main] DEBUG c.c.s.webdriver.WebDriverFactory - browser.version=null
02:10:10.316 [main] DEBUG c.c.s.webdriver.WebDriverFactory - remote=null
02:10:10.316 [main] DEBUG c.c.s.webdriver.WebDriverFactory - browserSize=1366x768
02:10:10.316 [main] DEBUG c.c.s.webdriver.WebDriverFactory - downloadsFolder=C:\Users\Kultigin_Uludag\AppData\Local\Temp\3db292df-304f-451b-a5ae-b4b262abb085_Ex_Files_Adv_Selenium_GUI.zip.085\Ex_Files_Adv_Selenium_GUI\selenideFramework\build\downloads\1717197010300_40384_1
02:10:10.334 [main] DEBUG c.c.s.w.AbstractChromiumDriverFactory - Using chromium preferences: {credentials_enable_service=false, safebrowsing.enabled=true, plugins.always_open_pdf_externally=true, profile.default_content_setting_values.automatic_downloads=1, profile.password_manager_enabled=false, profile.password_manager_leak_detection=false, download.default_directory=C:\Users\Kultigin_Uludag\AppData\Local\Temp\3db292df-304f-451b-a5ae-b4b262abb085_Ex_Files_Adv_Selenium_GUI.zip.085\Ex_Files_Adv_Selenium_GUI\selenideFramework\build\downloads\1717197010300_40384_1}
02:10:10.335 [main] DEBUG c.c.s.webdriver.ChromeDriverFactory - Chrome options: Capabilities {acceptInsecureCerts: true, browserName: chrome, goog:chromeOptions: {args: [--proxy-bypass-list=<-loopb..., --disable-dev-shm-usage, --window-size=1366,768], excludeSwitches: [enable-automation, load-extension], extensions: [], prefs: {credentials_enable_service: false, download.default_directory: C:\Users\Kultigin_Uludag\Ap..., plugins.always_open_pdf_externally: true, profile.default_content_setting_values.automatic_downloads: 1, profile.password_manager_enabled: false, profile.password_manager_leak_detection: false, safebrowsing.enabled: true}}, pageLoadStrategy: normal, unhandledPromptBehavior: accept}
02:10:11.741 [main] INFO  c.c.s.webdriver.WebDriverFactory - BrowserName=chrome Version=125.0.6422.142 Platform=windows
02:10:11.741 [main] INFO  c.c.s.webdriver.WebDriverFactory - Selenide v. 7.3.1
02:10:11.741 [main] INFO  c.c.s.webdriver.WebDriverFactory - Selenium WebDriver v. 4.20.0 build revision: 866c76ca80
02:10:11.741 [main] INFO  c.c.s.d.CreateDriverCommand - Created webdriver in thread 1: ChromeDriver -> ChromeDriver: chrome on windows (ceead6a8286175cc25faf12b7a6aea7f), downloadsFolder: C:\Users\Kultigin_Uludag\AppData\Local\Temp\3db292df-304f-451b-a5ae-b4b262abb085_Ex_Files_Adv_Selenium_GUI.zip.085\Ex_Files_Adv_Selenium_GUI\selenideFramework\build\downloads\1717197010300_40384_1
02:10:11.742 [main] INFO  c.c.s.d.DisposablesRegistry - Register WebDriverInstance[config=StaticConfig, webDriver=ChromeDriver: chrome on windows (ceead6a8286175cc25faf12b7a6aea7f), proxy=null, downloadsFolder=C:\Users\Kultigin_Uludag\AppData\Local\Temp\3db292df-304f-451b-a5ae-b4b262abb085_Ex_Files_Adv_Selenium_GUI.zip.085\Ex_Files_Adv_Selenium_GUI\selenideFramework\build\downloads\1717197010300_40384_1] in 1 [size=1]
02:10:11.749 [main] INFO  c.c.s.d.DisposablesRegistry - Add shutdown hook in 1 [size=1]
02:10:17.133 [main] DEBUG com.codeborne.selenide.impl.Plugins - Using default implementation of com.codeborne.selenide.impl.WebElementSelector: com.codeborne.selenide.impl.WebElementSelector
02:10:17.134 [main] DEBUG com.codeborne.selenide.impl.Plugins - Using default implementation of com.codeborne.selenide.impl.ElementDescriber: com.codeborne.selenide.impl.SelenideElementDescriber
02:10:17.174 [main] DEBUG com.codeborne.selenide.impl.Plugins - Using default implementation of com.codeborne.selenide.commands.Clear: com.codeborne.selenide.commands.Clear
02:10:17.199 [main] DEBUG com.codeborne.selenide.impl.Plugins - Using default implementation of com.codeborne.selenide.impl.DownloadFileToFolder: com.codeborne.selenide.impl.DownloadFileToFolder
02:10:17.200 [main] DEBUG com.codeborne.selenide.impl.Plugins - Using default implementation of com.codeborne.selenide.impl.DownloadFileWithCdp: com.codeborne.selenide.impl.DownloadFileWithCdp
02:10:17.202 [main] DEBUG com.codeborne.selenide.impl.Plugins - Using default implementation of com.codeborne.selenide.commands.Commands: com.codeborne.selenide.commands.Commands
02:11:03.524 [main] DEBUG com.codeborne.selenide.impl.Plugins - Using default implementation of com.codeborne.selenide.ex.ErrorFormatter: com.codeborne.selenide.ex.SelenideErrorFormatter
02:11:08.292 [Thread-3] INFO  c.c.s.d.DisposablesRegistry - Run cleanup: size=1
02:11:08.293 [Thread-3] INFO  c.codeborne.selenide.impl.FileHelper - Deleted empty folder: C:\Users\Kultigin_Uludag\AppData\Local\Temp\3db292df-304f-451b-a5ae-b4b262abb085_Ex_Files_Adv_Selenium_GUI.zip.085\Ex_Files_Adv_Selenium_GUI\selenideFramework\build\downloads\1717197010300_40384_1
02:11:08.293 [Thread-3] INFO  c.c.s.d.CloseDriverCommand - Close webdriver: 59 -> ChromeDriver: chrome on windows (ceead6a8286175cc25faf12b7a6aea7f)...
02:11:08.521 [Thread-3] INFO  c.c.s.d.CloseDriverCommand - Closed webdriver 59 in 228 ms
02:11:08.522 [Thread-3] INFO  c.c.s.d.DisposablesRegistry - Finished cleanup
02:13:50.615 [main] DEBUG org.testng.TestNG - suiteXmlPath: "C:\Users\Kultigin_Uludag\AppData\Local\JetBrains\IdeaIC2023.3\temp-testng-customsuite.xml"
02:13:50.844 [main] INFO  org.testng.internal.Utils - [TestNG] Running:
  C:\Users\Kultigin_Uludag\AppData\Local\JetBrains\IdeaIC2023.3\temp-testng-customsuite.xml

02:13:50.862 [main] INFO  Utilities.Driver - Setup configured
02:13:50.866 [main] DEBUG c.c.selenide.impl.CiReportUrl - Variable selenide.reportsUrl not found
02:13:50.868 [main] INFO  Utilities.Driver - Browse set to :chrome
02:13:50.868 [main] INFO  Utilities.Driver - Screenshot set to : true
02:13:50.892 [main] DEBUG com.codeborne.selenide.impl.Plugins - Using default implementation of com.codeborne.selenide.impl.Photographer: com.codeborne.selenide.impl.WebdriverPhotographer
02:13:50.894 [main] DEBUG com.codeborne.selenide.impl.Plugins - Using default implementation of com.codeborne.selenide.impl.PageSourceExtractor: com.codeborne.selenide.impl.WebPageSourceExtractor
02:13:50.898 [main] DEBUG com.codeborne.selenide.impl.Plugins - Using default implementation of com.codeborne.selenide.impl.PageObjectFactory: com.codeborne.selenide.impl.SelenidePageFactory
02:13:50.902 [main] INFO  c.c.s.i.WebDriverThreadLocalContainer - No webdriver is bound to current thread: 1 - let's create a new webdriver
02:13:50.918 [main] DEBUG c.c.s.d.CreateDriverCommand - Creating webdriver in thread 1 (ip: 192.168.1.173, host: EPTRANKW0068)...
02:13:50.930 [main] INFO  c.codeborne.selenide.impl.FileHelper - Creating folder: C:\Users\Kultigin_Uludag\AppData\Local\Temp\3db292df-304f-451b-a5ae-b4b262abb085_Ex_Files_Adv_Selenium_GUI.zip.085\Ex_Files_Adv_Selenium_GUI\selenideFramework\build\downloads\1717197230918_67524_1
02:13:50.931 [main] DEBUG c.c.s.webdriver.WebDriverFactory - browser=chrome
02:13:50.931 [main] DEBUG c.c.s.webdriver.WebDriverFactory - browser.version=null
02:13:50.931 [main] DEBUG c.c.s.webdriver.WebDriverFactory - remote=null
02:13:50.931 [main] DEBUG c.c.s.webdriver.WebDriverFactory - browserSize=1366x768
02:13:50.931 [main] DEBUG c.c.s.webdriver.WebDriverFactory - downloadsFolder=C:\Users\Kultigin_Uludag\AppData\Local\Temp\3db292df-304f-451b-a5ae-b4b262abb085_Ex_Files_Adv_Selenium_GUI.zip.085\Ex_Files_Adv_Selenium_GUI\selenideFramework\build\downloads\1717197230918_67524_1
02:13:50.951 [main] DEBUG c.c.s.w.AbstractChromiumDriverFactory - Using chromium preferences: {credentials_enable_service=false, safebrowsing.enabled=true, plugins.always_open_pdf_externally=true, profile.default_content_setting_values.automatic_downloads=1, profile.password_manager_enabled=false, profile.password_manager_leak_detection=false, download.default_directory=C:\Users\Kultigin_Uludag\AppData\Local\Temp\3db292df-304f-451b-a5ae-b4b262abb085_Ex_Files_Adv_Selenium_GUI.zip.085\Ex_Files_Adv_Selenium_GUI\selenideFramework\build\downloads\1717197230918_67524_1}
02:13:50.951 [main] DEBUG c.c.s.webdriver.ChromeDriverFactory - Chrome options: Capabilities {acceptInsecureCerts: true, browserName: chrome, goog:chromeOptions: {args: [--proxy-bypass-list=<-loopb..., --disable-dev-shm-usage, --window-size=1366,768], excludeSwitches: [enable-automation, load-extension], extensions: [], prefs: {credentials_enable_service: false, download.default_directory: C:\Users\Kultigin_Uludag\Ap..., plugins.always_open_pdf_externally: true, profile.default_content_setting_values.automatic_downloads: 1, profile.password_manager_enabled: false, profile.password_manager_leak_detection: false, safebrowsing.enabled: true}}, pageLoadStrategy: normal, unhandledPromptBehavior: accept}
02:13:52.502 [main] INFO  c.c.s.webdriver.WebDriverFactory - BrowserName=chrome Version=125.0.6422.142 Platform=windows
02:13:52.502 [main] INFO  c.c.s.webdriver.WebDriverFactory - Selenide v. 7.3.1
02:13:52.502 [main] INFO  c.c.s.webdriver.WebDriverFactory - Selenium WebDriver v. 4.20.0 build revision: 866c76ca80
02:13:52.502 [main] INFO  c.c.s.d.CreateDriverCommand - Created webdriver in thread 1: ChromeDriver -> ChromeDriver: chrome on windows (655a1631441f56b6a716060e2eae4d1c), downloadsFolder: C:\Users\Kultigin_Uludag\AppData\Local\Temp\3db292df-304f-451b-a5ae-b4b262abb085_Ex_Files_Adv_Selenium_GUI.zip.085\Ex_Files_Adv_Selenium_GUI\selenideFramework\build\downloads\1717197230918_67524_1
02:13:52.504 [main] INFO  c.c.s.d.DisposablesRegistry - Register WebDriverInstance[config=StaticConfig, webDriver=ChromeDriver: chrome on windows (655a1631441f56b6a716060e2eae4d1c), proxy=null, downloadsFolder=C:\Users\Kultigin_Uludag\AppData\Local\Temp\3db292df-304f-451b-a5ae-b4b262abb085_Ex_Files_Adv_Selenium_GUI.zip.085\Ex_Files_Adv_Selenium_GUI\selenideFramework\build\downloads\1717197230918_67524_1] in 1 [size=1]
02:13:52.511 [main] INFO  c.c.s.d.DisposablesRegistry - Add shutdown hook in 1 [size=1]
02:13:55.839 [main] DEBUG com.codeborne.selenide.impl.Plugins - Using default implementation of com.codeborne.selenide.impl.WebElementSelector: com.codeborne.selenide.impl.WebElementSelector
02:13:55.842 [main] DEBUG com.codeborne.selenide.impl.Plugins - Using default implementation of com.codeborne.selenide.impl.ElementDescriber: com.codeborne.selenide.impl.SelenideElementDescriber
02:13:55.904 [main] DEBUG com.codeborne.selenide.impl.Plugins - Using default implementation of com.codeborne.selenide.commands.Clear: com.codeborne.selenide.commands.Clear
02:13:55.928 [main] DEBUG com.codeborne.selenide.impl.Plugins - Using default implementation of com.codeborne.selenide.impl.DownloadFileToFolder: com.codeborne.selenide.impl.DownloadFileToFolder
02:13:55.929 [main] DEBUG com.codeborne.selenide.impl.Plugins - Using default implementation of com.codeborne.selenide.impl.DownloadFileWithCdp: com.codeborne.selenide.impl.DownloadFileWithCdp
02:13:55.932 [main] DEBUG com.codeborne.selenide.impl.Plugins - Using default implementation of com.codeborne.selenide.commands.Commands: com.codeborne.selenide.commands.Commands
02:14:32.338 [main] DEBUG com.codeborne.selenide.impl.Plugins - Using default implementation of com.codeborne.selenide.ex.ErrorFormatter: com.codeborne.selenide.ex.SelenideErrorFormatter
02:14:33.768 [Thread-3] INFO  c.c.s.d.DisposablesRegistry - Run cleanup: size=1
02:14:33.770 [Thread-3] INFO  c.codeborne.selenide.impl.FileHelper - Deleted empty folder: C:\Users\Kultigin_Uludag\AppData\Local\Temp\3db292df-304f-451b-a5ae-b4b262abb085_Ex_Files_Adv_Selenium_GUI.zip.085\Ex_Files_Adv_Selenium_GUI\selenideFramework\build\downloads\1717197230918_67524_1
02:14:33.770 [Thread-3] INFO  c.c.s.d.CloseDriverCommand - Close webdriver: 59 -> ChromeDriver: chrome on windows (655a1631441f56b6a716060e2eae4d1c)...
02:14:34.074 [Thread-3] INFO  c.c.s.d.CloseDriverCommand - Closed webdriver 59 in 304 ms
02:14:34.075 [Thread-3] INFO  c.c.s.d.DisposablesRegistry - Finished cleanup
02:17:02.274 [main] DEBUG org.testng.TestNG - suiteXmlPath: "C:\Users\Kultigin_Uludag\AppData\Local\JetBrains\IdeaIC2023.3\temp-testng-customsuite.xml"
02:17:02.488 [main] INFO  org.testng.internal.Utils - [TestNG] Running:
  C:\Users\Kultigin_Uludag\AppData\Local\JetBrains\IdeaIC2023.3\temp-testng-customsuite.xml

02:17:02.503 [main] INFO  Utilities.Driver - Setup configured
02:17:02.506 [main] DEBUG c.c.selenide.impl.CiReportUrl - Variable selenide.reportsUrl not found
02:17:02.508 [main] INFO  Utilities.Driver - Browse set to :chrome
02:17:02.508 [main] INFO  Utilities.Driver - Screenshot set to : true
02:17:02.529 [main] DEBUG com.codeborne.selenide.impl.Plugins - Using default implementation of com.codeborne.selenide.impl.Photographer: com.codeborne.selenide.impl.WebdriverPhotographer
02:17:02.530 [main] DEBUG com.codeborne.selenide.impl.Plugins - Using default implementation of com.codeborne.selenide.impl.PageSourceExtractor: com.codeborne.selenide.impl.WebPageSourceExtractor
02:17:02.533 [main] DEBUG com.codeborne.selenide.impl.Plugins - Using default implementation of com.codeborne.selenide.impl.PageObjectFactory: com.codeborne.selenide.impl.SelenidePageFactory
02:17:02.537 [main] INFO  c.c.s.i.WebDriverThreadLocalContainer - No webdriver is bound to current thread: 1 - let's create a new webdriver
02:17:02.552 [main] DEBUG c.c.s.d.CreateDriverCommand - Creating webdriver in thread 1 (ip: 192.168.1.173, host: EPTRANKW0068)...
02:17:02.562 [main] INFO  c.codeborne.selenide.impl.FileHelper - Creating folder: C:\Users\Kultigin_Uludag\AppData\Local\Temp\3db292df-304f-451b-a5ae-b4b262abb085_Ex_Files_Adv_Selenium_GUI.zip.085\Ex_Files_Adv_Selenium_GUI\selenideFramework\build\downloads\1717197422552_71080_1
02:17:02.563 [main] DEBUG c.c.s.webdriver.WebDriverFactory - browser=chrome
02:17:02.564 [main] DEBUG c.c.s.webdriver.WebDriverFactory - browser.version=null
02:17:02.564 [main] DEBUG c.c.s.webdriver.WebDriverFactory - remote=null
02:17:02.564 [main] DEBUG c.c.s.webdriver.WebDriverFactory - browserSize=1366x768
02:17:02.564 [main] DEBUG c.c.s.webdriver.WebDriverFactory - downloadsFolder=C:\Users\Kultigin_Uludag\AppData\Local\Temp\3db292df-304f-451b-a5ae-b4b262abb085_Ex_Files_Adv_Selenium_GUI.zip.085\Ex_Files_Adv_Selenium_GUI\selenideFramework\build\downloads\1717197422552_71080_1
02:17:02.581 [main] DEBUG c.c.s.w.AbstractChromiumDriverFactory - Using chromium preferences: {credentials_enable_service=false, safebrowsing.enabled=true, plugins.always_open_pdf_externally=true, profile.default_content_setting_values.automatic_downloads=1, profile.password_manager_enabled=false, profile.password_manager_leak_detection=false, download.default_directory=C:\Users\Kultigin_Uludag\AppData\Local\Temp\3db292df-304f-451b-a5ae-b4b262abb085_Ex_Files_Adv_Selenium_GUI.zip.085\Ex_Files_Adv_Selenium_GUI\selenideFramework\build\downloads\1717197422552_71080_1}
02:17:02.581 [main] DEBUG c.c.s.webdriver.ChromeDriverFactory - Chrome options: Capabilities {acceptInsecureCerts: true, browserName: chrome, goog:chromeOptions: {args: [--proxy-bypass-list=<-loopb..., --disable-dev-shm-usage, --window-size=1366,768], excludeSwitches: [enable-automation, load-extension], extensions: [], prefs: {credentials_enable_service: false, download.default_directory: C:\Users\Kultigin_Uludag\Ap..., plugins.always_open_pdf_externally: true, profile.default_content_setting_values.automatic_downloads: 1, profile.password_manager_enabled: false, profile.password_manager_leak_detection: false, safebrowsing.enabled: true}}, pageLoadStrategy: normal, unhandledPromptBehavior: accept}
02:17:04.039 [main] INFO  c.c.s.webdriver.WebDriverFactory - BrowserName=chrome Version=125.0.6422.142 Platform=windows
02:17:04.039 [main] INFO  c.c.s.webdriver.WebDriverFactory - Selenide v. 7.3.1
02:17:04.039 [main] INFO  c.c.s.webdriver.WebDriverFactory - Selenium WebDriver v. 4.20.0 build revision: 866c76ca80
02:17:04.039 [main] INFO  c.c.s.d.CreateDriverCommand - Created webdriver in thread 1: ChromeDriver -> ChromeDriver: chrome on windows (5439b1c2853a9c8f65f457cf1370d91d), downloadsFolder: C:\Users\Kultigin_Uludag\AppData\Local\Temp\3db292df-304f-451b-a5ae-b4b262abb085_Ex_Files_Adv_Selenium_GUI.zip.085\Ex_Files_Adv_Selenium_GUI\selenideFramework\build\downloads\1717197422552_71080_1
02:17:04.041 [main] INFO  c.c.s.d.DisposablesRegistry - Register WebDriverInstance[config=StaticConfig, webDriver=ChromeDriver: chrome on windows (5439b1c2853a9c8f65f457cf1370d91d), proxy=null, downloadsFolder=C:\Users\Kultigin_Uludag\AppData\Local\Temp\3db292df-304f-451b-a5ae-b4b262abb085_Ex_Files_Adv_Selenium_GUI.zip.085\Ex_Files_Adv_Selenium_GUI\selenideFramework\build\downloads\1717197422552_71080_1] in 1 [size=1]
02:17:04.048 [main] INFO  c.c.s.d.DisposablesRegistry - Add shutdown hook in 1 [size=1]
02:17:06.829 [main] DEBUG com.codeborne.selenide.impl.Plugins - Using default implementation of com.codeborne.selenide.impl.WebElementSelector: com.codeborne.selenide.impl.WebElementSelector
02:17:06.831 [main] DEBUG com.codeborne.selenide.impl.Plugins - Using default implementation of com.codeborne.selenide.impl.ElementDescriber: com.codeborne.selenide.impl.SelenideElementDescriber
02:17:06.870 [main] DEBUG com.codeborne.selenide.impl.Plugins - Using default implementation of com.codeborne.selenide.commands.Clear: com.codeborne.selenide.commands.Clear
02:17:06.891 [main] DEBUG com.codeborne.selenide.impl.Plugins - Using default implementation of com.codeborne.selenide.impl.DownloadFileToFolder: com.codeborne.selenide.impl.DownloadFileToFolder
02:17:06.892 [main] DEBUG com.codeborne.selenide.impl.Plugins - Using default implementation of com.codeborne.selenide.impl.DownloadFileWithCdp: com.codeborne.selenide.impl.DownloadFileWithCdp
02:17:06.895 [main] DEBUG com.codeborne.selenide.impl.Plugins - Using default implementation of com.codeborne.selenide.commands.Commands: com.codeborne.selenide.commands.Commands
02:17:45.924 [main] DEBUG com.codeborne.selenide.impl.Plugins - Using default implementation of com.codeborne.selenide.ex.ErrorFormatter: com.codeborne.selenide.ex.SelenideErrorFormatter
02:17:47.085 [Thread-3] INFO  c.c.s.d.DisposablesRegistry - Run cleanup: size=1
02:17:47.088 [Thread-3] INFO  c.codeborne.selenide.impl.FileHelper - Deleted empty folder: C:\Users\Kultigin_Uludag\AppData\Local\Temp\3db292df-304f-451b-a5ae-b4b262abb085_Ex_Files_Adv_Selenium_GUI.zip.085\Ex_Files_Adv_Selenium_GUI\selenideFramework\build\downloads\1717197422552_71080_1
02:17:47.088 [Thread-3] INFO  c.c.s.d.CloseDriverCommand - Close webdriver: 59 -> ChromeDriver: chrome on windows (5439b1c2853a9c8f65f457cf1370d91d)...
02:17:47.414 [Thread-3] INFO  c.c.s.d.CloseDriverCommand - Closed webdriver 59 in 326 ms
02:17:47.415 [Thread-3] INFO  c.c.s.d.DisposablesRegistry - Finished cleanup
02:24:29.956 [main] DEBUG org.testng.TestNG - suiteXmlPath: "C:\Users\Kultigin_Uludag\AppData\Local\JetBrains\IdeaIC2023.3\temp-testng-customsuite.xml"
02:24:30.157 [main] INFO  org.testng.internal.Utils - [TestNG] Running:
  C:\Users\Kultigin_Uludag\AppData\Local\JetBrains\IdeaIC2023.3\temp-testng-customsuite.xml

02:24:30.171 [main] INFO  Utilities.Driver - Setup configured
02:24:30.175 [main] DEBUG c.c.selenide.impl.CiReportUrl - Variable selenide.reportsUrl not found
02:24:30.176 [main] INFO  Utilities.Driver - Browse set to :chrome
02:24:30.176 [main] INFO  Utilities.Driver - Screenshot set to : true
02:24:30.196 [main] DEBUG com.codeborne.selenide.impl.Plugins - Using default implementation of com.codeborne.selenide.impl.Photographer: com.codeborne.selenide.impl.WebdriverPhotographer
02:24:30.197 [main] DEBUG com.codeborne.selenide.impl.Plugins - Using default implementation of com.codeborne.selenide.impl.PageSourceExtractor: com.codeborne.selenide.impl.WebPageSourceExtractor
02:24:30.201 [main] DEBUG com.codeborne.selenide.impl.Plugins - Using default implementation of com.codeborne.selenide.impl.PageObjectFactory: com.codeborne.selenide.impl.SelenidePageFactory
02:24:30.204 [main] INFO  c.c.s.i.WebDriverThreadLocalContainer - No webdriver is bound to current thread: 1 - let's create a new webdriver
02:24:30.220 [main] DEBUG c.c.s.d.CreateDriverCommand - Creating webdriver in thread 1 (ip: 192.168.1.173, host: EPTRANKW0068)...
02:24:30.234 [main] INFO  c.codeborne.selenide.impl.FileHelper - Creating folder: C:\Users\Kultigin_Uludag\AppData\Local\Temp\3db292df-304f-451b-a5ae-b4b262abb085_Ex_Files_Adv_Selenium_GUI.zip.085\Ex_Files_Adv_Selenium_GUI\selenideFramework\build\downloads\1717197870221_73040_1
02:24:30.235 [main] DEBUG c.c.s.webdriver.WebDriverFactory - browser=chrome
02:24:30.235 [main] DEBUG c.c.s.webdriver.WebDriverFactory - browser.version=null
02:24:30.235 [main] DEBUG c.c.s.webdriver.WebDriverFactory - remote=null
02:24:30.235 [main] DEBUG c.c.s.webdriver.WebDriverFactory - browserSize=1366x768
02:24:30.235 [main] DEBUG c.c.s.webdriver.WebDriverFactory - downloadsFolder=C:\Users\Kultigin_Uludag\AppData\Local\Temp\3db292df-304f-451b-a5ae-b4b262abb085_Ex_Files_Adv_Selenium_GUI.zip.085\Ex_Files_Adv_Selenium_GUI\selenideFramework\build\downloads\1717197870221_73040_1
02:24:30.256 [main] DEBUG c.c.s.w.AbstractChromiumDriverFactory - Using chromium preferences: {credentials_enable_service=false, safebrowsing.enabled=true, plugins.always_open_pdf_externally=true, profile.default_content_setting_values.automatic_downloads=1, profile.password_manager_enabled=false, profile.password_manager_leak_detection=false, download.default_directory=C:\Users\Kultigin_Uludag\AppData\Local\Temp\3db292df-304f-451b-a5ae-b4b262abb085_Ex_Files_Adv_Selenium_GUI.zip.085\Ex_Files_Adv_Selenium_GUI\selenideFramework\build\downloads\1717197870221_73040_1}
02:24:30.256 [main] DEBUG c.c.s.webdriver.ChromeDriverFactory - Chrome options: Capabilities {acceptInsecureCerts: true, browserName: chrome, goog:chromeOptions: {args: [--proxy-bypass-list=<-loopb..., --disable-dev-shm-usage, --window-size=1366,768], excludeSwitches: [enable-automation, load-extension], extensions: [], prefs: {credentials_enable_service: false, download.default_directory: C:\Users\Kultigin_Uludag\Ap..., plugins.always_open_pdf_externally: true, profile.default_content_setting_values.automatic_downloads: 1, profile.password_manager_enabled: false, profile.password_manager_leak_detection: false, safebrowsing.enabled: true}}, pageLoadStrategy: normal, unhandledPromptBehavior: accept}
02:24:31.712 [main] INFO  c.c.s.webdriver.WebDriverFactory - BrowserName=chrome Version=125.0.6422.142 Platform=windows
02:24:31.712 [main] INFO  c.c.s.webdriver.WebDriverFactory - Selenide v. 7.3.1
02:24:31.712 [main] INFO  c.c.s.webdriver.WebDriverFactory - Selenium WebDriver v. 4.20.0 build revision: 866c76ca80
02:24:31.712 [main] INFO  c.c.s.d.CreateDriverCommand - Created webdriver in thread 1: ChromeDriver -> ChromeDriver: chrome on windows (794b6d4ad68637362729e81910accd46), downloadsFolder: C:\Users\Kultigin_Uludag\AppData\Local\Temp\3db292df-304f-451b-a5ae-b4b262abb085_Ex_Files_Adv_Selenium_GUI.zip.085\Ex_Files_Adv_Selenium_GUI\selenideFramework\build\downloads\1717197870221_73040_1
02:24:31.714 [main] INFO  c.c.s.d.DisposablesRegistry - Register WebDriverInstance[config=StaticConfig, webDriver=ChromeDriver: chrome on windows (794b6d4ad68637362729e81910accd46), proxy=null, downloadsFolder=C:\Users\Kultigin_Uludag\AppData\Local\Temp\3db292df-304f-451b-a5ae-b4b262abb085_Ex_Files_Adv_Selenium_GUI.zip.085\Ex_Files_Adv_Selenium_GUI\selenideFramework\build\downloads\1717197870221_73040_1] in 1 [size=1]
02:24:31.720 [main] INFO  c.c.s.d.DisposablesRegistry - Add shutdown hook in 1 [size=1]
02:24:35.757 [main] DEBUG com.codeborne.selenide.impl.Plugins - Using default implementation of com.codeborne.selenide.impl.WebElementSelector: com.codeborne.selenide.impl.WebElementSelector
02:24:35.758 [main] DEBUG com.codeborne.selenide.impl.Plugins - Using default implementation of com.codeborne.selenide.impl.ElementDescriber: com.codeborne.selenide.impl.SelenideElementDescriber
02:24:35.798 [main] DEBUG com.codeborne.selenide.impl.Plugins - Using default implementation of com.codeborne.selenide.commands.Clear: com.codeborne.selenide.commands.Clear
02:24:35.819 [main] DEBUG com.codeborne.selenide.impl.Plugins - Using default implementation of com.codeborne.selenide.impl.DownloadFileToFolder: com.codeborne.selenide.impl.DownloadFileToFolder
02:24:35.821 [main] DEBUG com.codeborne.selenide.impl.Plugins - Using default implementation of com.codeborne.selenide.impl.DownloadFileWithCdp: com.codeborne.selenide.impl.DownloadFileWithCdp
02:24:35.825 [main] DEBUG com.codeborne.selenide.impl.Plugins - Using default implementation of com.codeborne.selenide.commands.Commands: com.codeborne.selenide.commands.Commands
02:25:12.981 [main] DEBUG com.codeborne.selenide.impl.Plugins - Using default implementation of com.codeborne.selenide.ex.ErrorFormatter: com.codeborne.selenide.ex.SelenideErrorFormatter
02:25:14.131 [Thread-3] INFO  c.c.s.d.DisposablesRegistry - Run cleanup: size=1
02:25:14.133 [Thread-3] INFO  c.codeborne.selenide.impl.FileHelper - Deleted empty folder: C:\Users\Kultigin_Uludag\AppData\Local\Temp\3db292df-304f-451b-a5ae-b4b262abb085_Ex_Files_Adv_Selenium_GUI.zip.085\Ex_Files_Adv_Selenium_GUI\selenideFramework\build\downloads\1717197870221_73040_1
02:25:14.133 [Thread-3] INFO  c.c.s.d.CloseDriverCommand - Close webdriver: 59 -> ChromeDriver: chrome on windows (794b6d4ad68637362729e81910accd46)...
02:25:14.355 [Thread-3] INFO  c.c.s.d.CloseDriverCommand - Closed webdriver 59 in 222 ms
02:25:14.356 [Thread-3] INFO  c.c.s.d.DisposablesRegistry - Finished cleanup
02:26:05.915 [main] DEBUG org.testng.TestNG - suiteXmlPath: "C:\Users\Kultigin_Uludag\AppData\Local\JetBrains\IdeaIC2023.3\temp-testng-customsuite.xml"
02:26:06.144 [main] INFO  org.testng.internal.Utils - [TestNG] Running:
  C:\Users\Kultigin_Uludag\AppData\Local\JetBrains\IdeaIC2023.3\temp-testng-customsuite.xml

02:26:06.161 [main] INFO  Utilities.Driver - Setup configured
02:26:06.166 [main] DEBUG c.c.selenide.impl.CiReportUrl - Variable selenide.reportsUrl not found
02:26:06.168 [main] INFO  Utilities.Driver - Browse set to :chrome
02:26:06.168 [main] INFO  Utilities.Driver - Screenshot set to : true
02:26:06.188 [main] DEBUG com.codeborne.selenide.impl.Plugins - Using default implementation of com.codeborne.selenide.impl.Photographer: com.codeborne.selenide.impl.WebdriverPhotographer
02:26:06.191 [main] DEBUG com.codeborne.selenide.impl.Plugins - Using default implementation of com.codeborne.selenide.impl.PageSourceExtractor: com.codeborne.selenide.impl.WebPageSourceExtractor
02:26:06.195 [main] DEBUG com.codeborne.selenide.impl.Plugins - Using default implementation of com.codeborne.selenide.impl.PageObjectFactory: com.codeborne.selenide.impl.SelenidePageFactory
02:26:06.198 [main] INFO  c.c.s.i.WebDriverThreadLocalContainer - No webdriver is bound to current thread: 1 - let's create a new webdriver
02:26:06.217 [main] DEBUG c.c.s.d.CreateDriverCommand - Creating webdriver in thread 1 (ip: 192.168.1.173, host: EPTRANKW0068)...
02:26:06.227 [main] INFO  c.codeborne.selenide.impl.FileHelper - Creating folder: C:\Users\Kultigin_Uludag\AppData\Local\Temp\3db292df-304f-451b-a5ae-b4b262abb085_Ex_Files_Adv_Selenium_GUI.zip.085\Ex_Files_Adv_Selenium_GUI\selenideFramework\build\downloads\1717197966217_71156_1
02:26:06.228 [main] DEBUG c.c.s.webdriver.WebDriverFactory - browser=chrome
02:26:06.228 [main] DEBUG c.c.s.webdriver.WebDriverFactory - browser.version=null
02:26:06.228 [main] DEBUG c.c.s.webdriver.WebDriverFactory - remote=null
02:26:06.228 [main] DEBUG c.c.s.webdriver.WebDriverFactory - browserSize=1366x768
02:26:06.228 [main] DEBUG c.c.s.webdriver.WebDriverFactory - downloadsFolder=C:\Users\Kultigin_Uludag\AppData\Local\Temp\3db292df-304f-451b-a5ae-b4b262abb085_Ex_Files_Adv_Selenium_GUI.zip.085\Ex_Files_Adv_Selenium_GUI\selenideFramework\build\downloads\1717197966217_71156_1
02:26:06.246 [main] DEBUG c.c.s.w.AbstractChromiumDriverFactory - Using chromium preferences: {credentials_enable_service=false, safebrowsing.enabled=true, plugins.always_open_pdf_externally=true, profile.default_content_setting_values.automatic_downloads=1, profile.password_manager_enabled=false, profile.password_manager_leak_detection=false, download.default_directory=C:\Users\Kultigin_Uludag\AppData\Local\Temp\3db292df-304f-451b-a5ae-b4b262abb085_Ex_Files_Adv_Selenium_GUI.zip.085\Ex_Files_Adv_Selenium_GUI\selenideFramework\build\downloads\1717197966217_71156_1}
02:26:06.247 [main] DEBUG c.c.s.webdriver.ChromeDriverFactory - Chrome options: Capabilities {acceptInsecureCerts: true, browserName: chrome, goog:chromeOptions: {args: [--proxy-bypass-list=<-loopb..., --disable-dev-shm-usage, --window-size=1366,768], excludeSwitches: [enable-automation, load-extension], extensions: [], prefs: {credentials_enable_service: false, download.default_directory: C:\Users\Kultigin_Uludag\Ap..., plugins.always_open_pdf_externally: true, profile.default_content_setting_values.automatic_downloads: 1, profile.password_manager_enabled: false, profile.password_manager_leak_detection: false, safebrowsing.enabled: true}}, pageLoadStrategy: normal, unhandledPromptBehavior: accept}
02:26:08.007 [main] INFO  c.c.s.webdriver.WebDriverFactory - BrowserName=chrome Version=125.0.6422.142 Platform=windows
02:26:08.007 [main] INFO  c.c.s.webdriver.WebDriverFactory - Selenide v. 7.3.1
02:26:08.007 [main] INFO  c.c.s.webdriver.WebDriverFactory - Selenium WebDriver v. 4.20.0 build revision: 866c76ca80
02:26:08.007 [main] INFO  c.c.s.d.CreateDriverCommand - Created webdriver in thread 1: ChromeDriver -> ChromeDriver: chrome on windows (ccb07ad8908014a483be3bbbf9cec4f3), downloadsFolder: C:\Users\Kultigin_Uludag\AppData\Local\Temp\3db292df-304f-451b-a5ae-b4b262abb085_Ex_Files_Adv_Selenium_GUI.zip.085\Ex_Files_Adv_Selenium_GUI\selenideFramework\build\downloads\1717197966217_71156_1
02:26:08.008 [main] INFO  c.c.s.d.DisposablesRegistry - Register WebDriverInstance[config=StaticConfig, webDriver=ChromeDriver: chrome on windows (ccb07ad8908014a483be3bbbf9cec4f3), proxy=null, downloadsFolder=C:\Users\Kultigin_Uludag\AppData\Local\Temp\3db292df-304f-451b-a5ae-b4b262abb085_Ex_Files_Adv_Selenium_GUI.zip.085\Ex_Files_Adv_Selenium_GUI\selenideFramework\build\downloads\1717197966217_71156_1] in 1 [size=1]
02:26:08.013 [main] INFO  c.c.s.d.DisposablesRegistry - Add shutdown hook in 1 [size=1]
02:26:11.050 [main] DEBUG com.codeborne.selenide.impl.Plugins - Using default implementation of com.codeborne.selenide.impl.WebElementSelector: com.codeborne.selenide.impl.WebElementSelector
02:26:11.052 [main] DEBUG com.codeborne.selenide.impl.Plugins - Using default implementation of com.codeborne.selenide.impl.ElementDescriber: com.codeborne.selenide.impl.SelenideElementDescriber
02:26:11.089 [main] DEBUG com.codeborne.selenide.impl.Plugins - Using default implementation of com.codeborne.selenide.commands.Clear: com.codeborne.selenide.commands.Clear
02:26:11.118 [main] DEBUG com.codeborne.selenide.impl.Plugins - Using default implementation of com.codeborne.selenide.impl.DownloadFileToFolder: com.codeborne.selenide.impl.DownloadFileToFolder
02:26:11.120 [main] DEBUG com.codeborne.selenide.impl.Plugins - Using default implementation of com.codeborne.selenide.impl.DownloadFileWithCdp: com.codeborne.selenide.impl.DownloadFileWithCdp
02:26:11.123 [main] DEBUG com.codeborne.selenide.impl.Plugins - Using default implementation of com.codeborne.selenide.commands.Commands: com.codeborne.selenide.commands.Commands
02:26:51.712 [main] INFO  testRunnerPages.ImplementSelenide - Adding dashboard completed
02:26:52.029 [main] DEBUG com.codeborne.selenide.impl.Plugins - Using default implementation of com.codeborne.selenide.ex.ErrorFormatter: com.codeborne.selenide.ex.SelenideErrorFormatter
02:26:57.715 [Thread-3] INFO  c.c.s.d.DisposablesRegistry - Run cleanup: size=1
02:26:57.718 [Thread-3] INFO  c.codeborne.selenide.impl.FileHelper - Deleted empty folder: C:\Users\Kultigin_Uludag\AppData\Local\Temp\3db292df-304f-451b-a5ae-b4b262abb085_Ex_Files_Adv_Selenium_GUI.zip.085\Ex_Files_Adv_Selenium_GUI\selenideFramework\build\downloads\1717197966217_71156_1
02:26:57.718 [Thread-3] INFO  c.c.s.d.CloseDriverCommand - Close webdriver: 62 -> ChromeDriver: chrome on windows (ccb07ad8908014a483be3bbbf9cec4f3)...
02:26:58.003 [Thread-3] INFO  c.c.s.d.CloseDriverCommand - Closed webdriver 62 in 285 ms
02:26:58.003 [Thread-3] INFO  c.c.s.d.DisposablesRegistry - Finished cleanup
02:30:53.047 [main] DEBUG org.testng.TestNG - suiteXmlPath: "C:\Users\Kultigin_Uludag\AppData\Local\JetBrains\IdeaIC2023.3\temp-testng-customsuite.xml"
02:30:53.266 [main] INFO  org.testng.internal.Utils - [TestNG] Running:
  C:\Users\Kultigin_Uludag\AppData\Local\JetBrains\IdeaIC2023.3\temp-testng-customsuite.xml

02:30:53.282 [main] INFO  Utilities.Driver - Setup configured
02:30:53.285 [main] DEBUG c.c.selenide.impl.CiReportUrl - Variable selenide.reportsUrl not found
02:30:53.286 [main] INFO  Utilities.Driver - Browse set to :chrome
02:30:53.287 [main] INFO  Utilities.Driver - Screenshot set to : true
02:30:53.310 [main] DEBUG com.codeborne.selenide.impl.Plugins - Using default implementation of com.codeborne.selenide.impl.Photographer: com.codeborne.selenide.impl.WebdriverPhotographer
02:30:53.311 [main] DEBUG com.codeborne.selenide.impl.Plugins - Using default implementation of com.codeborne.selenide.impl.PageSourceExtractor: com.codeborne.selenide.impl.WebPageSourceExtractor
02:30:53.315 [main] DEBUG com.codeborne.selenide.impl.Plugins - Using default implementation of com.codeborne.selenide.impl.PageObjectFactory: com.codeborne.selenide.impl.SelenidePageFactory
02:30:53.318 [main] INFO  c.c.s.i.WebDriverThreadLocalContainer - No webdriver is bound to current thread: 1 - let's create a new webdriver
02:30:53.336 [main] DEBUG c.c.s.d.CreateDriverCommand - Creating webdriver in thread 1 (ip: 192.168.1.173, host: EPTRANKW0068)...
02:30:53.346 [main] INFO  c.codeborne.selenide.impl.FileHelper - Creating folder: C:\Users\Kultigin_Uludag\AppData\Local\Temp\3db292df-304f-451b-a5ae-b4b262abb085_Ex_Files_Adv_Selenium_GUI.zip.085\Ex_Files_Adv_Selenium_GUI\selenideFramework\build\downloads\1717198253336_44436_1
02:30:53.347 [main] DEBUG c.c.s.webdriver.WebDriverFactory - browser=chrome
02:30:53.347 [main] DEBUG c.c.s.webdriver.WebDriverFactory - browser.version=null
02:30:53.348 [main] DEBUG c.c.s.webdriver.WebDriverFactory - remote=null
02:30:53.348 [main] DEBUG c.c.s.webdriver.WebDriverFactory - browserSize=1366x768
02:30:53.348 [main] DEBUG c.c.s.webdriver.WebDriverFactory - downloadsFolder=C:\Users\Kultigin_Uludag\AppData\Local\Temp\3db292df-304f-451b-a5ae-b4b262abb085_Ex_Files_Adv_Selenium_GUI.zip.085\Ex_Files_Adv_Selenium_GUI\selenideFramework\build\downloads\1717198253336_44436_1
02:30:53.371 [main] DEBUG c.c.s.w.AbstractChromiumDriverFactory - Using chromium preferences: {credentials_enable_service=false, safebrowsing.enabled=true, plugins.always_open_pdf_externally=true, profile.default_content_setting_values.automatic_downloads=1, profile.password_manager_enabled=false, profile.password_manager_leak_detection=false, download.default_directory=C:\Users\Kultigin_Uludag\AppData\Local\Temp\3db292df-304f-451b-a5ae-b4b262abb085_Ex_Files_Adv_Selenium_GUI.zip.085\Ex_Files_Adv_Selenium_GUI\selenideFramework\build\downloads\1717198253336_44436_1}
02:30:53.371 [main] DEBUG c.c.s.webdriver.ChromeDriverFactory - Chrome options: Capabilities {acceptInsecureCerts: true, browserName: chrome, goog:chromeOptions: {args: [--proxy-bypass-list=<-loopb..., --disable-dev-shm-usage, --window-size=1366,768], excludeSwitches: [enable-automation, load-extension], extensions: [], prefs: {credentials_enable_service: false, download.default_directory: C:\Users\Kultigin_Uludag\Ap..., plugins.always_open_pdf_externally: true, profile.default_content_setting_values.automatic_downloads: 1, profile.password_manager_enabled: false, profile.password_manager_leak_detection: false, safebrowsing.enabled: true}}, pageLoadStrategy: normal, unhandledPromptBehavior: accept}
02:30:55.312 [main] INFO  c.c.s.webdriver.WebDriverFactory - BrowserName=chrome Version=125.0.6422.142 Platform=windows
02:30:55.313 [main] INFO  c.c.s.webdriver.WebDriverFactory - Selenide v. 7.3.1
02:30:55.313 [main] INFO  c.c.s.webdriver.WebDriverFactory - Selenium WebDriver v. 4.20.0 build revision: 866c76ca80
02:30:55.313 [main] INFO  c.c.s.d.CreateDriverCommand - Created webdriver in thread 1: ChromeDriver -> ChromeDriver: chrome on windows (c788e203807658f7de0d22311053df87), downloadsFolder: C:\Users\Kultigin_Uludag\AppData\Local\Temp\3db292df-304f-451b-a5ae-b4b262abb085_Ex_Files_Adv_Selenium_GUI.zip.085\Ex_Files_Adv_Selenium_GUI\selenideFramework\build\downloads\1717198253336_44436_1
02:30:55.314 [main] INFO  c.c.s.d.DisposablesRegistry - Register WebDriverInstance[config=StaticConfig, webDriver=ChromeDriver: chrome on windows (c788e203807658f7de0d22311053df87), proxy=null, downloadsFolder=C:\Users\Kultigin_Uludag\AppData\Local\Temp\3db292df-304f-451b-a5ae-b4b262abb085_Ex_Files_Adv_Selenium_GUI.zip.085\Ex_Files_Adv_Selenium_GUI\selenideFramework\build\downloads\1717198253336_44436_1] in 1 [size=1]
02:30:55.320 [main] INFO  c.c.s.d.DisposablesRegistry - Add shutdown hook in 1 [size=1]
02:30:58.406 [main] DEBUG com.codeborne.selenide.impl.Plugins - Using default implementation of com.codeborne.selenide.impl.WebElementSelector: com.codeborne.selenide.impl.WebElementSelector
02:30:58.408 [main] DEBUG com.codeborne.selenide.impl.Plugins - Using default implementation of com.codeborne.selenide.impl.ElementDescriber: com.codeborne.selenide.impl.SelenideElementDescriber
02:30:58.460 [main] DEBUG com.codeborne.selenide.impl.Plugins - Using default implementation of com.codeborne.selenide.commands.Clear: com.codeborne.selenide.commands.Clear
02:30:58.486 [main] DEBUG com.codeborne.selenide.impl.Plugins - Using default implementation of com.codeborne.selenide.impl.DownloadFileToFolder: com.codeborne.selenide.impl.DownloadFileToFolder
02:30:58.488 [main] DEBUG com.codeborne.selenide.impl.Plugins - Using default implementation of com.codeborne.selenide.impl.DownloadFileWithCdp: com.codeborne.selenide.impl.DownloadFileWithCdp
02:30:58.494 [main] DEBUG com.codeborne.selenide.impl.Plugins - Using default implementation of com.codeborne.selenide.commands.Commands: com.codeborne.selenide.commands.Commands
02:31:24.233 [main] INFO  testRunnerPages.ImplementSelenide - Adding dashboard completed
02:31:24.673 [main] DEBUG com.codeborne.selenide.impl.Plugins - Using default implementation of com.codeborne.selenide.ex.ErrorFormatter: com.codeborne.selenide.ex.SelenideErrorFormatter
02:31:37.037 [Thread-3] INFO  c.c.s.d.DisposablesRegistry - Run cleanup: size=1
02:31:37.040 [Thread-3] INFO  c.codeborne.selenide.impl.FileHelper - Deleted empty folder: C:\Users\Kultigin_Uludag\AppData\Local\Temp\3db292df-304f-451b-a5ae-b4b262abb085_Ex_Files_Adv_Selenium_GUI.zip.085\Ex_Files_Adv_Selenium_GUI\selenideFramework\build\downloads\1717198253336_44436_1
02:31:37.040 [Thread-3] INFO  c.c.s.d.CloseDriverCommand - Close webdriver: 61 -> ChromeDriver: chrome on windows (c788e203807658f7de0d22311053df87)...
02:31:37.255 [Thread-3] INFO  c.c.s.d.CloseDriverCommand - Closed webdriver 61 in 215 ms
02:31:37.256 [Thread-3] INFO  c.c.s.d.DisposablesRegistry - Finished cleanup
00:38:39.711 [main] DEBUG org.testng.TestNG - suiteXmlPath: "C:\Users\Kultigin_Uludag\AppData\Local\JetBrains\IdeaIC2023.3\temp-testng-customsuite.xml"
00:38:39.943 [main] INFO  org.testng.internal.Utils - [TestNG] Running:
  C:\Users\Kultigin_Uludag\AppData\Local\JetBrains\IdeaIC2023.3\temp-testng-customsuite.xml

00:38:39.963 [main] INFO  Utilities.Driver - Setup configured
00:38:39.967 [main] DEBUG c.c.selenide.impl.CiReportUrl - Variable selenide.reportsUrl not found
00:38:39.970 [main] INFO  Utilities.Driver - Browse set to :chrome
00:38:39.970 [main] INFO  Utilities.Driver - Screenshot set to : true
00:38:39.997 [main] DEBUG com.codeborne.selenide.impl.Plugins - Using default implementation of com.codeborne.selenide.impl.Photographer: com.codeborne.selenide.impl.WebdriverPhotographer
00:38:39.999 [main] DEBUG com.codeborne.selenide.impl.Plugins - Using default implementation of com.codeborne.selenide.impl.PageSourceExtractor: com.codeborne.selenide.impl.WebPageSourceExtractor
00:38:40.004 [main] DEBUG com.codeborne.selenide.impl.Plugins - Using default implementation of com.codeborne.selenide.impl.PageObjectFactory: com.codeborne.selenide.impl.SelenidePageFactory
00:38:40.009 [main] INFO  c.c.s.i.WebDriverThreadLocalContainer - No webdriver is bound to current thread: 1 - let's create a new webdriver
00:38:40.027 [main] DEBUG c.c.s.d.CreateDriverCommand - Creating webdriver in thread 1 (ip: 192.168.1.173, host: EPTRANKW0068)...
00:38:40.039 [main] INFO  c.codeborne.selenide.impl.FileHelper - Creating folder: C:\Users\Kultigin_Uludag\AppData\Local\Temp\3db292df-304f-451b-a5ae-b4b262abb085_Ex_Files_Adv_Selenium_GUI.zip.085\Ex_Files_Adv_Selenium_GUI\selenideFramework\build\downloads\1717277920027_78020_1
00:38:40.041 [main] DEBUG c.c.s.webdriver.WebDriverFactory - browser=chrome
00:38:40.041 [main] DEBUG c.c.s.webdriver.WebDriverFactory - browser.version=null
00:38:40.041 [main] DEBUG c.c.s.webdriver.WebDriverFactory - remote=null
00:38:40.041 [main] DEBUG c.c.s.webdriver.WebDriverFactory - browserSize=1366x768
00:38:40.041 [main] DEBUG c.c.s.webdriver.WebDriverFactory - downloadsFolder=C:\Users\Kultigin_Uludag\AppData\Local\Temp\3db292df-304f-451b-a5ae-b4b262abb085_Ex_Files_Adv_Selenium_GUI.zip.085\Ex_Files_Adv_Selenium_GUI\selenideFramework\build\downloads\1717277920027_78020_1
00:38:40.060 [main] DEBUG c.c.s.w.AbstractChromiumDriverFactory - Using chromium preferences: {credentials_enable_service=false, safebrowsing.enabled=true, plugins.always_open_pdf_externally=true, profile.default_content_setting_values.automatic_downloads=1, profile.password_manager_enabled=false, profile.password_manager_leak_detection=false, download.default_directory=C:\Users\Kultigin_Uludag\AppData\Local\Temp\3db292df-304f-451b-a5ae-b4b262abb085_Ex_Files_Adv_Selenium_GUI.zip.085\Ex_Files_Adv_Selenium_GUI\selenideFramework\build\downloads\1717277920027_78020_1}
00:38:40.061 [main] DEBUG c.c.s.webdriver.ChromeDriverFactory - Chrome options: Capabilities {acceptInsecureCerts: true, browserName: chrome, goog:chromeOptions: {args: [--proxy-bypass-list=<-loopb..., --disable-dev-shm-usage, --window-size=1366,768], excludeSwitches: [enable-automation, load-extension], extensions: [], prefs: {credentials_enable_service: false, download.default_directory: C:\Users\Kultigin_Uludag\Ap..., plugins.always_open_pdf_externally: true, profile.default_content_setting_values.automatic_downloads: 1, profile.password_manager_enabled: false, profile.password_manager_leak_detection: false, safebrowsing.enabled: true}}, pageLoadStrategy: normal, unhandledPromptBehavior: accept}
00:38:42.377 [main] INFO  c.c.s.webdriver.WebDriverFactory - BrowserName=chrome Version=125.0.6422.142 Platform=windows
00:38:42.377 [main] INFO  c.c.s.webdriver.WebDriverFactory - Selenide v. 7.3.1
00:38:42.377 [main] INFO  c.c.s.webdriver.WebDriverFactory - Selenium WebDriver v. 4.20.0 build revision: 866c76ca80
00:38:42.377 [main] INFO  c.c.s.d.CreateDriverCommand - Created webdriver in thread 1: ChromeDriver -> ChromeDriver: chrome on windows (10a24b91878292d2ef7edd1ad8bf2b26), downloadsFolder: C:\Users\Kultigin_Uludag\AppData\Local\Temp\3db292df-304f-451b-a5ae-b4b262abb085_Ex_Files_Adv_Selenium_GUI.zip.085\Ex_Files_Adv_Selenium_GUI\selenideFramework\build\downloads\1717277920027_78020_1
00:38:42.379 [main] INFO  c.c.s.d.DisposablesRegistry - Register WebDriverInstance[config=StaticConfig, webDriver=ChromeDriver: chrome on windows (10a24b91878292d2ef7edd1ad8bf2b26), proxy=null, downloadsFolder=C:\Users\Kultigin_Uludag\AppData\Local\Temp\3db292df-304f-451b-a5ae-b4b262abb085_Ex_Files_Adv_Selenium_GUI.zip.085\Ex_Files_Adv_Selenium_GUI\selenideFramework\build\downloads\1717277920027_78020_1] in 1 [size=1]
00:38:42.387 [main] INFO  c.c.s.d.DisposablesRegistry - Add shutdown hook in 1 [size=1]
00:38:45.419 [main] DEBUG com.codeborne.selenide.impl.Plugins - Using default implementation of com.codeborne.selenide.impl.WebElementSelector: com.codeborne.selenide.impl.WebElementSelector
00:38:45.421 [main] DEBUG com.codeborne.selenide.impl.Plugins - Using default implementation of com.codeborne.selenide.impl.ElementDescriber: com.codeborne.selenide.impl.SelenideElementDescriber
00:38:45.476 [main] DEBUG com.codeborne.selenide.impl.Plugins - Using default implementation of com.codeborne.selenide.commands.Clear: com.codeborne.selenide.commands.Clear
00:38:45.512 [main] DEBUG com.codeborne.selenide.impl.Plugins - Using default implementation of com.codeborne.selenide.impl.DownloadFileToFolder: com.codeborne.selenide.impl.DownloadFileToFolder
00:38:45.514 [main] DEBUG com.codeborne.selenide.impl.Plugins - Using default implementation of com.codeborne.selenide.impl.DownloadFileWithCdp: com.codeborne.selenide.impl.DownloadFileWithCdp
00:38:45.517 [main] DEBUG com.codeborne.selenide.impl.Plugins - Using default implementation of com.codeborne.selenide.commands.Commands: com.codeborne.selenide.commands.Commands
00:39:24.640 [Thread-3] INFO  c.c.s.d.DisposablesRegistry - Run cleanup: size=1
00:39:24.641 [Thread-3] INFO  c.codeborne.selenide.impl.FileHelper - Deleted empty folder: C:\Users\Kultigin_Uludag\AppData\Local\Temp\3db292df-304f-451b-a5ae-b4b262abb085_Ex_Files_Adv_Selenium_GUI.zip.085\Ex_Files_Adv_Selenium_GUI\selenideFramework\build\downloads\1717277920027_78020_1
00:39:24.641 [Thread-3] INFO  c.c.s.d.CloseDriverCommand - Close webdriver: 61 -> ChromeDriver: chrome on windows (10a24b91878292d2ef7edd1ad8bf2b26)...
00:39:24.918 [Thread-3] INFO  c.c.s.d.CloseDriverCommand - Closed webdriver 61 in 277 ms
00:39:24.918 [Thread-3] INFO  c.c.s.d.DisposablesRegistry - Finished cleanup
00:43:49.491 [main] DEBUG org.testng.TestNG - suiteXmlPath: "C:\Users\Kultigin_Uludag\AppData\Local\JetBrains\IdeaIC2023.3\temp-testng-customsuite.xml"
00:43:49.736 [main] INFO  org.testng.internal.Utils - [TestNG] Running:
  C:\Users\Kultigin_Uludag\AppData\Local\JetBrains\IdeaIC2023.3\temp-testng-customsuite.xml

00:43:49.752 [main] INFO  Utilities.Driver - Setup configured
00:43:49.756 [main] DEBUG c.c.selenide.impl.CiReportUrl - Variable selenide.reportsUrl not found
00:43:49.757 [main] INFO  Utilities.Driver - Browse set to :chrome
00:43:49.757 [main] INFO  Utilities.Driver - Screenshot set to : true
00:43:49.778 [main] DEBUG com.codeborne.selenide.impl.Plugins - Using default implementation of com.codeborne.selenide.impl.Photographer: com.codeborne.selenide.impl.WebdriverPhotographer
00:43:49.780 [main] DEBUG com.codeborne.selenide.impl.Plugins - Using default implementation of com.codeborne.selenide.impl.PageSourceExtractor: com.codeborne.selenide.impl.WebPageSourceExtractor
00:43:49.784 [main] DEBUG com.codeborne.selenide.impl.Plugins - Using default implementation of com.codeborne.selenide.impl.PageObjectFactory: com.codeborne.selenide.impl.SelenidePageFactory
00:43:49.788 [main] INFO  c.c.s.i.WebDriverThreadLocalContainer - No webdriver is bound to current thread: 1 - let's create a new webdriver
00:43:49.806 [main] DEBUG c.c.s.d.CreateDriverCommand - Creating webdriver in thread 1 (ip: 192.168.1.173, host: EPTRANKW0068)...
00:43:49.815 [main] INFO  c.codeborne.selenide.impl.FileHelper - Creating folder: C:\Users\Kultigin_Uludag\AppData\Local\Temp\3db292df-304f-451b-a5ae-b4b262abb085_Ex_Files_Adv_Selenium_GUI.zip.085\Ex_Files_Adv_Selenium_GUI\selenideFramework\build\downloads\1717278229806_77520_1
00:43:49.817 [main] DEBUG c.c.s.webdriver.WebDriverFactory - browser=chrome
00:43:49.817 [main] DEBUG c.c.s.webdriver.WebDriverFactory - browser.version=null
00:43:49.817 [main] DEBUG c.c.s.webdriver.WebDriverFactory - remote=null
00:43:49.817 [main] DEBUG c.c.s.webdriver.WebDriverFactory - browserSize=1366x768
00:43:49.817 [main] DEBUG c.c.s.webdriver.WebDriverFactory - downloadsFolder=C:\Users\Kultigin_Uludag\AppData\Local\Temp\3db292df-304f-451b-a5ae-b4b262abb085_Ex_Files_Adv_Selenium_GUI.zip.085\Ex_Files_Adv_Selenium_GUI\selenideFramework\build\downloads\1717278229806_77520_1
00:43:49.836 [main] DEBUG c.c.s.w.AbstractChromiumDriverFactory - Using chromium preferences: {credentials_enable_service=false, safebrowsing.enabled=true, plugins.always_open_pdf_externally=true, profile.default_content_setting_values.automatic_downloads=1, profile.password_manager_enabled=false, profile.password_manager_leak_detection=false, download.default_directory=C:\Users\Kultigin_Uludag\AppData\Local\Temp\3db292df-304f-451b-a5ae-b4b262abb085_Ex_Files_Adv_Selenium_GUI.zip.085\Ex_Files_Adv_Selenium_GUI\selenideFramework\build\downloads\1717278229806_77520_1}
00:43:49.836 [main] DEBUG c.c.s.webdriver.ChromeDriverFactory - Chrome options: Capabilities {acceptInsecureCerts: true, browserName: chrome, goog:chromeOptions: {args: [--proxy-bypass-list=<-loopb..., --disable-dev-shm-usage, --window-size=1366,768], excludeSwitches: [enable-automation, load-extension], extensions: [], prefs: {credentials_enable_service: false, download.default_directory: C:\Users\Kultigin_Uludag\Ap..., plugins.always_open_pdf_externally: true, profile.default_content_setting_values.automatic_downloads: 1, profile.password_manager_enabled: false, profile.password_manager_leak_detection: false, safebrowsing.enabled: true}}, pageLoadStrategy: normal, unhandledPromptBehavior: accept}
00:43:51.415 [main] INFO  c.c.s.webdriver.WebDriverFactory - BrowserName=chrome Version=125.0.6422.142 Platform=windows
00:43:51.416 [main] INFO  c.c.s.webdriver.WebDriverFactory - Selenide v. 7.3.1
00:43:51.416 [main] INFO  c.c.s.webdriver.WebDriverFactory - Selenium WebDriver v. 4.20.0 build revision: 866c76ca80
00:43:51.416 [main] INFO  c.c.s.d.CreateDriverCommand - Created webdriver in thread 1: ChromeDriver -> ChromeDriver: chrome on windows (181e5c6e397303f744fd70b0837184f3), downloadsFolder: C:\Users\Kultigin_Uludag\AppData\Local\Temp\3db292df-304f-451b-a5ae-b4b262abb085_Ex_Files_Adv_Selenium_GUI.zip.085\Ex_Files_Adv_Selenium_GUI\selenideFramework\build\downloads\1717278229806_77520_1
00:43:51.418 [main] INFO  c.c.s.d.DisposablesRegistry - Register WebDriverInstance[config=StaticConfig, webDriver=ChromeDriver: chrome on windows (181e5c6e397303f744fd70b0837184f3), proxy=null, downloadsFolder=C:\Users\Kultigin_Uludag\AppData\Local\Temp\3db292df-304f-451b-a5ae-b4b262abb085_Ex_Files_Adv_Selenium_GUI.zip.085\Ex_Files_Adv_Selenium_GUI\selenideFramework\build\downloads\1717278229806_77520_1] in 1 [size=1]
00:43:51.425 [main] INFO  c.c.s.d.DisposablesRegistry - Add shutdown hook in 1 [size=1]
00:43:54.405 [main] DEBUG com.codeborne.selenide.impl.Plugins - Using default implementation of com.codeborne.selenide.impl.WebElementSelector: com.codeborne.selenide.impl.WebElementSelector
00:43:54.406 [main] DEBUG com.codeborne.selenide.impl.Plugins - Using default implementation of com.codeborne.selenide.impl.ElementDescriber: com.codeborne.selenide.impl.SelenideElementDescriber
00:43:54.442 [main] DEBUG com.codeborne.selenide.impl.Plugins - Using default implementation of com.codeborne.selenide.commands.Clear: com.codeborne.selenide.commands.Clear
00:43:54.473 [main] DEBUG com.codeborne.selenide.impl.Plugins - Using default implementation of com.codeborne.selenide.impl.DownloadFileToFolder: com.codeborne.selenide.impl.DownloadFileToFolder
00:43:54.475 [main] DEBUG com.codeborne.selenide.impl.Plugins - Using default implementation of com.codeborne.selenide.impl.DownloadFileWithCdp: com.codeborne.selenide.impl.DownloadFileWithCdp
00:43:54.479 [main] DEBUG com.codeborne.selenide.impl.Plugins - Using default implementation of com.codeborne.selenide.commands.Commands: com.codeborne.selenide.commands.Commands
00:44:35.110 [Thread-3] INFO  c.c.s.d.DisposablesRegistry - Run cleanup: size=1
00:44:35.112 [Thread-3] INFO  c.codeborne.selenide.impl.FileHelper - Deleted empty folder: C:\Users\Kultigin_Uludag\AppData\Local\Temp\3db292df-304f-451b-a5ae-b4b262abb085_Ex_Files_Adv_Selenium_GUI.zip.085\Ex_Files_Adv_Selenium_GUI\selenideFramework\build\downloads\1717278229806_77520_1
00:44:35.112 [Thread-3] INFO  c.c.s.d.CloseDriverCommand - Close webdriver: 61 -> ChromeDriver: chrome on windows (181e5c6e397303f744fd70b0837184f3)...
00:44:35.386 [Thread-3] INFO  c.c.s.d.CloseDriverCommand - Closed webdriver 61 in 274 ms
00:44:35.386 [Thread-3] INFO  c.c.s.d.DisposablesRegistry - Finished cleanup
00:46:11.959 [main] DEBUG org.testng.TestNG - suiteXmlPath: "C:\Users\Kultigin_Uludag\AppData\Local\JetBrains\IdeaIC2023.3\temp-testng-customsuite.xml"
00:46:12.168 [main] INFO  org.testng.internal.Utils - [TestNG] Running:
  C:\Users\Kultigin_Uludag\AppData\Local\JetBrains\IdeaIC2023.3\temp-testng-customsuite.xml

00:46:12.186 [main] INFO  Utilities.Driver - Setup configured
00:46:12.190 [main] DEBUG c.c.selenide.impl.CiReportUrl - Variable selenide.reportsUrl not found
00:46:12.192 [main] INFO  Utilities.Driver - Browse set to :chrome
00:46:12.193 [main] INFO  Utilities.Driver - Screenshot set to : true
00:46:12.213 [main] DEBUG com.codeborne.selenide.impl.Plugins - Using default implementation of com.codeborne.selenide.impl.Photographer: com.codeborne.selenide.impl.WebdriverPhotographer
00:46:12.215 [main] DEBUG com.codeborne.selenide.impl.Plugins - Using default implementation of com.codeborne.selenide.impl.PageSourceExtractor: com.codeborne.selenide.impl.WebPageSourceExtractor
00:46:12.219 [main] DEBUG com.codeborne.selenide.impl.Plugins - Using default implementation of com.codeborne.selenide.impl.PageObjectFactory: com.codeborne.selenide.impl.SelenidePageFactory
00:46:12.225 [main] INFO  c.c.s.i.WebDriverThreadLocalContainer - No webdriver is bound to current thread: 1 - let's create a new webdriver
00:46:12.243 [main] DEBUG c.c.s.d.CreateDriverCommand - Creating webdriver in thread 1 (ip: 192.168.1.173, host: EPTRANKW0068)...
00:46:12.252 [main] INFO  c.codeborne.selenide.impl.FileHelper - Creating folder: C:\Users\Kultigin_Uludag\AppData\Local\Temp\3db292df-304f-451b-a5ae-b4b262abb085_Ex_Files_Adv_Selenium_GUI.zip.085\Ex_Files_Adv_Selenium_GUI\selenideFramework\build\downloads\1717278372243_76596_1
00:46:12.254 [main] DEBUG c.c.s.webdriver.WebDriverFactory - browser=chrome
00:46:12.254 [main] DEBUG c.c.s.webdriver.WebDriverFactory - browser.version=null
00:46:12.254 [main] DEBUG c.c.s.webdriver.WebDriverFactory - remote=null
00:46:12.254 [main] DEBUG c.c.s.webdriver.WebDriverFactory - browserSize=1366x768
00:46:12.254 [main] DEBUG c.c.s.webdriver.WebDriverFactory - downloadsFolder=C:\Users\Kultigin_Uludag\AppData\Local\Temp\3db292df-304f-451b-a5ae-b4b262abb085_Ex_Files_Adv_Selenium_GUI.zip.085\Ex_Files_Adv_Selenium_GUI\selenideFramework\build\downloads\1717278372243_76596_1
00:46:12.271 [main] DEBUG c.c.s.w.AbstractChromiumDriverFactory - Using chromium preferences: {credentials_enable_service=false, safebrowsing.enabled=true, plugins.always_open_pdf_externally=true, profile.default_content_setting_values.automatic_downloads=1, profile.password_manager_enabled=false, profile.password_manager_leak_detection=false, download.default_directory=C:\Users\Kultigin_Uludag\AppData\Local\Temp\3db292df-304f-451b-a5ae-b4b262abb085_Ex_Files_Adv_Selenium_GUI.zip.085\Ex_Files_Adv_Selenium_GUI\selenideFramework\build\downloads\1717278372243_76596_1}
00:46:12.272 [main] DEBUG c.c.s.webdriver.ChromeDriverFactory - Chrome options: Capabilities {acceptInsecureCerts: true, browserName: chrome, goog:chromeOptions: {args: [--proxy-bypass-list=<-loopb..., --disable-dev-shm-usage, --window-size=1366,768], excludeSwitches: [enable-automation, load-extension], extensions: [], prefs: {credentials_enable_service: false, download.default_directory: C:\Users\Kultigin_Uludag\Ap..., plugins.always_open_pdf_externally: true, profile.default_content_setting_values.automatic_downloads: 1, profile.password_manager_enabled: false, profile.password_manager_leak_detection: false, safebrowsing.enabled: true}}, pageLoadStrategy: normal, unhandledPromptBehavior: accept}
00:46:13.775 [main] INFO  c.c.s.webdriver.WebDriverFactory - BrowserName=chrome Version=125.0.6422.142 Platform=windows
00:46:13.776 [main] INFO  c.c.s.webdriver.WebDriverFactory - Selenide v. 7.3.1
00:46:13.776 [main] INFO  c.c.s.webdriver.WebDriverFactory - Selenium WebDriver v. 4.20.0 build revision: 866c76ca80
00:46:13.776 [main] INFO  c.c.s.d.CreateDriverCommand - Created webdriver in thread 1: ChromeDriver -> ChromeDriver: chrome on windows (fefb3a8b7ad60ef168fdf57a8294044e), downloadsFolder: C:\Users\Kultigin_Uludag\AppData\Local\Temp\3db292df-304f-451b-a5ae-b4b262abb085_Ex_Files_Adv_Selenium_GUI.zip.085\Ex_Files_Adv_Selenium_GUI\selenideFramework\build\downloads\1717278372243_76596_1
00:46:13.777 [main] INFO  c.c.s.d.DisposablesRegistry - Register WebDriverInstance[config=StaticConfig, webDriver=ChromeDriver: chrome on windows (fefb3a8b7ad60ef168fdf57a8294044e), proxy=null, downloadsFolder=C:\Users\Kultigin_Uludag\AppData\Local\Temp\3db292df-304f-451b-a5ae-b4b262abb085_Ex_Files_Adv_Selenium_GUI.zip.085\Ex_Files_Adv_Selenium_GUI\selenideFramework\build\downloads\1717278372243_76596_1] in 1 [size=1]
00:46:13.789 [main] INFO  c.c.s.d.DisposablesRegistry - Add shutdown hook in 1 [size=1]
00:46:18.036 [main] DEBUG com.codeborne.selenide.impl.Plugins - Using default implementation of com.codeborne.selenide.impl.WebElementSelector: com.codeborne.selenide.impl.WebElementSelector
00:46:18.038 [main] DEBUG com.codeborne.selenide.impl.Plugins - Using default implementation of com.codeborne.selenide.impl.ElementDescriber: com.codeborne.selenide.impl.SelenideElementDescriber
00:46:18.074 [main] DEBUG com.codeborne.selenide.impl.Plugins - Using default implementation of com.codeborne.selenide.commands.Clear: com.codeborne.selenide.commands.Clear
00:46:18.099 [main] DEBUG com.codeborne.selenide.impl.Plugins - Using default implementation of com.codeborne.selenide.impl.DownloadFileToFolder: com.codeborne.selenide.impl.DownloadFileToFolder
00:46:18.100 [main] DEBUG com.codeborne.selenide.impl.Plugins - Using default implementation of com.codeborne.selenide.impl.DownloadFileWithCdp: com.codeborne.selenide.impl.DownloadFileWithCdp
00:46:18.103 [main] DEBUG com.codeborne.selenide.impl.Plugins - Using default implementation of com.codeborne.selenide.commands.Commands: com.codeborne.selenide.commands.Commands
00:46:45.672 [main] INFO  testRunnerPages.ImplementSelenide - Adding dashboard completed
00:46:46.099 [main] DEBUG com.codeborne.selenide.impl.Plugins - Using default implementation of com.codeborne.selenide.ex.ErrorFormatter: com.codeborne.selenide.ex.SelenideErrorFormatter
00:46:58.431 [Thread-3] INFO  c.c.s.d.DisposablesRegistry - Run cleanup: size=1
00:46:58.434 [Thread-3] INFO  c.codeborne.selenide.impl.FileHelper - Deleted empty folder: C:\Users\Kultigin_Uludag\AppData\Local\Temp\3db292df-304f-451b-a5ae-b4b262abb085_Ex_Files_Adv_Selenium_GUI.zip.085\Ex_Files_Adv_Selenium_GUI\selenideFramework\build\downloads\1717278372243_76596_1
00:46:58.434 [Thread-3] INFO  c.c.s.d.CloseDriverCommand - Close webdriver: 61 -> ChromeDriver: chrome on windows (fefb3a8b7ad60ef168fdf57a8294044e)...
00:46:58.764 [Thread-3] INFO  c.c.s.d.CloseDriverCommand - Closed webdriver 61 in 330 ms
00:46:58.764 [Thread-3] INFO  c.c.s.d.DisposablesRegistry - Finished cleanup
01:00:18.839 [main] DEBUG org.testng.TestNG - suiteXmlPath: "C:\Users\Kultigin_Uludag\AppData\Local\JetBrains\IdeaIC2023.3\temp-testng-customsuite.xml"
01:00:19.052 [main] INFO  org.testng.internal.Utils - [TestNG] Running:
  C:\Users\Kultigin_Uludag\AppData\Local\JetBrains\IdeaIC2023.3\temp-testng-customsuite.xml

01:00:19.066 [main] INFO  Utilities.Driver - Setup configured
01:00:19.069 [main] DEBUG c.c.selenide.impl.CiReportUrl - Variable selenide.reportsUrl not found
01:00:19.071 [main] INFO  Utilities.Driver - Browse set to :chrome
01:00:19.071 [main] INFO  Utilities.Driver - Screenshot set to : true
01:00:19.092 [main] DEBUG com.codeborne.selenide.impl.Plugins - Using default implementation of com.codeborne.selenide.impl.Photographer: com.codeborne.selenide.impl.WebdriverPhotographer
01:00:19.093 [main] DEBUG com.codeborne.selenide.impl.Plugins - Using default implementation of com.codeborne.selenide.impl.PageSourceExtractor: com.codeborne.selenide.impl.WebPageSourceExtractor
01:00:19.097 [main] DEBUG com.codeborne.selenide.impl.Plugins - Using default implementation of com.codeborne.selenide.impl.PageObjectFactory: com.codeborne.selenide.impl.SelenidePageFactory
01:00:19.100 [main] INFO  c.c.s.i.WebDriverThreadLocalContainer - No webdriver is bound to current thread: 1 - let's create a new webdriver
01:00:19.115 [main] DEBUG c.c.s.d.CreateDriverCommand - Creating webdriver in thread 1 (ip: 192.168.1.173, host: EPTRANKW0068)...
01:00:19.126 [main] INFO  c.codeborne.selenide.impl.FileHelper - Creating folder: C:\Users\Kultigin_Uludag\AppData\Local\Temp\3db292df-304f-451b-a5ae-b4b262abb085_Ex_Files_Adv_Selenium_GUI.zip.085\Ex_Files_Adv_Selenium_GUI\selenideFramework\build\downloads\1717279219115_70844_1
01:00:19.130 [main] DEBUG c.c.s.webdriver.WebDriverFactory - browser=chrome
01:00:19.130 [main] DEBUG c.c.s.webdriver.WebDriverFactory - browser.version=null
01:00:19.130 [main] DEBUG c.c.s.webdriver.WebDriverFactory - remote=null
01:00:19.130 [main] DEBUG c.c.s.webdriver.WebDriverFactory - browserSize=1366x768
01:00:19.130 [main] DEBUG c.c.s.webdriver.WebDriverFactory - downloadsFolder=C:\Users\Kultigin_Uludag\AppData\Local\Temp\3db292df-304f-451b-a5ae-b4b262abb085_Ex_Files_Adv_Selenium_GUI.zip.085\Ex_Files_Adv_Selenium_GUI\selenideFramework\build\downloads\1717279219115_70844_1
01:00:19.148 [main] DEBUG c.c.s.w.AbstractChromiumDriverFactory - Using chromium preferences: {credentials_enable_service=false, safebrowsing.enabled=true, plugins.always_open_pdf_externally=true, profile.default_content_setting_values.automatic_downloads=1, profile.password_manager_enabled=false, profile.password_manager_leak_detection=false, download.default_directory=C:\Users\Kultigin_Uludag\AppData\Local\Temp\3db292df-304f-451b-a5ae-b4b262abb085_Ex_Files_Adv_Selenium_GUI.zip.085\Ex_Files_Adv_Selenium_GUI\selenideFramework\build\downloads\1717279219115_70844_1}
01:00:19.149 [main] DEBUG c.c.s.webdriver.ChromeDriverFactory - Chrome options: Capabilities {acceptInsecureCerts: true, browserName: chrome, goog:chromeOptions: {args: [--proxy-bypass-list=<-loopb..., --disable-dev-shm-usage, --window-size=1366,768], excludeSwitches: [enable-automation, load-extension], extensions: [], prefs: {credentials_enable_service: false, download.default_directory: C:\Users\Kultigin_Uludag\Ap..., plugins.always_open_pdf_externally: true, profile.default_content_setting_values.automatic_downloads: 1, profile.password_manager_enabled: false, profile.password_manager_leak_detection: false, safebrowsing.enabled: true}}, pageLoadStrategy: normal, unhandledPromptBehavior: accept}
01:00:20.641 [main] INFO  c.c.s.webdriver.WebDriverFactory - BrowserName=chrome Version=125.0.6422.142 Platform=windows
01:00:20.641 [main] INFO  c.c.s.webdriver.WebDriverFactory - Selenide v. 7.3.1
01:00:20.642 [main] INFO  c.c.s.webdriver.WebDriverFactory - Selenium WebDriver v. 4.20.0 build revision: 866c76ca80
01:00:20.642 [main] INFO  c.c.s.d.CreateDriverCommand - Created webdriver in thread 1: ChromeDriver -> ChromeDriver: chrome on windows (64cde4482d60618accc25d77de2dc7c5), downloadsFolder: C:\Users\Kultigin_Uludag\AppData\Local\Temp\3db292df-304f-451b-a5ae-b4b262abb085_Ex_Files_Adv_Selenium_GUI.zip.085\Ex_Files_Adv_Selenium_GUI\selenideFramework\build\downloads\1717279219115_70844_1
01:00:20.643 [main] INFO  c.c.s.d.DisposablesRegistry - Register WebDriverInstance[config=StaticConfig, webDriver=ChromeDriver: chrome on windows (64cde4482d60618accc25d77de2dc7c5), proxy=null, downloadsFolder=C:\Users\Kultigin_Uludag\AppData\Local\Temp\3db292df-304f-451b-a5ae-b4b262abb085_Ex_Files_Adv_Selenium_GUI.zip.085\Ex_Files_Adv_Selenium_GUI\selenideFramework\build\downloads\1717279219115_70844_1] in 1 [size=1]
01:00:20.650 [main] INFO  c.c.s.d.DisposablesRegistry - Add shutdown hook in 1 [size=1]
01:00:23.577 [main] DEBUG com.codeborne.selenide.impl.Plugins - Using default implementation of com.codeborne.selenide.impl.WebElementSelector: com.codeborne.selenide.impl.WebElementSelector
01:00:23.580 [main] DEBUG com.codeborne.selenide.impl.Plugins - Using default implementation of com.codeborne.selenide.impl.ElementDescriber: com.codeborne.selenide.impl.SelenideElementDescriber
01:00:23.627 [main] DEBUG com.codeborne.selenide.impl.Plugins - Using default implementation of com.codeborne.selenide.commands.Clear: com.codeborne.selenide.commands.Clear
01:00:23.653 [main] DEBUG com.codeborne.selenide.impl.Plugins - Using default implementation of com.codeborne.selenide.impl.DownloadFileToFolder: com.codeborne.selenide.impl.DownloadFileToFolder
01:00:23.656 [main] DEBUG com.codeborne.selenide.impl.Plugins - Using default implementation of com.codeborne.selenide.impl.DownloadFileWithCdp: com.codeborne.selenide.impl.DownloadFileWithCdp
01:00:23.659 [main] DEBUG com.codeborne.selenide.impl.Plugins - Using default implementation of com.codeborne.selenide.commands.Commands: com.codeborne.selenide.commands.Commands
01:00:55.743 [main] INFO  testRunnerPages.ImplementSelenide - Adding dashboard completed
01:00:55.750 [Thread-3] INFO  c.c.s.d.DisposablesRegistry - Run cleanup: size=1
01:00:55.750 [Thread-3] INFO  c.codeborne.selenide.impl.FileHelper - Deleted empty folder: C:\Users\Kultigin_Uludag\AppData\Local\Temp\3db292df-304f-451b-a5ae-b4b262abb085_Ex_Files_Adv_Selenium_GUI.zip.085\Ex_Files_Adv_Selenium_GUI\selenideFramework\build\downloads\1717279219115_70844_1
01:00:55.751 [Thread-3] INFO  c.c.s.d.CloseDriverCommand - Close webdriver: 59 -> ChromeDriver: chrome on windows (64cde4482d60618accc25d77de2dc7c5)...
01:00:55.999 [Thread-3] INFO  c.c.s.d.CloseDriverCommand - Closed webdriver 59 in 248 ms
01:00:55.999 [Thread-3] INFO  c.c.s.d.DisposablesRegistry - Finished cleanup
01:02:20.611 [main] DEBUG org.testng.TestNG - suiteXmlPath: "C:\Users\Kultigin_Uludag\AppData\Local\JetBrains\IdeaIC2023.3\temp-testng-customsuite.xml"
01:02:20.831 [main] INFO  org.testng.internal.Utils - [TestNG] Running:
  C:\Users\Kultigin_Uludag\AppData\Local\JetBrains\IdeaIC2023.3\temp-testng-customsuite.xml

01:02:20.853 [main] INFO  Utilities.Driver - Setup configured
01:02:20.857 [main] DEBUG c.c.selenide.impl.CiReportUrl - Variable selenide.reportsUrl not found
01:02:20.859 [main] INFO  Utilities.Driver - Browse set to :chrome
01:02:20.859 [main] INFO  Utilities.Driver - Screenshot set to : true
01:02:20.883 [main] DEBUG com.codeborne.selenide.impl.Plugins - Using default implementation of com.codeborne.selenide.impl.Photographer: com.codeborne.selenide.impl.WebdriverPhotographer
01:02:20.885 [main] DEBUG com.codeborne.selenide.impl.Plugins - Using default implementation of com.codeborne.selenide.impl.PageSourceExtractor: com.codeborne.selenide.impl.WebPageSourceExtractor
01:02:20.889 [main] DEBUG com.codeborne.selenide.impl.Plugins - Using default implementation of com.codeborne.selenide.impl.PageObjectFactory: com.codeborne.selenide.impl.SelenidePageFactory
01:02:20.894 [main] INFO  c.c.s.i.WebDriverThreadLocalContainer - No webdriver is bound to current thread: 1 - let's create a new webdriver
01:02:20.914 [main] DEBUG c.c.s.d.CreateDriverCommand - Creating webdriver in thread 1 (ip: 192.168.1.173, host: EPTRANKW0068)...
01:02:20.927 [main] INFO  c.codeborne.selenide.impl.FileHelper - Creating folder: C:\Users\Kultigin_Uludag\AppData\Local\Temp\3db292df-304f-451b-a5ae-b4b262abb085_Ex_Files_Adv_Selenium_GUI.zip.085\Ex_Files_Adv_Selenium_GUI\selenideFramework\build\downloads\1717279340914_15288_1
01:02:20.928 [main] DEBUG c.c.s.webdriver.WebDriverFactory - browser=chrome
01:02:20.928 [main] DEBUG c.c.s.webdriver.WebDriverFactory - browser.version=null
01:02:20.928 [main] DEBUG c.c.s.webdriver.WebDriverFactory - remote=null
01:02:20.928 [main] DEBUG c.c.s.webdriver.WebDriverFactory - browserSize=1366x768
01:02:20.928 [main] DEBUG c.c.s.webdriver.WebDriverFactory - downloadsFolder=C:\Users\Kultigin_Uludag\AppData\Local\Temp\3db292df-304f-451b-a5ae-b4b262abb085_Ex_Files_Adv_Selenium_GUI.zip.085\Ex_Files_Adv_Selenium_GUI\selenideFramework\build\downloads\1717279340914_15288_1
01:02:20.947 [main] DEBUG c.c.s.w.AbstractChromiumDriverFactory - Using chromium preferences: {credentials_enable_service=false, safebrowsing.enabled=true, plugins.always_open_pdf_externally=true, profile.default_content_setting_values.automatic_downloads=1, profile.password_manager_enabled=false, profile.password_manager_leak_detection=false, download.default_directory=C:\Users\Kultigin_Uludag\AppData\Local\Temp\3db292df-304f-451b-a5ae-b4b262abb085_Ex_Files_Adv_Selenium_GUI.zip.085\Ex_Files_Adv_Selenium_GUI\selenideFramework\build\downloads\1717279340914_15288_1}
01:02:20.948 [main] DEBUG c.c.s.webdriver.ChromeDriverFactory - Chrome options: Capabilities {acceptInsecureCerts: true, browserName: chrome, goog:chromeOptions: {args: [--proxy-bypass-list=<-loopb..., --disable-dev-shm-usage, --window-size=1366,768], excludeSwitches: [enable-automation, load-extension], extensions: [], prefs: {credentials_enable_service: false, download.default_directory: C:\Users\Kultigin_Uludag\Ap..., plugins.always_open_pdf_externally: true, profile.default_content_setting_values.automatic_downloads: 1, profile.password_manager_enabled: false, profile.password_manager_leak_detection: false, safebrowsing.enabled: true}}, pageLoadStrategy: normal, unhandledPromptBehavior: accept}
01:02:23.116 [main] INFO  c.c.s.webdriver.WebDriverFactory - BrowserName=chrome Version=125.0.6422.142 Platform=windows
01:02:23.117 [main] INFO  c.c.s.webdriver.WebDriverFactory - Selenide v. 7.3.1
01:02:23.117 [main] INFO  c.c.s.webdriver.WebDriverFactory - Selenium WebDriver v. 4.20.0 build revision: 866c76ca80
01:02:23.117 [main] INFO  c.c.s.d.CreateDriverCommand - Created webdriver in thread 1: ChromeDriver -> ChromeDriver: chrome on windows (9e6556a9fd1ea64f8fe66904ee580886), downloadsFolder: C:\Users\Kultigin_Uludag\AppData\Local\Temp\3db292df-304f-451b-a5ae-b4b262abb085_Ex_Files_Adv_Selenium_GUI.zip.085\Ex_Files_Adv_Selenium_GUI\selenideFramework\build\downloads\1717279340914_15288_1
01:02:23.120 [main] INFO  c.c.s.d.DisposablesRegistry - Register WebDriverInstance[config=StaticConfig, webDriver=ChromeDriver: chrome on windows (9e6556a9fd1ea64f8fe66904ee580886), proxy=null, downloadsFolder=C:\Users\Kultigin_Uludag\AppData\Local\Temp\3db292df-304f-451b-a5ae-b4b262abb085_Ex_Files_Adv_Selenium_GUI.zip.085\Ex_Files_Adv_Selenium_GUI\selenideFramework\build\downloads\1717279340914_15288_1] in 1 [size=1]
01:02:23.130 [main] INFO  c.c.s.d.DisposablesRegistry - Add shutdown hook in 1 [size=1]
01:02:27.164 [main] DEBUG com.codeborne.selenide.impl.Plugins - Using default implementation of com.codeborne.selenide.impl.WebElementSelector: com.codeborne.selenide.impl.WebElementSelector
01:02:27.166 [main] DEBUG com.codeborne.selenide.impl.Plugins - Using default implementation of com.codeborne.selenide.impl.ElementDescriber: com.codeborne.selenide.impl.SelenideElementDescriber
01:02:27.206 [main] DEBUG com.codeborne.selenide.impl.Plugins - Using default implementation of com.codeborne.selenide.commands.Clear: com.codeborne.selenide.commands.Clear
01:02:27.233 [main] DEBUG com.codeborne.selenide.impl.Plugins - Using default implementation of com.codeborne.selenide.impl.DownloadFileToFolder: com.codeborne.selenide.impl.DownloadFileToFolder
01:02:27.235 [main] DEBUG com.codeborne.selenide.impl.Plugins - Using default implementation of com.codeborne.selenide.impl.DownloadFileWithCdp: com.codeborne.selenide.impl.DownloadFileWithCdp
01:02:27.239 [main] DEBUG com.codeborne.selenide.impl.Plugins - Using default implementation of com.codeborne.selenide.commands.Commands: com.codeborne.selenide.commands.Commands
01:02:52.066 [main] INFO  testRunnerPages.ImplementSelenide - Adding dashboard completed
01:02:53.353 [main] DEBUG com.codeborne.selenide.impl.Plugins - Using default implementation of com.codeborne.selenide.ex.ErrorFormatter: com.codeborne.selenide.ex.SelenideErrorFormatter
01:02:58.677 [Thread-3] INFO  c.c.s.d.DisposablesRegistry - Run cleanup: size=1
01:02:58.679 [Thread-3] INFO  c.codeborne.selenide.impl.FileHelper - Deleted empty folder: C:\Users\Kultigin_Uludag\AppData\Local\Temp\3db292df-304f-451b-a5ae-b4b262abb085_Ex_Files_Adv_Selenium_GUI.zip.085\Ex_Files_Adv_Selenium_GUI\selenideFramework\build\downloads\1717279340914_15288_1
01:02:58.680 [Thread-3] INFO  c.c.s.d.CloseDriverCommand - Close webdriver: 61 -> ChromeDriver: chrome on windows (9e6556a9fd1ea64f8fe66904ee580886)...
01:02:58.932 [Thread-3] INFO  c.c.s.d.CloseDriverCommand - Closed webdriver 61 in 252 ms
01:02:58.932 [Thread-3] INFO  c.c.s.d.DisposablesRegistry - Finished cleanup
01:09:46.855 [main] DEBUG org.testng.TestNG - suiteXmlPath: "C:\Users\Kultigin_Uludag\AppData\Local\JetBrains\IdeaIC2023.3\temp-testng-customsuite.xml"
01:09:47.072 [main] INFO  org.testng.internal.Utils - [TestNG] Running:
  C:\Users\Kultigin_Uludag\AppData\Local\JetBrains\IdeaIC2023.3\temp-testng-customsuite.xml

01:09:47.086 [main] INFO  Utilities.Driver - Setup configured
01:09:47.090 [main] DEBUG c.c.selenide.impl.CiReportUrl - Variable selenide.reportsUrl not found
01:09:47.091 [main] INFO  Utilities.Driver - Browse set to :chrome
01:09:47.092 [main] INFO  Utilities.Driver - Screenshot set to : true
01:09:47.111 [main] DEBUG com.codeborne.selenide.impl.Plugins - Using default implementation of com.codeborne.selenide.impl.Photographer: com.codeborne.selenide.impl.WebdriverPhotographer
01:09:47.113 [main] DEBUG com.codeborne.selenide.impl.Plugins - Using default implementation of com.codeborne.selenide.impl.PageSourceExtractor: com.codeborne.selenide.impl.WebPageSourceExtractor
01:09:47.116 [main] DEBUG com.codeborne.selenide.impl.Plugins - Using default implementation of com.codeborne.selenide.impl.PageObjectFactory: com.codeborne.selenide.impl.SelenidePageFactory
01:09:47.119 [main] INFO  c.c.s.i.WebDriverThreadLocalContainer - No webdriver is bound to current thread: 1 - let's create a new webdriver
01:09:47.134 [main] DEBUG c.c.s.d.CreateDriverCommand - Creating webdriver in thread 1 (ip: 192.168.1.173, host: EPTRANKW0068)...
01:09:47.144 [main] INFO  c.codeborne.selenide.impl.FileHelper - Creating folder: C:\Users\Kultigin_Uludag\AppData\Local\Temp\3db292df-304f-451b-a5ae-b4b262abb085_Ex_Files_Adv_Selenium_GUI.zip.085\Ex_Files_Adv_Selenium_GUI\selenideFramework\build\downloads\1717279787134_66224_1
01:09:47.145 [main] DEBUG c.c.s.webdriver.WebDriverFactory - browser=chrome
01:09:47.145 [main] DEBUG c.c.s.webdriver.WebDriverFactory - browser.version=null
01:09:47.145 [main] DEBUG c.c.s.webdriver.WebDriverFactory - remote=null
01:09:47.145 [main] DEBUG c.c.s.webdriver.WebDriverFactory - browserSize=1366x768
01:09:47.145 [main] DEBUG c.c.s.webdriver.WebDriverFactory - downloadsFolder=C:\Users\Kultigin_Uludag\AppData\Local\Temp\3db292df-304f-451b-a5ae-b4b262abb085_Ex_Files_Adv_Selenium_GUI.zip.085\Ex_Files_Adv_Selenium_GUI\selenideFramework\build\downloads\1717279787134_66224_1
01:09:47.162 [main] DEBUG c.c.s.w.AbstractChromiumDriverFactory - Using chromium preferences: {credentials_enable_service=false, safebrowsing.enabled=true, plugins.always_open_pdf_externally=true, profile.default_content_setting_values.automatic_downloads=1, profile.password_manager_enabled=false, profile.password_manager_leak_detection=false, download.default_directory=C:\Users\Kultigin_Uludag\AppData\Local\Temp\3db292df-304f-451b-a5ae-b4b262abb085_Ex_Files_Adv_Selenium_GUI.zip.085\Ex_Files_Adv_Selenium_GUI\selenideFramework\build\downloads\1717279787134_66224_1}
01:09:47.163 [main] DEBUG c.c.s.webdriver.ChromeDriverFactory - Chrome options: Capabilities {acceptInsecureCerts: true, browserName: chrome, goog:chromeOptions: {args: [--proxy-bypass-list=<-loopb..., --disable-dev-shm-usage, --window-size=1366,768], excludeSwitches: [enable-automation, load-extension], extensions: [], prefs: {credentials_enable_service: false, download.default_directory: C:\Users\Kultigin_Uludag\Ap..., plugins.always_open_pdf_externally: true, profile.default_content_setting_values.automatic_downloads: 1, profile.password_manager_enabled: false, profile.password_manager_leak_detection: false, safebrowsing.enabled: true}}, pageLoadStrategy: normal, unhandledPromptBehavior: accept}
01:09:48.655 [main] INFO  c.c.s.webdriver.WebDriverFactory - BrowserName=chrome Version=125.0.6422.142 Platform=windows
01:09:48.655 [main] INFO  c.c.s.webdriver.WebDriverFactory - Selenide v. 7.3.1
01:09:48.655 [main] INFO  c.c.s.webdriver.WebDriverFactory - Selenium WebDriver v. 4.20.0 build revision: 866c76ca80
01:09:48.655 [main] INFO  c.c.s.d.CreateDriverCommand - Created webdriver in thread 1: ChromeDriver -> ChromeDriver: chrome on windows (3b16dfc784e66c2ccac148e53685a036), downloadsFolder: C:\Users\Kultigin_Uludag\AppData\Local\Temp\3db292df-304f-451b-a5ae-b4b262abb085_Ex_Files_Adv_Selenium_GUI.zip.085\Ex_Files_Adv_Selenium_GUI\selenideFramework\build\downloads\1717279787134_66224_1
01:09:48.656 [main] INFO  c.c.s.d.DisposablesRegistry - Register WebDriverInstance[config=StaticConfig, webDriver=ChromeDriver: chrome on windows (3b16dfc784e66c2ccac148e53685a036), proxy=null, downloadsFolder=C:\Users\Kultigin_Uludag\AppData\Local\Temp\3db292df-304f-451b-a5ae-b4b262abb085_Ex_Files_Adv_Selenium_GUI.zip.085\Ex_Files_Adv_Selenium_GUI\selenideFramework\build\downloads\1717279787134_66224_1] in 1 [size=1]
01:09:48.663 [main] INFO  c.c.s.d.DisposablesRegistry - Add shutdown hook in 1 [size=1]
01:09:52.004 [main] DEBUG com.codeborne.selenide.impl.Plugins - Using default implementation of com.codeborne.selenide.impl.WebElementSelector: com.codeborne.selenide.impl.WebElementSelector
01:09:52.010 [main] DEBUG com.codeborne.selenide.impl.Plugins - Using default implementation of com.codeborne.selenide.impl.ElementDescriber: com.codeborne.selenide.impl.SelenideElementDescriber
01:09:52.080 [main] DEBUG com.codeborne.selenide.impl.Plugins - Using default implementation of com.codeborne.selenide.commands.Clear: com.codeborne.selenide.commands.Clear
01:09:52.120 [main] DEBUG com.codeborne.selenide.impl.Plugins - Using default implementation of com.codeborne.selenide.impl.DownloadFileToFolder: com.codeborne.selenide.impl.DownloadFileToFolder
01:09:52.125 [main] DEBUG com.codeborne.selenide.impl.Plugins - Using default implementation of com.codeborne.selenide.impl.DownloadFileWithCdp: com.codeborne.selenide.impl.DownloadFileWithCdp
01:09:52.134 [main] DEBUG com.codeborne.selenide.impl.Plugins - Using default implementation of com.codeborne.selenide.commands.Commands: com.codeborne.selenide.commands.Commands
01:10:22.314 [main] DEBUG com.codeborne.selenide.impl.Plugins - Using default implementation of com.codeborne.selenide.ex.ErrorFormatter: com.codeborne.selenide.ex.SelenideErrorFormatter
01:10:22.989 [main] INFO  testRunnerPages.ImplementSelenide - Adding dashboard completed
01:10:29.897 [Thread-3] INFO  c.c.s.d.DisposablesRegistry - Run cleanup: size=1
01:10:29.905 [Thread-3] INFO  c.codeborne.selenide.impl.FileHelper - Deleted empty folder: C:\Users\Kultigin_Uludag\AppData\Local\Temp\3db292df-304f-451b-a5ae-b4b262abb085_Ex_Files_Adv_Selenium_GUI.zip.085\Ex_Files_Adv_Selenium_GUI\selenideFramework\build\downloads\1717279787134_66224_1
01:10:29.906 [Thread-3] INFO  c.c.s.d.CloseDriverCommand - Close webdriver: 61 -> ChromeDriver: chrome on windows (3b16dfc784e66c2ccac148e53685a036)...
01:10:30.211 [Thread-3] INFO  c.c.s.d.CloseDriverCommand - Closed webdriver 61 in 305 ms
01:10:30.211 [Thread-3] INFO  c.c.s.d.DisposablesRegistry - Finished cleanup
01:16:24.205 [main] DEBUG org.testng.TestNG - suiteXmlPath: "C:\Users\Kultigin_Uludag\AppData\Local\JetBrains\IdeaIC2023.3\temp-testng-customsuite.xml"
01:16:24.418 [main] INFO  org.testng.internal.Utils - [TestNG] Running:
  C:\Users\Kultigin_Uludag\AppData\Local\JetBrains\IdeaIC2023.3\temp-testng-customsuite.xml

01:16:24.433 [main] INFO  Utilities.Driver - Setup configured
01:16:24.437 [main] DEBUG c.c.selenide.impl.CiReportUrl - Variable selenide.reportsUrl not found
01:16:24.438 [main] INFO  Utilities.Driver - Browse set to :chrome
01:16:24.439 [main] INFO  Utilities.Driver - Screenshot set to : true
01:16:24.456 [main] DEBUG com.codeborne.selenide.impl.Plugins - Using default implementation of com.codeborne.selenide.impl.Photographer: com.codeborne.selenide.impl.WebdriverPhotographer
01:16:24.458 [main] DEBUG com.codeborne.selenide.impl.Plugins - Using default implementation of com.codeborne.selenide.impl.PageSourceExtractor: com.codeborne.selenide.impl.WebPageSourceExtractor
01:16:24.462 [main] DEBUG com.codeborne.selenide.impl.Plugins - Using default implementation of com.codeborne.selenide.impl.PageObjectFactory: com.codeborne.selenide.impl.SelenidePageFactory
01:16:24.465 [main] INFO  c.c.s.i.WebDriverThreadLocalContainer - No webdriver is bound to current thread: 1 - let's create a new webdriver
01:16:24.480 [main] DEBUG c.c.s.d.CreateDriverCommand - Creating webdriver in thread 1 (ip: 192.168.1.173, host: EPTRANKW0068)...
01:16:24.489 [main] INFO  c.codeborne.selenide.impl.FileHelper - Creating folder: C:\Users\Kultigin_Uludag\AppData\Local\Temp\3db292df-304f-451b-a5ae-b4b262abb085_Ex_Files_Adv_Selenium_GUI.zip.085\Ex_Files_Adv_Selenium_GUI\selenideFramework\build\downloads\1717280184480_78828_1
01:16:24.490 [main] DEBUG c.c.s.webdriver.WebDriverFactory - browser=chrome
01:16:24.490 [main] DEBUG c.c.s.webdriver.WebDriverFactory - browser.version=null
01:16:24.490 [main] DEBUG c.c.s.webdriver.WebDriverFactory - remote=null
01:16:24.490 [main] DEBUG c.c.s.webdriver.WebDriverFactory - browserSize=1366x768
01:16:24.490 [main] DEBUG c.c.s.webdriver.WebDriverFactory - downloadsFolder=C:\Users\Kultigin_Uludag\AppData\Local\Temp\3db292df-304f-451b-a5ae-b4b262abb085_Ex_Files_Adv_Selenium_GUI.zip.085\Ex_Files_Adv_Selenium_GUI\selenideFramework\build\downloads\1717280184480_78828_1
01:16:24.508 [main] DEBUG c.c.s.w.AbstractChromiumDriverFactory - Using chromium preferences: {credentials_enable_service=false, safebrowsing.enabled=true, plugins.always_open_pdf_externally=true, profile.default_content_setting_values.automatic_downloads=1, profile.password_manager_enabled=false, profile.password_manager_leak_detection=false, download.default_directory=C:\Users\Kultigin_Uludag\AppData\Local\Temp\3db292df-304f-451b-a5ae-b4b262abb085_Ex_Files_Adv_Selenium_GUI.zip.085\Ex_Files_Adv_Selenium_GUI\selenideFramework\build\downloads\1717280184480_78828_1}
01:16:24.508 [main] DEBUG c.c.s.webdriver.ChromeDriverFactory - Chrome options: Capabilities {acceptInsecureCerts: true, browserName: chrome, goog:chromeOptions: {args: [--proxy-bypass-list=<-loopb..., --disable-dev-shm-usage, --window-size=1366,768], excludeSwitches: [enable-automation, load-extension], extensions: [], prefs: {credentials_enable_service: false, download.default_directory: C:\Users\Kultigin_Uludag\Ap..., plugins.always_open_pdf_externally: true, profile.default_content_setting_values.automatic_downloads: 1, profile.password_manager_enabled: false, profile.password_manager_leak_detection: false, safebrowsing.enabled: true}}, pageLoadStrategy: normal, unhandledPromptBehavior: accept}
01:16:25.940 [main] INFO  c.c.s.webdriver.WebDriverFactory - BrowserName=chrome Version=125.0.6422.142 Platform=windows
01:16:25.941 [main] INFO  c.c.s.webdriver.WebDriverFactory - Selenide v. 7.3.1
01:16:25.941 [main] INFO  c.c.s.webdriver.WebDriverFactory - Selenium WebDriver v. 4.20.0 build revision: 866c76ca80
01:16:25.941 [main] INFO  c.c.s.d.CreateDriverCommand - Created webdriver in thread 1: ChromeDriver -> ChromeDriver: chrome on windows (68da3bf58e2b2ea241ae82d691fa1a4f), downloadsFolder: C:\Users\Kultigin_Uludag\AppData\Local\Temp\3db292df-304f-451b-a5ae-b4b262abb085_Ex_Files_Adv_Selenium_GUI.zip.085\Ex_Files_Adv_Selenium_GUI\selenideFramework\build\downloads\1717280184480_78828_1
01:16:25.942 [main] INFO  c.c.s.d.DisposablesRegistry - Register WebDriverInstance[config=StaticConfig, webDriver=ChromeDriver: chrome on windows (68da3bf58e2b2ea241ae82d691fa1a4f), proxy=null, downloadsFolder=C:\Users\Kultigin_Uludag\AppData\Local\Temp\3db292df-304f-451b-a5ae-b4b262abb085_Ex_Files_Adv_Selenium_GUI.zip.085\Ex_Files_Adv_Selenium_GUI\selenideFramework\build\downloads\1717280184480_78828_1] in 1 [size=1]
01:16:25.948 [main] INFO  c.c.s.d.DisposablesRegistry - Add shutdown hook in 1 [size=1]
01:16:29.168 [main] DEBUG com.codeborne.selenide.impl.Plugins - Using default implementation of com.codeborne.selenide.impl.WebElementSelector: com.codeborne.selenide.impl.WebElementSelector
01:16:29.172 [main] DEBUG com.codeborne.selenide.impl.Plugins - Using default implementation of com.codeborne.selenide.impl.ElementDescriber: com.codeborne.selenide.impl.SelenideElementDescriber
01:16:29.220 [main] DEBUG com.codeborne.selenide.impl.Plugins - Using default implementation of com.codeborne.selenide.commands.Clear: com.codeborne.selenide.commands.Clear
01:16:29.244 [main] DEBUG com.codeborne.selenide.impl.Plugins - Using default implementation of com.codeborne.selenide.impl.DownloadFileToFolder: com.codeborne.selenide.impl.DownloadFileToFolder
01:16:29.249 [main] DEBUG com.codeborne.selenide.impl.Plugins - Using default implementation of com.codeborne.selenide.impl.DownloadFileWithCdp: com.codeborne.selenide.impl.DownloadFileWithCdp
01:16:29.251 [main] DEBUG com.codeborne.selenide.impl.Plugins - Using default implementation of com.codeborne.selenide.commands.Commands: com.codeborne.selenide.commands.Commands
01:16:56.716 [main] DEBUG com.codeborne.selenide.impl.Plugins - Using default implementation of com.codeborne.selenide.ex.ErrorFormatter: com.codeborne.selenide.ex.SelenideErrorFormatter
01:16:57.395 [main] INFO  testRunnerPages.ImplementSelenide - Adding dashboard completed
01:17:07.537 [Thread-3] INFO  c.c.s.d.DisposablesRegistry - Run cleanup: size=1
01:17:07.538 [Thread-3] INFO  c.codeborne.selenide.impl.FileHelper - Deleted empty folder: C:\Users\Kultigin_Uludag\AppData\Local\Temp\3db292df-304f-451b-a5ae-b4b262abb085_Ex_Files_Adv_Selenium_GUI.zip.085\Ex_Files_Adv_Selenium_GUI\selenideFramework\build\downloads\1717280184480_78828_1
01:17:07.539 [Thread-3] INFO  c.c.s.d.CloseDriverCommand - Close webdriver: 62 -> ChromeDriver: chrome on windows (68da3bf58e2b2ea241ae82d691fa1a4f)...
01:17:07.773 [Thread-3] INFO  c.c.s.d.CloseDriverCommand - Closed webdriver 62 in 234 ms
01:17:07.773 [Thread-3] INFO  c.c.s.d.DisposablesRegistry - Finished cleanup
01:20:01.522 [main] DEBUG org.testng.TestNG - suiteXmlPath: "C:\Users\Kultigin_Uludag\AppData\Local\JetBrains\IdeaIC2023.3\temp-testng-customsuite.xml"
01:20:01.748 [main] INFO  org.testng.internal.Utils - [TestNG] Running:
  C:\Users\Kultigin_Uludag\AppData\Local\JetBrains\IdeaIC2023.3\temp-testng-customsuite.xml

01:20:01.764 [main] INFO  Utilities.Driver - Setup configured
01:20:01.768 [main] DEBUG c.c.selenide.impl.CiReportUrl - Variable selenide.reportsUrl not found
01:20:01.770 [main] INFO  Utilities.Driver - Browse set to :chrome
01:20:01.770 [main] INFO  Utilities.Driver - Screenshot set to : true
01:20:01.790 [main] DEBUG com.codeborne.selenide.impl.Plugins - Using default implementation of com.codeborne.selenide.impl.Photographer: com.codeborne.selenide.impl.WebdriverPhotographer
01:20:01.792 [main] DEBUG com.codeborne.selenide.impl.Plugins - Using default implementation of com.codeborne.selenide.impl.PageSourceExtractor: com.codeborne.selenide.impl.WebPageSourceExtractor
01:20:01.795 [main] DEBUG com.codeborne.selenide.impl.Plugins - Using default implementation of com.codeborne.selenide.impl.PageObjectFactory: com.codeborne.selenide.impl.SelenidePageFactory
01:20:01.799 [main] INFO  c.c.s.i.WebDriverThreadLocalContainer - No webdriver is bound to current thread: 1 - let's create a new webdriver
01:20:01.814 [main] DEBUG c.c.s.d.CreateDriverCommand - Creating webdriver in thread 1 (ip: 192.168.1.173, host: EPTRANKW0068)...
01:20:01.825 [main] INFO  c.codeborne.selenide.impl.FileHelper - Creating folder: C:\Users\Kultigin_Uludag\AppData\Local\Temp\3db292df-304f-451b-a5ae-b4b262abb085_Ex_Files_Adv_Selenium_GUI.zip.085\Ex_Files_Adv_Selenium_GUI\selenideFramework\build\downloads\1717280401815_77652_1
01:20:01.827 [main] DEBUG c.c.s.webdriver.WebDriverFactory - browser=chrome
01:20:01.827 [main] DEBUG c.c.s.webdriver.WebDriverFactory - browser.version=null
01:20:01.827 [main] DEBUG c.c.s.webdriver.WebDriverFactory - remote=null
01:20:01.827 [main] DEBUG c.c.s.webdriver.WebDriverFactory - browserSize=1366x768
01:20:01.827 [main] DEBUG c.c.s.webdriver.WebDriverFactory - downloadsFolder=C:\Users\Kultigin_Uludag\AppData\Local\Temp\3db292df-304f-451b-a5ae-b4b262abb085_Ex_Files_Adv_Selenium_GUI.zip.085\Ex_Files_Adv_Selenium_GUI\selenideFramework\build\downloads\1717280401815_77652_1
01:20:01.845 [main] DEBUG c.c.s.w.AbstractChromiumDriverFactory - Using chromium preferences: {credentials_enable_service=false, safebrowsing.enabled=true, plugins.always_open_pdf_externally=true, profile.default_content_setting_values.automatic_downloads=1, profile.password_manager_enabled=false, profile.password_manager_leak_detection=false, download.default_directory=C:\Users\Kultigin_Uludag\AppData\Local\Temp\3db292df-304f-451b-a5ae-b4b262abb085_Ex_Files_Adv_Selenium_GUI.zip.085\Ex_Files_Adv_Selenium_GUI\selenideFramework\build\downloads\1717280401815_77652_1}
01:20:01.845 [main] DEBUG c.c.s.webdriver.ChromeDriverFactory - Chrome options: Capabilities {acceptInsecureCerts: true, browserName: chrome, goog:chromeOptions: {args: [--proxy-bypass-list=<-loopb..., --disable-dev-shm-usage, --window-size=1366,768], excludeSwitches: [enable-automation, load-extension], extensions: [], prefs: {credentials_enable_service: false, download.default_directory: C:\Users\Kultigin_Uludag\Ap..., plugins.always_open_pdf_externally: true, profile.default_content_setting_values.automatic_downloads: 1, profile.password_manager_enabled: false, profile.password_manager_leak_detection: false, safebrowsing.enabled: true}}, pageLoadStrategy: normal, unhandledPromptBehavior: accept}
01:20:13.376 [main] DEBUG org.testng.TestNG - suiteXmlPath: "C:\Users\Kultigin_Uludag\AppData\Local\JetBrains\IdeaIC2023.3\temp-testng-customsuite.xml"
01:20:13.585 [main] INFO  org.testng.internal.Utils - [TestNG] Running:
  C:\Users\Kultigin_Uludag\AppData\Local\JetBrains\IdeaIC2023.3\temp-testng-customsuite.xml

01:20:13.601 [main] INFO  Utilities.Driver - Setup configured
01:20:13.605 [main] DEBUG c.c.selenide.impl.CiReportUrl - Variable selenide.reportsUrl not found
01:20:13.607 [main] INFO  Utilities.Driver - Browse set to :chrome
01:20:13.607 [main] INFO  Utilities.Driver - Screenshot set to : true
01:20:13.630 [main] DEBUG com.codeborne.selenide.impl.Plugins - Using default implementation of com.codeborne.selenide.impl.Photographer: com.codeborne.selenide.impl.WebdriverPhotographer
01:20:13.631 [main] DEBUG com.codeborne.selenide.impl.Plugins - Using default implementation of com.codeborne.selenide.impl.PageSourceExtractor: com.codeborne.selenide.impl.WebPageSourceExtractor
01:20:13.634 [main] DEBUG com.codeborne.selenide.impl.Plugins - Using default implementation of com.codeborne.selenide.impl.PageObjectFactory: com.codeborne.selenide.impl.SelenidePageFactory
01:20:13.638 [main] INFO  c.c.s.i.WebDriverThreadLocalContainer - No webdriver is bound to current thread: 1 - let's create a new webdriver
01:20:13.654 [main] DEBUG c.c.s.d.CreateDriverCommand - Creating webdriver in thread 1 (ip: 192.168.1.173, host: EPTRANKW0068)...
01:20:13.668 [main] INFO  c.codeborne.selenide.impl.FileHelper - Creating folder: C:\Users\Kultigin_Uludag\AppData\Local\Temp\3db292df-304f-451b-a5ae-b4b262abb085_Ex_Files_Adv_Selenium_GUI.zip.085\Ex_Files_Adv_Selenium_GUI\selenideFramework\build\downloads\1717280413654_48564_1
01:20:13.670 [main] DEBUG c.c.s.webdriver.WebDriverFactory - browser=chrome
01:20:13.670 [main] DEBUG c.c.s.webdriver.WebDriverFactory - browser.version=null
01:20:13.670 [main] DEBUG c.c.s.webdriver.WebDriverFactory - remote=null
01:20:13.670 [main] DEBUG c.c.s.webdriver.WebDriverFactory - browserSize=1366x768
01:20:13.670 [main] DEBUG c.c.s.webdriver.WebDriverFactory - downloadsFolder=C:\Users\Kultigin_Uludag\AppData\Local\Temp\3db292df-304f-451b-a5ae-b4b262abb085_Ex_Files_Adv_Selenium_GUI.zip.085\Ex_Files_Adv_Selenium_GUI\selenideFramework\build\downloads\1717280413654_48564_1
01:20:13.687 [main] DEBUG c.c.s.w.AbstractChromiumDriverFactory - Using chromium preferences: {credentials_enable_service=false, safebrowsing.enabled=true, plugins.always_open_pdf_externally=true, profile.default_content_setting_values.automatic_downloads=1, profile.password_manager_enabled=false, profile.password_manager_leak_detection=false, download.default_directory=C:\Users\Kultigin_Uludag\AppData\Local\Temp\3db292df-304f-451b-a5ae-b4b262abb085_Ex_Files_Adv_Selenium_GUI.zip.085\Ex_Files_Adv_Selenium_GUI\selenideFramework\build\downloads\1717280413654_48564_1}
01:20:13.687 [main] DEBUG c.c.s.webdriver.ChromeDriverFactory - Chrome options: Capabilities {acceptInsecureCerts: true, browserName: chrome, goog:chromeOptions: {args: [--proxy-bypass-list=<-loopb..., --disable-dev-shm-usage, --window-size=1366,768], excludeSwitches: [enable-automation, load-extension], extensions: [], prefs: {credentials_enable_service: false, download.default_directory: C:\Users\Kultigin_Uludag\Ap..., plugins.always_open_pdf_externally: true, profile.default_content_setting_values.automatic_downloads: 1, profile.password_manager_enabled: false, profile.password_manager_leak_detection: false, safebrowsing.enabled: true}}, pageLoadStrategy: normal, unhandledPromptBehavior: accept}
01:20:15.106 [main] INFO  c.c.s.webdriver.WebDriverFactory - BrowserName=chrome Version=125.0.6422.142 Platform=windows
01:20:15.107 [main] INFO  c.c.s.webdriver.WebDriverFactory - Selenide v. 7.3.1
01:20:15.107 [main] INFO  c.c.s.webdriver.WebDriverFactory - Selenium WebDriver v. 4.20.0 build revision: 866c76ca80
01:20:15.107 [main] INFO  c.c.s.d.CreateDriverCommand - Created webdriver in thread 1: ChromeDriver -> ChromeDriver: chrome on windows (d08710ef909c06756f0a61087884fdd3), downloadsFolder: C:\Users\Kultigin_Uludag\AppData\Local\Temp\3db292df-304f-451b-a5ae-b4b262abb085_Ex_Files_Adv_Selenium_GUI.zip.085\Ex_Files_Adv_Selenium_GUI\selenideFramework\build\downloads\1717280413654_48564_1
01:20:15.108 [main] INFO  c.c.s.d.DisposablesRegistry - Register WebDriverInstance[config=StaticConfig, webDriver=ChromeDriver: chrome on windows (d08710ef909c06756f0a61087884fdd3), proxy=null, downloadsFolder=C:\Users\Kultigin_Uludag\AppData\Local\Temp\3db292df-304f-451b-a5ae-b4b262abb085_Ex_Files_Adv_Selenium_GUI.zip.085\Ex_Files_Adv_Selenium_GUI\selenideFramework\build\downloads\1717280413654_48564_1] in 1 [size=1]
01:20:15.116 [main] INFO  c.c.s.d.DisposablesRegistry - Add shutdown hook in 1 [size=1]
01:20:18.081 [main] DEBUG com.codeborne.selenide.impl.Plugins - Using default implementation of com.codeborne.selenide.impl.WebElementSelector: com.codeborne.selenide.impl.WebElementSelector
01:20:18.085 [main] DEBUG com.codeborne.selenide.impl.Plugins - Using default implementation of com.codeborne.selenide.impl.ElementDescriber: com.codeborne.selenide.impl.SelenideElementDescriber
01:20:18.120 [main] DEBUG com.codeborne.selenide.impl.Plugins - Using default implementation of com.codeborne.selenide.commands.Clear: com.codeborne.selenide.commands.Clear
01:20:18.138 [main] DEBUG com.codeborne.selenide.impl.Plugins - Using default implementation of com.codeborne.selenide.impl.DownloadFileToFolder: com.codeborne.selenide.impl.DownloadFileToFolder
01:20:18.140 [main] DEBUG com.codeborne.selenide.impl.Plugins - Using default implementation of com.codeborne.selenide.impl.DownloadFileWithCdp: com.codeborne.selenide.impl.DownloadFileWithCdp
01:20:18.144 [main] DEBUG com.codeborne.selenide.impl.Plugins - Using default implementation of com.codeborne.selenide.commands.Commands: com.codeborne.selenide.commands.Commands
01:20:43.333 [main] INFO  testRunnerPages.ImplementSelenide - Adding dashboard completed
01:20:48.199 [main] DEBUG com.codeborne.selenide.impl.Plugins - Using default implementation of com.codeborne.selenide.ex.ErrorFormatter: com.codeborne.selenide.ex.SelenideErrorFormatter
01:20:50.422 [Thread-3] INFO  c.c.s.d.DisposablesRegistry - Run cleanup: size=1
01:20:50.423 [Thread-3] INFO  c.codeborne.selenide.impl.FileHelper - Deleted empty folder: C:\Users\Kultigin_Uludag\AppData\Local\Temp\3db292df-304f-451b-a5ae-b4b262abb085_Ex_Files_Adv_Selenium_GUI.zip.085\Ex_Files_Adv_Selenium_GUI\selenideFramework\build\downloads\1717280413654_48564_1
01:20:50.423 [Thread-3] INFO  c.c.s.d.CloseDriverCommand - Close webdriver: 63 -> ChromeDriver: chrome on windows (d08710ef909c06756f0a61087884fdd3)...
01:20:50.701 [Thread-3] INFO  c.c.s.d.CloseDriverCommand - Closed webdriver 63 in 277 ms
01:20:50.701 [Thread-3] INFO  c.c.s.d.DisposablesRegistry - Finished cleanup
01:27:40.952 [main] DEBUG org.testng.TestNG - suiteXmlPath: "C:\Users\Kultigin_Uludag\AppData\Local\Temp\3db292df-304f-451b-a5ae-b4b262abb085_Ex_Files_Adv_Selenium_GUI.zip.085\Ex_Files_Adv_Selenium_GUI\selenideFramework\src\test\resources\testng.xml"
01:27:41.187 [main] INFO  org.testng.internal.Utils - [TestNG] Running:
  C:\Users\Kultigin_Uludag\AppData\Local\Temp\3db292df-304f-451b-a5ae-b4b262abb085_Ex_Files_Adv_Selenium_GUI.zip.085\Ex_Files_Adv_Selenium_GUI\selenideFramework\src\test\resources\testng.xml

01:27:41.201 [main] INFO  testRunnerPages.ImplementSelenide - Setup configured
01:27:41.205 [main] DEBUG c.c.selenide.impl.CiReportUrl - Variable selenide.reportsUrl not found
01:27:41.223 [main] DEBUG com.codeborne.selenide.impl.Plugins - Using default implementation of com.codeborne.selenide.impl.Photographer: com.codeborne.selenide.impl.WebdriverPhotographer
01:27:41.224 [main] DEBUG com.codeborne.selenide.impl.Plugins - Using default implementation of com.codeborne.selenide.impl.PageSourceExtractor: com.codeborne.selenide.impl.WebPageSourceExtractor
01:27:41.227 [main] DEBUG com.codeborne.selenide.impl.Plugins - Using default implementation of com.codeborne.selenide.impl.PageObjectFactory: com.codeborne.selenide.impl.SelenidePageFactory
01:27:41.231 [main] INFO  c.c.s.i.WebDriverThreadLocalContainer - No webdriver is bound to current thread: 1 - let's create a new webdriver
01:27:41.245 [main] DEBUG c.c.s.d.CreateDriverCommand - Creating webdriver in thread 1 (ip: 192.168.1.173, host: EPTRANKW0068)...
01:27:41.256 [main] INFO  c.codeborne.selenide.impl.FileHelper - Creating folder: C:\Users\Kultigin_Uludag\AppData\Local\Temp\3db292df-304f-451b-a5ae-b4b262abb085_Ex_Files_Adv_Selenium_GUI.zip.085\Ex_Files_Adv_Selenium_GUI\selenideFramework\build\downloads\1717280861246_12440_1
01:27:41.258 [main] DEBUG c.c.s.webdriver.WebDriverFactory - browser=chrome
01:27:41.258 [main] DEBUG c.c.s.webdriver.WebDriverFactory - browser.version=null
01:27:41.258 [main] DEBUG c.c.s.webdriver.WebDriverFactory - remote=null
01:27:41.258 [main] DEBUG c.c.s.webdriver.WebDriverFactory - browserSize=1366x768
01:27:41.258 [main] DEBUG c.c.s.webdriver.WebDriverFactory - downloadsFolder=C:\Users\Kultigin_Uludag\AppData\Local\Temp\3db292df-304f-451b-a5ae-b4b262abb085_Ex_Files_Adv_Selenium_GUI.zip.085\Ex_Files_Adv_Selenium_GUI\selenideFramework\build\downloads\1717280861246_12440_1
01:27:41.274 [main] DEBUG c.c.s.w.AbstractChromiumDriverFactory - Using chromium preferences: {credentials_enable_service=false, safebrowsing.enabled=true, plugins.always_open_pdf_externally=true, profile.default_content_setting_values.automatic_downloads=1, profile.password_manager_enabled=false, profile.password_manager_leak_detection=false, download.default_directory=C:\Users\Kultigin_Uludag\AppData\Local\Temp\3db292df-304f-451b-a5ae-b4b262abb085_Ex_Files_Adv_Selenium_GUI.zip.085\Ex_Files_Adv_Selenium_GUI\selenideFramework\build\downloads\1717280861246_12440_1}
01:27:41.274 [main] DEBUG c.c.s.webdriver.ChromeDriverFactory - Chrome options: Capabilities {acceptInsecureCerts: true, browserName: chrome, goog:chromeOptions: {args: [--proxy-bypass-list=<-loopb..., --disable-dev-shm-usage, --window-size=1366,768], excludeSwitches: [enable-automation, load-extension], extensions: [], prefs: {credentials_enable_service: false, download.default_directory: C:\Users\Kultigin_Uludag\Ap..., plugins.always_open_pdf_externally: true, profile.default_content_setting_values.automatic_downloads: 1, profile.password_manager_enabled: false, profile.password_manager_leak_detection: false, safebrowsing.enabled: true}}, pageLoadStrategy: normal, unhandledPromptBehavior: accept}
01:27:42.698 [main] INFO  c.c.s.webdriver.WebDriverFactory - BrowserName=chrome Version=125.0.6422.142 Platform=windows
01:27:42.698 [main] INFO  c.c.s.webdriver.WebDriverFactory - Selenide v. 7.3.1
01:27:42.698 [main] INFO  c.c.s.webdriver.WebDriverFactory - Selenium WebDriver v. 4.20.0 build revision: 866c76ca80
01:27:42.698 [main] INFO  c.c.s.d.CreateDriverCommand - Created webdriver in thread 1: ChromeDriver -> ChromeDriver: chrome on windows (bb4f9d02917b95082dc167da5e077e52), downloadsFolder: C:\Users\Kultigin_Uludag\AppData\Local\Temp\3db292df-304f-451b-a5ae-b4b262abb085_Ex_Files_Adv_Selenium_GUI.zip.085\Ex_Files_Adv_Selenium_GUI\selenideFramework\build\downloads\1717280861246_12440_1
01:27:42.699 [main] INFO  c.c.s.d.DisposablesRegistry - Register WebDriverInstance[config=StaticConfig, webDriver=ChromeDriver: chrome on windows (bb4f9d02917b95082dc167da5e077e52), proxy=null, downloadsFolder=C:\Users\Kultigin_Uludag\AppData\Local\Temp\3db292df-304f-451b-a5ae-b4b262abb085_Ex_Files_Adv_Selenium_GUI.zip.085\Ex_Files_Adv_Selenium_GUI\selenideFramework\build\downloads\1717280861246_12440_1] in 1 [size=1]
01:27:42.707 [main] INFO  c.c.s.d.DisposablesRegistry - Add shutdown hook in 1 [size=1]
01:27:46.865 [main] DEBUG com.codeborne.selenide.impl.Plugins - Using default implementation of com.codeborne.selenide.impl.WebElementSelector: com.codeborne.selenide.impl.WebElementSelector
01:27:46.868 [main] DEBUG com.codeborne.selenide.impl.Plugins - Using default implementation of com.codeborne.selenide.impl.ElementDescriber: com.codeborne.selenide.impl.SelenideElementDescriber
01:27:46.907 [main] DEBUG com.codeborne.selenide.impl.Plugins - Using default implementation of com.codeborne.selenide.commands.Clear: com.codeborne.selenide.commands.Clear
01:27:46.929 [main] DEBUG com.codeborne.selenide.impl.Plugins - Using default implementation of com.codeborne.selenide.impl.DownloadFileToFolder: com.codeborne.selenide.impl.DownloadFileToFolder
01:27:46.930 [main] DEBUG com.codeborne.selenide.impl.Plugins - Using default implementation of com.codeborne.selenide.impl.DownloadFileWithCdp: com.codeborne.selenide.impl.DownloadFileWithCdp
01:27:46.934 [main] DEBUG com.codeborne.selenide.impl.Plugins - Using default implementation of com.codeborne.selenide.commands.Commands: com.codeborne.selenide.commands.Commands
01:28:10.674 [main] INFO  Utilities.Driver - Setup configured
01:28:10.675 [main] INFO  Utilities.Driver - Browse set to :chrome
01:28:10.675 [main] INFO  Utilities.Driver - Screenshot set to : true
01:28:27.259 [main] INFO  testRunnerPages.ImplementSelenide - Adding new DAshboard Start
01:28:40.231 [main] INFO  testRunnerPages.ImplementSelenide - Adding dashboard completed
01:28:40.237 [main] INFO  testRunnerPages.ImplementSelenide - Scroll with Js and click the element by JS used clickWithJS method used
01:28:44.356 [main] DEBUG com.codeborne.selenide.impl.Plugins - Using default implementation of com.codeborne.selenide.ex.ErrorFormatter: com.codeborne.selenide.ex.SelenideErrorFormatter
01:28:45.169 [main] INFO  testRunnerPages.ImplementSelenide - Adding dashboard completed
01:28:52.603 [Thread-3] INFO  c.c.s.d.DisposablesRegistry - Run cleanup: size=1
01:28:52.605 [Thread-3] INFO  c.codeborne.selenide.impl.FileHelper - Deleted empty folder: C:\Users\Kultigin_Uludag\AppData\Local\Temp\3db292df-304f-451b-a5ae-b4b262abb085_Ex_Files_Adv_Selenium_GUI.zip.085\Ex_Files_Adv_Selenium_GUI\selenideFramework\build\downloads\1717280861246_12440_1
01:28:52.606 [Thread-3] INFO  c.c.s.d.CloseDriverCommand - Close webdriver: 62 -> ChromeDriver: chrome on windows (bb4f9d02917b95082dc167da5e077e52)...
01:28:52.888 [Thread-3] INFO  c.c.s.d.CloseDriverCommand - Closed webdriver 62 in 282 ms
01:28:52.888 [Thread-3] INFO  c.c.s.d.DisposablesRegistry - Finished cleanup
01:51:06.626 [main] DEBUG org.testng.TestNG - suiteXmlPath: "C:\Users\Kultigin_Uludag\AppData\Local\JetBrains\IdeaIC2023.3\temp-testng-customsuite.xml"
01:51:06.843 [main] INFO  org.testng.internal.Utils - [TestNG] Running:
  C:\Users\Kultigin_Uludag\AppData\Local\JetBrains\IdeaIC2023.3\temp-testng-customsuite.xml

01:51:06.857 [main] INFO  Utilities.Driver - Selenium Grid Hub and Node Startd
01:54:18.035 [main] DEBUG org.testng.TestNG - suiteXmlPath: "C:\Users\Kultigin_Uludag\AppData\Local\JetBrains\IdeaIC2023.3\temp-testng-customsuite.xml"
01:54:18.248 [main] INFO  org.testng.internal.Utils - [TestNG] Running:
  C:\Users\Kultigin_Uludag\AppData\Local\JetBrains\IdeaIC2023.3\temp-testng-customsuite.xml

01:54:18.266 [main] INFO  Utilities.Driver - Selenium Grid Hub and Node Started
19:58:12.965 [main] DEBUG org.testng.TestNG - suiteXmlPath: "C:\Users\Kultigin_Uludag\AppData\Local\JetBrains\IdeaIC2023.3\temp-testng-customsuite.xml"
19:58:13.248 [main] INFO  org.testng.internal.Utils - [TestNG] Running:
  C:\Users\Kultigin_Uludag\AppData\Local\JetBrains\IdeaIC2023.3\temp-testng-customsuite.xml

19:58:13.266 [main] INFO  Utilities.Driver - Selenium Grid Hub and Node Started
19:58:13.266 [main] INFO  Utilities.Driver - Localhost:444/wd/hub configured
19:58:13.271 [main] DEBUG c.c.selenide.impl.CiReportUrl - Variable selenide.reportsUrl not found
19:58:13.273 [main] INFO  Utilities.Driver - Setup configured
19:58:13.275 [main] INFO  Utilities.Driver - Browse set to :chrome
19:58:13.275 [main] INFO  Utilities.Driver - Screenshot set to : true
19:58:13.301 [main] DEBUG com.codeborne.selenide.impl.Plugins - Using default implementation of com.codeborne.selenide.impl.Photographer: com.codeborne.selenide.impl.WebdriverPhotographer
19:58:13.303 [main] DEBUG com.codeborne.selenide.impl.Plugins - Using default implementation of com.codeborne.selenide.impl.PageSourceExtractor: com.codeborne.selenide.impl.WebPageSourceExtractor
19:58:13.307 [main] DEBUG com.codeborne.selenide.impl.Plugins - Using default implementation of com.codeborne.selenide.impl.PageObjectFactory: com.codeborne.selenide.impl.SelenidePageFactory
19:58:13.312 [main] INFO  c.c.s.i.WebDriverThreadLocalContainer - No webdriver is bound to current thread: 1 - let's create a new webdriver
19:58:13.331 [main] DEBUG c.c.s.d.CreateDriverCommand - Creating webdriver in thread 1 (ip: 192.168.1.173, host: EPTRANKW0068)...
19:58:13.332 [main] DEBUG c.c.s.webdriver.WebDriverFactory - browser=chrome
19:58:13.332 [main] DEBUG c.c.s.webdriver.WebDriverFactory - browser.version=null
19:58:13.332 [main] DEBUG c.c.s.webdriver.WebDriverFactory - remote=http://localhost:4444/wd/hub
19:58:13.332 [main] DEBUG c.c.s.webdriver.WebDriverFactory - browserSize=1366x768
19:58:13.357 [main] DEBUG c.c.s.w.AbstractChromiumDriverFactory - Using chromium preferences: {credentials_enable_service=false, safebrowsing.enabled=true, plugins.always_open_pdf_externally=true, profile.default_content_setting_values.automatic_downloads=1, profile.password_manager_enabled=false, profile.password_manager_leak_detection=false}
19:58:13.397 [main] DEBUG i.n.u.i.l.InternalLoggerFactory - Using SLF4J as the default logging framework
19:58:13.403 [main] DEBUG io.netty.util.ResourceLeakDetector - -Dio.netty.leakDetection.level: simple
19:58:13.403 [main] DEBUG io.netty.util.ResourceLeakDetector - -Dio.netty.leakDetection.targetRecords: 4
19:58:13.407 [main] DEBUG i.n.util.ResourceLeakDetectorFactory - Loaded default ResourceLeakDetector: io.netty.util.ResourceLeakDetector@3224a577
19:58:13.431 [main] DEBUG i.n.util.internal.PlatformDependent0 - -Dio.netty.noUnsafe: false
19:58:13.431 [main] DEBUG i.n.util.internal.PlatformDependent0 - Java version: 21
19:58:13.433 [main] DEBUG i.n.util.internal.PlatformDependent0 - sun.misc.Unsafe.theUnsafe: available
19:58:13.434 [main] DEBUG i.n.util.internal.PlatformDependent0 - sun.misc.Unsafe.copyMemory: available
19:58:13.434 [main] DEBUG i.n.util.internal.PlatformDependent0 - sun.misc.Unsafe.storeFence: available
19:58:13.435 [main] DEBUG i.n.util.internal.PlatformDependent0 - java.nio.Buffer.address: available
19:58:13.436 [main] DEBUG i.n.util.internal.PlatformDependent0 - direct buffer constructor: unavailable: java.nio.DirectByteBuffer.<init>(long,int)
19:58:13.436 [main] DEBUG i.n.util.internal.PlatformDependent0 - java.nio.Bits.unaligned: available, true
19:58:13.437 [main] DEBUG i.n.util.internal.PlatformDependent0 - jdk.internal.misc.Unsafe.allocateUninitializedArray(int): unavailable: class io.netty.util.internal.PlatformDependent0$7 cannot access class jdk.internal.misc.Unsafe (in module java.base) because module java.base does not export jdk.internal.misc to unnamed module @5ef60048
19:58:13.438 [main] DEBUG i.n.util.internal.PlatformDependent0 - java.nio.DirectByteBuffer.<init>(long, int): unavailable
19:58:13.438 [main] DEBUG i.n.util.internal.PlatformDependent - sun.misc.Unsafe: available
19:58:13.445 [main] DEBUG i.n.util.internal.PlatformDependent - maxDirectMemory: 8447328256 bytes (maybe)
19:58:13.445 [main] DEBUG i.n.util.internal.PlatformDependent - -Dio.netty.tmpdir: C:\Users\KULTIG~1\AppData\Local\Temp (java.io.tmpdir)
19:58:13.445 [main] DEBUG i.n.util.internal.PlatformDependent - -Dio.netty.bitMode: 64 (sun.arch.data.model)
19:58:13.446 [main] DEBUG i.n.util.internal.PlatformDependent - Platform: Windows
19:58:13.446 [main] DEBUG i.n.util.internal.PlatformDependent - -Dio.netty.maxDirectMemory: -1 bytes
19:58:13.446 [main] DEBUG i.n.util.internal.PlatformDependent - -Dio.netty.uninitializedArrayAllocationThreshold: -1
19:58:13.447 [main] DEBUG io.netty.util.internal.CleanerJava9 - java.nio.ByteBuffer.cleaner(): available
19:58:13.448 [main] DEBUG i.n.util.internal.PlatformDependent - -Dio.netty.noPreferDirect: false
19:58:13.457 [main] DEBUG i.n.util.internal.PlatformDependent - org.jctools-core.MpscChunkedArrayQueue: available
19:58:13.482 [main] DEBUG i.n.u.i.InternalThreadLocalMap - -Dio.netty.threadLocalMap.stringBuilder.initialSize: 1024
19:58:13.483 [main] DEBUG i.n.u.i.InternalThreadLocalMap - -Dio.netty.threadLocalMap.stringBuilder.maxSize: 4096
19:58:13.695 [main] DEBUG io.netty.handler.ssl.JdkSslContext - Default protocols (JDK): [TLSv1.3, TLSv1.2] 
19:58:13.696 [main] DEBUG io.netty.handler.ssl.JdkSslContext - Default cipher suites (JDK): [TLS_ECDHE_ECDSA_WITH_AES_256_GCM_SHA384, TLS_ECDHE_ECDSA_WITH_AES_128_GCM_SHA256, TLS_ECDHE_RSA_WITH_AES_128_GCM_SHA256, TLS_ECDHE_RSA_WITH_AES_256_GCM_SHA384, TLS_ECDHE_RSA_WITH_AES_128_CBC_SHA, TLS_ECDHE_RSA_WITH_AES_256_CBC_SHA, TLS_RSA_WITH_AES_128_GCM_SHA256, TLS_RSA_WITH_AES_128_CBC_SHA, TLS_RSA_WITH_AES_256_CBC_SHA, TLS_AES_128_GCM_SHA256, TLS_AES_256_GCM_SHA384]
19:58:13.711 [main] DEBUG i.n.u.concurrent.GlobalEventExecutor - -Dio.netty.globalEventExecutor.quietPeriodSeconds: 1
19:58:13.722 [main] DEBUG i.n.c.MultithreadEventLoopGroup - -Dio.netty.eventLoopThreads: 32
19:58:13.730 [main] DEBUG io.netty.channel.nio.NioEventLoop - -Dio.netty.noKeySetOptimization: false
19:58:13.731 [main] DEBUG io.netty.channel.nio.NioEventLoop - -Dio.netty.selectorAutoRebuildThreshold: 512
19:58:13.783 [main] DEBUG i.n.buffer.PooledByteBufAllocator - -Dio.netty.allocator.numHeapArenas: 32
19:58:13.783 [main] DEBUG i.n.buffer.PooledByteBufAllocator - -Dio.netty.allocator.numDirectArenas: 32
19:58:13.783 [main] DEBUG i.n.buffer.PooledByteBufAllocator - -Dio.netty.allocator.pageSize: 8192
19:58:13.783 [main] DEBUG i.n.buffer.PooledByteBufAllocator - -Dio.netty.allocator.maxOrder: 9
19:58:13.783 [main] DEBUG i.n.buffer.PooledByteBufAllocator - -Dio.netty.allocator.chunkSize: 4194304
19:58:13.783 [main] DEBUG i.n.buffer.PooledByteBufAllocator - -Dio.netty.allocator.smallCacheSize: 256
19:58:13.783 [main] DEBUG i.n.buffer.PooledByteBufAllocator - -Dio.netty.allocator.normalCacheSize: 64
19:58:13.783 [main] DEBUG i.n.buffer.PooledByteBufAllocator - -Dio.netty.allocator.maxCachedBufferCapacity: 32768
19:58:13.783 [main] DEBUG i.n.buffer.PooledByteBufAllocator - -Dio.netty.allocator.cacheTrimInterval: 8192
19:58:13.783 [main] DEBUG i.n.buffer.PooledByteBufAllocator - -Dio.netty.allocator.cacheTrimIntervalMillis: 0
19:58:13.783 [main] DEBUG i.n.buffer.PooledByteBufAllocator - -Dio.netty.allocator.useCacheForAllThreads: false
19:58:13.783 [main] DEBUG i.n.buffer.PooledByteBufAllocator - -Dio.netty.allocator.maxCachedByteBuffersPerChunk: 1023
19:58:13.794 [main] DEBUG io.netty.buffer.ByteBufUtil - -Dio.netty.allocator.type: pooled
19:58:13.795 [main] DEBUG io.netty.buffer.ByteBufUtil - -Dio.netty.threadLocalDirectBufferSize: 0
19:58:13.795 [main] DEBUG io.netty.buffer.ByteBufUtil - -Dio.netty.maxThreadLocalCharBufferSize: 16384
19:58:14.006 [Forwarding newSession on session null to remote] DEBUG io.netty.channel.DefaultChannelId - -Dio.netty.processId: 58796 (auto-detected)
19:58:14.008 [Forwarding newSession on session null to remote] DEBUG io.netty.util.NetUtil - -Djava.net.preferIPv4Stack: false
19:58:14.008 [Forwarding newSession on session null to remote] DEBUG io.netty.util.NetUtil - -Djava.net.preferIPv6Addresses: false
19:58:14.010 [Forwarding newSession on session null to remote] DEBUG io.netty.util.NetUtilInitializations - Loopback interface: loopback_0 (Software Loopback Interface 1, 0:0:0:0:0:0:0:1)
19:58:14.011 [Forwarding newSession on session null to remote] DEBUG io.netty.util.NetUtil - Failed to get SOMAXCONN from sysctl and file \proc\sys\net\core\somaxconn. Default: 200
19:58:14.012 [Forwarding newSession on session null to remote] DEBUG io.netty.channel.DefaultChannelId - -Dio.netty.machineId: f4:c8:8a:ff:fe:de:26:22 (auto-detected)
19:58:14.046 [AsyncHttpClient-1-2] DEBUG io.netty.buffer.AbstractByteBuf - -Dio.netty.buffer.checkAccessible: true
19:58:14.046 [AsyncHttpClient-1-2] DEBUG io.netty.buffer.AbstractByteBuf - -Dio.netty.buffer.checkBounds: true
19:58:14.046 [AsyncHttpClient-1-2] DEBUG i.n.util.ResourceLeakDetectorFactory - Loaded default ResourceLeakDetector: io.netty.util.ResourceLeakDetector@73b40b7
19:58:14.061 [AsyncHttpClient-1-2] DEBUG o.a.n.channel.NettyConnectListener - Using new Channel '[id: 0x602a4ff4, L:/127.0.0.1:65154 - R:localhost/127.0.0.1:4444]' for 'POST' to '/wd/hub/session'
19:58:14.083 [AsyncHttpClient-1-2] DEBUG io.netty.util.Recycler - -Dio.netty.recycler.maxCapacityPerThread: 4096
19:58:14.083 [AsyncHttpClient-1-2] DEBUG io.netty.util.Recycler - -Dio.netty.recycler.ratio: 8
19:58:14.084 [AsyncHttpClient-1-2] DEBUG io.netty.util.Recycler - -Dio.netty.recycler.chunkSize: 32
19:58:14.084 [AsyncHttpClient-1-2] DEBUG io.netty.util.Recycler - -Dio.netty.recycler.blocking: false
19:58:14.084 [AsyncHttpClient-1-2] DEBUG io.netty.util.Recycler - -Dio.netty.recycler.batchFastThreadLocalOnly: true
19:58:17.058 [AsyncHttpClient-1-2] DEBUG i.n.handler.codec.compression.Brotli - brotli4j not in the classpath; Brotli support will be unavailable.
19:58:17.059 [AsyncHttpClient-1-2] DEBUG o.a.netty.handler.HttpHandler - 

Request DefaultHttpRequest(decodeResult: success, version: HTTP/1.1)
POST /wd/hub/session HTTP/1.1
User-Agent: selenium/4.9.1 (java windows)
Content-Length: 983
Content-Type: application/json; charset=utf-8
host: localhost:4444
accept: */*

Response DefaultHttpResponse(decodeResult: success, version: HTTP/1.1)
HTTP/1.1 200 OK
content-length: 1342
Cache-Control: no-cache
Content-Type: application/json; charset=utf-8

19:58:17.066 [AsyncHttpClient-1-2] DEBUG o.a.netty.channel.ChannelManager - Adding key: http://localhost:4444 for channel [id: 0x602a4ff4, L:/127.0.0.1:65154 - R:localhost/127.0.0.1:4444]
19:58:17.129 [Forwarding setTimeout on session 30001ab78242fb900294c07c93657ed2 to remote] DEBUG o.a.netty.request.NettyRequestSender - Using pooled Channel '[id: 0x602a4ff4, L:/127.0.0.1:65154 - R:localhost/127.0.0.1:4444]' for 'POST' to 'http://localhost:4444/wd/hub/session/30001ab78242fb900294c07c93657ed2/timeouts'
19:58:17.129 [Forwarding setTimeout on session 30001ab78242fb900294c07c93657ed2 to remote] DEBUG o.a.netty.request.NettyRequestSender - Using open Channel [id: 0x602a4ff4, L:/127.0.0.1:65154 - R:localhost/127.0.0.1:4444] for POST '/wd/hub/session/30001ab78242fb900294c07c93657ed2/timeouts'
19:58:17.152 [AsyncHttpClient-1-2] DEBUG o.a.netty.handler.HttpHandler - 

Request DefaultHttpRequest(decodeResult: success, version: HTTP/1.1)
POST /wd/hub/session/30001ab78242fb900294c07c93657ed2/timeouts HTTP/1.1
User-Agent: selenium/4.9.1 (java windows)
Content-Length: 23
Content-Type: application/json; charset=utf-8
host: localhost:4444
accept: */*

Response DefaultHttpResponse(decodeResult: success, version: HTTP/1.1)
HTTP/1.1 200 OK
content-length: 14
content-type: application/json; charset=utf-8
cache-control: no-cache

19:58:17.153 [AsyncHttpClient-1-2] DEBUG o.a.netty.channel.ChannelManager - Adding key: http://localhost:4444 for channel [id: 0x602a4ff4, L:/127.0.0.1:65154 - R:localhost/127.0.0.1:4444]
19:58:17.155 [main] INFO  c.c.s.webdriver.WebDriverFactory - BrowserName=chrome Version=125.0.6422.142 Platform=Windows 11
19:58:17.155 [main] INFO  c.c.s.webdriver.WebDriverFactory - Selenide v. 7.3.1
19:58:17.155 [main] INFO  c.c.s.webdriver.WebDriverFactory - Selenium WebDriver v. 4.9.1 build revision: eb2032df7f
19:58:17.155 [main] INFO  c.c.s.d.CreateDriverCommand - Created webdriver in thread 1: RemoteWebDriver -> RemoteWebDriver: chrome on Windows 11 (30001ab78242fb900294c07c93657ed2), downloadsFolder: null
19:58:17.156 [main] INFO  c.c.s.d.DisposablesRegistry - Register WebDriverInstance[config=StaticConfig, webDriver=RemoteWebDriver: chrome on Windows 11 (30001ab78242fb900294c07c93657ed2), proxy=null, downloadsFolder=null] in 1 [size=1]
19:58:17.166 [main] INFO  c.c.s.d.DisposablesRegistry - Add shutdown hook in 1 [size=1]
19:58:17.168 [Forwarding get on session 30001ab78242fb900294c07c93657ed2 to remote] DEBUG o.a.netty.request.NettyRequestSender - Using pooled Channel '[id: 0x602a4ff4, L:/127.0.0.1:65154 - R:localhost/127.0.0.1:4444]' for 'POST' to 'http://localhost:4444/wd/hub/session/30001ab78242fb900294c07c93657ed2/url'
19:58:17.169 [Forwarding get on session 30001ab78242fb900294c07c93657ed2 to remote] DEBUG o.a.netty.request.NettyRequestSender - Using open Channel [id: 0x602a4ff4, L:/127.0.0.1:65154 - R:localhost/127.0.0.1:4444] for POST '/wd/hub/session/30001ab78242fb900294c07c93657ed2/url'
19:58:21.326 [AsyncHttpClient-1-2] DEBUG o.a.netty.handler.HttpHandler - 

Request DefaultHttpRequest(decodeResult: success, version: HTTP/1.1)
POST /wd/hub/session/30001ab78242fb900294c07c93657ed2/url HTTP/1.1
User-Agent: selenium/4.9.1 (java windows)
Content-Length: 64
Content-Type: application/json; charset=utf-8
host: localhost:4444
accept: */*

Response DefaultHttpResponse(decodeResult: success, version: HTTP/1.1)
HTTP/1.1 200 OK
content-length: 14
content-type: application/json; charset=utf-8
cache-control: no-cache

19:58:21.327 [AsyncHttpClient-1-2] DEBUG o.a.netty.channel.ChannelManager - Adding key: http://localhost:4444 for channel [id: 0x602a4ff4, L:/127.0.0.1:65154 - R:localhost/127.0.0.1:4444]
19:58:21.332 [Forwarding maximizeCurrentWindow on session 30001ab78242fb900294c07c93657ed2 to remote] DEBUG o.a.netty.request.NettyRequestSender - Using pooled Channel '[id: 0x602a4ff4, L:/127.0.0.1:65154 - R:localhost/127.0.0.1:4444]' for 'POST' to 'http://localhost:4444/wd/hub/session/30001ab78242fb900294c07c93657ed2/window/maximize'
19:58:21.333 [Forwarding maximizeCurrentWindow on session 30001ab78242fb900294c07c93657ed2 to remote] DEBUG o.a.netty.request.NettyRequestSender - Using open Channel [id: 0x602a4ff4, L:/127.0.0.1:65154 - R:localhost/127.0.0.1:4444] for POST '/wd/hub/session/30001ab78242fb900294c07c93657ed2/window/maximize'
19:58:21.389 [AsyncHttpClient-1-2] DEBUG o.a.netty.handler.HttpHandler - 

Request DefaultHttpRequest(decodeResult: success, version: HTTP/1.1)
POST /wd/hub/session/30001ab78242fb900294c07c93657ed2/window/maximize HTTP/1.1
User-Agent: selenium/4.9.1 (java windows)
Content-Length: 3
Content-Type: application/json; charset=utf-8
host: localhost:4444
accept: */*

Response DefaultHttpResponse(decodeResult: success, version: HTTP/1.1)
HTTP/1.1 200 OK
content-length: 51
content-type: application/json; charset=utf-8
cache-control: no-cache

19:58:21.389 [AsyncHttpClient-1-2] DEBUG o.a.netty.channel.ChannelManager - Adding key: http://localhost:4444 for channel [id: 0x602a4ff4, L:/127.0.0.1:65154 - R:localhost/127.0.0.1:4444]
19:58:21.401 [main] DEBUG com.codeborne.selenide.impl.Plugins - Using default implementation of com.codeborne.selenide.impl.WebElementSelector: com.codeborne.selenide.impl.WebElementSelector
19:58:21.404 [main] DEBUG com.codeborne.selenide.impl.Plugins - Using default implementation of com.codeborne.selenide.impl.ElementDescriber: com.codeborne.selenide.impl.SelenideElementDescriber
19:58:21.449 [main] DEBUG com.codeborne.selenide.impl.Plugins - Using default implementation of com.codeborne.selenide.commands.Clear: com.codeborne.selenide.commands.Clear
19:58:21.471 [main] DEBUG com.codeborne.selenide.impl.Plugins - Using default implementation of com.codeborne.selenide.impl.DownloadFileToFolder: com.codeborne.selenide.impl.DownloadFileToFolder
19:58:21.472 [main] DEBUG com.codeborne.selenide.impl.Plugins - Using default implementation of com.codeborne.selenide.impl.DownloadFileWithCdp: com.codeborne.selenide.impl.DownloadFileWithCdp
19:58:21.476 [main] DEBUG com.codeborne.selenide.impl.Plugins - Using default implementation of com.codeborne.selenide.commands.Commands: com.codeborne.selenide.commands.Commands
19:58:21.480 [Forwarding findElement on session 30001ab78242fb900294c07c93657ed2 to remote] DEBUG o.a.netty.request.NettyRequestSender - Using pooled Channel '[id: 0x602a4ff4, L:/127.0.0.1:65154 - R:localhost/127.0.0.1:4444]' for 'POST' to 'http://localhost:4444/wd/hub/session/30001ab78242fb900294c07c93657ed2/element'
19:58:21.480 [Forwarding findElement on session 30001ab78242fb900294c07c93657ed2 to remote] DEBUG o.a.netty.request.NettyRequestSender - Using open Channel [id: 0x602a4ff4, L:/127.0.0.1:65154 - R:localhost/127.0.0.1:4444] for POST '/wd/hub/session/30001ab78242fb900294c07c93657ed2/element'
19:58:21.504 [AsyncHttpClient-1-2] DEBUG o.a.netty.handler.HttpHandler - 

Request DefaultHttpRequest(decodeResult: success, version: HTTP/1.1)
POST /wd/hub/session/30001ab78242fb900294c07c93657ed2/element HTTP/1.1
User-Agent: selenium/4.9.1 (java windows)
Content-Length: 65
Content-Type: application/json; charset=utf-8
host: localhost:4444
accept: */*

Response DefaultHttpResponse(decodeResult: success, version: HTTP/1.1)
HTTP/1.1 200 OK
content-length: 126
content-type: application/json; charset=utf-8
cache-control: no-cache

19:58:21.504 [AsyncHttpClient-1-2] DEBUG o.a.netty.channel.ChannelManager - Adding key: http://localhost:4444 for channel [id: 0x602a4ff4, L:/127.0.0.1:65154 - R:localhost/127.0.0.1:4444]
19:58:21.513 [Forwarding isElementDisplayed on session 30001ab78242fb900294c07c93657ed2 to remote] DEBUG o.a.netty.request.NettyRequestSender - Using pooled Channel '[id: 0x602a4ff4, L:/127.0.0.1:65154 - R:localhost/127.0.0.1:4444]' for 'POST' to 'http://localhost:4444/wd/hub/session/30001ab78242fb900294c07c93657ed2/execute/sync'
19:58:21.513 [Forwarding isElementDisplayed on session 30001ab78242fb900294c07c93657ed2 to remote] DEBUG o.a.netty.request.NettyRequestSender - Using open Channel [id: 0x602a4ff4, L:/127.0.0.1:65154 - R:localhost/127.0.0.1:4444] for POST '/wd/hub/session/30001ab78242fb900294c07c93657ed2/execute/sync'
19:58:21.554 [AsyncHttpClient-1-2] DEBUG o.a.netty.handler.HttpHandler - 

Request DefaultHttpRequest(decodeResult: success, version: HTTP/1.1)
POST /wd/hub/session/30001ab78242fb900294c07c93657ed2/execute/sync HTTP/1.1
User-Agent: selenium/4.9.1 (java windows)
Content-Length: 48845
Content-Type: application/json; charset=utf-8
host: localhost:4444
accept: */*

Response DefaultHttpResponse(decodeResult: success, version: HTTP/1.1)
HTTP/1.1 200 OK
content-length: 14
content-type: application/json; charset=utf-8
cache-control: no-cache

19:58:21.555 [AsyncHttpClient-1-2] DEBUG o.a.netty.channel.ChannelManager - Adding key: http://localhost:4444 for channel [id: 0x602a4ff4, L:/127.0.0.1:65154 - R:localhost/127.0.0.1:4444]
19:58:21.560 [Forwarding findElement on session 30001ab78242fb900294c07c93657ed2 to remote] DEBUG o.a.netty.request.NettyRequestSender - Using pooled Channel '[id: 0x602a4ff4, L:/127.0.0.1:65154 - R:localhost/127.0.0.1:4444]' for 'POST' to 'http://localhost:4444/wd/hub/session/30001ab78242fb900294c07c93657ed2/element'
19:58:21.561 [Forwarding findElement on session 30001ab78242fb900294c07c93657ed2 to remote] DEBUG o.a.netty.request.NettyRequestSender - Using open Channel [id: 0x602a4ff4, L:/127.0.0.1:65154 - R:localhost/127.0.0.1:4444] for POST '/wd/hub/session/30001ab78242fb900294c07c93657ed2/element'
19:58:21.583 [AsyncHttpClient-1-2] DEBUG o.a.netty.handler.HttpHandler - 

Request DefaultHttpRequest(decodeResult: success, version: HTTP/1.1)
POST /wd/hub/session/30001ab78242fb900294c07c93657ed2/element HTTP/1.1
User-Agent: selenium/4.9.1 (java windows)
Content-Length: 65
Content-Type: application/json; charset=utf-8
host: localhost:4444
accept: */*

Response DefaultHttpResponse(decodeResult: success, version: HTTP/1.1)
HTTP/1.1 200 OK
content-length: 126
content-type: application/json; charset=utf-8
cache-control: no-cache

19:58:21.583 [AsyncHttpClient-1-2] DEBUG o.a.netty.channel.ChannelManager - Adding key: http://localhost:4444 for channel [id: 0x602a4ff4, L:/127.0.0.1:65154 - R:localhost/127.0.0.1:4444]
19:58:21.587 [Forwarding isElementDisplayed on session 30001ab78242fb900294c07c93657ed2 to remote] DEBUG o.a.netty.request.NettyRequestSender - Using pooled Channel '[id: 0x602a4ff4, L:/127.0.0.1:65154 - R:localhost/127.0.0.1:4444]' for 'POST' to 'http://localhost:4444/wd/hub/session/30001ab78242fb900294c07c93657ed2/execute/sync'
19:58:21.587 [Forwarding isElementDisplayed on session 30001ab78242fb900294c07c93657ed2 to remote] DEBUG o.a.netty.request.NettyRequestSender - Using open Channel [id: 0x602a4ff4, L:/127.0.0.1:65154 - R:localhost/127.0.0.1:4444] for POST '/wd/hub/session/30001ab78242fb900294c07c93657ed2/execute/sync'
19:58:21.612 [AsyncHttpClient-1-2] DEBUG o.a.netty.handler.HttpHandler - 

Request DefaultHttpRequest(decodeResult: success, version: HTTP/1.1)
POST /wd/hub/session/30001ab78242fb900294c07c93657ed2/execute/sync HTTP/1.1
User-Agent: selenium/4.9.1 (java windows)
Content-Length: 48845
Content-Type: application/json; charset=utf-8
host: localhost:4444
accept: */*

Response DefaultHttpResponse(decodeResult: success, version: HTTP/1.1)
HTTP/1.1 200 OK
content-length: 14
content-type: application/json; charset=utf-8
cache-control: no-cache

19:58:21.612 [AsyncHttpClient-1-2] DEBUG o.a.netty.channel.ChannelManager - Adding key: http://localhost:4444 for channel [id: 0x602a4ff4, L:/127.0.0.1:65154 - R:localhost/127.0.0.1:4444]
19:58:21.616 [Forwarding isElementEnabled on session 30001ab78242fb900294c07c93657ed2 to remote] DEBUG o.a.netty.request.NettyRequestSender - Using pooled Channel '[id: 0x602a4ff4, L:/127.0.0.1:65154 - R:localhost/127.0.0.1:4444]' for 'GET' to 'http://localhost:4444/wd/hub/session/30001ab78242fb900294c07c93657ed2/element/f.D6D752E85A031151A306B110D8DCF949.d.B463B196A213C751D541611E84D63D6F.e.52/enabled'
19:58:21.616 [Forwarding isElementEnabled on session 30001ab78242fb900294c07c93657ed2 to remote] DEBUG o.a.netty.request.NettyRequestSender - Using open Channel [id: 0x602a4ff4, L:/127.0.0.1:65154 - R:localhost/127.0.0.1:4444] for GET '/wd/hub/session/30001ab78242fb900294c07c93657ed2/element/f.D6D752E85A031151A306B110D8DCF949.d.B463B196A213C751D541611E84D63D6F.e.52/enabled'
19:58:21.640 [AsyncHttpClient-1-2] DEBUG o.a.netty.handler.HttpHandler - 

Request DefaultFullHttpRequest(decodeResult: success, version: HTTP/1.1, content: EmptyByteBufBE)
GET /wd/hub/session/30001ab78242fb900294c07c93657ed2/element/f.D6D752E85A031151A306B110D8DCF949.d.B463B196A213C751D541611E84D63D6F.e.52/enabled HTTP/1.1
Cache-Control: no-cache
User-Agent: selenium/4.9.1 (java windows)
Content-Type: application/json; charset=utf-8
host: localhost:4444
accept: */*

Response DefaultHttpResponse(decodeResult: success, version: HTTP/1.1)
HTTP/1.1 200 OK
content-length: 14
content-type: application/json; charset=utf-8
cache-control: no-cache

19:58:21.640 [AsyncHttpClient-1-2] DEBUG o.a.netty.channel.ChannelManager - Adding key: http://localhost:4444 for channel [id: 0x602a4ff4, L:/127.0.0.1:65154 - R:localhost/127.0.0.1:4444]
19:58:21.643 [Forwarding clickElement on session 30001ab78242fb900294c07c93657ed2 to remote] DEBUG o.a.netty.request.NettyRequestSender - Using pooled Channel '[id: 0x602a4ff4, L:/127.0.0.1:65154 - R:localhost/127.0.0.1:4444]' for 'POST' to 'http://localhost:4444/wd/hub/session/30001ab78242fb900294c07c93657ed2/element/f.D6D752E85A031151A306B110D8DCF949.d.B463B196A213C751D541611E84D63D6F.e.52/click'
19:58:21.643 [Forwarding clickElement on session 30001ab78242fb900294c07c93657ed2 to remote] DEBUG o.a.netty.request.NettyRequestSender - Using open Channel [id: 0x602a4ff4, L:/127.0.0.1:65154 - R:localhost/127.0.0.1:4444] for POST '/wd/hub/session/30001ab78242fb900294c07c93657ed2/element/f.D6D752E85A031151A306B110D8DCF949.d.B463B196A213C751D541611E84D63D6F.e.52/click'
19:58:23.232 [AsyncHttpClient-1-2] DEBUG o.a.netty.handler.HttpHandler - 

Request DefaultHttpRequest(decodeResult: success, version: HTTP/1.1)
POST /wd/hub/session/30001ab78242fb900294c07c93657ed2/element/f.D6D752E85A031151A306B110D8DCF949.d.B463B196A213C751D541611E84D63D6F.e.52/click HTTP/1.1
User-Agent: selenium/4.9.1 (java windows)
Content-Length: 88
Content-Type: application/json; charset=utf-8
host: localhost:4444
accept: */*

Response DefaultHttpResponse(decodeResult: success, version: HTTP/1.1)
HTTP/1.1 200 OK
content-length: 14
content-type: application/json; charset=utf-8
cache-control: no-cache

19:58:23.232 [AsyncHttpClient-1-2] DEBUG o.a.netty.channel.ChannelManager - Adding key: http://localhost:4444 for channel [id: 0x602a4ff4, L:/127.0.0.1:65154 - R:localhost/127.0.0.1:4444]
19:58:23.248 [Forwarding findElement on session 30001ab78242fb900294c07c93657ed2 to remote] DEBUG o.a.netty.request.NettyRequestSender - Using pooled Channel '[id: 0x602a4ff4, L:/127.0.0.1:65154 - R:localhost/127.0.0.1:4444]' for 'POST' to 'http://localhost:4444/wd/hub/session/30001ab78242fb900294c07c93657ed2/element'
19:58:23.248 [Forwarding findElement on session 30001ab78242fb900294c07c93657ed2 to remote] DEBUG o.a.netty.request.NettyRequestSender - Using open Channel [id: 0x602a4ff4, L:/127.0.0.1:65154 - R:localhost/127.0.0.1:4444] for POST '/wd/hub/session/30001ab78242fb900294c07c93657ed2/element'
19:58:23.301 [AsyncHttpClient-1-2] DEBUG o.a.netty.handler.HttpHandler - 

Request DefaultHttpRequest(decodeResult: success, version: HTTP/1.1)
POST /wd/hub/session/30001ab78242fb900294c07c93657ed2/element HTTP/1.1
User-Agent: selenium/4.9.1 (java windows)
Content-Length: 94
Content-Type: application/json; charset=utf-8
host: localhost:4444
accept: */*

Response DefaultHttpResponse(decodeResult: success, version: HTTP/1.1)
HTTP/1.1 404 Not Found
content-length: 944
content-type: application/json; charset=utf-8
cache-control: no-cache

19:58:23.301 [AsyncHttpClient-1-2] DEBUG o.a.netty.channel.ChannelManager - Adding key: http://localhost:4444 for channel [id: 0x602a4ff4, L:/127.0.0.1:65154 - R:localhost/127.0.0.1:4444]
19:58:23.573 [AsyncHttpClient-1-1] DEBUG o.a.netty.channel.DefaultChannelPool - Entry count for : http://localhost:4444 : 1
19:58:23.838 [Forwarding findElement on session 30001ab78242fb900294c07c93657ed2 to remote] DEBUG o.a.netty.request.NettyRequestSender - Using pooled Channel '[id: 0x602a4ff4, L:/127.0.0.1:65154 - R:localhost/127.0.0.1:4444]' for 'POST' to 'http://localhost:4444/wd/hub/session/30001ab78242fb900294c07c93657ed2/element'
19:58:23.839 [Forwarding findElement on session 30001ab78242fb900294c07c93657ed2 to remote] DEBUG o.a.netty.request.NettyRequestSender - Using open Channel [id: 0x602a4ff4, L:/127.0.0.1:65154 - R:localhost/127.0.0.1:4444] for POST '/wd/hub/session/30001ab78242fb900294c07c93657ed2/element'
19:58:23.968 [AsyncHttpClient-1-2] DEBUG o.a.netty.handler.HttpHandler - 

Request DefaultHttpRequest(decodeResult: success, version: HTTP/1.1)
POST /wd/hub/session/30001ab78242fb900294c07c93657ed2/element HTTP/1.1
User-Agent: selenium/4.9.1 (java windows)
Content-Length: 94
Content-Type: application/json; charset=utf-8
host: localhost:4444
accept: */*

Response DefaultHttpResponse(decodeResult: success, version: HTTP/1.1)
HTTP/1.1 404 Not Found
content-length: 944
content-type: application/json; charset=utf-8
cache-control: no-cache

19:58:23.969 [AsyncHttpClient-1-2] DEBUG o.a.netty.channel.ChannelManager - Adding key: http://localhost:4444 for channel [id: 0x602a4ff4, L:/127.0.0.1:65154 - R:localhost/127.0.0.1:4444]
19:58:24.475 [Forwarding findElement on session 30001ab78242fb900294c07c93657ed2 to remote] DEBUG o.a.netty.request.NettyRequestSender - Using pooled Channel '[id: 0x602a4ff4, L:/127.0.0.1:65154 - R:localhost/127.0.0.1:4444]' for 'POST' to 'http://localhost:4444/wd/hub/session/30001ab78242fb900294c07c93657ed2/element'
19:58:24.475 [Forwarding findElement on session 30001ab78242fb900294c07c93657ed2 to remote] DEBUG o.a.netty.request.NettyRequestSender - Using open Channel [id: 0x602a4ff4, L:/127.0.0.1:65154 - R:localhost/127.0.0.1:4444] for POST '/wd/hub/session/30001ab78242fb900294c07c93657ed2/element'
19:58:24.511 [AsyncHttpClient-1-2] DEBUG o.a.netty.handler.HttpHandler - 

Request DefaultHttpRequest(decodeResult: success, version: HTTP/1.1)
POST /wd/hub/session/30001ab78242fb900294c07c93657ed2/element HTTP/1.1
User-Agent: selenium/4.9.1 (java windows)
Content-Length: 94
Content-Type: application/json; charset=utf-8
host: localhost:4444
accept: */*

Response DefaultHttpResponse(decodeResult: success, version: HTTP/1.1)
HTTP/1.1 404 Not Found
content-length: 944
content-type: application/json; charset=utf-8
cache-control: no-cache

19:58:24.512 [AsyncHttpClient-1-2] DEBUG o.a.netty.channel.ChannelManager - Adding key: http://localhost:4444 for channel [id: 0x602a4ff4, L:/127.0.0.1:65154 - R:localhost/127.0.0.1:4444]
19:58:24.663 [AsyncHttpClient-1-1] DEBUG o.a.netty.channel.DefaultChannelPool - Entry count for : http://localhost:4444 : 1
19:58:25.024 [Forwarding findElement on session 30001ab78242fb900294c07c93657ed2 to remote] DEBUG o.a.netty.request.NettyRequestSender - Using pooled Channel '[id: 0x602a4ff4, L:/127.0.0.1:65154 - R:localhost/127.0.0.1:4444]' for 'POST' to 'http://localhost:4444/wd/hub/session/30001ab78242fb900294c07c93657ed2/element'
19:58:25.024 [Forwarding findElement on session 30001ab78242fb900294c07c93657ed2 to remote] DEBUG o.a.netty.request.NettyRequestSender - Using open Channel [id: 0x602a4ff4, L:/127.0.0.1:65154 - R:localhost/127.0.0.1:4444] for POST '/wd/hub/session/30001ab78242fb900294c07c93657ed2/element'
19:58:25.052 [AsyncHttpClient-1-2] DEBUG o.a.netty.handler.HttpHandler - 

Request DefaultHttpRequest(decodeResult: success, version: HTTP/1.1)
POST /wd/hub/session/30001ab78242fb900294c07c93657ed2/element HTTP/1.1
User-Agent: selenium/4.9.1 (java windows)
Content-Length: 94
Content-Type: application/json; charset=utf-8
host: localhost:4444
accept: */*

Response DefaultHttpResponse(decodeResult: success, version: HTTP/1.1)
HTTP/1.1 404 Not Found
content-length: 944
content-type: application/json; charset=utf-8
cache-control: no-cache

19:58:25.053 [AsyncHttpClient-1-2] DEBUG o.a.netty.channel.ChannelManager - Adding key: http://localhost:4444 for channel [id: 0x602a4ff4, L:/127.0.0.1:65154 - R:localhost/127.0.0.1:4444]
19:58:25.572 [Forwarding findElement on session 30001ab78242fb900294c07c93657ed2 to remote] DEBUG o.a.netty.request.NettyRequestSender - Using pooled Channel '[id: 0x602a4ff4, L:/127.0.0.1:65154 - R:localhost/127.0.0.1:4444]' for 'POST' to 'http://localhost:4444/wd/hub/session/30001ab78242fb900294c07c93657ed2/element'
19:58:25.573 [Forwarding findElement on session 30001ab78242fb900294c07c93657ed2 to remote] DEBUG o.a.netty.request.NettyRequestSender - Using open Channel [id: 0x602a4ff4, L:/127.0.0.1:65154 - R:localhost/127.0.0.1:4444] for POST '/wd/hub/session/30001ab78242fb900294c07c93657ed2/element'
19:58:25.602 [AsyncHttpClient-1-2] DEBUG o.a.netty.handler.HttpHandler - 

Request DefaultHttpRequest(decodeResult: success, version: HTTP/1.1)
POST /wd/hub/session/30001ab78242fb900294c07c93657ed2/element HTTP/1.1
User-Agent: selenium/4.9.1 (java windows)
Content-Length: 94
Content-Type: application/json; charset=utf-8
host: localhost:4444
accept: */*

Response DefaultHttpResponse(decodeResult: success, version: HTTP/1.1)
HTTP/1.1 404 Not Found
content-length: 944
content-type: application/json; charset=utf-8
cache-control: no-cache

19:58:25.603 [AsyncHttpClient-1-2] DEBUG o.a.netty.channel.ChannelManager - Adding key: http://localhost:4444 for channel [id: 0x602a4ff4, L:/127.0.0.1:65154 - R:localhost/127.0.0.1:4444]
19:58:25.775 [AsyncHttpClient-1-1] DEBUG o.a.netty.channel.DefaultChannelPool - Entry count for : http://localhost:4444 : 1
19:58:26.121 [Forwarding findElement on session 30001ab78242fb900294c07c93657ed2 to remote] DEBUG o.a.netty.request.NettyRequestSender - Using pooled Channel '[id: 0x602a4ff4, L:/127.0.0.1:65154 - R:localhost/127.0.0.1:4444]' for 'POST' to 'http://localhost:4444/wd/hub/session/30001ab78242fb900294c07c93657ed2/element'
19:58:26.121 [Forwarding findElement on session 30001ab78242fb900294c07c93657ed2 to remote] DEBUG o.a.netty.request.NettyRequestSender - Using open Channel [id: 0x602a4ff4, L:/127.0.0.1:65154 - R:localhost/127.0.0.1:4444] for POST '/wd/hub/session/30001ab78242fb900294c07c93657ed2/element'
19:58:26.151 [AsyncHttpClient-1-2] DEBUG o.a.netty.handler.HttpHandler - 

Request DefaultHttpRequest(decodeResult: success, version: HTTP/1.1)
POST /wd/hub/session/30001ab78242fb900294c07c93657ed2/element HTTP/1.1
User-Agent: selenium/4.9.1 (java windows)
Content-Length: 94
Content-Type: application/json; charset=utf-8
host: localhost:4444
accept: */*

Response DefaultHttpResponse(decodeResult: success, version: HTTP/1.1)
HTTP/1.1 404 Not Found
content-length: 944
content-type: application/json; charset=utf-8
cache-control: no-cache

19:58:26.151 [AsyncHttpClient-1-2] DEBUG o.a.netty.channel.ChannelManager - Adding key: http://localhost:4444 for channel [id: 0x602a4ff4, L:/127.0.0.1:65154 - R:localhost/127.0.0.1:4444]
19:58:26.670 [Forwarding findElement on session 30001ab78242fb900294c07c93657ed2 to remote] DEBUG o.a.netty.request.NettyRequestSender - Using pooled Channel '[id: 0x602a4ff4, L:/127.0.0.1:65154 - R:localhost/127.0.0.1:4444]' for 'POST' to 'http://localhost:4444/wd/hub/session/30001ab78242fb900294c07c93657ed2/element'
19:58:26.671 [Forwarding findElement on session 30001ab78242fb900294c07c93657ed2 to remote] DEBUG o.a.netty.request.NettyRequestSender - Using open Channel [id: 0x602a4ff4, L:/127.0.0.1:65154 - R:localhost/127.0.0.1:4444] for POST '/wd/hub/session/30001ab78242fb900294c07c93657ed2/element'
19:58:26.695 [AsyncHttpClient-1-2] DEBUG o.a.netty.handler.HttpHandler - 

Request DefaultHttpRequest(decodeResult: success, version: HTTP/1.1)
POST /wd/hub/session/30001ab78242fb900294c07c93657ed2/element HTTP/1.1
User-Agent: selenium/4.9.1 (java windows)
Content-Length: 94
Content-Type: application/json; charset=utf-8
host: localhost:4444
accept: */*

Response DefaultHttpResponse(decodeResult: success, version: HTTP/1.1)
HTTP/1.1 404 Not Found
content-length: 944
content-type: application/json; charset=utf-8
cache-control: no-cache

19:58:26.696 [AsyncHttpClient-1-2] DEBUG o.a.netty.channel.ChannelManager - Adding key: http://localhost:4444 for channel [id: 0x602a4ff4, L:/127.0.0.1:65154 - R:localhost/127.0.0.1:4444]
19:58:26.873 [AsyncHttpClient-1-1] DEBUG o.a.netty.channel.DefaultChannelPool - Entry count for : http://localhost:4444 : 1
19:58:27.203 [Forwarding findElement on session 30001ab78242fb900294c07c93657ed2 to remote] DEBUG o.a.netty.request.NettyRequestSender - Using pooled Channel '[id: 0x602a4ff4, L:/127.0.0.1:65154 - R:localhost/127.0.0.1:4444]' for 'POST' to 'http://localhost:4444/wd/hub/session/30001ab78242fb900294c07c93657ed2/element'
19:58:27.203 [Forwarding findElement on session 30001ab78242fb900294c07c93657ed2 to remote] DEBUG o.a.netty.request.NettyRequestSender - Using open Channel [id: 0x602a4ff4, L:/127.0.0.1:65154 - R:localhost/127.0.0.1:4444] for POST '/wd/hub/session/30001ab78242fb900294c07c93657ed2/element'
19:58:27.231 [AsyncHttpClient-1-2] DEBUG o.a.netty.handler.HttpHandler - 

Request DefaultHttpRequest(decodeResult: success, version: HTTP/1.1)
POST /wd/hub/session/30001ab78242fb900294c07c93657ed2/element HTTP/1.1
User-Agent: selenium/4.9.1 (java windows)
Content-Length: 94
Content-Type: application/json; charset=utf-8
host: localhost:4444
accept: */*

Response DefaultHttpResponse(decodeResult: success, version: HTTP/1.1)
HTTP/1.1 404 Not Found
content-length: 944
content-type: application/json; charset=utf-8
cache-control: no-cache

19:58:27.232 [AsyncHttpClient-1-2] DEBUG o.a.netty.channel.ChannelManager - Adding key: http://localhost:4444 for channel [id: 0x602a4ff4, L:/127.0.0.1:65154 - R:localhost/127.0.0.1:4444]
19:58:27.746 [Forwarding findElement on session 30001ab78242fb900294c07c93657ed2 to remote] DEBUG o.a.netty.request.NettyRequestSender - Using pooled Channel '[id: 0x602a4ff4, L:/127.0.0.1:65154 - R:localhost/127.0.0.1:4444]' for 'POST' to 'http://localhost:4444/wd/hub/session/30001ab78242fb900294c07c93657ed2/element'
19:58:27.746 [Forwarding findElement on session 30001ab78242fb900294c07c93657ed2 to remote] DEBUG o.a.netty.request.NettyRequestSender - Using open Channel [id: 0x602a4ff4, L:/127.0.0.1:65154 - R:localhost/127.0.0.1:4444] for POST '/wd/hub/session/30001ab78242fb900294c07c93657ed2/element'
19:58:27.764 [AsyncHttpClient-1-2] DEBUG o.a.netty.handler.HttpHandler - 

Request DefaultHttpRequest(decodeResult: success, version: HTTP/1.1)
POST /wd/hub/session/30001ab78242fb900294c07c93657ed2/element HTTP/1.1
User-Agent: selenium/4.9.1 (java windows)
Content-Length: 94
Content-Type: application/json; charset=utf-8
host: localhost:4444
accept: */*

Response DefaultHttpResponse(decodeResult: success, version: HTTP/1.1)
HTTP/1.1 404 Not Found
content-length: 944
content-type: application/json; charset=utf-8
cache-control: no-cache

19:58:27.765 [AsyncHttpClient-1-2] DEBUG o.a.netty.channel.ChannelManager - Adding key: http://localhost:4444 for channel [id: 0x602a4ff4, L:/127.0.0.1:65154 - R:localhost/127.0.0.1:4444]
19:58:27.964 [AsyncHttpClient-1-1] DEBUG o.a.netty.channel.DefaultChannelPool - Entry count for : http://localhost:4444 : 1
19:58:28.276 [Forwarding findElement on session 30001ab78242fb900294c07c93657ed2 to remote] DEBUG o.a.netty.request.NettyRequestSender - Using pooled Channel '[id: 0x602a4ff4, L:/127.0.0.1:65154 - R:localhost/127.0.0.1:4444]' for 'POST' to 'http://localhost:4444/wd/hub/session/30001ab78242fb900294c07c93657ed2/element'
19:58:28.276 [Forwarding findElement on session 30001ab78242fb900294c07c93657ed2 to remote] DEBUG o.a.netty.request.NettyRequestSender - Using open Channel [id: 0x602a4ff4, L:/127.0.0.1:65154 - R:localhost/127.0.0.1:4444] for POST '/wd/hub/session/30001ab78242fb900294c07c93657ed2/element'
19:58:28.302 [AsyncHttpClient-1-2] DEBUG o.a.netty.handler.HttpHandler - 

Request DefaultHttpRequest(decodeResult: success, version: HTTP/1.1)
POST /wd/hub/session/30001ab78242fb900294c07c93657ed2/element HTTP/1.1
User-Agent: selenium/4.9.1 (java windows)
Content-Length: 94
Content-Type: application/json; charset=utf-8
host: localhost:4444
accept: */*

Response DefaultHttpResponse(decodeResult: success, version: HTTP/1.1)
HTTP/1.1 404 Not Found
content-length: 944
content-type: application/json; charset=utf-8
cache-control: no-cache

19:58:28.303 [AsyncHttpClient-1-2] DEBUG o.a.netty.channel.ChannelManager - Adding key: http://localhost:4444 for channel [id: 0x602a4ff4, L:/127.0.0.1:65154 - R:localhost/127.0.0.1:4444]
19:58:28.809 [Forwarding findElement on session 30001ab78242fb900294c07c93657ed2 to remote] DEBUG o.a.netty.request.NettyRequestSender - Using pooled Channel '[id: 0x602a4ff4, L:/127.0.0.1:65154 - R:localhost/127.0.0.1:4444]' for 'POST' to 'http://localhost:4444/wd/hub/session/30001ab78242fb900294c07c93657ed2/element'
19:58:28.810 [Forwarding findElement on session 30001ab78242fb900294c07c93657ed2 to remote] DEBUG o.a.netty.request.NettyRequestSender - Using open Channel [id: 0x602a4ff4, L:/127.0.0.1:65154 - R:localhost/127.0.0.1:4444] for POST '/wd/hub/session/30001ab78242fb900294c07c93657ed2/element'
19:58:28.845 [AsyncHttpClient-1-2] DEBUG o.a.netty.handler.HttpHandler - 

Request DefaultHttpRequest(decodeResult: success, version: HTTP/1.1)
POST /wd/hub/session/30001ab78242fb900294c07c93657ed2/element HTTP/1.1
User-Agent: selenium/4.9.1 (java windows)
Content-Length: 94
Content-Type: application/json; charset=utf-8
host: localhost:4444
accept: */*

Response DefaultHttpResponse(decodeResult: success, version: HTTP/1.1)
HTTP/1.1 404 Not Found
content-length: 944
content-type: application/json; charset=utf-8
cache-control: no-cache

19:58:28.846 [AsyncHttpClient-1-2] DEBUG o.a.netty.channel.ChannelManager - Adding key: http://localhost:4444 for channel [id: 0x602a4ff4, L:/127.0.0.1:65154 - R:localhost/127.0.0.1:4444]
19:58:29.069 [AsyncHttpClient-1-1] DEBUG o.a.netty.channel.DefaultChannelPool - Entry count for : http://localhost:4444 : 1
19:58:29.353 [Forwarding findElement on session 30001ab78242fb900294c07c93657ed2 to remote] DEBUG o.a.netty.request.NettyRequestSender - Using pooled Channel '[id: 0x602a4ff4, L:/127.0.0.1:65154 - R:localhost/127.0.0.1:4444]' for 'POST' to 'http://localhost:4444/wd/hub/session/30001ab78242fb900294c07c93657ed2/element'
19:58:29.354 [Forwarding findElement on session 30001ab78242fb900294c07c93657ed2 to remote] DEBUG o.a.netty.request.NettyRequestSender - Using open Channel [id: 0x602a4ff4, L:/127.0.0.1:65154 - R:localhost/127.0.0.1:4444] for POST '/wd/hub/session/30001ab78242fb900294c07c93657ed2/element'
19:58:29.402 [AsyncHttpClient-1-2] DEBUG o.a.netty.handler.HttpHandler - 

Request DefaultHttpRequest(decodeResult: success, version: HTTP/1.1)
POST /wd/hub/session/30001ab78242fb900294c07c93657ed2/element HTTP/1.1
User-Agent: selenium/4.9.1 (java windows)
Content-Length: 94
Content-Type: application/json; charset=utf-8
host: localhost:4444
accept: */*

Response DefaultHttpResponse(decodeResult: success, version: HTTP/1.1)
HTTP/1.1 404 Not Found
content-length: 944
content-type: application/json; charset=utf-8
cache-control: no-cache

19:58:29.403 [AsyncHttpClient-1-2] DEBUG o.a.netty.channel.ChannelManager - Adding key: http://localhost:4444 for channel [id: 0x602a4ff4, L:/127.0.0.1:65154 - R:localhost/127.0.0.1:4444]
19:58:29.908 [Forwarding findElement on session 30001ab78242fb900294c07c93657ed2 to remote] DEBUG o.a.netty.request.NettyRequestSender - Using pooled Channel '[id: 0x602a4ff4, L:/127.0.0.1:65154 - R:localhost/127.0.0.1:4444]' for 'POST' to 'http://localhost:4444/wd/hub/session/30001ab78242fb900294c07c93657ed2/element'
19:58:29.908 [Forwarding findElement on session 30001ab78242fb900294c07c93657ed2 to remote] DEBUG o.a.netty.request.NettyRequestSender - Using open Channel [id: 0x602a4ff4, L:/127.0.0.1:65154 - R:localhost/127.0.0.1:4444] for POST '/wd/hub/session/30001ab78242fb900294c07c93657ed2/element'
19:58:29.930 [AsyncHttpClient-1-2] DEBUG o.a.netty.handler.HttpHandler - 

Request DefaultHttpRequest(decodeResult: success, version: HTTP/1.1)
POST /wd/hub/session/30001ab78242fb900294c07c93657ed2/element HTTP/1.1
User-Agent: selenium/4.9.1 (java windows)
Content-Length: 94
Content-Type: application/json; charset=utf-8
host: localhost:4444
accept: */*

Response DefaultHttpResponse(decodeResult: success, version: HTTP/1.1)
HTTP/1.1 404 Not Found
content-length: 944
content-type: application/json; charset=utf-8
cache-control: no-cache

19:58:29.930 [AsyncHttpClient-1-2] DEBUG o.a.netty.channel.ChannelManager - Adding key: http://localhost:4444 for channel [id: 0x602a4ff4, L:/127.0.0.1:65154 - R:localhost/127.0.0.1:4444]
19:58:30.172 [AsyncHttpClient-1-1] DEBUG o.a.netty.channel.DefaultChannelPool - Entry count for : http://localhost:4444 : 1
19:58:30.436 [Forwarding findElement on session 30001ab78242fb900294c07c93657ed2 to remote] DEBUG o.a.netty.request.NettyRequestSender - Using pooled Channel '[id: 0x602a4ff4, L:/127.0.0.1:65154 - R:localhost/127.0.0.1:4444]' for 'POST' to 'http://localhost:4444/wd/hub/session/30001ab78242fb900294c07c93657ed2/element'
19:58:30.436 [Forwarding findElement on session 30001ab78242fb900294c07c93657ed2 to remote] DEBUG o.a.netty.request.NettyRequestSender - Using open Channel [id: 0x602a4ff4, L:/127.0.0.1:65154 - R:localhost/127.0.0.1:4444] for POST '/wd/hub/session/30001ab78242fb900294c07c93657ed2/element'
19:58:30.455 [AsyncHttpClient-1-2] DEBUG o.a.netty.handler.HttpHandler - 

Request DefaultHttpRequest(decodeResult: success, version: HTTP/1.1)
POST /wd/hub/session/30001ab78242fb900294c07c93657ed2/element HTTP/1.1
User-Agent: selenium/4.9.1 (java windows)
Content-Length: 94
Content-Type: application/json; charset=utf-8
host: localhost:4444
accept: */*

Response DefaultHttpResponse(decodeResult: success, version: HTTP/1.1)
HTTP/1.1 404 Not Found
content-length: 944
content-type: application/json; charset=utf-8
cache-control: no-cache

19:58:30.456 [AsyncHttpClient-1-2] DEBUG o.a.netty.channel.ChannelManager - Adding key: http://localhost:4444 for channel [id: 0x602a4ff4, L:/127.0.0.1:65154 - R:localhost/127.0.0.1:4444]
19:58:30.962 [Forwarding findElement on session 30001ab78242fb900294c07c93657ed2 to remote] DEBUG o.a.netty.request.NettyRequestSender - Using pooled Channel '[id: 0x602a4ff4, L:/127.0.0.1:65154 - R:localhost/127.0.0.1:4444]' for 'POST' to 'http://localhost:4444/wd/hub/session/30001ab78242fb900294c07c93657ed2/element'
19:58:30.962 [Forwarding findElement on session 30001ab78242fb900294c07c93657ed2 to remote] DEBUG o.a.netty.request.NettyRequestSender - Using open Channel [id: 0x602a4ff4, L:/127.0.0.1:65154 - R:localhost/127.0.0.1:4444] for POST '/wd/hub/session/30001ab78242fb900294c07c93657ed2/element'
19:58:30.984 [AsyncHttpClient-1-2] DEBUG o.a.netty.handler.HttpHandler - 

Request DefaultHttpRequest(decodeResult: success, version: HTTP/1.1)
POST /wd/hub/session/30001ab78242fb900294c07c93657ed2/element HTTP/1.1
User-Agent: selenium/4.9.1 (java windows)
Content-Length: 94
Content-Type: application/json; charset=utf-8
host: localhost:4444
accept: */*

Response DefaultHttpResponse(decodeResult: success, version: HTTP/1.1)
HTTP/1.1 404 Not Found
content-length: 944
content-type: application/json; charset=utf-8
cache-control: no-cache

19:58:30.985 [AsyncHttpClient-1-2] DEBUG o.a.netty.channel.ChannelManager - Adding key: http://localhost:4444 for channel [id: 0x602a4ff4, L:/127.0.0.1:65154 - R:localhost/127.0.0.1:4444]
19:58:31.270 [AsyncHttpClient-1-1] DEBUG o.a.netty.channel.DefaultChannelPool - Entry count for : http://localhost:4444 : 1
19:58:31.503 [Forwarding findElement on session 30001ab78242fb900294c07c93657ed2 to remote] DEBUG o.a.netty.request.NettyRequestSender - Using pooled Channel '[id: 0x602a4ff4, L:/127.0.0.1:65154 - R:localhost/127.0.0.1:4444]' for 'POST' to 'http://localhost:4444/wd/hub/session/30001ab78242fb900294c07c93657ed2/element'
19:58:31.503 [Forwarding findElement on session 30001ab78242fb900294c07c93657ed2 to remote] DEBUG o.a.netty.request.NettyRequestSender - Using open Channel [id: 0x602a4ff4, L:/127.0.0.1:65154 - R:localhost/127.0.0.1:4444] for POST '/wd/hub/session/30001ab78242fb900294c07c93657ed2/element'
19:58:31.525 [AsyncHttpClient-1-2] DEBUG o.a.netty.handler.HttpHandler - 

Request DefaultHttpRequest(decodeResult: success, version: HTTP/1.1)
POST /wd/hub/session/30001ab78242fb900294c07c93657ed2/element HTTP/1.1
User-Agent: selenium/4.9.1 (java windows)
Content-Length: 94
Content-Type: application/json; charset=utf-8
host: localhost:4444
accept: */*

Response DefaultHttpResponse(decodeResult: success, version: HTTP/1.1)
HTTP/1.1 404 Not Found
content-length: 944
content-type: application/json; charset=utf-8
cache-control: no-cache

19:58:31.526 [AsyncHttpClient-1-2] DEBUG o.a.netty.channel.ChannelManager - Adding key: http://localhost:4444 for channel [id: 0x602a4ff4, L:/127.0.0.1:65154 - R:localhost/127.0.0.1:4444]
19:58:32.034 [Forwarding findElement on session 30001ab78242fb900294c07c93657ed2 to remote] DEBUG o.a.netty.request.NettyRequestSender - Using pooled Channel '[id: 0x602a4ff4, L:/127.0.0.1:65154 - R:localhost/127.0.0.1:4444]' for 'POST' to 'http://localhost:4444/wd/hub/session/30001ab78242fb900294c07c93657ed2/element'
19:58:32.035 [Forwarding findElement on session 30001ab78242fb900294c07c93657ed2 to remote] DEBUG o.a.netty.request.NettyRequestSender - Using open Channel [id: 0x602a4ff4, L:/127.0.0.1:65154 - R:localhost/127.0.0.1:4444] for POST '/wd/hub/session/30001ab78242fb900294c07c93657ed2/element'
19:58:32.059 [AsyncHttpClient-1-2] DEBUG o.a.netty.handler.HttpHandler - 

Request DefaultHttpRequest(decodeResult: success, version: HTTP/1.1)
POST /wd/hub/session/30001ab78242fb900294c07c93657ed2/element HTTP/1.1
User-Agent: selenium/4.9.1 (java windows)
Content-Length: 94
Content-Type: application/json; charset=utf-8
host: localhost:4444
accept: */*

Response DefaultHttpResponse(decodeResult: success, version: HTTP/1.1)
HTTP/1.1 404 Not Found
content-length: 944
content-type: application/json; charset=utf-8
cache-control: no-cache

19:58:32.059 [AsyncHttpClient-1-2] DEBUG o.a.netty.channel.ChannelManager - Adding key: http://localhost:4444 for channel [id: 0x602a4ff4, L:/127.0.0.1:65154 - R:localhost/127.0.0.1:4444]
19:58:32.363 [AsyncHttpClient-1-1] DEBUG o.a.netty.channel.DefaultChannelPool - Entry count for : http://localhost:4444 : 1
19:58:32.569 [Forwarding findElement on session 30001ab78242fb900294c07c93657ed2 to remote] DEBUG o.a.netty.request.NettyRequestSender - Using pooled Channel '[id: 0x602a4ff4, L:/127.0.0.1:65154 - R:localhost/127.0.0.1:4444]' for 'POST' to 'http://localhost:4444/wd/hub/session/30001ab78242fb900294c07c93657ed2/element'
19:58:32.569 [Forwarding findElement on session 30001ab78242fb900294c07c93657ed2 to remote] DEBUG o.a.netty.request.NettyRequestSender - Using open Channel [id: 0x602a4ff4, L:/127.0.0.1:65154 - R:localhost/127.0.0.1:4444] for POST '/wd/hub/session/30001ab78242fb900294c07c93657ed2/element'
19:58:32.615 [AsyncHttpClient-1-2] DEBUG o.a.netty.handler.HttpHandler - 

Request DefaultHttpRequest(decodeResult: success, version: HTTP/1.1)
POST /wd/hub/session/30001ab78242fb900294c07c93657ed2/element HTTP/1.1
User-Agent: selenium/4.9.1 (java windows)
Content-Length: 94
Content-Type: application/json; charset=utf-8
host: localhost:4444
accept: */*

Response DefaultHttpResponse(decodeResult: success, version: HTTP/1.1)
HTTP/1.1 404 Not Found
content-length: 944
content-type: application/json; charset=utf-8
cache-control: no-cache

19:58:32.616 [AsyncHttpClient-1-2] DEBUG o.a.netty.channel.ChannelManager - Adding key: http://localhost:4444 for channel [id: 0x602a4ff4, L:/127.0.0.1:65154 - R:localhost/127.0.0.1:4444]
19:58:33.130 [Forwarding findElement on session 30001ab78242fb900294c07c93657ed2 to remote] DEBUG o.a.netty.request.NettyRequestSender - Using pooled Channel '[id: 0x602a4ff4, L:/127.0.0.1:65154 - R:localhost/127.0.0.1:4444]' for 'POST' to 'http://localhost:4444/wd/hub/session/30001ab78242fb900294c07c93657ed2/element'
19:58:33.131 [Forwarding findElement on session 30001ab78242fb900294c07c93657ed2 to remote] DEBUG o.a.netty.request.NettyRequestSender - Using open Channel [id: 0x602a4ff4, L:/127.0.0.1:65154 - R:localhost/127.0.0.1:4444] for POST '/wd/hub/session/30001ab78242fb900294c07c93657ed2/element'
19:58:33.165 [AsyncHttpClient-1-2] DEBUG o.a.netty.handler.HttpHandler - 

Request DefaultHttpRequest(decodeResult: success, version: HTTP/1.1)
POST /wd/hub/session/30001ab78242fb900294c07c93657ed2/element HTTP/1.1
User-Agent: selenium/4.9.1 (java windows)
Content-Length: 94
Content-Type: application/json; charset=utf-8
host: localhost:4444
accept: */*

Response DefaultHttpResponse(decodeResult: success, version: HTTP/1.1)
HTTP/1.1 404 Not Found
content-length: 944
content-type: application/json; charset=utf-8
cache-control: no-cache

19:58:33.166 [AsyncHttpClient-1-2] DEBUG o.a.netty.channel.ChannelManager - Adding key: http://localhost:4444 for channel [id: 0x602a4ff4, L:/127.0.0.1:65154 - R:localhost/127.0.0.1:4444]
19:58:33.474 [AsyncHttpClient-1-1] DEBUG o.a.netty.channel.DefaultChannelPool - Entry count for : http://localhost:4444 : 1
19:58:33.678 [Forwarding findElement on session 30001ab78242fb900294c07c93657ed2 to remote] DEBUG o.a.netty.request.NettyRequestSender - Using pooled Channel '[id: 0x602a4ff4, L:/127.0.0.1:65154 - R:localhost/127.0.0.1:4444]' for 'POST' to 'http://localhost:4444/wd/hub/session/30001ab78242fb900294c07c93657ed2/element'
19:58:33.678 [Forwarding findElement on session 30001ab78242fb900294c07c93657ed2 to remote] DEBUG o.a.netty.request.NettyRequestSender - Using open Channel [id: 0x602a4ff4, L:/127.0.0.1:65154 - R:localhost/127.0.0.1:4444] for POST '/wd/hub/session/30001ab78242fb900294c07c93657ed2/element'
19:58:33.699 [AsyncHttpClient-1-2] DEBUG o.a.netty.handler.HttpHandler - 

Request DefaultHttpRequest(decodeResult: success, version: HTTP/1.1)
POST /wd/hub/session/30001ab78242fb900294c07c93657ed2/element HTTP/1.1
User-Agent: selenium/4.9.1 (java windows)
Content-Length: 94
Content-Type: application/json; charset=utf-8
host: localhost:4444
accept: */*

Response DefaultHttpResponse(decodeResult: success, version: HTTP/1.1)
HTTP/1.1 404 Not Found
content-length: 944
content-type: application/json; charset=utf-8
cache-control: no-cache

19:58:33.700 [AsyncHttpClient-1-2] DEBUG o.a.netty.channel.ChannelManager - Adding key: http://localhost:4444 for channel [id: 0x602a4ff4, L:/127.0.0.1:65154 - R:localhost/127.0.0.1:4444]
19:58:34.207 [Forwarding findElement on session 30001ab78242fb900294c07c93657ed2 to remote] DEBUG o.a.netty.request.NettyRequestSender - Using pooled Channel '[id: 0x602a4ff4, L:/127.0.0.1:65154 - R:localhost/127.0.0.1:4444]' for 'POST' to 'http://localhost:4444/wd/hub/session/30001ab78242fb900294c07c93657ed2/element'
19:58:34.208 [Forwarding findElement on session 30001ab78242fb900294c07c93657ed2 to remote] DEBUG o.a.netty.request.NettyRequestSender - Using open Channel [id: 0x602a4ff4, L:/127.0.0.1:65154 - R:localhost/127.0.0.1:4444] for POST '/wd/hub/session/30001ab78242fb900294c07c93657ed2/element'
19:58:34.246 [AsyncHttpClient-1-2] DEBUG o.a.netty.handler.HttpHandler - 

Request DefaultHttpRequest(decodeResult: success, version: HTTP/1.1)
POST /wd/hub/session/30001ab78242fb900294c07c93657ed2/element HTTP/1.1
User-Agent: selenium/4.9.1 (java windows)
Content-Length: 94
Content-Type: application/json; charset=utf-8
host: localhost:4444
accept: */*

Response DefaultHttpResponse(decodeResult: success, version: HTTP/1.1)
HTTP/1.1 404 Not Found
content-length: 944
content-type: application/json; charset=utf-8
cache-control: no-cache

19:58:34.247 [AsyncHttpClient-1-2] DEBUG o.a.netty.channel.ChannelManager - Adding key: http://localhost:4444 for channel [id: 0x602a4ff4, L:/127.0.0.1:65154 - R:localhost/127.0.0.1:4444]
19:58:34.566 [AsyncHttpClient-1-1] DEBUG o.a.netty.channel.DefaultChannelPool - Entry count for : http://localhost:4444 : 1
19:58:34.754 [Forwarding findElement on session 30001ab78242fb900294c07c93657ed2 to remote] DEBUG o.a.netty.request.NettyRequestSender - Using pooled Channel '[id: 0x602a4ff4, L:/127.0.0.1:65154 - R:localhost/127.0.0.1:4444]' for 'POST' to 'http://localhost:4444/wd/hub/session/30001ab78242fb900294c07c93657ed2/element'
19:58:34.754 [Forwarding findElement on session 30001ab78242fb900294c07c93657ed2 to remote] DEBUG o.a.netty.request.NettyRequestSender - Using open Channel [id: 0x602a4ff4, L:/127.0.0.1:65154 - R:localhost/127.0.0.1:4444] for POST '/wd/hub/session/30001ab78242fb900294c07c93657ed2/element'
19:58:34.790 [AsyncHttpClient-1-2] DEBUG o.a.netty.handler.HttpHandler - 

Request DefaultHttpRequest(decodeResult: success, version: HTTP/1.1)
POST /wd/hub/session/30001ab78242fb900294c07c93657ed2/element HTTP/1.1
User-Agent: selenium/4.9.1 (java windows)
Content-Length: 94
Content-Type: application/json; charset=utf-8
host: localhost:4444
accept: */*

Response DefaultHttpResponse(decodeResult: success, version: HTTP/1.1)
HTTP/1.1 404 Not Found
content-length: 944
content-type: application/json; charset=utf-8
cache-control: no-cache

19:58:34.791 [AsyncHttpClient-1-2] DEBUG o.a.netty.channel.ChannelManager - Adding key: http://localhost:4444 for channel [id: 0x602a4ff4, L:/127.0.0.1:65154 - R:localhost/127.0.0.1:4444]
19:58:35.301 [Forwarding findElement on session 30001ab78242fb900294c07c93657ed2 to remote] DEBUG o.a.netty.request.NettyRequestSender - Using pooled Channel '[id: 0x602a4ff4, L:/127.0.0.1:65154 - R:localhost/127.0.0.1:4444]' for 'POST' to 'http://localhost:4444/wd/hub/session/30001ab78242fb900294c07c93657ed2/element'
19:58:35.301 [Forwarding findElement on session 30001ab78242fb900294c07c93657ed2 to remote] DEBUG o.a.netty.request.NettyRequestSender - Using open Channel [id: 0x602a4ff4, L:/127.0.0.1:65154 - R:localhost/127.0.0.1:4444] for POST '/wd/hub/session/30001ab78242fb900294c07c93657ed2/element'
19:58:35.337 [AsyncHttpClient-1-2] DEBUG o.a.netty.handler.HttpHandler - 

Request DefaultHttpRequest(decodeResult: success, version: HTTP/1.1)
POST /wd/hub/session/30001ab78242fb900294c07c93657ed2/element HTTP/1.1
User-Agent: selenium/4.9.1 (java windows)
Content-Length: 94
Content-Type: application/json; charset=utf-8
host: localhost:4444
accept: */*

Response DefaultHttpResponse(decodeResult: success, version: HTTP/1.1)
HTTP/1.1 404 Not Found
content-length: 944
content-type: application/json; charset=utf-8
cache-control: no-cache

19:58:35.338 [AsyncHttpClient-1-2] DEBUG o.a.netty.channel.ChannelManager - Adding key: http://localhost:4444 for channel [id: 0x602a4ff4, L:/127.0.0.1:65154 - R:localhost/127.0.0.1:4444]
19:58:35.674 [AsyncHttpClient-1-1] DEBUG o.a.netty.channel.DefaultChannelPool - Entry count for : http://localhost:4444 : 1
19:58:35.844 [Forwarding findElement on session 30001ab78242fb900294c07c93657ed2 to remote] DEBUG o.a.netty.request.NettyRequestSender - Using pooled Channel '[id: 0x602a4ff4, L:/127.0.0.1:65154 - R:localhost/127.0.0.1:4444]' for 'POST' to 'http://localhost:4444/wd/hub/session/30001ab78242fb900294c07c93657ed2/element'
19:58:35.844 [Forwarding findElement on session 30001ab78242fb900294c07c93657ed2 to remote] DEBUG o.a.netty.request.NettyRequestSender - Using open Channel [id: 0x602a4ff4, L:/127.0.0.1:65154 - R:localhost/127.0.0.1:4444] for POST '/wd/hub/session/30001ab78242fb900294c07c93657ed2/element'
19:58:35.973 [AsyncHttpClient-1-2] DEBUG o.a.netty.handler.HttpHandler - 

Request DefaultHttpRequest(decodeResult: success, version: HTTP/1.1)
POST /wd/hub/session/30001ab78242fb900294c07c93657ed2/element HTTP/1.1
User-Agent: selenium/4.9.1 (java windows)
Content-Length: 94
Content-Type: application/json; charset=utf-8
host: localhost:4444
accept: */*

Response DefaultHttpResponse(decodeResult: success, version: HTTP/1.1)
HTTP/1.1 404 Not Found
content-length: 944
content-type: application/json; charset=utf-8
cache-control: no-cache

19:58:35.974 [AsyncHttpClient-1-2] DEBUG o.a.netty.channel.ChannelManager - Adding key: http://localhost:4444 for channel [id: 0x602a4ff4, L:/127.0.0.1:65154 - R:localhost/127.0.0.1:4444]
19:58:36.483 [Forwarding findElement on session 30001ab78242fb900294c07c93657ed2 to remote] DEBUG o.a.netty.request.NettyRequestSender - Using pooled Channel '[id: 0x602a4ff4, L:/127.0.0.1:65154 - R:localhost/127.0.0.1:4444]' for 'POST' to 'http://localhost:4444/wd/hub/session/30001ab78242fb900294c07c93657ed2/element'
19:58:36.483 [Forwarding findElement on session 30001ab78242fb900294c07c93657ed2 to remote] DEBUG o.a.netty.request.NettyRequestSender - Using open Channel [id: 0x602a4ff4, L:/127.0.0.1:65154 - R:localhost/127.0.0.1:4444] for POST '/wd/hub/session/30001ab78242fb900294c07c93657ed2/element'
19:58:36.521 [AsyncHttpClient-1-2] DEBUG o.a.netty.handler.HttpHandler - 

Request DefaultHttpRequest(decodeResult: success, version: HTTP/1.1)
POST /wd/hub/session/30001ab78242fb900294c07c93657ed2/element HTTP/1.1
User-Agent: selenium/4.9.1 (java windows)
Content-Length: 94
Content-Type: application/json; charset=utf-8
host: localhost:4444
accept: */*

Response DefaultHttpResponse(decodeResult: success, version: HTTP/1.1)
HTTP/1.1 404 Not Found
content-length: 944
content-type: application/json; charset=utf-8
cache-control: no-cache

19:58:36.522 [AsyncHttpClient-1-2] DEBUG o.a.netty.channel.ChannelManager - Adding key: http://localhost:4444 for channel [id: 0x602a4ff4, L:/127.0.0.1:65154 - R:localhost/127.0.0.1:4444]
19:58:36.762 [AsyncHttpClient-1-1] DEBUG o.a.netty.channel.DefaultChannelPool - Entry count for : http://localhost:4444 : 1
19:58:37.033 [Forwarding findElement on session 30001ab78242fb900294c07c93657ed2 to remote] DEBUG o.a.netty.request.NettyRequestSender - Using pooled Channel '[id: 0x602a4ff4, L:/127.0.0.1:65154 - R:localhost/127.0.0.1:4444]' for 'POST' to 'http://localhost:4444/wd/hub/session/30001ab78242fb900294c07c93657ed2/element'
19:58:37.033 [Forwarding findElement on session 30001ab78242fb900294c07c93657ed2 to remote] DEBUG o.a.netty.request.NettyRequestSender - Using open Channel [id: 0x602a4ff4, L:/127.0.0.1:65154 - R:localhost/127.0.0.1:4444] for POST '/wd/hub/session/30001ab78242fb900294c07c93657ed2/element'
19:58:37.067 [AsyncHttpClient-1-2] DEBUG o.a.netty.handler.HttpHandler - 

Request DefaultHttpRequest(decodeResult: success, version: HTTP/1.1)
POST /wd/hub/session/30001ab78242fb900294c07c93657ed2/element HTTP/1.1
User-Agent: selenium/4.9.1 (java windows)
Content-Length: 94
Content-Type: application/json; charset=utf-8
host: localhost:4444
accept: */*

Response DefaultHttpResponse(decodeResult: success, version: HTTP/1.1)
HTTP/1.1 404 Not Found
content-length: 944
content-type: application/json; charset=utf-8
cache-control: no-cache

19:58:37.068 [AsyncHttpClient-1-2] DEBUG o.a.netty.channel.ChannelManager - Adding key: http://localhost:4444 for channel [id: 0x602a4ff4, L:/127.0.0.1:65154 - R:localhost/127.0.0.1:4444]
19:58:37.582 [Forwarding findElement on session 30001ab78242fb900294c07c93657ed2 to remote] DEBUG o.a.netty.request.NettyRequestSender - Using pooled Channel '[id: 0x602a4ff4, L:/127.0.0.1:65154 - R:localhost/127.0.0.1:4444]' for 'POST' to 'http://localhost:4444/wd/hub/session/30001ab78242fb900294c07c93657ed2/element'
19:58:37.582 [Forwarding findElement on session 30001ab78242fb900294c07c93657ed2 to remote] DEBUG o.a.netty.request.NettyRequestSender - Using open Channel [id: 0x602a4ff4, L:/127.0.0.1:65154 - R:localhost/127.0.0.1:4444] for POST '/wd/hub/session/30001ab78242fb900294c07c93657ed2/element'
19:58:37.622 [AsyncHttpClient-1-2] DEBUG o.a.netty.handler.HttpHandler - 

Request DefaultHttpRequest(decodeResult: success, version: HTTP/1.1)
POST /wd/hub/session/30001ab78242fb900294c07c93657ed2/element HTTP/1.1
User-Agent: selenium/4.9.1 (java windows)
Content-Length: 94
Content-Type: application/json; charset=utf-8
host: localhost:4444
accept: */*

Response DefaultHttpResponse(decodeResult: success, version: HTTP/1.1)
HTTP/1.1 404 Not Found
content-length: 944
content-type: application/json; charset=utf-8
cache-control: no-cache

19:58:37.623 [AsyncHttpClient-1-2] DEBUG o.a.netty.channel.ChannelManager - Adding key: http://localhost:4444 for channel [id: 0x602a4ff4, L:/127.0.0.1:65154 - R:localhost/127.0.0.1:4444]
19:58:37.862 [AsyncHttpClient-1-1] DEBUG o.a.netty.channel.DefaultChannelPool - Entry count for : http://localhost:4444 : 1
19:58:38.133 [Forwarding findElement on session 30001ab78242fb900294c07c93657ed2 to remote] DEBUG o.a.netty.request.NettyRequestSender - Using pooled Channel '[id: 0x602a4ff4, L:/127.0.0.1:65154 - R:localhost/127.0.0.1:4444]' for 'POST' to 'http://localhost:4444/wd/hub/session/30001ab78242fb900294c07c93657ed2/element'
19:58:38.134 [Forwarding findElement on session 30001ab78242fb900294c07c93657ed2 to remote] DEBUG o.a.netty.request.NettyRequestSender - Using open Channel [id: 0x602a4ff4, L:/127.0.0.1:65154 - R:localhost/127.0.0.1:4444] for POST '/wd/hub/session/30001ab78242fb900294c07c93657ed2/element'
19:58:38.169 [AsyncHttpClient-1-2] DEBUG o.a.netty.handler.HttpHandler - 

Request DefaultHttpRequest(decodeResult: success, version: HTTP/1.1)
POST /wd/hub/session/30001ab78242fb900294c07c93657ed2/element HTTP/1.1
User-Agent: selenium/4.9.1 (java windows)
Content-Length: 94
Content-Type: application/json; charset=utf-8
host: localhost:4444
accept: */*

Response DefaultHttpResponse(decodeResult: success, version: HTTP/1.1)
HTTP/1.1 404 Not Found
content-length: 944
content-type: application/json; charset=utf-8
cache-control: no-cache

19:58:38.170 [AsyncHttpClient-1-2] DEBUG o.a.netty.channel.ChannelManager - Adding key: http://localhost:4444 for channel [id: 0x602a4ff4, L:/127.0.0.1:65154 - R:localhost/127.0.0.1:4444]
19:58:38.678 [Forwarding findElement on session 30001ab78242fb900294c07c93657ed2 to remote] DEBUG o.a.netty.request.NettyRequestSender - Using pooled Channel '[id: 0x602a4ff4, L:/127.0.0.1:65154 - R:localhost/127.0.0.1:4444]' for 'POST' to 'http://localhost:4444/wd/hub/session/30001ab78242fb900294c07c93657ed2/element'
19:58:38.679 [Forwarding findElement on session 30001ab78242fb900294c07c93657ed2 to remote] DEBUG o.a.netty.request.NettyRequestSender - Using open Channel [id: 0x602a4ff4, L:/127.0.0.1:65154 - R:localhost/127.0.0.1:4444] for POST '/wd/hub/session/30001ab78242fb900294c07c93657ed2/element'
19:58:38.711 [AsyncHttpClient-1-2] DEBUG o.a.netty.handler.HttpHandler - 

Request DefaultHttpRequest(decodeResult: success, version: HTTP/1.1)
POST /wd/hub/session/30001ab78242fb900294c07c93657ed2/element HTTP/1.1
User-Agent: selenium/4.9.1 (java windows)
Content-Length: 94
Content-Type: application/json; charset=utf-8
host: localhost:4444
accept: */*

Response DefaultHttpResponse(decodeResult: success, version: HTTP/1.1)
HTTP/1.1 404 Not Found
content-length: 944
content-type: application/json; charset=utf-8
cache-control: no-cache

19:58:38.712 [AsyncHttpClient-1-2] DEBUG o.a.netty.channel.ChannelManager - Adding key: http://localhost:4444 for channel [id: 0x602a4ff4, L:/127.0.0.1:65154 - R:localhost/127.0.0.1:4444]
19:58:38.973 [AsyncHttpClient-1-1] DEBUG o.a.netty.channel.DefaultChannelPool - Entry count for : http://localhost:4444 : 1
19:58:39.226 [Forwarding findElement on session 30001ab78242fb900294c07c93657ed2 to remote] DEBUG o.a.netty.request.NettyRequestSender - Using pooled Channel '[id: 0x602a4ff4, L:/127.0.0.1:65154 - R:localhost/127.0.0.1:4444]' for 'POST' to 'http://localhost:4444/wd/hub/session/30001ab78242fb900294c07c93657ed2/element'
19:58:39.226 [Forwarding findElement on session 30001ab78242fb900294c07c93657ed2 to remote] DEBUG o.a.netty.request.NettyRequestSender - Using open Channel [id: 0x602a4ff4, L:/127.0.0.1:65154 - R:localhost/127.0.0.1:4444] for POST '/wd/hub/session/30001ab78242fb900294c07c93657ed2/element'
19:58:39.264 [AsyncHttpClient-1-2] DEBUG o.a.netty.handler.HttpHandler - 

Request DefaultHttpRequest(decodeResult: success, version: HTTP/1.1)
POST /wd/hub/session/30001ab78242fb900294c07c93657ed2/element HTTP/1.1
User-Agent: selenium/4.9.1 (java windows)
Content-Length: 94
Content-Type: application/json; charset=utf-8
host: localhost:4444
accept: */*

Response DefaultHttpResponse(decodeResult: success, version: HTTP/1.1)
HTTP/1.1 404 Not Found
content-length: 944
content-type: application/json; charset=utf-8
cache-control: no-cache

19:58:39.265 [AsyncHttpClient-1-2] DEBUG o.a.netty.channel.ChannelManager - Adding key: http://localhost:4444 for channel [id: 0x602a4ff4, L:/127.0.0.1:65154 - R:localhost/127.0.0.1:4444]
19:58:39.781 [Forwarding findElement on session 30001ab78242fb900294c07c93657ed2 to remote] DEBUG o.a.netty.request.NettyRequestSender - Using pooled Channel '[id: 0x602a4ff4, L:/127.0.0.1:65154 - R:localhost/127.0.0.1:4444]' for 'POST' to 'http://localhost:4444/wd/hub/session/30001ab78242fb900294c07c93657ed2/element'
19:58:39.781 [Forwarding findElement on session 30001ab78242fb900294c07c93657ed2 to remote] DEBUG o.a.netty.request.NettyRequestSender - Using open Channel [id: 0x602a4ff4, L:/127.0.0.1:65154 - R:localhost/127.0.0.1:4444] for POST '/wd/hub/session/30001ab78242fb900294c07c93657ed2/element'
19:58:39.814 [AsyncHttpClient-1-2] DEBUG o.a.netty.handler.HttpHandler - 

Request DefaultHttpRequest(decodeResult: success, version: HTTP/1.1)
POST /wd/hub/session/30001ab78242fb900294c07c93657ed2/element HTTP/1.1
User-Agent: selenium/4.9.1 (java windows)
Content-Length: 94
Content-Type: application/json; charset=utf-8
host: localhost:4444
accept: */*

Response DefaultHttpResponse(decodeResult: success, version: HTTP/1.1)
HTTP/1.1 404 Not Found
content-length: 944
content-type: application/json; charset=utf-8
cache-control: no-cache

19:58:39.815 [AsyncHttpClient-1-2] DEBUG o.a.netty.channel.ChannelManager - Adding key: http://localhost:4444 for channel [id: 0x602a4ff4, L:/127.0.0.1:65154 - R:localhost/127.0.0.1:4444]
19:58:40.073 [AsyncHttpClient-1-1] DEBUG o.a.netty.channel.DefaultChannelPool - Entry count for : http://localhost:4444 : 1
19:58:40.326 [Forwarding findElement on session 30001ab78242fb900294c07c93657ed2 to remote] DEBUG o.a.netty.request.NettyRequestSender - Using pooled Channel '[id: 0x602a4ff4, L:/127.0.0.1:65154 - R:localhost/127.0.0.1:4444]' for 'POST' to 'http://localhost:4444/wd/hub/session/30001ab78242fb900294c07c93657ed2/element'
19:58:40.326 [Forwarding findElement on session 30001ab78242fb900294c07c93657ed2 to remote] DEBUG o.a.netty.request.NettyRequestSender - Using open Channel [id: 0x602a4ff4, L:/127.0.0.1:65154 - R:localhost/127.0.0.1:4444] for POST '/wd/hub/session/30001ab78242fb900294c07c93657ed2/element'
19:58:40.359 [AsyncHttpClient-1-2] DEBUG o.a.netty.handler.HttpHandler - 

Request DefaultHttpRequest(decodeResult: success, version: HTTP/1.1)
POST /wd/hub/session/30001ab78242fb900294c07c93657ed2/element HTTP/1.1
User-Agent: selenium/4.9.1 (java windows)
Content-Length: 94
Content-Type: application/json; charset=utf-8
host: localhost:4444
accept: */*

Response DefaultHttpResponse(decodeResult: success, version: HTTP/1.1)
HTTP/1.1 404 Not Found
content-length: 944
content-type: application/json; charset=utf-8
cache-control: no-cache

19:58:40.360 [AsyncHttpClient-1-2] DEBUG o.a.netty.channel.ChannelManager - Adding key: http://localhost:4444 for channel [id: 0x602a4ff4, L:/127.0.0.1:65154 - R:localhost/127.0.0.1:4444]
19:58:40.870 [Forwarding findElement on session 30001ab78242fb900294c07c93657ed2 to remote] DEBUG o.a.netty.request.NettyRequestSender - Using pooled Channel '[id: 0x602a4ff4, L:/127.0.0.1:65154 - R:localhost/127.0.0.1:4444]' for 'POST' to 'http://localhost:4444/wd/hub/session/30001ab78242fb900294c07c93657ed2/element'
19:58:40.870 [Forwarding findElement on session 30001ab78242fb900294c07c93657ed2 to remote] DEBUG o.a.netty.request.NettyRequestSender - Using open Channel [id: 0x602a4ff4, L:/127.0.0.1:65154 - R:localhost/127.0.0.1:4444] for POST '/wd/hub/session/30001ab78242fb900294c07c93657ed2/element'
19:58:40.904 [AsyncHttpClient-1-2] DEBUG o.a.netty.handler.HttpHandler - 

Request DefaultHttpRequest(decodeResult: success, version: HTTP/1.1)
POST /wd/hub/session/30001ab78242fb900294c07c93657ed2/element HTTP/1.1
User-Agent: selenium/4.9.1 (java windows)
Content-Length: 94
Content-Type: application/json; charset=utf-8
host: localhost:4444
accept: */*

Response DefaultHttpResponse(decodeResult: success, version: HTTP/1.1)
HTTP/1.1 404 Not Found
content-length: 944
content-type: application/json; charset=utf-8
cache-control: no-cache

19:58:40.905 [AsyncHttpClient-1-2] DEBUG o.a.netty.channel.ChannelManager - Adding key: http://localhost:4444 for channel [id: 0x602a4ff4, L:/127.0.0.1:65154 - R:localhost/127.0.0.1:4444]
19:58:41.165 [AsyncHttpClient-1-1] DEBUG o.a.netty.channel.DefaultChannelPool - Entry count for : http://localhost:4444 : 1
19:58:41.418 [Forwarding findElement on session 30001ab78242fb900294c07c93657ed2 to remote] DEBUG o.a.netty.request.NettyRequestSender - Using pooled Channel '[id: 0x602a4ff4, L:/127.0.0.1:65154 - R:localhost/127.0.0.1:4444]' for 'POST' to 'http://localhost:4444/wd/hub/session/30001ab78242fb900294c07c93657ed2/element'
19:58:41.418 [Forwarding findElement on session 30001ab78242fb900294c07c93657ed2 to remote] DEBUG o.a.netty.request.NettyRequestSender - Using open Channel [id: 0x602a4ff4, L:/127.0.0.1:65154 - R:localhost/127.0.0.1:4444] for POST '/wd/hub/session/30001ab78242fb900294c07c93657ed2/element'
19:58:41.450 [AsyncHttpClient-1-2] DEBUG o.a.netty.handler.HttpHandler - 

Request DefaultHttpRequest(decodeResult: success, version: HTTP/1.1)
POST /wd/hub/session/30001ab78242fb900294c07c93657ed2/element HTTP/1.1
User-Agent: selenium/4.9.1 (java windows)
Content-Length: 94
Content-Type: application/json; charset=utf-8
host: localhost:4444
accept: */*

Response DefaultHttpResponse(decodeResult: success, version: HTTP/1.1)
HTTP/1.1 404 Not Found
content-length: 944
content-type: application/json; charset=utf-8
cache-control: no-cache

19:58:41.451 [AsyncHttpClient-1-2] DEBUG o.a.netty.channel.ChannelManager - Adding key: http://localhost:4444 for channel [id: 0x602a4ff4, L:/127.0.0.1:65154 - R:localhost/127.0.0.1:4444]
19:58:41.962 [Forwarding findElement on session 30001ab78242fb900294c07c93657ed2 to remote] DEBUG o.a.netty.request.NettyRequestSender - Using pooled Channel '[id: 0x602a4ff4, L:/127.0.0.1:65154 - R:localhost/127.0.0.1:4444]' for 'POST' to 'http://localhost:4444/wd/hub/session/30001ab78242fb900294c07c93657ed2/element'
19:58:41.963 [Forwarding findElement on session 30001ab78242fb900294c07c93657ed2 to remote] DEBUG o.a.netty.request.NettyRequestSender - Using open Channel [id: 0x602a4ff4, L:/127.0.0.1:65154 - R:localhost/127.0.0.1:4444] for POST '/wd/hub/session/30001ab78242fb900294c07c93657ed2/element'
19:58:41.993 [AsyncHttpClient-1-2] DEBUG o.a.netty.handler.HttpHandler - 

Request DefaultHttpRequest(decodeResult: success, version: HTTP/1.1)
POST /wd/hub/session/30001ab78242fb900294c07c93657ed2/element HTTP/1.1
User-Agent: selenium/4.9.1 (java windows)
Content-Length: 94
Content-Type: application/json; charset=utf-8
host: localhost:4444
accept: */*

Response DefaultHttpResponse(decodeResult: success, version: HTTP/1.1)
HTTP/1.1 404 Not Found
content-length: 944
content-type: application/json; charset=utf-8
cache-control: no-cache

19:58:41.994 [AsyncHttpClient-1-2] DEBUG o.a.netty.channel.ChannelManager - Adding key: http://localhost:4444 for channel [id: 0x602a4ff4, L:/127.0.0.1:65154 - R:localhost/127.0.0.1:4444]
19:58:42.269 [AsyncHttpClient-1-1] DEBUG o.a.netty.channel.DefaultChannelPool - Entry count for : http://localhost:4444 : 1
19:58:42.508 [Forwarding findElement on session 30001ab78242fb900294c07c93657ed2 to remote] DEBUG o.a.netty.request.NettyRequestSender - Using pooled Channel '[id: 0x602a4ff4, L:/127.0.0.1:65154 - R:localhost/127.0.0.1:4444]' for 'POST' to 'http://localhost:4444/wd/hub/session/30001ab78242fb900294c07c93657ed2/element'
19:58:42.508 [Forwarding findElement on session 30001ab78242fb900294c07c93657ed2 to remote] DEBUG o.a.netty.request.NettyRequestSender - Using open Channel [id: 0x602a4ff4, L:/127.0.0.1:65154 - R:localhost/127.0.0.1:4444] for POST '/wd/hub/session/30001ab78242fb900294c07c93657ed2/element'
19:58:42.547 [AsyncHttpClient-1-2] DEBUG o.a.netty.handler.HttpHandler - 

Request DefaultHttpRequest(decodeResult: success, version: HTTP/1.1)
POST /wd/hub/session/30001ab78242fb900294c07c93657ed2/element HTTP/1.1
User-Agent: selenium/4.9.1 (java windows)
Content-Length: 94
Content-Type: application/json; charset=utf-8
host: localhost:4444
accept: */*

Response DefaultHttpResponse(decodeResult: success, version: HTTP/1.1)
HTTP/1.1 404 Not Found
content-length: 944
content-type: application/json; charset=utf-8
cache-control: no-cache

19:58:42.548 [AsyncHttpClient-1-2] DEBUG o.a.netty.channel.ChannelManager - Adding key: http://localhost:4444 for channel [id: 0x602a4ff4, L:/127.0.0.1:65154 - R:localhost/127.0.0.1:4444]
19:58:43.069 [Forwarding findElement on session 30001ab78242fb900294c07c93657ed2 to remote] DEBUG o.a.netty.request.NettyRequestSender - Using pooled Channel '[id: 0x602a4ff4, L:/127.0.0.1:65154 - R:localhost/127.0.0.1:4444]' for 'POST' to 'http://localhost:4444/wd/hub/session/30001ab78242fb900294c07c93657ed2/element'
19:58:43.069 [Forwarding findElement on session 30001ab78242fb900294c07c93657ed2 to remote] DEBUG o.a.netty.request.NettyRequestSender - Using open Channel [id: 0x602a4ff4, L:/127.0.0.1:65154 - R:localhost/127.0.0.1:4444] for POST '/wd/hub/session/30001ab78242fb900294c07c93657ed2/element'
19:58:43.106 [AsyncHttpClient-1-2] DEBUG o.a.netty.handler.HttpHandler - 

Request DefaultHttpRequest(decodeResult: success, version: HTTP/1.1)
POST /wd/hub/session/30001ab78242fb900294c07c93657ed2/element HTTP/1.1
User-Agent: selenium/4.9.1 (java windows)
Content-Length: 94
Content-Type: application/json; charset=utf-8
host: localhost:4444
accept: */*

Response DefaultHttpResponse(decodeResult: success, version: HTTP/1.1)
HTTP/1.1 404 Not Found
content-length: 944
content-type: application/json; charset=utf-8
cache-control: no-cache

19:58:43.107 [AsyncHttpClient-1-2] DEBUG o.a.netty.channel.ChannelManager - Adding key: http://localhost:4444 for channel [id: 0x602a4ff4, L:/127.0.0.1:65154 - R:localhost/127.0.0.1:4444]
19:58:43.377 [AsyncHttpClient-1-1] DEBUG o.a.netty.channel.DefaultChannelPool - Entry count for : http://localhost:4444 : 1
19:58:43.614 [Forwarding findElement on session 30001ab78242fb900294c07c93657ed2 to remote] DEBUG o.a.netty.request.NettyRequestSender - Using pooled Channel '[id: 0x602a4ff4, L:/127.0.0.1:65154 - R:localhost/127.0.0.1:4444]' for 'POST' to 'http://localhost:4444/wd/hub/session/30001ab78242fb900294c07c93657ed2/element'
19:58:43.614 [Forwarding findElement on session 30001ab78242fb900294c07c93657ed2 to remote] DEBUG o.a.netty.request.NettyRequestSender - Using open Channel [id: 0x602a4ff4, L:/127.0.0.1:65154 - R:localhost/127.0.0.1:4444] for POST '/wd/hub/session/30001ab78242fb900294c07c93657ed2/element'
19:58:43.657 [AsyncHttpClient-1-2] DEBUG o.a.netty.handler.HttpHandler - 

Request DefaultHttpRequest(decodeResult: success, version: HTTP/1.1)
POST /wd/hub/session/30001ab78242fb900294c07c93657ed2/element HTTP/1.1
User-Agent: selenium/4.9.1 (java windows)
Content-Length: 94
Content-Type: application/json; charset=utf-8
host: localhost:4444
accept: */*

Response DefaultHttpResponse(decodeResult: success, version: HTTP/1.1)
HTTP/1.1 404 Not Found
content-length: 944
content-type: application/json; charset=utf-8
cache-control: no-cache

19:58:43.658 [AsyncHttpClient-1-2] DEBUG o.a.netty.channel.ChannelManager - Adding key: http://localhost:4444 for channel [id: 0x602a4ff4, L:/127.0.0.1:65154 - R:localhost/127.0.0.1:4444]
19:58:44.175 [Forwarding findElement on session 30001ab78242fb900294c07c93657ed2 to remote] DEBUG o.a.netty.request.NettyRequestSender - Using pooled Channel '[id: 0x602a4ff4, L:/127.0.0.1:65154 - R:localhost/127.0.0.1:4444]' for 'POST' to 'http://localhost:4444/wd/hub/session/30001ab78242fb900294c07c93657ed2/element'
19:58:44.176 [Forwarding findElement on session 30001ab78242fb900294c07c93657ed2 to remote] DEBUG o.a.netty.request.NettyRequestSender - Using open Channel [id: 0x602a4ff4, L:/127.0.0.1:65154 - R:localhost/127.0.0.1:4444] for POST '/wd/hub/session/30001ab78242fb900294c07c93657ed2/element'
19:58:44.193 [AsyncHttpClient-1-2] DEBUG o.a.netty.handler.HttpHandler - 

Request DefaultHttpRequest(decodeResult: success, version: HTTP/1.1)
POST /wd/hub/session/30001ab78242fb900294c07c93657ed2/element HTTP/1.1
User-Agent: selenium/4.9.1 (java windows)
Content-Length: 94
Content-Type: application/json; charset=utf-8
host: localhost:4444
accept: */*

Response DefaultHttpResponse(decodeResult: success, version: HTTP/1.1)
HTTP/1.1 404 Not Found
content-length: 944
content-type: application/json; charset=utf-8
cache-control: no-cache

19:58:44.194 [AsyncHttpClient-1-2] DEBUG o.a.netty.channel.ChannelManager - Adding key: http://localhost:4444 for channel [id: 0x602a4ff4, L:/127.0.0.1:65154 - R:localhost/127.0.0.1:4444]
19:58:44.472 [AsyncHttpClient-1-1] DEBUG o.a.netty.channel.DefaultChannelPool - Entry count for : http://localhost:4444 : 1
19:58:44.711 [Forwarding findElement on session 30001ab78242fb900294c07c93657ed2 to remote] DEBUG o.a.netty.request.NettyRequestSender - Using pooled Channel '[id: 0x602a4ff4, L:/127.0.0.1:65154 - R:localhost/127.0.0.1:4444]' for 'POST' to 'http://localhost:4444/wd/hub/session/30001ab78242fb900294c07c93657ed2/element'
19:58:44.711 [Forwarding findElement on session 30001ab78242fb900294c07c93657ed2 to remote] DEBUG o.a.netty.request.NettyRequestSender - Using open Channel [id: 0x602a4ff4, L:/127.0.0.1:65154 - R:localhost/127.0.0.1:4444] for POST '/wd/hub/session/30001ab78242fb900294c07c93657ed2/element'
19:58:44.748 [AsyncHttpClient-1-2] DEBUG o.a.netty.handler.HttpHandler - 

Request DefaultHttpRequest(decodeResult: success, version: HTTP/1.1)
POST /wd/hub/session/30001ab78242fb900294c07c93657ed2/element HTTP/1.1
User-Agent: selenium/4.9.1 (java windows)
Content-Length: 94
Content-Type: application/json; charset=utf-8
host: localhost:4444
accept: */*

Response DefaultHttpResponse(decodeResult: success, version: HTTP/1.1)
HTTP/1.1 404 Not Found
content-length: 944
content-type: application/json; charset=utf-8
cache-control: no-cache

19:58:44.748 [AsyncHttpClient-1-2] DEBUG o.a.netty.channel.ChannelManager - Adding key: http://localhost:4444 for channel [id: 0x602a4ff4, L:/127.0.0.1:65154 - R:localhost/127.0.0.1:4444]
19:58:45.260 [Forwarding findElement on session 30001ab78242fb900294c07c93657ed2 to remote] DEBUG o.a.netty.request.NettyRequestSender - Using pooled Channel '[id: 0x602a4ff4, L:/127.0.0.1:65154 - R:localhost/127.0.0.1:4444]' for 'POST' to 'http://localhost:4444/wd/hub/session/30001ab78242fb900294c07c93657ed2/element'
19:58:45.260 [Forwarding findElement on session 30001ab78242fb900294c07c93657ed2 to remote] DEBUG o.a.netty.request.NettyRequestSender - Using open Channel [id: 0x602a4ff4, L:/127.0.0.1:65154 - R:localhost/127.0.0.1:4444] for POST '/wd/hub/session/30001ab78242fb900294c07c93657ed2/element'
19:58:45.295 [AsyncHttpClient-1-2] DEBUG o.a.netty.handler.HttpHandler - 

Request DefaultHttpRequest(decodeResult: success, version: HTTP/1.1)
POST /wd/hub/session/30001ab78242fb900294c07c93657ed2/element HTTP/1.1
User-Agent: selenium/4.9.1 (java windows)
Content-Length: 94
Content-Type: application/json; charset=utf-8
host: localhost:4444
accept: */*

Response DefaultHttpResponse(decodeResult: success, version: HTTP/1.1)
HTTP/1.1 404 Not Found
content-length: 944
content-type: application/json; charset=utf-8
cache-control: no-cache

19:58:45.296 [AsyncHttpClient-1-2] DEBUG o.a.netty.channel.ChannelManager - Adding key: http://localhost:4444 for channel [id: 0x602a4ff4, L:/127.0.0.1:65154 - R:localhost/127.0.0.1:4444]
19:58:45.574 [AsyncHttpClient-1-1] DEBUG o.a.netty.channel.DefaultChannelPool - Entry count for : http://localhost:4444 : 1
19:58:45.812 [Forwarding findElement on session 30001ab78242fb900294c07c93657ed2 to remote] DEBUG o.a.netty.request.NettyRequestSender - Using pooled Channel '[id: 0x602a4ff4, L:/127.0.0.1:65154 - R:localhost/127.0.0.1:4444]' for 'POST' to 'http://localhost:4444/wd/hub/session/30001ab78242fb900294c07c93657ed2/element'
19:58:45.812 [Forwarding findElement on session 30001ab78242fb900294c07c93657ed2 to remote] DEBUG o.a.netty.request.NettyRequestSender - Using open Channel [id: 0x602a4ff4, L:/127.0.0.1:65154 - R:localhost/127.0.0.1:4444] for POST '/wd/hub/session/30001ab78242fb900294c07c93657ed2/element'
19:58:45.849 [AsyncHttpClient-1-2] DEBUG o.a.netty.handler.HttpHandler - 

Request DefaultHttpRequest(decodeResult: success, version: HTTP/1.1)
POST /wd/hub/session/30001ab78242fb900294c07c93657ed2/element HTTP/1.1
User-Agent: selenium/4.9.1 (java windows)
Content-Length: 94
Content-Type: application/json; charset=utf-8
host: localhost:4444
accept: */*

Response DefaultHttpResponse(decodeResult: success, version: HTTP/1.1)
HTTP/1.1 404 Not Found
content-length: 944
content-type: application/json; charset=utf-8
cache-control: no-cache

19:58:45.850 [AsyncHttpClient-1-2] DEBUG o.a.netty.channel.ChannelManager - Adding key: http://localhost:4444 for channel [id: 0x602a4ff4, L:/127.0.0.1:65154 - R:localhost/127.0.0.1:4444]
19:58:46.366 [Forwarding findElement on session 30001ab78242fb900294c07c93657ed2 to remote] DEBUG o.a.netty.request.NettyRequestSender - Using pooled Channel '[id: 0x602a4ff4, L:/127.0.0.1:65154 - R:localhost/127.0.0.1:4444]' for 'POST' to 'http://localhost:4444/wd/hub/session/30001ab78242fb900294c07c93657ed2/element'
19:58:46.366 [Forwarding findElement on session 30001ab78242fb900294c07c93657ed2 to remote] DEBUG o.a.netty.request.NettyRequestSender - Using open Channel [id: 0x602a4ff4, L:/127.0.0.1:65154 - R:localhost/127.0.0.1:4444] for POST '/wd/hub/session/30001ab78242fb900294c07c93657ed2/element'
19:58:46.393 [AsyncHttpClient-1-2] DEBUG o.a.netty.handler.HttpHandler - 

Request DefaultHttpRequest(decodeResult: success, version: HTTP/1.1)
POST /wd/hub/session/30001ab78242fb900294c07c93657ed2/element HTTP/1.1
User-Agent: selenium/4.9.1 (java windows)
Content-Length: 94
Content-Type: application/json; charset=utf-8
host: localhost:4444
accept: */*

Response DefaultHttpResponse(decodeResult: success, version: HTTP/1.1)
HTTP/1.1 404 Not Found
content-length: 944
content-type: application/json; charset=utf-8
cache-control: no-cache

19:58:46.394 [AsyncHttpClient-1-2] DEBUG o.a.netty.channel.ChannelManager - Adding key: http://localhost:4444 for channel [id: 0x602a4ff4, L:/127.0.0.1:65154 - R:localhost/127.0.0.1:4444]
19:58:46.662 [AsyncHttpClient-1-1] DEBUG o.a.netty.channel.DefaultChannelPool - Entry count for : http://localhost:4444 : 1
19:58:46.900 [Forwarding findElement on session 30001ab78242fb900294c07c93657ed2 to remote] DEBUG o.a.netty.request.NettyRequestSender - Using pooled Channel '[id: 0x602a4ff4, L:/127.0.0.1:65154 - R:localhost/127.0.0.1:4444]' for 'POST' to 'http://localhost:4444/wd/hub/session/30001ab78242fb900294c07c93657ed2/element'
19:58:46.900 [Forwarding findElement on session 30001ab78242fb900294c07c93657ed2 to remote] DEBUG o.a.netty.request.NettyRequestSender - Using open Channel [id: 0x602a4ff4, L:/127.0.0.1:65154 - R:localhost/127.0.0.1:4444] for POST '/wd/hub/session/30001ab78242fb900294c07c93657ed2/element'
19:58:46.939 [AsyncHttpClient-1-2] DEBUG o.a.netty.handler.HttpHandler - 

Request DefaultHttpRequest(decodeResult: success, version: HTTP/1.1)
POST /wd/hub/session/30001ab78242fb900294c07c93657ed2/element HTTP/1.1
User-Agent: selenium/4.9.1 (java windows)
Content-Length: 94
Content-Type: application/json; charset=utf-8
host: localhost:4444
accept: */*

Response DefaultHttpResponse(decodeResult: success, version: HTTP/1.1)
HTTP/1.1 404 Not Found
content-length: 944
content-type: application/json; charset=utf-8
cache-control: no-cache

19:58:46.940 [AsyncHttpClient-1-2] DEBUG o.a.netty.channel.ChannelManager - Adding key: http://localhost:4444 for channel [id: 0x602a4ff4, L:/127.0.0.1:65154 - R:localhost/127.0.0.1:4444]
19:58:47.451 [Forwarding findElement on session 30001ab78242fb900294c07c93657ed2 to remote] DEBUG o.a.netty.request.NettyRequestSender - Using pooled Channel '[id: 0x602a4ff4, L:/127.0.0.1:65154 - R:localhost/127.0.0.1:4444]' for 'POST' to 'http://localhost:4444/wd/hub/session/30001ab78242fb900294c07c93657ed2/element'
19:58:47.451 [Forwarding findElement on session 30001ab78242fb900294c07c93657ed2 to remote] DEBUG o.a.netty.request.NettyRequestSender - Using open Channel [id: 0x602a4ff4, L:/127.0.0.1:65154 - R:localhost/127.0.0.1:4444] for POST '/wd/hub/session/30001ab78242fb900294c07c93657ed2/element'
19:58:47.485 [AsyncHttpClient-1-2] DEBUG o.a.netty.handler.HttpHandler - 

Request DefaultHttpRequest(decodeResult: success, version: HTTP/1.1)
POST /wd/hub/session/30001ab78242fb900294c07c93657ed2/element HTTP/1.1
User-Agent: selenium/4.9.1 (java windows)
Content-Length: 94
Content-Type: application/json; charset=utf-8
host: localhost:4444
accept: */*

Response DefaultHttpResponse(decodeResult: success, version: HTTP/1.1)
HTTP/1.1 404 Not Found
content-length: 944
content-type: application/json; charset=utf-8
cache-control: no-cache

19:58:47.486 [AsyncHttpClient-1-2] DEBUG o.a.netty.channel.ChannelManager - Adding key: http://localhost:4444 for channel [id: 0x602a4ff4, L:/127.0.0.1:65154 - R:localhost/127.0.0.1:4444]
19:58:47.765 [AsyncHttpClient-1-1] DEBUG o.a.netty.channel.DefaultChannelPool - Entry count for : http://localhost:4444 : 1
19:58:48.005 [Forwarding findElement on session 30001ab78242fb900294c07c93657ed2 to remote] DEBUG o.a.netty.request.NettyRequestSender - Using pooled Channel '[id: 0x602a4ff4, L:/127.0.0.1:65154 - R:localhost/127.0.0.1:4444]' for 'POST' to 'http://localhost:4444/wd/hub/session/30001ab78242fb900294c07c93657ed2/element'
19:58:48.005 [Forwarding findElement on session 30001ab78242fb900294c07c93657ed2 to remote] DEBUG o.a.netty.request.NettyRequestSender - Using open Channel [id: 0x602a4ff4, L:/127.0.0.1:65154 - R:localhost/127.0.0.1:4444] for POST '/wd/hub/session/30001ab78242fb900294c07c93657ed2/element'
19:58:48.036 [AsyncHttpClient-1-2] DEBUG o.a.netty.handler.HttpHandler - 

Request DefaultHttpRequest(decodeResult: success, version: HTTP/1.1)
POST /wd/hub/session/30001ab78242fb900294c07c93657ed2/element HTTP/1.1
User-Agent: selenium/4.9.1 (java windows)
Content-Length: 94
Content-Type: application/json; charset=utf-8
host: localhost:4444
accept: */*

Response DefaultHttpResponse(decodeResult: success, version: HTTP/1.1)
HTTP/1.1 404 Not Found
content-length: 944
content-type: application/json; charset=utf-8
cache-control: no-cache

19:58:48.037 [AsyncHttpClient-1-2] DEBUG o.a.netty.channel.ChannelManager - Adding key: http://localhost:4444 for channel [id: 0x602a4ff4, L:/127.0.0.1:65154 - R:localhost/127.0.0.1:4444]
19:58:48.551 [Forwarding findElement on session 30001ab78242fb900294c07c93657ed2 to remote] DEBUG o.a.netty.request.NettyRequestSender - Using pooled Channel '[id: 0x602a4ff4, L:/127.0.0.1:65154 - R:localhost/127.0.0.1:4444]' for 'POST' to 'http://localhost:4444/wd/hub/session/30001ab78242fb900294c07c93657ed2/element'
19:58:48.551 [Forwarding findElement on session 30001ab78242fb900294c07c93657ed2 to remote] DEBUG o.a.netty.request.NettyRequestSender - Using open Channel [id: 0x602a4ff4, L:/127.0.0.1:65154 - R:localhost/127.0.0.1:4444] for POST '/wd/hub/session/30001ab78242fb900294c07c93657ed2/element'
19:58:48.579 [AsyncHttpClient-1-2] DEBUG o.a.netty.handler.HttpHandler - 

Request DefaultHttpRequest(decodeResult: success, version: HTTP/1.1)
POST /wd/hub/session/30001ab78242fb900294c07c93657ed2/element HTTP/1.1
User-Agent: selenium/4.9.1 (java windows)
Content-Length: 94
Content-Type: application/json; charset=utf-8
host: localhost:4444
accept: */*

Response DefaultHttpResponse(decodeResult: success, version: HTTP/1.1)
HTTP/1.1 404 Not Found
content-length: 944
content-type: application/json; charset=utf-8
cache-control: no-cache

19:58:48.579 [AsyncHttpClient-1-2] DEBUG o.a.netty.channel.ChannelManager - Adding key: http://localhost:4444 for channel [id: 0x602a4ff4, L:/127.0.0.1:65154 - R:localhost/127.0.0.1:4444]
19:58:48.864 [AsyncHttpClient-1-1] DEBUG o.a.netty.channel.DefaultChannelPool - Entry count for : http://localhost:4444 : 1
19:58:49.086 [Forwarding findElement on session 30001ab78242fb900294c07c93657ed2 to remote] DEBUG o.a.netty.request.NettyRequestSender - Using pooled Channel '[id: 0x602a4ff4, L:/127.0.0.1:65154 - R:localhost/127.0.0.1:4444]' for 'POST' to 'http://localhost:4444/wd/hub/session/30001ab78242fb900294c07c93657ed2/element'
19:58:49.087 [Forwarding findElement on session 30001ab78242fb900294c07c93657ed2 to remote] DEBUG o.a.netty.request.NettyRequestSender - Using open Channel [id: 0x602a4ff4, L:/127.0.0.1:65154 - R:localhost/127.0.0.1:4444] for POST '/wd/hub/session/30001ab78242fb900294c07c93657ed2/element'
19:58:49.113 [AsyncHttpClient-1-2] DEBUG o.a.netty.handler.HttpHandler - 

Request DefaultHttpRequest(decodeResult: success, version: HTTP/1.1)
POST /wd/hub/session/30001ab78242fb900294c07c93657ed2/element HTTP/1.1
User-Agent: selenium/4.9.1 (java windows)
Content-Length: 94
Content-Type: application/json; charset=utf-8
host: localhost:4444
accept: */*

Response DefaultHttpResponse(decodeResult: success, version: HTTP/1.1)
HTTP/1.1 404 Not Found
content-length: 944
content-type: application/json; charset=utf-8
cache-control: no-cache

19:58:49.114 [AsyncHttpClient-1-2] DEBUG o.a.netty.channel.ChannelManager - Adding key: http://localhost:4444 for channel [id: 0x602a4ff4, L:/127.0.0.1:65154 - R:localhost/127.0.0.1:4444]
19:58:49.625 [Forwarding findElement on session 30001ab78242fb900294c07c93657ed2 to remote] DEBUG o.a.netty.request.NettyRequestSender - Using pooled Channel '[id: 0x602a4ff4, L:/127.0.0.1:65154 - R:localhost/127.0.0.1:4444]' for 'POST' to 'http://localhost:4444/wd/hub/session/30001ab78242fb900294c07c93657ed2/element'
19:58:49.626 [Forwarding findElement on session 30001ab78242fb900294c07c93657ed2 to remote] DEBUG o.a.netty.request.NettyRequestSender - Using open Channel [id: 0x602a4ff4, L:/127.0.0.1:65154 - R:localhost/127.0.0.1:4444] for POST '/wd/hub/session/30001ab78242fb900294c07c93657ed2/element'
19:58:49.657 [AsyncHttpClient-1-2] DEBUG o.a.netty.handler.HttpHandler - 

Request DefaultHttpRequest(decodeResult: success, version: HTTP/1.1)
POST /wd/hub/session/30001ab78242fb900294c07c93657ed2/element HTTP/1.1
User-Agent: selenium/4.9.1 (java windows)
Content-Length: 94
Content-Type: application/json; charset=utf-8
host: localhost:4444
accept: */*

Response DefaultHttpResponse(decodeResult: success, version: HTTP/1.1)
HTTP/1.1 404 Not Found
content-length: 944
content-type: application/json; charset=utf-8
cache-control: no-cache

19:58:49.658 [AsyncHttpClient-1-2] DEBUG o.a.netty.channel.ChannelManager - Adding key: http://localhost:4444 for channel [id: 0x602a4ff4, L:/127.0.0.1:65154 - R:localhost/127.0.0.1:4444]
19:58:49.970 [AsyncHttpClient-1-1] DEBUG o.a.netty.channel.DefaultChannelPool - Entry count for : http://localhost:4444 : 1
19:58:50.178 [Forwarding findElement on session 30001ab78242fb900294c07c93657ed2 to remote] DEBUG o.a.netty.request.NettyRequestSender - Using pooled Channel '[id: 0x602a4ff4, L:/127.0.0.1:65154 - R:localhost/127.0.0.1:4444]' for 'POST' to 'http://localhost:4444/wd/hub/session/30001ab78242fb900294c07c93657ed2/element'
19:58:50.179 [Forwarding findElement on session 30001ab78242fb900294c07c93657ed2 to remote] DEBUG o.a.netty.request.NettyRequestSender - Using open Channel [id: 0x602a4ff4, L:/127.0.0.1:65154 - R:localhost/127.0.0.1:4444] for POST '/wd/hub/session/30001ab78242fb900294c07c93657ed2/element'
19:58:54.982 [AsyncHttpClient-1-2] DEBUG o.a.netty.handler.HttpHandler - 

Request DefaultHttpRequest(decodeResult: success, version: HTTP/1.1)
POST /wd/hub/session/30001ab78242fb900294c07c93657ed2/element HTTP/1.1
User-Agent: selenium/4.9.1 (java windows)
Content-Length: 94
Content-Type: application/json; charset=utf-8
host: localhost:4444
accept: */*

Response DefaultHttpResponse(decodeResult: success, version: HTTP/1.1)
HTTP/1.1 404 Not Found
content-length: 944
content-type: application/json; charset=utf-8
cache-control: no-cache

19:58:54.983 [AsyncHttpClient-1-2] DEBUG o.a.netty.channel.ChannelManager - Adding key: http://localhost:4444 for channel [id: 0x602a4ff4, L:/127.0.0.1:65154 - R:localhost/127.0.0.1:4444]
19:58:55.473 [AsyncHttpClient-1-1] DEBUG o.a.netty.channel.DefaultChannelPool - Entry count for : http://localhost:4444 : 1
19:58:55.490 [Forwarding findElement on session 30001ab78242fb900294c07c93657ed2 to remote] DEBUG o.a.netty.request.NettyRequestSender - Using pooled Channel '[id: 0x602a4ff4, L:/127.0.0.1:65154 - R:localhost/127.0.0.1:4444]' for 'POST' to 'http://localhost:4444/wd/hub/session/30001ab78242fb900294c07c93657ed2/element'
19:58:55.490 [Forwarding findElement on session 30001ab78242fb900294c07c93657ed2 to remote] DEBUG o.a.netty.request.NettyRequestSender - Using open Channel [id: 0x602a4ff4, L:/127.0.0.1:65154 - R:localhost/127.0.0.1:4444] for POST '/wd/hub/session/30001ab78242fb900294c07c93657ed2/element'
19:58:55.521 [AsyncHttpClient-1-2] DEBUG o.a.netty.handler.HttpHandler - 

Request DefaultHttpRequest(decodeResult: success, version: HTTP/1.1)
POST /wd/hub/session/30001ab78242fb900294c07c93657ed2/element HTTP/1.1
User-Agent: selenium/4.9.1 (java windows)
Content-Length: 94
Content-Type: application/json; charset=utf-8
host: localhost:4444
accept: */*

Response DefaultHttpResponse(decodeResult: success, version: HTTP/1.1)
HTTP/1.1 200 OK
content-length: 126
content-type: application/json; charset=utf-8
cache-control: no-cache

19:58:55.521 [AsyncHttpClient-1-2] DEBUG o.a.netty.channel.ChannelManager - Adding key: http://localhost:4444 for channel [id: 0x602a4ff4, L:/127.0.0.1:65154 - R:localhost/127.0.0.1:4444]
19:58:55.530 [Forwarding isElementDisplayed on session 30001ab78242fb900294c07c93657ed2 to remote] DEBUG o.a.netty.request.NettyRequestSender - Using pooled Channel '[id: 0x602a4ff4, L:/127.0.0.1:65154 - R:localhost/127.0.0.1:4444]' for 'POST' to 'http://localhost:4444/wd/hub/session/30001ab78242fb900294c07c93657ed2/execute/sync'
19:58:55.530 [Forwarding isElementDisplayed on session 30001ab78242fb900294c07c93657ed2 to remote] DEBUG o.a.netty.request.NettyRequestSender - Using open Channel [id: 0x602a4ff4, L:/127.0.0.1:65154 - R:localhost/127.0.0.1:4444] for POST '/wd/hub/session/30001ab78242fb900294c07c93657ed2/execute/sync'
19:58:55.571 [AsyncHttpClient-1-2] DEBUG o.a.netty.handler.HttpHandler - 

Request DefaultHttpRequest(decodeResult: success, version: HTTP/1.1)
POST /wd/hub/session/30001ab78242fb900294c07c93657ed2/execute/sync HTTP/1.1
User-Agent: selenium/4.9.1 (java windows)
Content-Length: 48845
Content-Type: application/json; charset=utf-8
host: localhost:4444
accept: */*

Response DefaultHttpResponse(decodeResult: success, version: HTTP/1.1)
HTTP/1.1 200 OK
content-length: 14
content-type: application/json; charset=utf-8
cache-control: no-cache

19:58:55.573 [AsyncHttpClient-1-2] DEBUG o.a.netty.channel.ChannelManager - Adding key: http://localhost:4444 for channel [id: 0x602a4ff4, L:/127.0.0.1:65154 - R:localhost/127.0.0.1:4444]
19:58:55.652 [Forwarding findElement on session 30001ab78242fb900294c07c93657ed2 to remote] DEBUG o.a.netty.request.NettyRequestSender - Using pooled Channel '[id: 0x602a4ff4, L:/127.0.0.1:65154 - R:localhost/127.0.0.1:4444]' for 'POST' to 'http://localhost:4444/wd/hub/session/30001ab78242fb900294c07c93657ed2/element'
19:58:55.652 [Forwarding findElement on session 30001ab78242fb900294c07c93657ed2 to remote] DEBUG o.a.netty.request.NettyRequestSender - Using open Channel [id: 0x602a4ff4, L:/127.0.0.1:65154 - R:localhost/127.0.0.1:4444] for POST '/wd/hub/session/30001ab78242fb900294c07c93657ed2/element'
19:58:55.676 [AsyncHttpClient-1-2] DEBUG o.a.netty.handler.HttpHandler - 

Request DefaultHttpRequest(decodeResult: success, version: HTTP/1.1)
POST /wd/hub/session/30001ab78242fb900294c07c93657ed2/element HTTP/1.1
User-Agent: selenium/4.9.1 (java windows)
Content-Length: 105
Content-Type: application/json; charset=utf-8
host: localhost:4444
accept: */*

Response DefaultHttpResponse(decodeResult: success, version: HTTP/1.1)
HTTP/1.1 200 OK
content-length: 126
content-type: application/json; charset=utf-8
cache-control: no-cache

19:58:55.676 [AsyncHttpClient-1-2] DEBUG o.a.netty.channel.ChannelManager - Adding key: http://localhost:4444 for channel [id: 0x602a4ff4, L:/127.0.0.1:65154 - R:localhost/127.0.0.1:4444]
19:58:55.682 [Forwarding isElementDisplayed on session 30001ab78242fb900294c07c93657ed2 to remote] DEBUG o.a.netty.request.NettyRequestSender - Using pooled Channel '[id: 0x602a4ff4, L:/127.0.0.1:65154 - R:localhost/127.0.0.1:4444]' for 'POST' to 'http://localhost:4444/wd/hub/session/30001ab78242fb900294c07c93657ed2/execute/sync'
19:58:55.683 [Forwarding isElementDisplayed on session 30001ab78242fb900294c07c93657ed2 to remote] DEBUG o.a.netty.request.NettyRequestSender - Using open Channel [id: 0x602a4ff4, L:/127.0.0.1:65154 - R:localhost/127.0.0.1:4444] for POST '/wd/hub/session/30001ab78242fb900294c07c93657ed2/execute/sync'
19:58:55.721 [AsyncHttpClient-1-2] DEBUG o.a.netty.handler.HttpHandler - 

Request DefaultHttpRequest(decodeResult: success, version: HTTP/1.1)
POST /wd/hub/session/30001ab78242fb900294c07c93657ed2/execute/sync HTTP/1.1
User-Agent: selenium/4.9.1 (java windows)
Content-Length: 48845
Content-Type: application/json; charset=utf-8
host: localhost:4444
accept: */*

Response DefaultHttpResponse(decodeResult: success, version: HTTP/1.1)
HTTP/1.1 200 OK
content-length: 14
content-type: application/json; charset=utf-8
cache-control: no-cache

19:58:55.721 [AsyncHttpClient-1-2] DEBUG o.a.netty.channel.ChannelManager - Adding key: http://localhost:4444 for channel [id: 0x602a4ff4, L:/127.0.0.1:65154 - R:localhost/127.0.0.1:4444]
19:58:55.724 [Forwarding findElement on session 30001ab78242fb900294c07c93657ed2 to remote] DEBUG o.a.netty.request.NettyRequestSender - Using pooled Channel '[id: 0x602a4ff4, L:/127.0.0.1:65154 - R:localhost/127.0.0.1:4444]' for 'POST' to 'http://localhost:4444/wd/hub/session/30001ab78242fb900294c07c93657ed2/element'
19:58:55.724 [Forwarding findElement on session 30001ab78242fb900294c07c93657ed2 to remote] DEBUG o.a.netty.request.NettyRequestSender - Using open Channel [id: 0x602a4ff4, L:/127.0.0.1:65154 - R:localhost/127.0.0.1:4444] for POST '/wd/hub/session/30001ab78242fb900294c07c93657ed2/element'
19:58:55.747 [AsyncHttpClient-1-2] DEBUG o.a.netty.handler.HttpHandler - 

Request DefaultHttpRequest(decodeResult: success, version: HTTP/1.1)
POST /wd/hub/session/30001ab78242fb900294c07c93657ed2/element HTTP/1.1
User-Agent: selenium/4.9.1 (java windows)
Content-Length: 105
Content-Type: application/json; charset=utf-8
host: localhost:4444
accept: */*

Response DefaultHttpResponse(decodeResult: success, version: HTTP/1.1)
HTTP/1.1 200 OK
content-length: 126
content-type: application/json; charset=utf-8
cache-control: no-cache

19:58:55.747 [AsyncHttpClient-1-2] DEBUG o.a.netty.channel.ChannelManager - Adding key: http://localhost:4444 for channel [id: 0x602a4ff4, L:/127.0.0.1:65154 - R:localhost/127.0.0.1:4444]
19:58:55.752 [Forwarding isElementDisplayed on session 30001ab78242fb900294c07c93657ed2 to remote] DEBUG o.a.netty.request.NettyRequestSender - Using pooled Channel '[id: 0x602a4ff4, L:/127.0.0.1:65154 - R:localhost/127.0.0.1:4444]' for 'POST' to 'http://localhost:4444/wd/hub/session/30001ab78242fb900294c07c93657ed2/execute/sync'
19:58:55.752 [Forwarding isElementDisplayed on session 30001ab78242fb900294c07c93657ed2 to remote] DEBUG o.a.netty.request.NettyRequestSender - Using open Channel [id: 0x602a4ff4, L:/127.0.0.1:65154 - R:localhost/127.0.0.1:4444] for POST '/wd/hub/session/30001ab78242fb900294c07c93657ed2/execute/sync'
19:58:55.784 [AsyncHttpClient-1-2] DEBUG o.a.netty.handler.HttpHandler - 

Request DefaultHttpRequest(decodeResult: success, version: HTTP/1.1)
POST /wd/hub/session/30001ab78242fb900294c07c93657ed2/execute/sync HTTP/1.1
User-Agent: selenium/4.9.1 (java windows)
Content-Length: 48845
Content-Type: application/json; charset=utf-8
host: localhost:4444
accept: */*

Response DefaultHttpResponse(decodeResult: success, version: HTTP/1.1)
HTTP/1.1 200 OK
content-length: 14
content-type: application/json; charset=utf-8
cache-control: no-cache

19:58:55.784 [AsyncHttpClient-1-2] DEBUG o.a.netty.channel.ChannelManager - Adding key: http://localhost:4444 for channel [id: 0x602a4ff4, L:/127.0.0.1:65154 - R:localhost/127.0.0.1:4444]
19:58:55.787 [Forwarding isElementEnabled on session 30001ab78242fb900294c07c93657ed2 to remote] DEBUG o.a.netty.request.NettyRequestSender - Using pooled Channel '[id: 0x602a4ff4, L:/127.0.0.1:65154 - R:localhost/127.0.0.1:4444]' for 'GET' to 'http://localhost:4444/wd/hub/session/30001ab78242fb900294c07c93657ed2/element/f.D6D752E85A031151A306B110D8DCF949.d.EA60173A7A52CABD9FF5E50574EF45AC.e.15/enabled'
19:58:55.787 [Forwarding isElementEnabled on session 30001ab78242fb900294c07c93657ed2 to remote] DEBUG o.a.netty.request.NettyRequestSender - Using open Channel [id: 0x602a4ff4, L:/127.0.0.1:65154 - R:localhost/127.0.0.1:4444] for GET '/wd/hub/session/30001ab78242fb900294c07c93657ed2/element/f.D6D752E85A031151A306B110D8DCF949.d.EA60173A7A52CABD9FF5E50574EF45AC.e.15/enabled'
19:58:55.821 [AsyncHttpClient-1-2] DEBUG o.a.netty.handler.HttpHandler - 

Request DefaultFullHttpRequest(decodeResult: success, version: HTTP/1.1, content: EmptyByteBufBE)
GET /wd/hub/session/30001ab78242fb900294c07c93657ed2/element/f.D6D752E85A031151A306B110D8DCF949.d.EA60173A7A52CABD9FF5E50574EF45AC.e.15/enabled HTTP/1.1
Cache-Control: no-cache
User-Agent: selenium/4.9.1 (java windows)
Content-Type: application/json; charset=utf-8
host: localhost:4444
accept: */*

Response DefaultHttpResponse(decodeResult: success, version: HTTP/1.1)
HTTP/1.1 200 OK
content-length: 14
content-type: application/json; charset=utf-8
cache-control: no-cache

19:58:55.822 [AsyncHttpClient-1-2] DEBUG o.a.netty.channel.ChannelManager - Adding key: http://localhost:4444 for channel [id: 0x602a4ff4, L:/127.0.0.1:65154 - R:localhost/127.0.0.1:4444]
19:58:55.825 [Forwarding clickElement on session 30001ab78242fb900294c07c93657ed2 to remote] DEBUG o.a.netty.request.NettyRequestSender - Using pooled Channel '[id: 0x602a4ff4, L:/127.0.0.1:65154 - R:localhost/127.0.0.1:4444]' for 'POST' to 'http://localhost:4444/wd/hub/session/30001ab78242fb900294c07c93657ed2/element/f.D6D752E85A031151A306B110D8DCF949.d.EA60173A7A52CABD9FF5E50574EF45AC.e.15/click'
19:58:55.825 [Forwarding clickElement on session 30001ab78242fb900294c07c93657ed2 to remote] DEBUG o.a.netty.request.NettyRequestSender - Using open Channel [id: 0x602a4ff4, L:/127.0.0.1:65154 - R:localhost/127.0.0.1:4444] for POST '/wd/hub/session/30001ab78242fb900294c07c93657ed2/element/f.D6D752E85A031151A306B110D8DCF949.d.EA60173A7A52CABD9FF5E50574EF45AC.e.15/click'
19:58:55.892 [AsyncHttpClient-1-2] DEBUG o.a.netty.handler.HttpHandler - 

Request DefaultHttpRequest(decodeResult: success, version: HTTP/1.1)
POST /wd/hub/session/30001ab78242fb900294c07c93657ed2/element/f.D6D752E85A031151A306B110D8DCF949.d.EA60173A7A52CABD9FF5E50574EF45AC.e.15/click HTTP/1.1
User-Agent: selenium/4.9.1 (java windows)
Content-Length: 88
Content-Type: application/json; charset=utf-8
host: localhost:4444
accept: */*

Response DefaultHttpResponse(decodeResult: success, version: HTTP/1.1)
HTTP/1.1 200 OK
content-length: 14
content-type: application/json; charset=utf-8
cache-control: no-cache

19:58:55.892 [AsyncHttpClient-1-2] DEBUG o.a.netty.channel.ChannelManager - Adding key: http://localhost:4444 for channel [id: 0x602a4ff4, L:/127.0.0.1:65154 - R:localhost/127.0.0.1:4444]
19:58:55.895 [Forwarding findElement on session 30001ab78242fb900294c07c93657ed2 to remote] DEBUG o.a.netty.request.NettyRequestSender - Using pooled Channel '[id: 0x602a4ff4, L:/127.0.0.1:65154 - R:localhost/127.0.0.1:4444]' for 'POST' to 'http://localhost:4444/wd/hub/session/30001ab78242fb900294c07c93657ed2/element'
19:58:55.895 [Forwarding findElement on session 30001ab78242fb900294c07c93657ed2 to remote] DEBUG o.a.netty.request.NettyRequestSender - Using open Channel [id: 0x602a4ff4, L:/127.0.0.1:65154 - R:localhost/127.0.0.1:4444] for POST '/wd/hub/session/30001ab78242fb900294c07c93657ed2/element'
19:58:55.912 [AsyncHttpClient-1-2] DEBUG o.a.netty.handler.HttpHandler - 

Request DefaultHttpRequest(decodeResult: success, version: HTTP/1.1)
POST /wd/hub/session/30001ab78242fb900294c07c93657ed2/element HTTP/1.1
User-Agent: selenium/4.9.1 (java windows)
Content-Length: 92
Content-Type: application/json; charset=utf-8
host: localhost:4444
accept: */*

Response DefaultHttpResponse(decodeResult: success, version: HTTP/1.1)
HTTP/1.1 200 OK
content-length: 126
content-type: application/json; charset=utf-8
cache-control: no-cache

19:58:55.912 [AsyncHttpClient-1-2] DEBUG o.a.netty.channel.ChannelManager - Adding key: http://localhost:4444 for channel [id: 0x602a4ff4, L:/127.0.0.1:65154 - R:localhost/127.0.0.1:4444]
19:58:55.916 [Forwarding isElementDisplayed on session 30001ab78242fb900294c07c93657ed2 to remote] DEBUG o.a.netty.request.NettyRequestSender - Using pooled Channel '[id: 0x602a4ff4, L:/127.0.0.1:65154 - R:localhost/127.0.0.1:4444]' for 'POST' to 'http://localhost:4444/wd/hub/session/30001ab78242fb900294c07c93657ed2/execute/sync'
19:58:55.916 [Forwarding isElementDisplayed on session 30001ab78242fb900294c07c93657ed2 to remote] DEBUG o.a.netty.request.NettyRequestSender - Using open Channel [id: 0x602a4ff4, L:/127.0.0.1:65154 - R:localhost/127.0.0.1:4444] for POST '/wd/hub/session/30001ab78242fb900294c07c93657ed2/execute/sync'
19:58:55.931 [AsyncHttpClient-1-2] DEBUG o.a.netty.handler.HttpHandler - 

Request DefaultHttpRequest(decodeResult: success, version: HTTP/1.1)
POST /wd/hub/session/30001ab78242fb900294c07c93657ed2/execute/sync HTTP/1.1
User-Agent: selenium/4.9.1 (java windows)
Content-Length: 48845
Content-Type: application/json; charset=utf-8
host: localhost:4444
accept: */*

Response DefaultHttpResponse(decodeResult: success, version: HTTP/1.1)
HTTP/1.1 200 OK
content-length: 14
content-type: application/json; charset=utf-8
cache-control: no-cache

19:58:55.931 [AsyncHttpClient-1-2] DEBUG o.a.netty.channel.ChannelManager - Adding key: http://localhost:4444 for channel [id: 0x602a4ff4, L:/127.0.0.1:65154 - R:localhost/127.0.0.1:4444]
19:58:55.933 [Forwarding findElement on session 30001ab78242fb900294c07c93657ed2 to remote] DEBUG o.a.netty.request.NettyRequestSender - Using pooled Channel '[id: 0x602a4ff4, L:/127.0.0.1:65154 - R:localhost/127.0.0.1:4444]' for 'POST' to 'http://localhost:4444/wd/hub/session/30001ab78242fb900294c07c93657ed2/element'
19:58:55.933 [Forwarding findElement on session 30001ab78242fb900294c07c93657ed2 to remote] DEBUG o.a.netty.request.NettyRequestSender - Using open Channel [id: 0x602a4ff4, L:/127.0.0.1:65154 - R:localhost/127.0.0.1:4444] for POST '/wd/hub/session/30001ab78242fb900294c07c93657ed2/element'
19:58:55.946 [AsyncHttpClient-1-2] DEBUG o.a.netty.handler.HttpHandler - 

Request DefaultHttpRequest(decodeResult: success, version: HTTP/1.1)
POST /wd/hub/session/30001ab78242fb900294c07c93657ed2/element HTTP/1.1
User-Agent: selenium/4.9.1 (java windows)
Content-Length: 92
Content-Type: application/json; charset=utf-8
host: localhost:4444
accept: */*

Response DefaultHttpResponse(decodeResult: success, version: HTTP/1.1)
HTTP/1.1 200 OK
content-length: 126
content-type: application/json; charset=utf-8
cache-control: no-cache

19:58:55.947 [AsyncHttpClient-1-2] DEBUG o.a.netty.channel.ChannelManager - Adding key: http://localhost:4444 for channel [id: 0x602a4ff4, L:/127.0.0.1:65154 - R:localhost/127.0.0.1:4444]
19:58:55.950 [Forwarding isElementDisplayed on session 30001ab78242fb900294c07c93657ed2 to remote] DEBUG o.a.netty.request.NettyRequestSender - Using pooled Channel '[id: 0x602a4ff4, L:/127.0.0.1:65154 - R:localhost/127.0.0.1:4444]' for 'POST' to 'http://localhost:4444/wd/hub/session/30001ab78242fb900294c07c93657ed2/execute/sync'
19:58:55.950 [Forwarding isElementDisplayed on session 30001ab78242fb900294c07c93657ed2 to remote] DEBUG o.a.netty.request.NettyRequestSender - Using open Channel [id: 0x602a4ff4, L:/127.0.0.1:65154 - R:localhost/127.0.0.1:4444] for POST '/wd/hub/session/30001ab78242fb900294c07c93657ed2/execute/sync'
19:58:55.970 [AsyncHttpClient-1-2] DEBUG o.a.netty.handler.HttpHandler - 

Request DefaultHttpRequest(decodeResult: success, version: HTTP/1.1)
POST /wd/hub/session/30001ab78242fb900294c07c93657ed2/execute/sync HTTP/1.1
User-Agent: selenium/4.9.1 (java windows)
Content-Length: 48845
Content-Type: application/json; charset=utf-8
host: localhost:4444
accept: */*

Response DefaultHttpResponse(decodeResult: success, version: HTTP/1.1)
HTTP/1.1 200 OK
content-length: 14
content-type: application/json; charset=utf-8
cache-control: no-cache

19:58:55.971 [AsyncHttpClient-1-2] DEBUG o.a.netty.channel.ChannelManager - Adding key: http://localhost:4444 for channel [id: 0x602a4ff4, L:/127.0.0.1:65154 - R:localhost/127.0.0.1:4444]
19:58:55.972 [Forwarding isElementEnabled on session 30001ab78242fb900294c07c93657ed2 to remote] DEBUG o.a.netty.request.NettyRequestSender - Using pooled Channel '[id: 0x602a4ff4, L:/127.0.0.1:65154 - R:localhost/127.0.0.1:4444]' for 'GET' to 'http://localhost:4444/wd/hub/session/30001ab78242fb900294c07c93657ed2/element/f.D6D752E85A031151A306B110D8DCF949.d.EA60173A7A52CABD9FF5E50574EF45AC.e.16/enabled'
19:58:55.972 [Forwarding isElementEnabled on session 30001ab78242fb900294c07c93657ed2 to remote] DEBUG o.a.netty.request.NettyRequestSender - Using open Channel [id: 0x602a4ff4, L:/127.0.0.1:65154 - R:localhost/127.0.0.1:4444] for GET '/wd/hub/session/30001ab78242fb900294c07c93657ed2/element/f.D6D752E85A031151A306B110D8DCF949.d.EA60173A7A52CABD9FF5E50574EF45AC.e.16/enabled'
19:58:55.990 [AsyncHttpClient-1-2] DEBUG o.a.netty.handler.HttpHandler - 

Request DefaultFullHttpRequest(decodeResult: success, version: HTTP/1.1, content: EmptyByteBufBE)
GET /wd/hub/session/30001ab78242fb900294c07c93657ed2/element/f.D6D752E85A031151A306B110D8DCF949.d.EA60173A7A52CABD9FF5E50574EF45AC.e.16/enabled HTTP/1.1
Cache-Control: no-cache
User-Agent: selenium/4.9.1 (java windows)
Content-Type: application/json; charset=utf-8
host: localhost:4444
accept: */*

Response DefaultHttpResponse(decodeResult: success, version: HTTP/1.1)
HTTP/1.1 200 OK
content-length: 14
content-type: application/json; charset=utf-8
cache-control: no-cache

19:58:55.990 [AsyncHttpClient-1-2] DEBUG o.a.netty.channel.ChannelManager - Adding key: http://localhost:4444 for channel [id: 0x602a4ff4, L:/127.0.0.1:65154 - R:localhost/127.0.0.1:4444]
19:58:55.992 [Forwarding clickElement on session 30001ab78242fb900294c07c93657ed2 to remote] DEBUG o.a.netty.request.NettyRequestSender - Using pooled Channel '[id: 0x602a4ff4, L:/127.0.0.1:65154 - R:localhost/127.0.0.1:4444]' for 'POST' to 'http://localhost:4444/wd/hub/session/30001ab78242fb900294c07c93657ed2/element/f.D6D752E85A031151A306B110D8DCF949.d.EA60173A7A52CABD9FF5E50574EF45AC.e.16/click'
19:58:55.992 [Forwarding clickElement on session 30001ab78242fb900294c07c93657ed2 to remote] DEBUG o.a.netty.request.NettyRequestSender - Using open Channel [id: 0x602a4ff4, L:/127.0.0.1:65154 - R:localhost/127.0.0.1:4444] for POST '/wd/hub/session/30001ab78242fb900294c07c93657ed2/element/f.D6D752E85A031151A306B110D8DCF949.d.EA60173A7A52CABD9FF5E50574EF45AC.e.16/click'
19:58:56.065 [AsyncHttpClient-1-2] DEBUG o.a.netty.handler.HttpHandler - 

Request DefaultHttpRequest(decodeResult: success, version: HTTP/1.1)
POST /wd/hub/session/30001ab78242fb900294c07c93657ed2/element/f.D6D752E85A031151A306B110D8DCF949.d.EA60173A7A52CABD9FF5E50574EF45AC.e.16/click HTTP/1.1
User-Agent: selenium/4.9.1 (java windows)
Content-Length: 88
Content-Type: application/json; charset=utf-8
host: localhost:4444
accept: */*

Response DefaultHttpResponse(decodeResult: success, version: HTTP/1.1)
HTTP/1.1 200 OK
content-length: 14
content-type: application/json; charset=utf-8
cache-control: no-cache

19:58:56.066 [AsyncHttpClient-1-2] DEBUG o.a.netty.channel.ChannelManager - Adding key: http://localhost:4444 for channel [id: 0x602a4ff4, L:/127.0.0.1:65154 - R:localhost/127.0.0.1:4444]
19:58:56.067 [Forwarding findElement on session 30001ab78242fb900294c07c93657ed2 to remote] DEBUG o.a.netty.request.NettyRequestSender - Using pooled Channel '[id: 0x602a4ff4, L:/127.0.0.1:65154 - R:localhost/127.0.0.1:4444]' for 'POST' to 'http://localhost:4444/wd/hub/session/30001ab78242fb900294c07c93657ed2/element'
19:58:56.067 [Forwarding findElement on session 30001ab78242fb900294c07c93657ed2 to remote] DEBUG o.a.netty.request.NettyRequestSender - Using open Channel [id: 0x602a4ff4, L:/127.0.0.1:65154 - R:localhost/127.0.0.1:4444] for POST '/wd/hub/session/30001ab78242fb900294c07c93657ed2/element'
19:58:56.085 [AsyncHttpClient-1-2] DEBUG o.a.netty.handler.HttpHandler - 

Request DefaultHttpRequest(decodeResult: success, version: HTTP/1.1)
POST /wd/hub/session/30001ab78242fb900294c07c93657ed2/element HTTP/1.1
User-Agent: selenium/4.9.1 (java windows)
Content-Length: 122
Content-Type: application/json; charset=utf-8
host: localhost:4444
accept: */*

Response DefaultHttpResponse(decodeResult: success, version: HTTP/1.1)
HTTP/1.1 200 OK
content-length: 126
content-type: application/json; charset=utf-8
cache-control: no-cache

19:58:56.085 [AsyncHttpClient-1-2] DEBUG o.a.netty.channel.ChannelManager - Adding key: http://localhost:4444 for channel [id: 0x602a4ff4, L:/127.0.0.1:65154 - R:localhost/127.0.0.1:4444]
19:58:56.089 [Forwarding isElementDisplayed on session 30001ab78242fb900294c07c93657ed2 to remote] DEBUG o.a.netty.request.NettyRequestSender - Using pooled Channel '[id: 0x602a4ff4, L:/127.0.0.1:65154 - R:localhost/127.0.0.1:4444]' for 'POST' to 'http://localhost:4444/wd/hub/session/30001ab78242fb900294c07c93657ed2/execute/sync'
19:58:56.089 [Forwarding isElementDisplayed on session 30001ab78242fb900294c07c93657ed2 to remote] DEBUG o.a.netty.request.NettyRequestSender - Using open Channel [id: 0x602a4ff4, L:/127.0.0.1:65154 - R:localhost/127.0.0.1:4444] for POST '/wd/hub/session/30001ab78242fb900294c07c93657ed2/execute/sync'
19:58:56.107 [AsyncHttpClient-1-2] DEBUG o.a.netty.handler.HttpHandler - 

Request DefaultHttpRequest(decodeResult: success, version: HTTP/1.1)
POST /wd/hub/session/30001ab78242fb900294c07c93657ed2/execute/sync HTTP/1.1
User-Agent: selenium/4.9.1 (java windows)
Content-Length: 48845
Content-Type: application/json; charset=utf-8
host: localhost:4444
accept: */*

Response DefaultHttpResponse(decodeResult: success, version: HTTP/1.1)
HTTP/1.1 200 OK
content-length: 14
content-type: application/json; charset=utf-8
cache-control: no-cache

19:58:56.107 [AsyncHttpClient-1-2] DEBUG o.a.netty.channel.ChannelManager - Adding key: http://localhost:4444 for channel [id: 0x602a4ff4, L:/127.0.0.1:65154 - R:localhost/127.0.0.1:4444]
19:58:56.111 [Forwarding findElement on session 30001ab78242fb900294c07c93657ed2 to remote] DEBUG o.a.netty.request.NettyRequestSender - Using pooled Channel '[id: 0x602a4ff4, L:/127.0.0.1:65154 - R:localhost/127.0.0.1:4444]' for 'POST' to 'http://localhost:4444/wd/hub/session/30001ab78242fb900294c07c93657ed2/element'
19:58:56.111 [Forwarding findElement on session 30001ab78242fb900294c07c93657ed2 to remote] DEBUG o.a.netty.request.NettyRequestSender - Using open Channel [id: 0x602a4ff4, L:/127.0.0.1:65154 - R:localhost/127.0.0.1:4444] for POST '/wd/hub/session/30001ab78242fb900294c07c93657ed2/element'
19:58:56.151 [AsyncHttpClient-1-2] DEBUG o.a.netty.handler.HttpHandler - 

Request DefaultHttpRequest(decodeResult: success, version: HTTP/1.1)
POST /wd/hub/session/30001ab78242fb900294c07c93657ed2/element HTTP/1.1
User-Agent: selenium/4.9.1 (java windows)
Content-Length: 94
Content-Type: application/json; charset=utf-8
host: localhost:4444
accept: */*

Response DefaultHttpResponse(decodeResult: success, version: HTTP/1.1)
HTTP/1.1 200 OK
content-length: 126
content-type: application/json; charset=utf-8
cache-control: no-cache

19:58:56.151 [AsyncHttpClient-1-2] DEBUG o.a.netty.channel.ChannelManager - Adding key: http://localhost:4444 for channel [id: 0x602a4ff4, L:/127.0.0.1:65154 - R:localhost/127.0.0.1:4444]
19:58:56.156 [Forwarding isElementDisplayed on session 30001ab78242fb900294c07c93657ed2 to remote] DEBUG o.a.netty.request.NettyRequestSender - Using pooled Channel '[id: 0x602a4ff4, L:/127.0.0.1:65154 - R:localhost/127.0.0.1:4444]' for 'POST' to 'http://localhost:4444/wd/hub/session/30001ab78242fb900294c07c93657ed2/execute/sync'
19:58:56.156 [Forwarding isElementDisplayed on session 30001ab78242fb900294c07c93657ed2 to remote] DEBUG o.a.netty.request.NettyRequestSender - Using open Channel [id: 0x602a4ff4, L:/127.0.0.1:65154 - R:localhost/127.0.0.1:4444] for POST '/wd/hub/session/30001ab78242fb900294c07c93657ed2/execute/sync'
19:58:56.175 [AsyncHttpClient-1-2] DEBUG o.a.netty.handler.HttpHandler - 

Request DefaultHttpRequest(decodeResult: success, version: HTTP/1.1)
POST /wd/hub/session/30001ab78242fb900294c07c93657ed2/execute/sync HTTP/1.1
User-Agent: selenium/4.9.1 (java windows)
Content-Length: 48845
Content-Type: application/json; charset=utf-8
host: localhost:4444
accept: */*

Response DefaultHttpResponse(decodeResult: success, version: HTTP/1.1)
HTTP/1.1 200 OK
content-length: 14
content-type: application/json; charset=utf-8
cache-control: no-cache

19:58:56.175 [AsyncHttpClient-1-2] DEBUG o.a.netty.channel.ChannelManager - Adding key: http://localhost:4444 for channel [id: 0x602a4ff4, L:/127.0.0.1:65154 - R:localhost/127.0.0.1:4444]
19:58:56.177 [Forwarding findElement on session 30001ab78242fb900294c07c93657ed2 to remote] DEBUG o.a.netty.request.NettyRequestSender - Using pooled Channel '[id: 0x602a4ff4, L:/127.0.0.1:65154 - R:localhost/127.0.0.1:4444]' for 'POST' to 'http://localhost:4444/wd/hub/session/30001ab78242fb900294c07c93657ed2/element'
19:58:56.177 [Forwarding findElement on session 30001ab78242fb900294c07c93657ed2 to remote] DEBUG o.a.netty.request.NettyRequestSender - Using open Channel [id: 0x602a4ff4, L:/127.0.0.1:65154 - R:localhost/127.0.0.1:4444] for POST '/wd/hub/session/30001ab78242fb900294c07c93657ed2/element'
19:58:56.194 [AsyncHttpClient-1-2] DEBUG o.a.netty.handler.HttpHandler - 

Request DefaultHttpRequest(decodeResult: success, version: HTTP/1.1)
POST /wd/hub/session/30001ab78242fb900294c07c93657ed2/element HTTP/1.1
User-Agent: selenium/4.9.1 (java windows)
Content-Length: 94
Content-Type: application/json; charset=utf-8
host: localhost:4444
accept: */*

Response DefaultHttpResponse(decodeResult: success, version: HTTP/1.1)
HTTP/1.1 200 OK
content-length: 126
content-type: application/json; charset=utf-8
cache-control: no-cache

19:58:56.195 [AsyncHttpClient-1-2] DEBUG o.a.netty.channel.ChannelManager - Adding key: http://localhost:4444 for channel [id: 0x602a4ff4, L:/127.0.0.1:65154 - R:localhost/127.0.0.1:4444]
19:58:56.198 [Forwarding isElementDisplayed on session 30001ab78242fb900294c07c93657ed2 to remote] DEBUG o.a.netty.request.NettyRequestSender - Using pooled Channel '[id: 0x602a4ff4, L:/127.0.0.1:65154 - R:localhost/127.0.0.1:4444]' for 'POST' to 'http://localhost:4444/wd/hub/session/30001ab78242fb900294c07c93657ed2/execute/sync'
19:58:56.198 [Forwarding isElementDisplayed on session 30001ab78242fb900294c07c93657ed2 to remote] DEBUG o.a.netty.request.NettyRequestSender - Using open Channel [id: 0x602a4ff4, L:/127.0.0.1:65154 - R:localhost/127.0.0.1:4444] for POST '/wd/hub/session/30001ab78242fb900294c07c93657ed2/execute/sync'
19:58:56.214 [AsyncHttpClient-1-2] DEBUG o.a.netty.handler.HttpHandler - 

Request DefaultHttpRequest(decodeResult: success, version: HTTP/1.1)
POST /wd/hub/session/30001ab78242fb900294c07c93657ed2/execute/sync HTTP/1.1
User-Agent: selenium/4.9.1 (java windows)
Content-Length: 48845
Content-Type: application/json; charset=utf-8
host: localhost:4444
accept: */*

Response DefaultHttpResponse(decodeResult: success, version: HTTP/1.1)
HTTP/1.1 200 OK
content-length: 14
content-type: application/json; charset=utf-8
cache-control: no-cache

19:58:56.215 [AsyncHttpClient-1-2] DEBUG o.a.netty.channel.ChannelManager - Adding key: http://localhost:4444 for channel [id: 0x602a4ff4, L:/127.0.0.1:65154 - R:localhost/127.0.0.1:4444]
19:58:56.216 [Forwarding isElementEnabled on session 30001ab78242fb900294c07c93657ed2 to remote] DEBUG o.a.netty.request.NettyRequestSender - Using pooled Channel '[id: 0x602a4ff4, L:/127.0.0.1:65154 - R:localhost/127.0.0.1:4444]' for 'GET' to 'http://localhost:4444/wd/hub/session/30001ab78242fb900294c07c93657ed2/element/f.D6D752E85A031151A306B110D8DCF949.d.EA60173A7A52CABD9FF5E50574EF45AC.e.23/enabled'
19:58:56.216 [Forwarding isElementEnabled on session 30001ab78242fb900294c07c93657ed2 to remote] DEBUG o.a.netty.request.NettyRequestSender - Using open Channel [id: 0x602a4ff4, L:/127.0.0.1:65154 - R:localhost/127.0.0.1:4444] for GET '/wd/hub/session/30001ab78242fb900294c07c93657ed2/element/f.D6D752E85A031151A306B110D8DCF949.d.EA60173A7A52CABD9FF5E50574EF45AC.e.23/enabled'
19:58:56.229 [AsyncHttpClient-1-2] DEBUG o.a.netty.handler.HttpHandler - 

Request DefaultFullHttpRequest(decodeResult: success, version: HTTP/1.1, content: EmptyByteBufBE)
GET /wd/hub/session/30001ab78242fb900294c07c93657ed2/element/f.D6D752E85A031151A306B110D8DCF949.d.EA60173A7A52CABD9FF5E50574EF45AC.e.23/enabled HTTP/1.1
Cache-Control: no-cache
User-Agent: selenium/4.9.1 (java windows)
Content-Type: application/json; charset=utf-8
host: localhost:4444
accept: */*

Response DefaultHttpResponse(decodeResult: success, version: HTTP/1.1)
HTTP/1.1 200 OK
content-length: 14
content-type: application/json; charset=utf-8
cache-control: no-cache

19:58:56.229 [AsyncHttpClient-1-2] DEBUG o.a.netty.channel.ChannelManager - Adding key: http://localhost:4444 for channel [id: 0x602a4ff4, L:/127.0.0.1:65154 - R:localhost/127.0.0.1:4444]
19:58:56.231 [Forwarding clickElement on session 30001ab78242fb900294c07c93657ed2 to remote] DEBUG o.a.netty.request.NettyRequestSender - Using pooled Channel '[id: 0x602a4ff4, L:/127.0.0.1:65154 - R:localhost/127.0.0.1:4444]' for 'POST' to 'http://localhost:4444/wd/hub/session/30001ab78242fb900294c07c93657ed2/element/f.D6D752E85A031151A306B110D8DCF949.d.EA60173A7A52CABD9FF5E50574EF45AC.e.23/click'
19:58:56.231 [Forwarding clickElement on session 30001ab78242fb900294c07c93657ed2 to remote] DEBUG o.a.netty.request.NettyRequestSender - Using open Channel [id: 0x602a4ff4, L:/127.0.0.1:65154 - R:localhost/127.0.0.1:4444] for POST '/wd/hub/session/30001ab78242fb900294c07c93657ed2/element/f.D6D752E85A031151A306B110D8DCF949.d.EA60173A7A52CABD9FF5E50574EF45AC.e.23/click'
19:58:56.281 [AsyncHttpClient-1-2] DEBUG o.a.netty.handler.HttpHandler - 

Request DefaultHttpRequest(decodeResult: success, version: HTTP/1.1)
POST /wd/hub/session/30001ab78242fb900294c07c93657ed2/element/f.D6D752E85A031151A306B110D8DCF949.d.EA60173A7A52CABD9FF5E50574EF45AC.e.23/click HTTP/1.1
User-Agent: selenium/4.9.1 (java windows)
Content-Length: 88
Content-Type: application/json; charset=utf-8
host: localhost:4444
accept: */*

Response DefaultHttpResponse(decodeResult: success, version: HTTP/1.1)
HTTP/1.1 200 OK
content-length: 14
content-type: application/json; charset=utf-8
cache-control: no-cache

19:58:56.281 [AsyncHttpClient-1-2] DEBUG o.a.netty.channel.ChannelManager - Adding key: http://localhost:4444 for channel [id: 0x602a4ff4, L:/127.0.0.1:65154 - R:localhost/127.0.0.1:4444]
19:58:56.283 [Forwarding findElement on session 30001ab78242fb900294c07c93657ed2 to remote] DEBUG o.a.netty.request.NettyRequestSender - Using pooled Channel '[id: 0x602a4ff4, L:/127.0.0.1:65154 - R:localhost/127.0.0.1:4444]' for 'POST' to 'http://localhost:4444/wd/hub/session/30001ab78242fb900294c07c93657ed2/element'
19:58:56.283 [Forwarding findElement on session 30001ab78242fb900294c07c93657ed2 to remote] DEBUG o.a.netty.request.NettyRequestSender - Using open Channel [id: 0x602a4ff4, L:/127.0.0.1:65154 - R:localhost/127.0.0.1:4444] for POST '/wd/hub/session/30001ab78242fb900294c07c93657ed2/element'
19:58:56.298 [AsyncHttpClient-1-2] DEBUG o.a.netty.handler.HttpHandler - 

Request DefaultHttpRequest(decodeResult: success, version: HTTP/1.1)
POST /wd/hub/session/30001ab78242fb900294c07c93657ed2/element HTTP/1.1
User-Agent: selenium/4.9.1 (java windows)
Content-Length: 93
Content-Type: application/json; charset=utf-8
host: localhost:4444
accept: */*

Response DefaultHttpResponse(decodeResult: success, version: HTTP/1.1)
HTTP/1.1 200 OK
content-length: 126
content-type: application/json; charset=utf-8
cache-control: no-cache

19:58:56.298 [AsyncHttpClient-1-2] DEBUG o.a.netty.channel.ChannelManager - Adding key: http://localhost:4444 for channel [id: 0x602a4ff4, L:/127.0.0.1:65154 - R:localhost/127.0.0.1:4444]
19:58:56.301 [Forwarding isElementDisplayed on session 30001ab78242fb900294c07c93657ed2 to remote] DEBUG o.a.netty.request.NettyRequestSender - Using pooled Channel '[id: 0x602a4ff4, L:/127.0.0.1:65154 - R:localhost/127.0.0.1:4444]' for 'POST' to 'http://localhost:4444/wd/hub/session/30001ab78242fb900294c07c93657ed2/execute/sync'
19:58:56.301 [Forwarding isElementDisplayed on session 30001ab78242fb900294c07c93657ed2 to remote] DEBUG o.a.netty.request.NettyRequestSender - Using open Channel [id: 0x602a4ff4, L:/127.0.0.1:65154 - R:localhost/127.0.0.1:4444] for POST '/wd/hub/session/30001ab78242fb900294c07c93657ed2/execute/sync'
19:58:56.315 [AsyncHttpClient-1-2] DEBUG o.a.netty.handler.HttpHandler - 

Request DefaultHttpRequest(decodeResult: success, version: HTTP/1.1)
POST /wd/hub/session/30001ab78242fb900294c07c93657ed2/execute/sync HTTP/1.1
User-Agent: selenium/4.9.1 (java windows)
Content-Length: 48845
Content-Type: application/json; charset=utf-8
host: localhost:4444
accept: */*

Response DefaultHttpResponse(decodeResult: success, version: HTTP/1.1)
HTTP/1.1 200 OK
content-length: 14
content-type: application/json; charset=utf-8
cache-control: no-cache

19:58:56.316 [AsyncHttpClient-1-2] DEBUG o.a.netty.channel.ChannelManager - Adding key: http://localhost:4444 for channel [id: 0x602a4ff4, L:/127.0.0.1:65154 - R:localhost/127.0.0.1:4444]
19:58:56.320 [Forwarding findElement on session 30001ab78242fb900294c07c93657ed2 to remote] DEBUG o.a.netty.request.NettyRequestSender - Using pooled Channel '[id: 0x602a4ff4, L:/127.0.0.1:65154 - R:localhost/127.0.0.1:4444]' for 'POST' to 'http://localhost:4444/wd/hub/session/30001ab78242fb900294c07c93657ed2/element'
19:58:56.320 [Forwarding findElement on session 30001ab78242fb900294c07c93657ed2 to remote] DEBUG o.a.netty.request.NettyRequestSender - Using open Channel [id: 0x602a4ff4, L:/127.0.0.1:65154 - R:localhost/127.0.0.1:4444] for POST '/wd/hub/session/30001ab78242fb900294c07c93657ed2/element'
19:58:56.332 [AsyncHttpClient-1-2] DEBUG o.a.netty.handler.HttpHandler - 

Request DefaultHttpRequest(decodeResult: success, version: HTTP/1.1)
POST /wd/hub/session/30001ab78242fb900294c07c93657ed2/element HTTP/1.1
User-Agent: selenium/4.9.1 (java windows)
Content-Length: 93
Content-Type: application/json; charset=utf-8
host: localhost:4444
accept: */*

Response DefaultHttpResponse(decodeResult: success, version: HTTP/1.1)
HTTP/1.1 200 OK
content-length: 126
content-type: application/json; charset=utf-8
cache-control: no-cache

19:58:56.332 [AsyncHttpClient-1-2] DEBUG o.a.netty.channel.ChannelManager - Adding key: http://localhost:4444 for channel [id: 0x602a4ff4, L:/127.0.0.1:65154 - R:localhost/127.0.0.1:4444]
19:58:56.335 [Forwarding isElementDisplayed on session 30001ab78242fb900294c07c93657ed2 to remote] DEBUG o.a.netty.request.NettyRequestSender - Using pooled Channel '[id: 0x602a4ff4, L:/127.0.0.1:65154 - R:localhost/127.0.0.1:4444]' for 'POST' to 'http://localhost:4444/wd/hub/session/30001ab78242fb900294c07c93657ed2/execute/sync'
19:58:56.335 [Forwarding isElementDisplayed on session 30001ab78242fb900294c07c93657ed2 to remote] DEBUG o.a.netty.request.NettyRequestSender - Using open Channel [id: 0x602a4ff4, L:/127.0.0.1:65154 - R:localhost/127.0.0.1:4444] for POST '/wd/hub/session/30001ab78242fb900294c07c93657ed2/execute/sync'
19:58:56.355 [AsyncHttpClient-1-2] DEBUG o.a.netty.handler.HttpHandler - 

Request DefaultHttpRequest(decodeResult: success, version: HTTP/1.1)
POST /wd/hub/session/30001ab78242fb900294c07c93657ed2/execute/sync HTTP/1.1
User-Agent: selenium/4.9.1 (java windows)
Content-Length: 48845
Content-Type: application/json; charset=utf-8
host: localhost:4444
accept: */*

Response DefaultHttpResponse(decodeResult: success, version: HTTP/1.1)
HTTP/1.1 200 OK
content-length: 14
content-type: application/json; charset=utf-8
cache-control: no-cache

19:58:56.356 [AsyncHttpClient-1-2] DEBUG o.a.netty.channel.ChannelManager - Adding key: http://localhost:4444 for channel [id: 0x602a4ff4, L:/127.0.0.1:65154 - R:localhost/127.0.0.1:4444]
19:58:56.357 [Forwarding isElementEnabled on session 30001ab78242fb900294c07c93657ed2 to remote] DEBUG o.a.netty.request.NettyRequestSender - Using pooled Channel '[id: 0x602a4ff4, L:/127.0.0.1:65154 - R:localhost/127.0.0.1:4444]' for 'GET' to 'http://localhost:4444/wd/hub/session/30001ab78242fb900294c07c93657ed2/element/f.D6D752E85A031151A306B110D8DCF949.d.EA60173A7A52CABD9FF5E50574EF45AC.e.26/enabled'
19:58:56.357 [Forwarding isElementEnabled on session 30001ab78242fb900294c07c93657ed2 to remote] DEBUG o.a.netty.request.NettyRequestSender - Using open Channel [id: 0x602a4ff4, L:/127.0.0.1:65154 - R:localhost/127.0.0.1:4444] for GET '/wd/hub/session/30001ab78242fb900294c07c93657ed2/element/f.D6D752E85A031151A306B110D8DCF949.d.EA60173A7A52CABD9FF5E50574EF45AC.e.26/enabled'
19:58:56.376 [AsyncHttpClient-1-2] DEBUG o.a.netty.handler.HttpHandler - 

Request DefaultFullHttpRequest(decodeResult: success, version: HTTP/1.1, content: EmptyByteBufBE)
GET /wd/hub/session/30001ab78242fb900294c07c93657ed2/element/f.D6D752E85A031151A306B110D8DCF949.d.EA60173A7A52CABD9FF5E50574EF45AC.e.26/enabled HTTP/1.1
Cache-Control: no-cache
User-Agent: selenium/4.9.1 (java windows)
Content-Type: application/json; charset=utf-8
host: localhost:4444
accept: */*

Response DefaultHttpResponse(decodeResult: success, version: HTTP/1.1)
HTTP/1.1 200 OK
content-length: 14
content-type: application/json; charset=utf-8
cache-control: no-cache

19:58:56.376 [AsyncHttpClient-1-2] DEBUG o.a.netty.channel.ChannelManager - Adding key: http://localhost:4444 for channel [id: 0x602a4ff4, L:/127.0.0.1:65154 - R:localhost/127.0.0.1:4444]
19:58:56.385 [Forwarding getElementAttribute on session 30001ab78242fb900294c07c93657ed2 to remote] DEBUG o.a.netty.request.NettyRequestSender - Using pooled Channel '[id: 0x602a4ff4, L:/127.0.0.1:65154 - R:localhost/127.0.0.1:4444]' for 'POST' to 'http://localhost:4444/wd/hub/session/30001ab78242fb900294c07c93657ed2/execute/sync'
19:58:56.386 [Forwarding getElementAttribute on session 30001ab78242fb900294c07c93657ed2 to remote] DEBUG o.a.netty.request.NettyRequestSender - Using open Channel [id: 0x602a4ff4, L:/127.0.0.1:65154 - R:localhost/127.0.0.1:4444] for POST '/wd/hub/session/30001ab78242fb900294c07c93657ed2/execute/sync'
19:58:56.426 [AsyncHttpClient-1-2] DEBUG o.a.netty.handler.HttpHandler - 

Request DefaultHttpRequest(decodeResult: success, version: HTTP/1.1)
POST /wd/hub/session/30001ab78242fb900294c07c93657ed2/execute/sync HTTP/1.1
User-Agent: selenium/4.9.1 (java windows)
Content-Length: 47409
Content-Type: application/json; charset=utf-8
host: localhost:4444
accept: */*

Response DefaultHttpResponse(decodeResult: success, version: HTTP/1.1)
HTTP/1.1 200 OK
content-length: 14
content-type: application/json; charset=utf-8
cache-control: no-cache

19:58:56.426 [AsyncHttpClient-1-2] DEBUG o.a.netty.channel.ChannelManager - Adding key: http://localhost:4444 for channel [id: 0x602a4ff4, L:/127.0.0.1:65154 - R:localhost/127.0.0.1:4444]
19:58:56.428 [Forwarding clearElement on session 30001ab78242fb900294c07c93657ed2 to remote] DEBUG o.a.netty.request.NettyRequestSender - Using pooled Channel '[id: 0x602a4ff4, L:/127.0.0.1:65154 - R:localhost/127.0.0.1:4444]' for 'POST' to 'http://localhost:4444/wd/hub/session/30001ab78242fb900294c07c93657ed2/element/f.D6D752E85A031151A306B110D8DCF949.d.EA60173A7A52CABD9FF5E50574EF45AC.e.26/clear'
19:58:56.428 [Forwarding clearElement on session 30001ab78242fb900294c07c93657ed2 to remote] DEBUG o.a.netty.request.NettyRequestSender - Using open Channel [id: 0x602a4ff4, L:/127.0.0.1:65154 - R:localhost/127.0.0.1:4444] for POST '/wd/hub/session/30001ab78242fb900294c07c93657ed2/element/f.D6D752E85A031151A306B110D8DCF949.d.EA60173A7A52CABD9FF5E50574EF45AC.e.26/clear'
19:58:56.506 [AsyncHttpClient-1-2] DEBUG o.a.netty.handler.HttpHandler - 

Request DefaultHttpRequest(decodeResult: success, version: HTTP/1.1)
POST /wd/hub/session/30001ab78242fb900294c07c93657ed2/element/f.D6D752E85A031151A306B110D8DCF949.d.EA60173A7A52CABD9FF5E50574EF45AC.e.26/clear HTTP/1.1
User-Agent: selenium/4.9.1 (java windows)
Content-Length: 88
Content-Type: application/json; charset=utf-8
host: localhost:4444
accept: */*

Response DefaultHttpResponse(decodeResult: success, version: HTTP/1.1)
HTTP/1.1 200 OK
content-length: 14
content-type: application/json; charset=utf-8
cache-control: no-cache

19:58:56.506 [AsyncHttpClient-1-2] DEBUG o.a.netty.channel.ChannelManager - Adding key: http://localhost:4444 for channel [id: 0x602a4ff4, L:/127.0.0.1:65154 - R:localhost/127.0.0.1:4444]
19:58:56.512 [Forwarding sendKeysToElement on session 30001ab78242fb900294c07c93657ed2 to remote] DEBUG o.a.netty.request.NettyRequestSender - Using pooled Channel '[id: 0x602a4ff4, L:/127.0.0.1:65154 - R:localhost/127.0.0.1:4444]' for 'POST' to 'http://localhost:4444/wd/hub/session/30001ab78242fb900294c07c93657ed2/element/f.D6D752E85A031151A306B110D8DCF949.d.EA60173A7A52CABD9FF5E50574EF45AC.e.26/value'
19:58:56.512 [Forwarding sendKeysToElement on session 30001ab78242fb900294c07c93657ed2 to remote] DEBUG o.a.netty.request.NettyRequestSender - Using open Channel [id: 0x602a4ff4, L:/127.0.0.1:65154 - R:localhost/127.0.0.1:4444] for POST '/wd/hub/session/30001ab78242fb900294c07c93657ed2/element/f.D6D752E85A031151A306B110D8DCF949.d.EA60173A7A52CABD9FF5E50574EF45AC.e.26/value'
19:58:56.701 [AsyncHttpClient-1-2] DEBUG o.a.netty.handler.HttpHandler - 

Request DefaultHttpRequest(decodeResult: success, version: HTTP/1.1)
POST /wd/hub/session/30001ab78242fb900294c07c93657ed2/element/f.D6D752E85A031151A306B110D8DCF949.d.EA60173A7A52CABD9FF5E50574EF45AC.e.26/value HTTP/1.1
User-Agent: selenium/4.9.1 (java windows)
Content-Length: 219
Content-Type: application/json; charset=utf-8
host: localhost:4444
accept: */*

Response DefaultHttpResponse(decodeResult: success, version: HTTP/1.1)
HTTP/1.1 200 OK
content-length: 14
content-type: application/json; charset=utf-8
cache-control: no-cache

19:58:56.702 [AsyncHttpClient-1-2] DEBUG o.a.netty.channel.ChannelManager - Adding key: http://localhost:4444 for channel [id: 0x602a4ff4, L:/127.0.0.1:65154 - R:localhost/127.0.0.1:4444]
19:58:56.703 [Forwarding findElement on session 30001ab78242fb900294c07c93657ed2 to remote] DEBUG o.a.netty.request.NettyRequestSender - Using pooled Channel '[id: 0x602a4ff4, L:/127.0.0.1:65154 - R:localhost/127.0.0.1:4444]' for 'POST' to 'http://localhost:4444/wd/hub/session/30001ab78242fb900294c07c93657ed2/element'
19:58:56.704 [Forwarding findElement on session 30001ab78242fb900294c07c93657ed2 to remote] DEBUG o.a.netty.request.NettyRequestSender - Using open Channel [id: 0x602a4ff4, L:/127.0.0.1:65154 - R:localhost/127.0.0.1:4444] for POST '/wd/hub/session/30001ab78242fb900294c07c93657ed2/element'
19:58:56.723 [AsyncHttpClient-1-2] DEBUG o.a.netty.handler.HttpHandler - 

Request DefaultHttpRequest(decodeResult: success, version: HTTP/1.1)
POST /wd/hub/session/30001ab78242fb900294c07c93657ed2/element HTTP/1.1
User-Agent: selenium/4.9.1 (java windows)
Content-Length: 103
Content-Type: application/json; charset=utf-8
host: localhost:4444
accept: */*

Response DefaultHttpResponse(decodeResult: success, version: HTTP/1.1)
HTTP/1.1 200 OK
content-length: 126
content-type: application/json; charset=utf-8
cache-control: no-cache

19:58:56.724 [AsyncHttpClient-1-2] DEBUG o.a.netty.channel.ChannelManager - Adding key: http://localhost:4444 for channel [id: 0x602a4ff4, L:/127.0.0.1:65154 - R:localhost/127.0.0.1:4444]
19:58:56.728 [Forwarding isElementDisplayed on session 30001ab78242fb900294c07c93657ed2 to remote] DEBUG o.a.netty.request.NettyRequestSender - Using pooled Channel '[id: 0x602a4ff4, L:/127.0.0.1:65154 - R:localhost/127.0.0.1:4444]' for 'POST' to 'http://localhost:4444/wd/hub/session/30001ab78242fb900294c07c93657ed2/execute/sync'
19:58:56.728 [Forwarding isElementDisplayed on session 30001ab78242fb900294c07c93657ed2 to remote] DEBUG o.a.netty.request.NettyRequestSender - Using open Channel [id: 0x602a4ff4, L:/127.0.0.1:65154 - R:localhost/127.0.0.1:4444] for POST '/wd/hub/session/30001ab78242fb900294c07c93657ed2/execute/sync'
19:58:56.754 [AsyncHttpClient-1-2] DEBUG o.a.netty.handler.HttpHandler - 

Request DefaultHttpRequest(decodeResult: success, version: HTTP/1.1)
POST /wd/hub/session/30001ab78242fb900294c07c93657ed2/execute/sync HTTP/1.1
User-Agent: selenium/4.9.1 (java windows)
Content-Length: 48845
Content-Type: application/json; charset=utf-8
host: localhost:4444
accept: */*

Response DefaultHttpResponse(decodeResult: success, version: HTTP/1.1)
HTTP/1.1 200 OK
content-length: 14
content-type: application/json; charset=utf-8
cache-control: no-cache

19:58:56.755 [AsyncHttpClient-1-2] DEBUG o.a.netty.channel.ChannelManager - Adding key: http://localhost:4444 for channel [id: 0x602a4ff4, L:/127.0.0.1:65154 - R:localhost/127.0.0.1:4444]
19:58:56.756 [Forwarding isElementEnabled on session 30001ab78242fb900294c07c93657ed2 to remote] DEBUG o.a.netty.request.NettyRequestSender - Using pooled Channel '[id: 0x602a4ff4, L:/127.0.0.1:65154 - R:localhost/127.0.0.1:4444]' for 'GET' to 'http://localhost:4444/wd/hub/session/30001ab78242fb900294c07c93657ed2/element/f.D6D752E85A031151A306B110D8DCF949.d.EA60173A7A52CABD9FF5E50574EF45AC.e.30/enabled'
19:58:56.756 [Forwarding isElementEnabled on session 30001ab78242fb900294c07c93657ed2 to remote] DEBUG o.a.netty.request.NettyRequestSender - Using open Channel [id: 0x602a4ff4, L:/127.0.0.1:65154 - R:localhost/127.0.0.1:4444] for GET '/wd/hub/session/30001ab78242fb900294c07c93657ed2/element/f.D6D752E85A031151A306B110D8DCF949.d.EA60173A7A52CABD9FF5E50574EF45AC.e.30/enabled'
19:58:56.778 [AsyncHttpClient-1-2] DEBUG o.a.netty.handler.HttpHandler - 

Request DefaultFullHttpRequest(decodeResult: success, version: HTTP/1.1, content: EmptyByteBufBE)
GET /wd/hub/session/30001ab78242fb900294c07c93657ed2/element/f.D6D752E85A031151A306B110D8DCF949.d.EA60173A7A52CABD9FF5E50574EF45AC.e.30/enabled HTTP/1.1
Cache-Control: no-cache
User-Agent: selenium/4.9.1 (java windows)
Content-Type: application/json; charset=utf-8
host: localhost:4444
accept: */*

Response DefaultHttpResponse(decodeResult: success, version: HTTP/1.1)
HTTP/1.1 200 OK
content-length: 14
content-type: application/json; charset=utf-8
cache-control: no-cache

19:58:56.778 [AsyncHttpClient-1-2] DEBUG o.a.netty.channel.ChannelManager - Adding key: http://localhost:4444 for channel [id: 0x602a4ff4, L:/127.0.0.1:65154 - R:localhost/127.0.0.1:4444]
19:58:56.783 [Forwarding getElementAttribute on session 30001ab78242fb900294c07c93657ed2 to remote] DEBUG o.a.netty.request.NettyRequestSender - Using pooled Channel '[id: 0x602a4ff4, L:/127.0.0.1:65154 - R:localhost/127.0.0.1:4444]' for 'POST' to 'http://localhost:4444/wd/hub/session/30001ab78242fb900294c07c93657ed2/execute/sync'
19:58:56.783 [Forwarding getElementAttribute on session 30001ab78242fb900294c07c93657ed2 to remote] DEBUG o.a.netty.request.NettyRequestSender - Using open Channel [id: 0x602a4ff4, L:/127.0.0.1:65154 - R:localhost/127.0.0.1:4444] for POST '/wd/hub/session/30001ab78242fb900294c07c93657ed2/execute/sync'
19:58:56.808 [AsyncHttpClient-1-2] DEBUG o.a.netty.handler.HttpHandler - 

Request DefaultHttpRequest(decodeResult: success, version: HTTP/1.1)
POST /wd/hub/session/30001ab78242fb900294c07c93657ed2/execute/sync HTTP/1.1
User-Agent: selenium/4.9.1 (java windows)
Content-Length: 47409
Content-Type: application/json; charset=utf-8
host: localhost:4444
accept: */*

Response DefaultHttpResponse(decodeResult: success, version: HTTP/1.1)
HTTP/1.1 200 OK
content-length: 14
content-type: application/json; charset=utf-8
cache-control: no-cache

19:58:56.808 [AsyncHttpClient-1-2] DEBUG o.a.netty.channel.ChannelManager - Adding key: http://localhost:4444 for channel [id: 0x602a4ff4, L:/127.0.0.1:65154 - R:localhost/127.0.0.1:4444]
19:58:56.810 [Forwarding clearElement on session 30001ab78242fb900294c07c93657ed2 to remote] DEBUG o.a.netty.request.NettyRequestSender - Using pooled Channel '[id: 0x602a4ff4, L:/127.0.0.1:65154 - R:localhost/127.0.0.1:4444]' for 'POST' to 'http://localhost:4444/wd/hub/session/30001ab78242fb900294c07c93657ed2/element/f.D6D752E85A031151A306B110D8DCF949.d.EA60173A7A52CABD9FF5E50574EF45AC.e.30/clear'
19:58:56.810 [Forwarding clearElement on session 30001ab78242fb900294c07c93657ed2 to remote] DEBUG o.a.netty.request.NettyRequestSender - Using open Channel [id: 0x602a4ff4, L:/127.0.0.1:65154 - R:localhost/127.0.0.1:4444] for POST '/wd/hub/session/30001ab78242fb900294c07c93657ed2/element/f.D6D752E85A031151A306B110D8DCF949.d.EA60173A7A52CABD9FF5E50574EF45AC.e.30/clear'
19:58:56.853 [AsyncHttpClient-1-2] DEBUG o.a.netty.handler.HttpHandler - 

Request DefaultHttpRequest(decodeResult: success, version: HTTP/1.1)
POST /wd/hub/session/30001ab78242fb900294c07c93657ed2/element/f.D6D752E85A031151A306B110D8DCF949.d.EA60173A7A52CABD9FF5E50574EF45AC.e.30/clear HTTP/1.1
User-Agent: selenium/4.9.1 (java windows)
Content-Length: 88
Content-Type: application/json; charset=utf-8
host: localhost:4444
accept: */*

Response DefaultHttpResponse(decodeResult: success, version: HTTP/1.1)
HTTP/1.1 200 OK
content-length: 14
content-type: application/json; charset=utf-8
cache-control: no-cache

19:58:56.854 [AsyncHttpClient-1-2] DEBUG o.a.netty.channel.ChannelManager - Adding key: http://localhost:4444 for channel [id: 0x602a4ff4, L:/127.0.0.1:65154 - R:localhost/127.0.0.1:4444]
19:58:56.856 [Forwarding sendKeysToElement on session 30001ab78242fb900294c07c93657ed2 to remote] DEBUG o.a.netty.request.NettyRequestSender - Using pooled Channel '[id: 0x602a4ff4, L:/127.0.0.1:65154 - R:localhost/127.0.0.1:4444]' for 'POST' to 'http://localhost:4444/wd/hub/session/30001ab78242fb900294c07c93657ed2/element/f.D6D752E85A031151A306B110D8DCF949.d.EA60173A7A52CABD9FF5E50574EF45AC.e.30/value'
19:58:56.856 [Forwarding sendKeysToElement on session 30001ab78242fb900294c07c93657ed2 to remote] DEBUG o.a.netty.request.NettyRequestSender - Using open Channel [id: 0x602a4ff4, L:/127.0.0.1:65154 - R:localhost/127.0.0.1:4444] for POST '/wd/hub/session/30001ab78242fb900294c07c93657ed2/element/f.D6D752E85A031151A306B110D8DCF949.d.EA60173A7A52CABD9FF5E50574EF45AC.e.30/value'
19:58:56.989 [AsyncHttpClient-1-2] DEBUG o.a.netty.handler.HttpHandler - 

Request DefaultHttpRequest(decodeResult: success, version: HTTP/1.1)
POST /wd/hub/session/30001ab78242fb900294c07c93657ed2/element/f.D6D752E85A031151A306B110D8DCF949.d.EA60173A7A52CABD9FF5E50574EF45AC.e.30/value HTTP/1.1
User-Agent: selenium/4.9.1 (java windows)
Content-Length: 319
Content-Type: application/json; charset=utf-8
host: localhost:4444
accept: */*

Response DefaultHttpResponse(decodeResult: success, version: HTTP/1.1)
HTTP/1.1 200 OK
content-length: 14
content-type: application/json; charset=utf-8
cache-control: no-cache

19:58:56.989 [AsyncHttpClient-1-2] DEBUG o.a.netty.channel.ChannelManager - Adding key: http://localhost:4444 for channel [id: 0x602a4ff4, L:/127.0.0.1:65154 - R:localhost/127.0.0.1:4444]
19:58:56.992 [Forwarding findElement on session 30001ab78242fb900294c07c93657ed2 to remote] DEBUG o.a.netty.request.NettyRequestSender - Using pooled Channel '[id: 0x602a4ff4, L:/127.0.0.1:65154 - R:localhost/127.0.0.1:4444]' for 'POST' to 'http://localhost:4444/wd/hub/session/30001ab78242fb900294c07c93657ed2/element'
19:58:56.993 [Forwarding findElement on session 30001ab78242fb900294c07c93657ed2 to remote] DEBUG o.a.netty.request.NettyRequestSender - Using open Channel [id: 0x602a4ff4, L:/127.0.0.1:65154 - R:localhost/127.0.0.1:4444] for POST '/wd/hub/session/30001ab78242fb900294c07c93657ed2/element'
19:58:57.026 [AsyncHttpClient-1-2] DEBUG o.a.netty.handler.HttpHandler - 

Request DefaultHttpRequest(decodeResult: success, version: HTTP/1.1)
POST /wd/hub/session/30001ab78242fb900294c07c93657ed2/element HTTP/1.1
User-Agent: selenium/4.9.1 (java windows)
Content-Length: 91
Content-Type: application/json; charset=utf-8
host: localhost:4444
accept: */*

Response DefaultHttpResponse(decodeResult: success, version: HTTP/1.1)
HTTP/1.1 200 OK
content-length: 126
content-type: application/json; charset=utf-8
cache-control: no-cache

19:58:57.026 [AsyncHttpClient-1-2] DEBUG o.a.netty.channel.ChannelManager - Adding key: http://localhost:4444 for channel [id: 0x602a4ff4, L:/127.0.0.1:65154 - R:localhost/127.0.0.1:4444]
19:58:57.030 [Forwarding isElementDisplayed on session 30001ab78242fb900294c07c93657ed2 to remote] DEBUG o.a.netty.request.NettyRequestSender - Using pooled Channel '[id: 0x602a4ff4, L:/127.0.0.1:65154 - R:localhost/127.0.0.1:4444]' for 'POST' to 'http://localhost:4444/wd/hub/session/30001ab78242fb900294c07c93657ed2/execute/sync'
19:58:57.031 [Forwarding isElementDisplayed on session 30001ab78242fb900294c07c93657ed2 to remote] DEBUG o.a.netty.request.NettyRequestSender - Using open Channel [id: 0x602a4ff4, L:/127.0.0.1:65154 - R:localhost/127.0.0.1:4444] for POST '/wd/hub/session/30001ab78242fb900294c07c93657ed2/execute/sync'
19:58:57.057 [AsyncHttpClient-1-2] DEBUG o.a.netty.handler.HttpHandler - 

Request DefaultHttpRequest(decodeResult: success, version: HTTP/1.1)
POST /wd/hub/session/30001ab78242fb900294c07c93657ed2/execute/sync HTTP/1.1
User-Agent: selenium/4.9.1 (java windows)
Content-Length: 48845
Content-Type: application/json; charset=utf-8
host: localhost:4444
accept: */*

Response DefaultHttpResponse(decodeResult: success, version: HTTP/1.1)
HTTP/1.1 200 OK
content-length: 14
content-type: application/json; charset=utf-8
cache-control: no-cache

19:58:57.057 [AsyncHttpClient-1-2] DEBUG o.a.netty.channel.ChannelManager - Adding key: http://localhost:4444 for channel [id: 0x602a4ff4, L:/127.0.0.1:65154 - R:localhost/127.0.0.1:4444]
19:58:57.059 [Forwarding isElementEnabled on session 30001ab78242fb900294c07c93657ed2 to remote] DEBUG o.a.netty.request.NettyRequestSender - Using pooled Channel '[id: 0x602a4ff4, L:/127.0.0.1:65154 - R:localhost/127.0.0.1:4444]' for 'GET' to 'http://localhost:4444/wd/hub/session/30001ab78242fb900294c07c93657ed2/element/f.D6D752E85A031151A306B110D8DCF949.d.EA60173A7A52CABD9FF5E50574EF45AC.e.39/enabled'
19:58:57.059 [Forwarding isElementEnabled on session 30001ab78242fb900294c07c93657ed2 to remote] DEBUG o.a.netty.request.NettyRequestSender - Using open Channel [id: 0x602a4ff4, L:/127.0.0.1:65154 - R:localhost/127.0.0.1:4444] for GET '/wd/hub/session/30001ab78242fb900294c07c93657ed2/element/f.D6D752E85A031151A306B110D8DCF949.d.EA60173A7A52CABD9FF5E50574EF45AC.e.39/enabled'
19:58:57.078 [AsyncHttpClient-1-2] DEBUG o.a.netty.handler.HttpHandler - 

Request DefaultFullHttpRequest(decodeResult: success, version: HTTP/1.1, content: EmptyByteBufBE)
GET /wd/hub/session/30001ab78242fb900294c07c93657ed2/element/f.D6D752E85A031151A306B110D8DCF949.d.EA60173A7A52CABD9FF5E50574EF45AC.e.39/enabled HTTP/1.1
Cache-Control: no-cache
User-Agent: selenium/4.9.1 (java windows)
Content-Type: application/json; charset=utf-8
host: localhost:4444
accept: */*

Response DefaultHttpResponse(decodeResult: success, version: HTTP/1.1)
HTTP/1.1 200 OK
content-length: 14
content-type: application/json; charset=utf-8
cache-control: no-cache

19:58:57.078 [AsyncHttpClient-1-2] DEBUG o.a.netty.channel.ChannelManager - Adding key: http://localhost:4444 for channel [id: 0x602a4ff4, L:/127.0.0.1:65154 - R:localhost/127.0.0.1:4444]
19:58:57.082 [Forwarding clickElement on session 30001ab78242fb900294c07c93657ed2 to remote] DEBUG o.a.netty.request.NettyRequestSender - Using pooled Channel '[id: 0x602a4ff4, L:/127.0.0.1:65154 - R:localhost/127.0.0.1:4444]' for 'POST' to 'http://localhost:4444/wd/hub/session/30001ab78242fb900294c07c93657ed2/element/f.D6D752E85A031151A306B110D8DCF949.d.EA60173A7A52CABD9FF5E50574EF45AC.e.39/click'
19:58:57.082 [Forwarding clickElement on session 30001ab78242fb900294c07c93657ed2 to remote] DEBUG o.a.netty.request.NettyRequestSender - Using open Channel [id: 0x602a4ff4, L:/127.0.0.1:65154 - R:localhost/127.0.0.1:4444] for POST '/wd/hub/session/30001ab78242fb900294c07c93657ed2/element/f.D6D752E85A031151A306B110D8DCF949.d.EA60173A7A52CABD9FF5E50574EF45AC.e.39/click'
19:58:57.174 [AsyncHttpClient-1-2] DEBUG o.a.netty.handler.HttpHandler - 

Request DefaultHttpRequest(decodeResult: success, version: HTTP/1.1)
POST /wd/hub/session/30001ab78242fb900294c07c93657ed2/element/f.D6D752E85A031151A306B110D8DCF949.d.EA60173A7A52CABD9FF5E50574EF45AC.e.39/click HTTP/1.1
User-Agent: selenium/4.9.1 (java windows)
Content-Length: 88
Content-Type: application/json; charset=utf-8
host: localhost:4444
accept: */*

Response DefaultHttpResponse(decodeResult: success, version: HTTP/1.1)
HTTP/1.1 200 OK
content-length: 14
content-type: application/json; charset=utf-8
cache-control: no-cache

19:58:57.175 [AsyncHttpClient-1-2] DEBUG o.a.netty.channel.ChannelManager - Adding key: http://localhost:4444 for channel [id: 0x602a4ff4, L:/127.0.0.1:65154 - R:localhost/127.0.0.1:4444]
19:58:57.176 [main] INFO  testRunnerPages.ImplementSelenide - Adding dashboard completed
19:58:57.186 [Forwarding findElement on session 30001ab78242fb900294c07c93657ed2 to remote] DEBUG o.a.netty.request.NettyRequestSender - Using pooled Channel '[id: 0x602a4ff4, L:/127.0.0.1:65154 - R:localhost/127.0.0.1:4444]' for 'POST' to 'http://localhost:4444/wd/hub/session/30001ab78242fb900294c07c93657ed2/element'
19:58:57.186 [Forwarding findElement on session 30001ab78242fb900294c07c93657ed2 to remote] DEBUG o.a.netty.request.NettyRequestSender - Using open Channel [id: 0x602a4ff4, L:/127.0.0.1:65154 - R:localhost/127.0.0.1:4444] for POST '/wd/hub/session/30001ab78242fb900294c07c93657ed2/element'
19:58:57.216 [AsyncHttpClient-1-2] DEBUG o.a.netty.handler.HttpHandler - 

Request DefaultHttpRequest(decodeResult: success, version: HTTP/1.1)
POST /wd/hub/session/30001ab78242fb900294c07c93657ed2/element HTTP/1.1
User-Agent: selenium/4.9.1 (java windows)
Content-Length: 105
Content-Type: application/json; charset=utf-8
host: localhost:4444
accept: */*

Response DefaultHttpResponse(decodeResult: success, version: HTTP/1.1)
HTTP/1.1 200 OK
content-length: 126
content-type: application/json; charset=utf-8
cache-control: no-cache

19:58:57.217 [AsyncHttpClient-1-2] DEBUG o.a.netty.channel.ChannelManager - Adding key: http://localhost:4444 for channel [id: 0x602a4ff4, L:/127.0.0.1:65154 - R:localhost/127.0.0.1:4444]
19:58:57.225 [Forwarding isElementDisplayed on session 30001ab78242fb900294c07c93657ed2 to remote] DEBUG o.a.netty.request.NettyRequestSender - Using pooled Channel '[id: 0x602a4ff4, L:/127.0.0.1:65154 - R:localhost/127.0.0.1:4444]' for 'POST' to 'http://localhost:4444/wd/hub/session/30001ab78242fb900294c07c93657ed2/execute/sync'
19:58:57.226 [Forwarding isElementDisplayed on session 30001ab78242fb900294c07c93657ed2 to remote] DEBUG o.a.netty.request.NettyRequestSender - Using open Channel [id: 0x602a4ff4, L:/127.0.0.1:65154 - R:localhost/127.0.0.1:4444] for POST '/wd/hub/session/30001ab78242fb900294c07c93657ed2/execute/sync'
19:58:57.263 [AsyncHttpClient-1-2] DEBUG o.a.netty.handler.HttpHandler - 

Request DefaultHttpRequest(decodeResult: success, version: HTTP/1.1)
POST /wd/hub/session/30001ab78242fb900294c07c93657ed2/execute/sync HTTP/1.1
User-Agent: selenium/4.9.1 (java windows)
Content-Length: 48845
Content-Type: application/json; charset=utf-8
host: localhost:4444
accept: */*

Response DefaultHttpResponse(decodeResult: success, version: HTTP/1.1)
HTTP/1.1 200 OK
content-length: 14
content-type: application/json; charset=utf-8
cache-control: no-cache

19:58:57.264 [AsyncHttpClient-1-2] DEBUG o.a.netty.channel.ChannelManager - Adding key: http://localhost:4444 for channel [id: 0x602a4ff4, L:/127.0.0.1:65154 - R:localhost/127.0.0.1:4444]
19:58:57.267 [Forwarding findElement on session 30001ab78242fb900294c07c93657ed2 to remote] DEBUG o.a.netty.request.NettyRequestSender - Using pooled Channel '[id: 0x602a4ff4, L:/127.0.0.1:65154 - R:localhost/127.0.0.1:4444]' for 'POST' to 'http://localhost:4444/wd/hub/session/30001ab78242fb900294c07c93657ed2/element'
19:58:57.267 [Forwarding findElement on session 30001ab78242fb900294c07c93657ed2 to remote] DEBUG o.a.netty.request.NettyRequestSender - Using open Channel [id: 0x602a4ff4, L:/127.0.0.1:65154 - R:localhost/127.0.0.1:4444] for POST '/wd/hub/session/30001ab78242fb900294c07c93657ed2/element'
19:58:57.306 [AsyncHttpClient-1-2] DEBUG o.a.netty.handler.HttpHandler - 

Request DefaultHttpRequest(decodeResult: success, version: HTTP/1.1)
POST /wd/hub/session/30001ab78242fb900294c07c93657ed2/element HTTP/1.1
User-Agent: selenium/4.9.1 (java windows)
Content-Length: 105
Content-Type: application/json; charset=utf-8
host: localhost:4444
accept: */*

Response DefaultHttpResponse(decodeResult: success, version: HTTP/1.1)
HTTP/1.1 200 OK
content-length: 126
content-type: application/json; charset=utf-8
cache-control: no-cache

19:58:57.306 [AsyncHttpClient-1-2] DEBUG o.a.netty.channel.ChannelManager - Adding key: http://localhost:4444 for channel [id: 0x602a4ff4, L:/127.0.0.1:65154 - R:localhost/127.0.0.1:4444]
19:58:57.314 [Forwarding isElementDisplayed on session 30001ab78242fb900294c07c93657ed2 to remote] DEBUG o.a.netty.request.NettyRequestSender - Using pooled Channel '[id: 0x602a4ff4, L:/127.0.0.1:65154 - R:localhost/127.0.0.1:4444]' for 'POST' to 'http://localhost:4444/wd/hub/session/30001ab78242fb900294c07c93657ed2/execute/sync'
19:58:57.314 [Forwarding isElementDisplayed on session 30001ab78242fb900294c07c93657ed2 to remote] DEBUG o.a.netty.request.NettyRequestSender - Using open Channel [id: 0x602a4ff4, L:/127.0.0.1:65154 - R:localhost/127.0.0.1:4444] for POST '/wd/hub/session/30001ab78242fb900294c07c93657ed2/execute/sync'
19:58:57.370 [AsyncHttpClient-1-2] DEBUG o.a.netty.handler.HttpHandler - 

Request DefaultHttpRequest(decodeResult: success, version: HTTP/1.1)
POST /wd/hub/session/30001ab78242fb900294c07c93657ed2/execute/sync HTTP/1.1
User-Agent: selenium/4.9.1 (java windows)
Content-Length: 48845
Content-Type: application/json; charset=utf-8
host: localhost:4444
accept: */*

Response DefaultHttpResponse(decodeResult: success, version: HTTP/1.1)
HTTP/1.1 200 OK
content-length: 14
content-type: application/json; charset=utf-8
cache-control: no-cache

19:58:57.370 [AsyncHttpClient-1-2] DEBUG o.a.netty.channel.ChannelManager - Adding key: http://localhost:4444 for channel [id: 0x602a4ff4, L:/127.0.0.1:65154 - R:localhost/127.0.0.1:4444]
19:58:57.373 [Forwarding isElementEnabled on session 30001ab78242fb900294c07c93657ed2 to remote] DEBUG o.a.netty.request.NettyRequestSender - Using pooled Channel '[id: 0x602a4ff4, L:/127.0.0.1:65154 - R:localhost/127.0.0.1:4444]' for 'GET' to 'http://localhost:4444/wd/hub/session/30001ab78242fb900294c07c93657ed2/element/f.D6D752E85A031151A306B110D8DCF949.d.EA60173A7A52CABD9FF5E50574EF45AC.e.15/enabled'
19:58:57.373 [Forwarding isElementEnabled on session 30001ab78242fb900294c07c93657ed2 to remote] DEBUG o.a.netty.request.NettyRequestSender - Using open Channel [id: 0x602a4ff4, L:/127.0.0.1:65154 - R:localhost/127.0.0.1:4444] for GET '/wd/hub/session/30001ab78242fb900294c07c93657ed2/element/f.D6D752E85A031151A306B110D8DCF949.d.EA60173A7A52CABD9FF5E50574EF45AC.e.15/enabled'
19:58:57.403 [AsyncHttpClient-1-2] DEBUG o.a.netty.handler.HttpHandler - 

Request DefaultFullHttpRequest(decodeResult: success, version: HTTP/1.1, content: EmptyByteBufBE)
GET /wd/hub/session/30001ab78242fb900294c07c93657ed2/element/f.D6D752E85A031151A306B110D8DCF949.d.EA60173A7A52CABD9FF5E50574EF45AC.e.15/enabled HTTP/1.1
Cache-Control: no-cache
User-Agent: selenium/4.9.1 (java windows)
Content-Type: application/json; charset=utf-8
host: localhost:4444
accept: */*

Response DefaultHttpResponse(decodeResult: success, version: HTTP/1.1)
HTTP/1.1 200 OK
content-length: 14
content-type: application/json; charset=utf-8
cache-control: no-cache

19:58:57.403 [AsyncHttpClient-1-2] DEBUG o.a.netty.channel.ChannelManager - Adding key: http://localhost:4444 for channel [id: 0x602a4ff4, L:/127.0.0.1:65154 - R:localhost/127.0.0.1:4444]
19:58:57.407 [Forwarding clickElement on session 30001ab78242fb900294c07c93657ed2 to remote] DEBUG o.a.netty.request.NettyRequestSender - Using pooled Channel '[id: 0x602a4ff4, L:/127.0.0.1:65154 - R:localhost/127.0.0.1:4444]' for 'POST' to 'http://localhost:4444/wd/hub/session/30001ab78242fb900294c07c93657ed2/element/f.D6D752E85A031151A306B110D8DCF949.d.EA60173A7A52CABD9FF5E50574EF45AC.e.15/click'
19:58:57.407 [Forwarding clickElement on session 30001ab78242fb900294c07c93657ed2 to remote] DEBUG o.a.netty.request.NettyRequestSender - Using open Channel [id: 0x602a4ff4, L:/127.0.0.1:65154 - R:localhost/127.0.0.1:4444] for POST '/wd/hub/session/30001ab78242fb900294c07c93657ed2/element/f.D6D752E85A031151A306B110D8DCF949.d.EA60173A7A52CABD9FF5E50574EF45AC.e.15/click'
19:58:57.524 [AsyncHttpClient-1-2] DEBUG o.a.netty.handler.HttpHandler - 

Request DefaultHttpRequest(decodeResult: success, version: HTTP/1.1)
POST /wd/hub/session/30001ab78242fb900294c07c93657ed2/element/f.D6D752E85A031151A306B110D8DCF949.d.EA60173A7A52CABD9FF5E50574EF45AC.e.15/click HTTP/1.1
User-Agent: selenium/4.9.1 (java windows)
Content-Length: 88
Content-Type: application/json; charset=utf-8
host: localhost:4444
accept: */*

Response DefaultHttpResponse(decodeResult: success, version: HTTP/1.1)
HTTP/1.1 200 OK
content-length: 14
content-type: application/json; charset=utf-8
cache-control: no-cache

19:58:57.525 [AsyncHttpClient-1-2] DEBUG o.a.netty.channel.ChannelManager - Adding key: http://localhost:4444 for channel [id: 0x602a4ff4, L:/127.0.0.1:65154 - R:localhost/127.0.0.1:4444]
19:58:57.529 [Forwarding findElement on session 30001ab78242fb900294c07c93657ed2 to remote] DEBUG o.a.netty.request.NettyRequestSender - Using pooled Channel '[id: 0x602a4ff4, L:/127.0.0.1:65154 - R:localhost/127.0.0.1:4444]' for 'POST' to 'http://localhost:4444/wd/hub/session/30001ab78242fb900294c07c93657ed2/element'
19:58:57.529 [Forwarding findElement on session 30001ab78242fb900294c07c93657ed2 to remote] DEBUG o.a.netty.request.NettyRequestSender - Using open Channel [id: 0x602a4ff4, L:/127.0.0.1:65154 - R:localhost/127.0.0.1:4444] for POST '/wd/hub/session/30001ab78242fb900294c07c93657ed2/element'
19:58:57.564 [AsyncHttpClient-1-2] DEBUG o.a.netty.handler.HttpHandler - 

Request DefaultHttpRequest(decodeResult: success, version: HTTP/1.1)
POST /wd/hub/session/30001ab78242fb900294c07c93657ed2/element HTTP/1.1
User-Agent: selenium/4.9.1 (java windows)
Content-Length: 92
Content-Type: application/json; charset=utf-8
host: localhost:4444
accept: */*

Response DefaultHttpResponse(decodeResult: success, version: HTTP/1.1)
HTTP/1.1 200 OK
content-length: 126
content-type: application/json; charset=utf-8
cache-control: no-cache

19:58:57.564 [AsyncHttpClient-1-2] DEBUG o.a.netty.channel.ChannelManager - Adding key: http://localhost:4444 for channel [id: 0x602a4ff4, L:/127.0.0.1:65154 - R:localhost/127.0.0.1:4444]
19:58:57.572 [Forwarding isElementDisplayed on session 30001ab78242fb900294c07c93657ed2 to remote] DEBUG o.a.netty.request.NettyRequestSender - Using pooled Channel '[id: 0x602a4ff4, L:/127.0.0.1:65154 - R:localhost/127.0.0.1:4444]' for 'POST' to 'http://localhost:4444/wd/hub/session/30001ab78242fb900294c07c93657ed2/execute/sync'
19:58:57.572 [Forwarding isElementDisplayed on session 30001ab78242fb900294c07c93657ed2 to remote] DEBUG o.a.netty.request.NettyRequestSender - Using open Channel [id: 0x602a4ff4, L:/127.0.0.1:65154 - R:localhost/127.0.0.1:4444] for POST '/wd/hub/session/30001ab78242fb900294c07c93657ed2/execute/sync'
19:58:57.614 [AsyncHttpClient-1-2] DEBUG o.a.netty.handler.HttpHandler - 

Request DefaultHttpRequest(decodeResult: success, version: HTTP/1.1)
POST /wd/hub/session/30001ab78242fb900294c07c93657ed2/execute/sync HTTP/1.1
User-Agent: selenium/4.9.1 (java windows)
Content-Length: 48845
Content-Type: application/json; charset=utf-8
host: localhost:4444
accept: */*

Response DefaultHttpResponse(decodeResult: success, version: HTTP/1.1)
HTTP/1.1 200 OK
content-length: 14
content-type: application/json; charset=utf-8
cache-control: no-cache

19:58:57.614 [AsyncHttpClient-1-2] DEBUG o.a.netty.channel.ChannelManager - Adding key: http://localhost:4444 for channel [id: 0x602a4ff4, L:/127.0.0.1:65154 - R:localhost/127.0.0.1:4444]
19:58:57.617 [Forwarding findElement on session 30001ab78242fb900294c07c93657ed2 to remote] DEBUG o.a.netty.request.NettyRequestSender - Using pooled Channel '[id: 0x602a4ff4, L:/127.0.0.1:65154 - R:localhost/127.0.0.1:4444]' for 'POST' to 'http://localhost:4444/wd/hub/session/30001ab78242fb900294c07c93657ed2/element'
19:58:57.618 [Forwarding findElement on session 30001ab78242fb900294c07c93657ed2 to remote] DEBUG o.a.netty.request.NettyRequestSender - Using open Channel [id: 0x602a4ff4, L:/127.0.0.1:65154 - R:localhost/127.0.0.1:4444] for POST '/wd/hub/session/30001ab78242fb900294c07c93657ed2/element'
19:58:57.646 [AsyncHttpClient-1-2] DEBUG o.a.netty.handler.HttpHandler - 

Request DefaultHttpRequest(decodeResult: success, version: HTTP/1.1)
POST /wd/hub/session/30001ab78242fb900294c07c93657ed2/element HTTP/1.1
User-Agent: selenium/4.9.1 (java windows)
Content-Length: 92
Content-Type: application/json; charset=utf-8
host: localhost:4444
accept: */*

Response DefaultHttpResponse(decodeResult: success, version: HTTP/1.1)
HTTP/1.1 200 OK
content-length: 126
content-type: application/json; charset=utf-8
cache-control: no-cache

19:58:57.647 [AsyncHttpClient-1-2] DEBUG o.a.netty.channel.ChannelManager - Adding key: http://localhost:4444 for channel [id: 0x602a4ff4, L:/127.0.0.1:65154 - R:localhost/127.0.0.1:4444]
19:58:57.655 [Forwarding isElementDisplayed on session 30001ab78242fb900294c07c93657ed2 to remote] DEBUG o.a.netty.request.NettyRequestSender - Using pooled Channel '[id: 0x602a4ff4, L:/127.0.0.1:65154 - R:localhost/127.0.0.1:4444]' for 'POST' to 'http://localhost:4444/wd/hub/session/30001ab78242fb900294c07c93657ed2/execute/sync'
19:58:57.655 [Forwarding isElementDisplayed on session 30001ab78242fb900294c07c93657ed2 to remote] DEBUG o.a.netty.request.NettyRequestSender - Using open Channel [id: 0x602a4ff4, L:/127.0.0.1:65154 - R:localhost/127.0.0.1:4444] for POST '/wd/hub/session/30001ab78242fb900294c07c93657ed2/execute/sync'
19:58:57.691 [AsyncHttpClient-1-2] DEBUG o.a.netty.handler.HttpHandler - 

Request DefaultHttpRequest(decodeResult: success, version: HTTP/1.1)
POST /wd/hub/session/30001ab78242fb900294c07c93657ed2/execute/sync HTTP/1.1
User-Agent: selenium/4.9.1 (java windows)
Content-Length: 48845
Content-Type: application/json; charset=utf-8
host: localhost:4444
accept: */*

Response DefaultHttpResponse(decodeResult: success, version: HTTP/1.1)
HTTP/1.1 200 OK
content-length: 14
content-type: application/json; charset=utf-8
cache-control: no-cache

19:58:57.691 [AsyncHttpClient-1-2] DEBUG o.a.netty.channel.ChannelManager - Adding key: http://localhost:4444 for channel [id: 0x602a4ff4, L:/127.0.0.1:65154 - R:localhost/127.0.0.1:4444]
19:58:57.693 [Forwarding isElementEnabled on session 30001ab78242fb900294c07c93657ed2 to remote] DEBUG o.a.netty.request.NettyRequestSender - Using pooled Channel '[id: 0x602a4ff4, L:/127.0.0.1:65154 - R:localhost/127.0.0.1:4444]' for 'GET' to 'http://localhost:4444/wd/hub/session/30001ab78242fb900294c07c93657ed2/element/f.D6D752E85A031151A306B110D8DCF949.d.EA60173A7A52CABD9FF5E50574EF45AC.e.16/enabled'
19:58:57.693 [Forwarding isElementEnabled on session 30001ab78242fb900294c07c93657ed2 to remote] DEBUG o.a.netty.request.NettyRequestSender - Using open Channel [id: 0x602a4ff4, L:/127.0.0.1:65154 - R:localhost/127.0.0.1:4444] for GET '/wd/hub/session/30001ab78242fb900294c07c93657ed2/element/f.D6D752E85A031151A306B110D8DCF949.d.EA60173A7A52CABD9FF5E50574EF45AC.e.16/enabled'
19:58:57.717 [AsyncHttpClient-1-2] DEBUG o.a.netty.handler.HttpHandler - 

Request DefaultFullHttpRequest(decodeResult: success, version: HTTP/1.1, content: EmptyByteBufBE)
GET /wd/hub/session/30001ab78242fb900294c07c93657ed2/element/f.D6D752E85A031151A306B110D8DCF949.d.EA60173A7A52CABD9FF5E50574EF45AC.e.16/enabled HTTP/1.1
Cache-Control: no-cache
User-Agent: selenium/4.9.1 (java windows)
Content-Type: application/json; charset=utf-8
host: localhost:4444
accept: */*

Response DefaultHttpResponse(decodeResult: success, version: HTTP/1.1)
HTTP/1.1 200 OK
content-length: 14
content-type: application/json; charset=utf-8
cache-control: no-cache

19:58:57.717 [AsyncHttpClient-1-2] DEBUG o.a.netty.channel.ChannelManager - Adding key: http://localhost:4444 for channel [id: 0x602a4ff4, L:/127.0.0.1:65154 - R:localhost/127.0.0.1:4444]
19:58:57.719 [Forwarding clickElement on session 30001ab78242fb900294c07c93657ed2 to remote] DEBUG o.a.netty.request.NettyRequestSender - Using pooled Channel '[id: 0x602a4ff4, L:/127.0.0.1:65154 - R:localhost/127.0.0.1:4444]' for 'POST' to 'http://localhost:4444/wd/hub/session/30001ab78242fb900294c07c93657ed2/element/f.D6D752E85A031151A306B110D8DCF949.d.EA60173A7A52CABD9FF5E50574EF45AC.e.16/click'
19:58:57.719 [Forwarding clickElement on session 30001ab78242fb900294c07c93657ed2 to remote] DEBUG o.a.netty.request.NettyRequestSender - Using open Channel [id: 0x602a4ff4, L:/127.0.0.1:65154 - R:localhost/127.0.0.1:4444] for POST '/wd/hub/session/30001ab78242fb900294c07c93657ed2/element/f.D6D752E85A031151A306B110D8DCF949.d.EA60173A7A52CABD9FF5E50574EF45AC.e.16/click'
19:58:57.863 [AsyncHttpClient-1-2] DEBUG o.a.netty.handler.HttpHandler - 

Request DefaultHttpRequest(decodeResult: success, version: HTTP/1.1)
POST /wd/hub/session/30001ab78242fb900294c07c93657ed2/element/f.D6D752E85A031151A306B110D8DCF949.d.EA60173A7A52CABD9FF5E50574EF45AC.e.16/click HTTP/1.1
User-Agent: selenium/4.9.1 (java windows)
Content-Length: 88
Content-Type: application/json; charset=utf-8
host: localhost:4444
accept: */*

Response DefaultHttpResponse(decodeResult: success, version: HTTP/1.1)
HTTP/1.1 200 OK
content-length: 14
content-type: application/json; charset=utf-8
cache-control: no-cache

19:58:57.863 [AsyncHttpClient-1-2] DEBUG o.a.netty.channel.ChannelManager - Adding key: http://localhost:4444 for channel [id: 0x602a4ff4, L:/127.0.0.1:65154 - R:localhost/127.0.0.1:4444]
19:58:57.866 [Forwarding findElement on session 30001ab78242fb900294c07c93657ed2 to remote] DEBUG o.a.netty.request.NettyRequestSender - Using pooled Channel '[id: 0x602a4ff4, L:/127.0.0.1:65154 - R:localhost/127.0.0.1:4444]' for 'POST' to 'http://localhost:4444/wd/hub/session/30001ab78242fb900294c07c93657ed2/element'
19:58:57.866 [Forwarding findElement on session 30001ab78242fb900294c07c93657ed2 to remote] DEBUG o.a.netty.request.NettyRequestSender - Using open Channel [id: 0x602a4ff4, L:/127.0.0.1:65154 - R:localhost/127.0.0.1:4444] for POST '/wd/hub/session/30001ab78242fb900294c07c93657ed2/element'
19:58:57.895 [AsyncHttpClient-1-2] DEBUG o.a.netty.handler.HttpHandler - 

Request DefaultHttpRequest(decodeResult: success, version: HTTP/1.1)
POST /wd/hub/session/30001ab78242fb900294c07c93657ed2/element HTTP/1.1
User-Agent: selenium/4.9.1 (java windows)
Content-Length: 122
Content-Type: application/json; charset=utf-8
host: localhost:4444
accept: */*

Response DefaultHttpResponse(decodeResult: success, version: HTTP/1.1)
HTTP/1.1 200 OK
content-length: 126
content-type: application/json; charset=utf-8
cache-control: no-cache

19:58:57.896 [AsyncHttpClient-1-2] DEBUG o.a.netty.channel.ChannelManager - Adding key: http://localhost:4444 for channel [id: 0x602a4ff4, L:/127.0.0.1:65154 - R:localhost/127.0.0.1:4444]
19:58:57.914 [Forwarding isElementDisplayed on session 30001ab78242fb900294c07c93657ed2 to remote] DEBUG o.a.netty.request.NettyRequestSender - Using pooled Channel '[id: 0x602a4ff4, L:/127.0.0.1:65154 - R:localhost/127.0.0.1:4444]' for 'POST' to 'http://localhost:4444/wd/hub/session/30001ab78242fb900294c07c93657ed2/execute/sync'
19:58:57.914 [Forwarding isElementDisplayed on session 30001ab78242fb900294c07c93657ed2 to remote] DEBUG o.a.netty.request.NettyRequestSender - Using open Channel [id: 0x602a4ff4, L:/127.0.0.1:65154 - R:localhost/127.0.0.1:4444] for POST '/wd/hub/session/30001ab78242fb900294c07c93657ed2/execute/sync'
19:58:57.959 [AsyncHttpClient-1-2] DEBUG o.a.netty.handler.HttpHandler - 

Request DefaultHttpRequest(decodeResult: success, version: HTTP/1.1)
POST /wd/hub/session/30001ab78242fb900294c07c93657ed2/execute/sync HTTP/1.1
User-Agent: selenium/4.9.1 (java windows)
Content-Length: 48845
Content-Type: application/json; charset=utf-8
host: localhost:4444
accept: */*

Response DefaultHttpResponse(decodeResult: success, version: HTTP/1.1)
HTTP/1.1 200 OK
content-length: 14
content-type: application/json; charset=utf-8
cache-control: no-cache

19:58:57.959 [AsyncHttpClient-1-2] DEBUG o.a.netty.channel.ChannelManager - Adding key: http://localhost:4444 for channel [id: 0x602a4ff4, L:/127.0.0.1:65154 - R:localhost/127.0.0.1:4444]
19:58:57.964 [Forwarding findElement on session 30001ab78242fb900294c07c93657ed2 to remote] DEBUG o.a.netty.request.NettyRequestSender - Using pooled Channel '[id: 0x602a4ff4, L:/127.0.0.1:65154 - R:localhost/127.0.0.1:4444]' for 'POST' to 'http://localhost:4444/wd/hub/session/30001ab78242fb900294c07c93657ed2/element'
19:58:57.964 [Forwarding findElement on session 30001ab78242fb900294c07c93657ed2 to remote] DEBUG o.a.netty.request.NettyRequestSender - Using open Channel [id: 0x602a4ff4, L:/127.0.0.1:65154 - R:localhost/127.0.0.1:4444] for POST '/wd/hub/session/30001ab78242fb900294c07c93657ed2/element'
19:58:57.993 [AsyncHttpClient-1-2] DEBUG o.a.netty.handler.HttpHandler - 

Request DefaultHttpRequest(decodeResult: success, version: HTTP/1.1)
POST /wd/hub/session/30001ab78242fb900294c07c93657ed2/element HTTP/1.1
User-Agent: selenium/4.9.1 (java windows)
Content-Length: 102
Content-Type: application/json; charset=utf-8
host: localhost:4444
accept: */*

Response DefaultHttpResponse(decodeResult: success, version: HTTP/1.1)
HTTP/1.1 200 OK
content-length: 126
content-type: application/json; charset=utf-8
cache-control: no-cache

19:58:57.993 [AsyncHttpClient-1-2] DEBUG o.a.netty.channel.ChannelManager - Adding key: http://localhost:4444 for channel [id: 0x602a4ff4, L:/127.0.0.1:65154 - R:localhost/127.0.0.1:4444]
19:58:57.997 [Forwarding isElementDisplayed on session 30001ab78242fb900294c07c93657ed2 to remote] DEBUG o.a.netty.request.NettyRequestSender - Using pooled Channel '[id: 0x602a4ff4, L:/127.0.0.1:65154 - R:localhost/127.0.0.1:4444]' for 'POST' to 'http://localhost:4444/wd/hub/session/30001ab78242fb900294c07c93657ed2/execute/sync'
19:58:57.997 [Forwarding isElementDisplayed on session 30001ab78242fb900294c07c93657ed2 to remote] DEBUG o.a.netty.request.NettyRequestSender - Using open Channel [id: 0x602a4ff4, L:/127.0.0.1:65154 - R:localhost/127.0.0.1:4444] for POST '/wd/hub/session/30001ab78242fb900294c07c93657ed2/execute/sync'
19:58:58.024 [AsyncHttpClient-1-2] DEBUG o.a.netty.handler.HttpHandler - 

Request DefaultHttpRequest(decodeResult: success, version: HTTP/1.1)
POST /wd/hub/session/30001ab78242fb900294c07c93657ed2/execute/sync HTTP/1.1
User-Agent: selenium/4.9.1 (java windows)
Content-Length: 48845
Content-Type: application/json; charset=utf-8
host: localhost:4444
accept: */*

Response DefaultHttpResponse(decodeResult: success, version: HTTP/1.1)
HTTP/1.1 200 OK
content-length: 14
content-type: application/json; charset=utf-8
cache-control: no-cache

19:58:58.025 [AsyncHttpClient-1-2] DEBUG o.a.netty.channel.ChannelManager - Adding key: http://localhost:4444 for channel [id: 0x602a4ff4, L:/127.0.0.1:65154 - R:localhost/127.0.0.1:4444]
19:58:58.027 [Forwarding findElement on session 30001ab78242fb900294c07c93657ed2 to remote] DEBUG o.a.netty.request.NettyRequestSender - Using pooled Channel '[id: 0x602a4ff4, L:/127.0.0.1:65154 - R:localhost/127.0.0.1:4444]' for 'POST' to 'http://localhost:4444/wd/hub/session/30001ab78242fb900294c07c93657ed2/element'
19:58:58.028 [Forwarding findElement on session 30001ab78242fb900294c07c93657ed2 to remote] DEBUG o.a.netty.request.NettyRequestSender - Using open Channel [id: 0x602a4ff4, L:/127.0.0.1:65154 - R:localhost/127.0.0.1:4444] for POST '/wd/hub/session/30001ab78242fb900294c07c93657ed2/element'
19:58:58.051 [AsyncHttpClient-1-2] DEBUG o.a.netty.handler.HttpHandler - 

Request DefaultHttpRequest(decodeResult: success, version: HTTP/1.1)
POST /wd/hub/session/30001ab78242fb900294c07c93657ed2/element HTTP/1.1
User-Agent: selenium/4.9.1 (java windows)
Content-Length: 102
Content-Type: application/json; charset=utf-8
host: localhost:4444
accept: */*

Response DefaultHttpResponse(decodeResult: success, version: HTTP/1.1)
HTTP/1.1 200 OK
content-length: 126
content-type: application/json; charset=utf-8
cache-control: no-cache

19:58:58.051 [AsyncHttpClient-1-2] DEBUG o.a.netty.channel.ChannelManager - Adding key: http://localhost:4444 for channel [id: 0x602a4ff4, L:/127.0.0.1:65154 - R:localhost/127.0.0.1:4444]
19:58:58.054 [Forwarding isElementDisplayed on session 30001ab78242fb900294c07c93657ed2 to remote] DEBUG o.a.netty.request.NettyRequestSender - Using pooled Channel '[id: 0x602a4ff4, L:/127.0.0.1:65154 - R:localhost/127.0.0.1:4444]' for 'POST' to 'http://localhost:4444/wd/hub/session/30001ab78242fb900294c07c93657ed2/execute/sync'
19:58:58.054 [Forwarding isElementDisplayed on session 30001ab78242fb900294c07c93657ed2 to remote] DEBUG o.a.netty.request.NettyRequestSender - Using open Channel [id: 0x602a4ff4, L:/127.0.0.1:65154 - R:localhost/127.0.0.1:4444] for POST '/wd/hub/session/30001ab78242fb900294c07c93657ed2/execute/sync'
19:58:58.083 [AsyncHttpClient-1-2] DEBUG o.a.netty.handler.HttpHandler - 

Request DefaultHttpRequest(decodeResult: success, version: HTTP/1.1)
POST /wd/hub/session/30001ab78242fb900294c07c93657ed2/execute/sync HTTP/1.1
User-Agent: selenium/4.9.1 (java windows)
Content-Length: 48845
Content-Type: application/json; charset=utf-8
host: localhost:4444
accept: */*

Response DefaultHttpResponse(decodeResult: success, version: HTTP/1.1)
HTTP/1.1 200 OK
content-length: 14
content-type: application/json; charset=utf-8
cache-control: no-cache

19:58:58.084 [AsyncHttpClient-1-2] DEBUG o.a.netty.channel.ChannelManager - Adding key: http://localhost:4444 for channel [id: 0x602a4ff4, L:/127.0.0.1:65154 - R:localhost/127.0.0.1:4444]
19:58:58.086 [Forwarding findElement on session 30001ab78242fb900294c07c93657ed2 to remote] DEBUG o.a.netty.request.NettyRequestSender - Using pooled Channel '[id: 0x602a4ff4, L:/127.0.0.1:65154 - R:localhost/127.0.0.1:4444]' for 'POST' to 'http://localhost:4444/wd/hub/session/30001ab78242fb900294c07c93657ed2/element'
19:58:58.086 [Forwarding findElement on session 30001ab78242fb900294c07c93657ed2 to remote] DEBUG o.a.netty.request.NettyRequestSender - Using open Channel [id: 0x602a4ff4, L:/127.0.0.1:65154 - R:localhost/127.0.0.1:4444] for POST '/wd/hub/session/30001ab78242fb900294c07c93657ed2/element'
19:58:58.112 [AsyncHttpClient-1-2] DEBUG o.a.netty.handler.HttpHandler - 

Request DefaultHttpRequest(decodeResult: success, version: HTTP/1.1)
POST /wd/hub/session/30001ab78242fb900294c07c93657ed2/element HTTP/1.1
User-Agent: selenium/4.9.1 (java windows)
Content-Length: 102
Content-Type: application/json; charset=utf-8
host: localhost:4444
accept: */*

Response DefaultHttpResponse(decodeResult: success, version: HTTP/1.1)
HTTP/1.1 200 OK
content-length: 126
content-type: application/json; charset=utf-8
cache-control: no-cache

19:58:58.112 [AsyncHttpClient-1-2] DEBUG o.a.netty.channel.ChannelManager - Adding key: http://localhost:4444 for channel [id: 0x602a4ff4, L:/127.0.0.1:65154 - R:localhost/127.0.0.1:4444]
19:58:58.117 [Forwarding isElementDisplayed on session 30001ab78242fb900294c07c93657ed2 to remote] DEBUG o.a.netty.request.NettyRequestSender - Using pooled Channel '[id: 0x602a4ff4, L:/127.0.0.1:65154 - R:localhost/127.0.0.1:4444]' for 'POST' to 'http://localhost:4444/wd/hub/session/30001ab78242fb900294c07c93657ed2/execute/sync'
19:58:58.117 [Forwarding isElementDisplayed on session 30001ab78242fb900294c07c93657ed2 to remote] DEBUG o.a.netty.request.NettyRequestSender - Using open Channel [id: 0x602a4ff4, L:/127.0.0.1:65154 - R:localhost/127.0.0.1:4444] for POST '/wd/hub/session/30001ab78242fb900294c07c93657ed2/execute/sync'
19:58:58.150 [AsyncHttpClient-1-2] DEBUG o.a.netty.handler.HttpHandler - 

Request DefaultHttpRequest(decodeResult: success, version: HTTP/1.1)
POST /wd/hub/session/30001ab78242fb900294c07c93657ed2/execute/sync HTTP/1.1
User-Agent: selenium/4.9.1 (java windows)
Content-Length: 48845
Content-Type: application/json; charset=utf-8
host: localhost:4444
accept: */*

Response DefaultHttpResponse(decodeResult: success, version: HTTP/1.1)
HTTP/1.1 200 OK
content-length: 14
content-type: application/json; charset=utf-8
cache-control: no-cache

19:58:58.150 [AsyncHttpClient-1-2] DEBUG o.a.netty.channel.ChannelManager - Adding key: http://localhost:4444 for channel [id: 0x602a4ff4, L:/127.0.0.1:65154 - R:localhost/127.0.0.1:4444]
19:58:58.153 [Forwarding isElementEnabled on session 30001ab78242fb900294c07c93657ed2 to remote] DEBUG o.a.netty.request.NettyRequestSender - Using pooled Channel '[id: 0x602a4ff4, L:/127.0.0.1:65154 - R:localhost/127.0.0.1:4444]' for 'GET' to 'http://localhost:4444/wd/hub/session/30001ab78242fb900294c07c93657ed2/element/f.D6D752E85A031151A306B110D8DCF949.d.EA60173A7A52CABD9FF5E50574EF45AC.e.49/enabled'
19:58:58.153 [Forwarding isElementEnabled on session 30001ab78242fb900294c07c93657ed2 to remote] DEBUG o.a.netty.request.NettyRequestSender - Using open Channel [id: 0x602a4ff4, L:/127.0.0.1:65154 - R:localhost/127.0.0.1:4444] for GET '/wd/hub/session/30001ab78242fb900294c07c93657ed2/element/f.D6D752E85A031151A306B110D8DCF949.d.EA60173A7A52CABD9FF5E50574EF45AC.e.49/enabled'
19:58:58.181 [AsyncHttpClient-1-2] DEBUG o.a.netty.handler.HttpHandler - 

Request DefaultFullHttpRequest(decodeResult: success, version: HTTP/1.1, content: EmptyByteBufBE)
GET /wd/hub/session/30001ab78242fb900294c07c93657ed2/element/f.D6D752E85A031151A306B110D8DCF949.d.EA60173A7A52CABD9FF5E50574EF45AC.e.49/enabled HTTP/1.1
Cache-Control: no-cache
User-Agent: selenium/4.9.1 (java windows)
Content-Type: application/json; charset=utf-8
host: localhost:4444
accept: */*

Response DefaultHttpResponse(decodeResult: success, version: HTTP/1.1)
HTTP/1.1 200 OK
content-length: 14
content-type: application/json; charset=utf-8
cache-control: no-cache

19:58:58.182 [AsyncHttpClient-1-2] DEBUG o.a.netty.channel.ChannelManager - Adding key: http://localhost:4444 for channel [id: 0x602a4ff4, L:/127.0.0.1:65154 - R:localhost/127.0.0.1:4444]
19:58:58.184 [Forwarding clickElement on session 30001ab78242fb900294c07c93657ed2 to remote] DEBUG o.a.netty.request.NettyRequestSender - Using pooled Channel '[id: 0x602a4ff4, L:/127.0.0.1:65154 - R:localhost/127.0.0.1:4444]' for 'POST' to 'http://localhost:4444/wd/hub/session/30001ab78242fb900294c07c93657ed2/element/f.D6D752E85A031151A306B110D8DCF949.d.EA60173A7A52CABD9FF5E50574EF45AC.e.49/click'
19:58:58.184 [Forwarding clickElement on session 30001ab78242fb900294c07c93657ed2 to remote] DEBUG o.a.netty.request.NettyRequestSender - Using open Channel [id: 0x602a4ff4, L:/127.0.0.1:65154 - R:localhost/127.0.0.1:4444] for POST '/wd/hub/session/30001ab78242fb900294c07c93657ed2/element/f.D6D752E85A031151A306B110D8DCF949.d.EA60173A7A52CABD9FF5E50574EF45AC.e.49/click'
19:58:58.357 [AsyncHttpClient-1-2] DEBUG o.a.netty.handler.HttpHandler - 

Request DefaultHttpRequest(decodeResult: success, version: HTTP/1.1)
POST /wd/hub/session/30001ab78242fb900294c07c93657ed2/element/f.D6D752E85A031151A306B110D8DCF949.d.EA60173A7A52CABD9FF5E50574EF45AC.e.49/click HTTP/1.1
User-Agent: selenium/4.9.1 (java windows)
Content-Length: 88
Content-Type: application/json; charset=utf-8
host: localhost:4444
accept: */*

Response DefaultHttpResponse(decodeResult: success, version: HTTP/1.1)
HTTP/1.1 200 OK
content-length: 14
content-type: application/json; charset=utf-8
cache-control: no-cache

19:58:58.358 [AsyncHttpClient-1-2] DEBUG o.a.netty.channel.ChannelManager - Adding key: http://localhost:4444 for channel [id: 0x602a4ff4, L:/127.0.0.1:65154 - R:localhost/127.0.0.1:4444]
19:58:58.360 [Forwarding findElement on session 30001ab78242fb900294c07c93657ed2 to remote] DEBUG o.a.netty.request.NettyRequestSender - Using pooled Channel '[id: 0x602a4ff4, L:/127.0.0.1:65154 - R:localhost/127.0.0.1:4444]' for 'POST' to 'http://localhost:4444/wd/hub/session/30001ab78242fb900294c07c93657ed2/element'
19:58:58.360 [Forwarding findElement on session 30001ab78242fb900294c07c93657ed2 to remote] DEBUG o.a.netty.request.NettyRequestSender - Using open Channel [id: 0x602a4ff4, L:/127.0.0.1:65154 - R:localhost/127.0.0.1:4444] for POST '/wd/hub/session/30001ab78242fb900294c07c93657ed2/element'
19:58:58.389 [AsyncHttpClient-1-2] DEBUG o.a.netty.handler.HttpHandler - 

Request DefaultHttpRequest(decodeResult: success, version: HTTP/1.1)
POST /wd/hub/session/30001ab78242fb900294c07c93657ed2/element HTTP/1.1
User-Agent: selenium/4.9.1 (java windows)
Content-Length: 100
Content-Type: application/json; charset=utf-8
host: localhost:4444
accept: */*

Response DefaultHttpResponse(decodeResult: success, version: HTTP/1.1)
HTTP/1.1 200 OK
content-length: 126
content-type: application/json; charset=utf-8
cache-control: no-cache

19:58:58.390 [AsyncHttpClient-1-2] DEBUG o.a.netty.channel.ChannelManager - Adding key: http://localhost:4444 for channel [id: 0x602a4ff4, L:/127.0.0.1:65154 - R:localhost/127.0.0.1:4444]
19:58:58.396 [Forwarding isElementDisplayed on session 30001ab78242fb900294c07c93657ed2 to remote] DEBUG o.a.netty.request.NettyRequestSender - Using pooled Channel '[id: 0x602a4ff4, L:/127.0.0.1:65154 - R:localhost/127.0.0.1:4444]' for 'POST' to 'http://localhost:4444/wd/hub/session/30001ab78242fb900294c07c93657ed2/execute/sync'
19:58:58.396 [Forwarding isElementDisplayed on session 30001ab78242fb900294c07c93657ed2 to remote] DEBUG o.a.netty.request.NettyRequestSender - Using open Channel [id: 0x602a4ff4, L:/127.0.0.1:65154 - R:localhost/127.0.0.1:4444] for POST '/wd/hub/session/30001ab78242fb900294c07c93657ed2/execute/sync'
19:58:58.430 [AsyncHttpClient-1-2] DEBUG o.a.netty.handler.HttpHandler - 

Request DefaultHttpRequest(decodeResult: success, version: HTTP/1.1)
POST /wd/hub/session/30001ab78242fb900294c07c93657ed2/execute/sync HTTP/1.1
User-Agent: selenium/4.9.1 (java windows)
Content-Length: 48845
Content-Type: application/json; charset=utf-8
host: localhost:4444
accept: */*

Response DefaultHttpResponse(decodeResult: success, version: HTTP/1.1)
HTTP/1.1 200 OK
content-length: 14
content-type: application/json; charset=utf-8
cache-control: no-cache

19:58:58.430 [AsyncHttpClient-1-2] DEBUG o.a.netty.channel.ChannelManager - Adding key: http://localhost:4444 for channel [id: 0x602a4ff4, L:/127.0.0.1:65154 - R:localhost/127.0.0.1:4444]
19:58:58.434 [Forwarding findElement on session 30001ab78242fb900294c07c93657ed2 to remote] DEBUG o.a.netty.request.NettyRequestSender - Using pooled Channel '[id: 0x602a4ff4, L:/127.0.0.1:65154 - R:localhost/127.0.0.1:4444]' for 'POST' to 'http://localhost:4444/wd/hub/session/30001ab78242fb900294c07c93657ed2/element'
19:58:58.435 [Forwarding findElement on session 30001ab78242fb900294c07c93657ed2 to remote] DEBUG o.a.netty.request.NettyRequestSender - Using open Channel [id: 0x602a4ff4, L:/127.0.0.1:65154 - R:localhost/127.0.0.1:4444] for POST '/wd/hub/session/30001ab78242fb900294c07c93657ed2/element'
19:58:58.523 [AsyncHttpClient-1-2] DEBUG o.a.netty.handler.HttpHandler - 

Request DefaultHttpRequest(decodeResult: success, version: HTTP/1.1)
POST /wd/hub/session/30001ab78242fb900294c07c93657ed2/element HTTP/1.1
User-Agent: selenium/4.9.1 (java windows)
Content-Length: 100
Content-Type: application/json; charset=utf-8
host: localhost:4444
accept: */*

Response DefaultHttpResponse(decodeResult: success, version: HTTP/1.1)
HTTP/1.1 200 OK
content-length: 126
content-type: application/json; charset=utf-8
cache-control: no-cache

19:58:58.524 [AsyncHttpClient-1-2] DEBUG o.a.netty.channel.ChannelManager - Adding key: http://localhost:4444 for channel [id: 0x602a4ff4, L:/127.0.0.1:65154 - R:localhost/127.0.0.1:4444]
19:58:58.529 [Forwarding isElementDisplayed on session 30001ab78242fb900294c07c93657ed2 to remote] DEBUG o.a.netty.request.NettyRequestSender - Using pooled Channel '[id: 0x602a4ff4, L:/127.0.0.1:65154 - R:localhost/127.0.0.1:4444]' for 'POST' to 'http://localhost:4444/wd/hub/session/30001ab78242fb900294c07c93657ed2/execute/sync'
19:58:58.529 [Forwarding isElementDisplayed on session 30001ab78242fb900294c07c93657ed2 to remote] DEBUG o.a.netty.request.NettyRequestSender - Using open Channel [id: 0x602a4ff4, L:/127.0.0.1:65154 - R:localhost/127.0.0.1:4444] for POST '/wd/hub/session/30001ab78242fb900294c07c93657ed2/execute/sync'
19:58:58.556 [AsyncHttpClient-1-2] DEBUG o.a.netty.handler.HttpHandler - 

Request DefaultHttpRequest(decodeResult: success, version: HTTP/1.1)
POST /wd/hub/session/30001ab78242fb900294c07c93657ed2/execute/sync HTTP/1.1
User-Agent: selenium/4.9.1 (java windows)
Content-Length: 48845
Content-Type: application/json; charset=utf-8
host: localhost:4444
accept: */*

Response DefaultHttpResponse(decodeResult: success, version: HTTP/1.1)
HTTP/1.1 200 OK
content-length: 14
content-type: application/json; charset=utf-8
cache-control: no-cache

19:58:58.556 [AsyncHttpClient-1-2] DEBUG o.a.netty.channel.ChannelManager - Adding key: http://localhost:4444 for channel [id: 0x602a4ff4, L:/127.0.0.1:65154 - R:localhost/127.0.0.1:4444]
19:58:58.558 [Forwarding isElementEnabled on session 30001ab78242fb900294c07c93657ed2 to remote] DEBUG o.a.netty.request.NettyRequestSender - Using pooled Channel '[id: 0x602a4ff4, L:/127.0.0.1:65154 - R:localhost/127.0.0.1:4444]' for 'GET' to 'http://localhost:4444/wd/hub/session/30001ab78242fb900294c07c93657ed2/element/f.D6D752E85A031151A306B110D8DCF949.d.EA60173A7A52CABD9FF5E50574EF45AC.e.54/enabled'
19:58:58.559 [Forwarding isElementEnabled on session 30001ab78242fb900294c07c93657ed2 to remote] DEBUG o.a.netty.request.NettyRequestSender - Using open Channel [id: 0x602a4ff4, L:/127.0.0.1:65154 - R:localhost/127.0.0.1:4444] for GET '/wd/hub/session/30001ab78242fb900294c07c93657ed2/element/f.D6D752E85A031151A306B110D8DCF949.d.EA60173A7A52CABD9FF5E50574EF45AC.e.54/enabled'
19:58:58.581 [AsyncHttpClient-1-2] DEBUG o.a.netty.handler.HttpHandler - 

Request DefaultFullHttpRequest(decodeResult: success, version: HTTP/1.1, content: EmptyByteBufBE)
GET /wd/hub/session/30001ab78242fb900294c07c93657ed2/element/f.D6D752E85A031151A306B110D8DCF949.d.EA60173A7A52CABD9FF5E50574EF45AC.e.54/enabled HTTP/1.1
Cache-Control: no-cache
User-Agent: selenium/4.9.1 (java windows)
Content-Type: application/json; charset=utf-8
host: localhost:4444
accept: */*

Response DefaultHttpResponse(decodeResult: success, version: HTTP/1.1)
HTTP/1.1 200 OK
content-length: 14
content-type: application/json; charset=utf-8
cache-control: no-cache

19:58:58.582 [AsyncHttpClient-1-2] DEBUG o.a.netty.channel.ChannelManager - Adding key: http://localhost:4444 for channel [id: 0x602a4ff4, L:/127.0.0.1:65154 - R:localhost/127.0.0.1:4444]
19:58:58.584 [Forwarding clickElement on session 30001ab78242fb900294c07c93657ed2 to remote] DEBUG o.a.netty.request.NettyRequestSender - Using pooled Channel '[id: 0x602a4ff4, L:/127.0.0.1:65154 - R:localhost/127.0.0.1:4444]' for 'POST' to 'http://localhost:4444/wd/hub/session/30001ab78242fb900294c07c93657ed2/element/f.D6D752E85A031151A306B110D8DCF949.d.EA60173A7A52CABD9FF5E50574EF45AC.e.54/click'
19:58:58.584 [Forwarding clickElement on session 30001ab78242fb900294c07c93657ed2 to remote] DEBUG o.a.netty.request.NettyRequestSender - Using open Channel [id: 0x602a4ff4, L:/127.0.0.1:65154 - R:localhost/127.0.0.1:4444] for POST '/wd/hub/session/30001ab78242fb900294c07c93657ed2/element/f.D6D752E85A031151A306B110D8DCF949.d.EA60173A7A52CABD9FF5E50574EF45AC.e.54/click'
19:58:58.683 [AsyncHttpClient-1-2] DEBUG o.a.netty.handler.HttpHandler - 

Request DefaultHttpRequest(decodeResult: success, version: HTTP/1.1)
POST /wd/hub/session/30001ab78242fb900294c07c93657ed2/element/f.D6D752E85A031151A306B110D8DCF949.d.EA60173A7A52CABD9FF5E50574EF45AC.e.54/click HTTP/1.1
User-Agent: selenium/4.9.1 (java windows)
Content-Length: 88
Content-Type: application/json; charset=utf-8
host: localhost:4444
accept: */*

Response DefaultHttpResponse(decodeResult: success, version: HTTP/1.1)
HTTP/1.1 200 OK
content-length: 14
content-type: application/json; charset=utf-8
cache-control: no-cache

19:58:58.684 [AsyncHttpClient-1-2] DEBUG o.a.netty.channel.ChannelManager - Adding key: http://localhost:4444 for channel [id: 0x602a4ff4, L:/127.0.0.1:65154 - R:localhost/127.0.0.1:4444]
19:58:58.690 [Forwarding findElement on session 30001ab78242fb900294c07c93657ed2 to remote] DEBUG o.a.netty.request.NettyRequestSender - Using pooled Channel '[id: 0x602a4ff4, L:/127.0.0.1:65154 - R:localhost/127.0.0.1:4444]' for 'POST' to 'http://localhost:4444/wd/hub/session/30001ab78242fb900294c07c93657ed2/element'
19:58:58.691 [Forwarding findElement on session 30001ab78242fb900294c07c93657ed2 to remote] DEBUG o.a.netty.request.NettyRequestSender - Using open Channel [id: 0x602a4ff4, L:/127.0.0.1:65154 - R:localhost/127.0.0.1:4444] for POST '/wd/hub/session/30001ab78242fb900294c07c93657ed2/element'
19:58:58.728 [AsyncHttpClient-1-2] DEBUG o.a.netty.handler.HttpHandler - 

Request DefaultHttpRequest(decodeResult: success, version: HTTP/1.1)
POST /wd/hub/session/30001ab78242fb900294c07c93657ed2/element HTTP/1.1
User-Agent: selenium/4.9.1 (java windows)
Content-Length: 93
Content-Type: application/json; charset=utf-8
host: localhost:4444
accept: */*

Response DefaultHttpResponse(decodeResult: success, version: HTTP/1.1)
HTTP/1.1 200 OK
content-length: 126
content-type: application/json; charset=utf-8
cache-control: no-cache

19:58:58.729 [AsyncHttpClient-1-2] DEBUG o.a.netty.channel.ChannelManager - Adding key: http://localhost:4444 for channel [id: 0x602a4ff4, L:/127.0.0.1:65154 - R:localhost/127.0.0.1:4444]
19:58:58.736 [Forwarding isElementDisplayed on session 30001ab78242fb900294c07c93657ed2 to remote] DEBUG o.a.netty.request.NettyRequestSender - Using pooled Channel '[id: 0x602a4ff4, L:/127.0.0.1:65154 - R:localhost/127.0.0.1:4444]' for 'POST' to 'http://localhost:4444/wd/hub/session/30001ab78242fb900294c07c93657ed2/execute/sync'
19:58:58.737 [Forwarding isElementDisplayed on session 30001ab78242fb900294c07c93657ed2 to remote] DEBUG o.a.netty.request.NettyRequestSender - Using open Channel [id: 0x602a4ff4, L:/127.0.0.1:65154 - R:localhost/127.0.0.1:4444] for POST '/wd/hub/session/30001ab78242fb900294c07c93657ed2/execute/sync'
19:58:58.778 [AsyncHttpClient-1-2] DEBUG o.a.netty.handler.HttpHandler - 

Request DefaultHttpRequest(decodeResult: success, version: HTTP/1.1)
POST /wd/hub/session/30001ab78242fb900294c07c93657ed2/execute/sync HTTP/1.1
User-Agent: selenium/4.9.1 (java windows)
Content-Length: 48845
Content-Type: application/json; charset=utf-8
host: localhost:4444
accept: */*

Response DefaultHttpResponse(decodeResult: success, version: HTTP/1.1)
HTTP/1.1 200 OK
content-length: 14
content-type: application/json; charset=utf-8
cache-control: no-cache

19:58:58.778 [AsyncHttpClient-1-2] DEBUG o.a.netty.channel.ChannelManager - Adding key: http://localhost:4444 for channel [id: 0x602a4ff4, L:/127.0.0.1:65154 - R:localhost/127.0.0.1:4444]
19:58:58.781 [Forwarding findElement on session 30001ab78242fb900294c07c93657ed2 to remote] DEBUG o.a.netty.request.NettyRequestSender - Using pooled Channel '[id: 0x602a4ff4, L:/127.0.0.1:65154 - R:localhost/127.0.0.1:4444]' for 'POST' to 'http://localhost:4444/wd/hub/session/30001ab78242fb900294c07c93657ed2/element'
19:58:58.781 [Forwarding findElement on session 30001ab78242fb900294c07c93657ed2 to remote] DEBUG o.a.netty.request.NettyRequestSender - Using open Channel [id: 0x602a4ff4, L:/127.0.0.1:65154 - R:localhost/127.0.0.1:4444] for POST '/wd/hub/session/30001ab78242fb900294c07c93657ed2/element'
19:58:58.824 [AsyncHttpClient-1-2] DEBUG o.a.netty.handler.HttpHandler - 

Request DefaultHttpRequest(decodeResult: success, version: HTTP/1.1)
POST /wd/hub/session/30001ab78242fb900294c07c93657ed2/element HTTP/1.1
User-Agent: selenium/4.9.1 (java windows)
Content-Length: 93
Content-Type: application/json; charset=utf-8
host: localhost:4444
accept: */*

Response DefaultHttpResponse(decodeResult: success, version: HTTP/1.1)
HTTP/1.1 200 OK
content-length: 126
content-type: application/json; charset=utf-8
cache-control: no-cache

19:58:58.824 [AsyncHttpClient-1-2] DEBUG o.a.netty.channel.ChannelManager - Adding key: http://localhost:4444 for channel [id: 0x602a4ff4, L:/127.0.0.1:65154 - R:localhost/127.0.0.1:4444]
19:58:58.831 [Forwarding isElementDisplayed on session 30001ab78242fb900294c07c93657ed2 to remote] DEBUG o.a.netty.request.NettyRequestSender - Using pooled Channel '[id: 0x602a4ff4, L:/127.0.0.1:65154 - R:localhost/127.0.0.1:4444]' for 'POST' to 'http://localhost:4444/wd/hub/session/30001ab78242fb900294c07c93657ed2/execute/sync'
19:58:58.831 [Forwarding isElementDisplayed on session 30001ab78242fb900294c07c93657ed2 to remote] DEBUG o.a.netty.request.NettyRequestSender - Using open Channel [id: 0x602a4ff4, L:/127.0.0.1:65154 - R:localhost/127.0.0.1:4444] for POST '/wd/hub/session/30001ab78242fb900294c07c93657ed2/execute/sync'
19:58:58.878 [AsyncHttpClient-1-2] DEBUG o.a.netty.handler.HttpHandler - 

Request DefaultHttpRequest(decodeResult: success, version: HTTP/1.1)
POST /wd/hub/session/30001ab78242fb900294c07c93657ed2/execute/sync HTTP/1.1
User-Agent: selenium/4.9.1 (java windows)
Content-Length: 48845
Content-Type: application/json; charset=utf-8
host: localhost:4444
accept: */*

Response DefaultHttpResponse(decodeResult: success, version: HTTP/1.1)
HTTP/1.1 200 OK
content-length: 14
content-type: application/json; charset=utf-8
cache-control: no-cache

19:58:58.878 [AsyncHttpClient-1-2] DEBUG o.a.netty.channel.ChannelManager - Adding key: http://localhost:4444 for channel [id: 0x602a4ff4, L:/127.0.0.1:65154 - R:localhost/127.0.0.1:4444]
19:58:58.880 [Forwarding isElementEnabled on session 30001ab78242fb900294c07c93657ed2 to remote] DEBUG o.a.netty.request.NettyRequestSender - Using pooled Channel '[id: 0x602a4ff4, L:/127.0.0.1:65154 - R:localhost/127.0.0.1:4444]' for 'GET' to 'http://localhost:4444/wd/hub/session/30001ab78242fb900294c07c93657ed2/element/f.D6D752E85A031151A306B110D8DCF949.d.EA60173A7A52CABD9FF5E50574EF45AC.e.59/enabled'
19:58:58.881 [Forwarding isElementEnabled on session 30001ab78242fb900294c07c93657ed2 to remote] DEBUG o.a.netty.request.NettyRequestSender - Using open Channel [id: 0x602a4ff4, L:/127.0.0.1:65154 - R:localhost/127.0.0.1:4444] for GET '/wd/hub/session/30001ab78242fb900294c07c93657ed2/element/f.D6D752E85A031151A306B110D8DCF949.d.EA60173A7A52CABD9FF5E50574EF45AC.e.59/enabled'
19:58:58.917 [AsyncHttpClient-1-2] DEBUG o.a.netty.handler.HttpHandler - 

Request DefaultFullHttpRequest(decodeResult: success, version: HTTP/1.1, content: EmptyByteBufBE)
GET /wd/hub/session/30001ab78242fb900294c07c93657ed2/element/f.D6D752E85A031151A306B110D8DCF949.d.EA60173A7A52CABD9FF5E50574EF45AC.e.59/enabled HTTP/1.1
Cache-Control: no-cache
User-Agent: selenium/4.9.1 (java windows)
Content-Type: application/json; charset=utf-8
host: localhost:4444
accept: */*

Response DefaultHttpResponse(decodeResult: success, version: HTTP/1.1)
HTTP/1.1 200 OK
content-length: 14
content-type: application/json; charset=utf-8
cache-control: no-cache

19:58:58.917 [AsyncHttpClient-1-2] DEBUG o.a.netty.channel.ChannelManager - Adding key: http://localhost:4444 for channel [id: 0x602a4ff4, L:/127.0.0.1:65154 - R:localhost/127.0.0.1:4444]
19:58:58.924 [Forwarding getElementAttribute on session 30001ab78242fb900294c07c93657ed2 to remote] DEBUG o.a.netty.request.NettyRequestSender - Using pooled Channel '[id: 0x602a4ff4, L:/127.0.0.1:65154 - R:localhost/127.0.0.1:4444]' for 'POST' to 'http://localhost:4444/wd/hub/session/30001ab78242fb900294c07c93657ed2/execute/sync'
19:58:58.924 [Forwarding getElementAttribute on session 30001ab78242fb900294c07c93657ed2 to remote] DEBUG o.a.netty.request.NettyRequestSender - Using open Channel [id: 0x602a4ff4, L:/127.0.0.1:65154 - R:localhost/127.0.0.1:4444] for POST '/wd/hub/session/30001ab78242fb900294c07c93657ed2/execute/sync'
19:58:58.964 [AsyncHttpClient-1-2] DEBUG o.a.netty.handler.HttpHandler - 

Request DefaultHttpRequest(decodeResult: success, version: HTTP/1.1)
POST /wd/hub/session/30001ab78242fb900294c07c93657ed2/execute/sync HTTP/1.1
User-Agent: selenium/4.9.1 (java windows)
Content-Length: 47409
Content-Type: application/json; charset=utf-8
host: localhost:4444
accept: */*

Response DefaultHttpResponse(decodeResult: success, version: HTTP/1.1)
HTTP/1.1 200 OK
content-length: 14
content-type: application/json; charset=utf-8
cache-control: no-cache

19:58:58.964 [AsyncHttpClient-1-2] DEBUG o.a.netty.channel.ChannelManager - Adding key: http://localhost:4444 for channel [id: 0x602a4ff4, L:/127.0.0.1:65154 - R:localhost/127.0.0.1:4444]
19:58:58.968 [Forwarding clearElement on session 30001ab78242fb900294c07c93657ed2 to remote] DEBUG o.a.netty.request.NettyRequestSender - Using pooled Channel '[id: 0x602a4ff4, L:/127.0.0.1:65154 - R:localhost/127.0.0.1:4444]' for 'POST' to 'http://localhost:4444/wd/hub/session/30001ab78242fb900294c07c93657ed2/element/f.D6D752E85A031151A306B110D8DCF949.d.EA60173A7A52CABD9FF5E50574EF45AC.e.59/clear'
19:58:58.968 [Forwarding clearElement on session 30001ab78242fb900294c07c93657ed2 to remote] DEBUG o.a.netty.request.NettyRequestSender - Using open Channel [id: 0x602a4ff4, L:/127.0.0.1:65154 - R:localhost/127.0.0.1:4444] for POST '/wd/hub/session/30001ab78242fb900294c07c93657ed2/element/f.D6D752E85A031151A306B110D8DCF949.d.EA60173A7A52CABD9FF5E50574EF45AC.e.59/clear'
19:58:59.059 [AsyncHttpClient-1-2] DEBUG o.a.netty.handler.HttpHandler - 

Request DefaultHttpRequest(decodeResult: success, version: HTTP/1.1)
POST /wd/hub/session/30001ab78242fb900294c07c93657ed2/element/f.D6D752E85A031151A306B110D8DCF949.d.EA60173A7A52CABD9FF5E50574EF45AC.e.59/clear HTTP/1.1
User-Agent: selenium/4.9.1 (java windows)
Content-Length: 88
Content-Type: application/json; charset=utf-8
host: localhost:4444
accept: */*

Response DefaultHttpResponse(decodeResult: success, version: HTTP/1.1)
HTTP/1.1 200 OK
content-length: 14
content-type: application/json; charset=utf-8
cache-control: no-cache

19:58:59.060 [AsyncHttpClient-1-2] DEBUG o.a.netty.channel.ChannelManager - Adding key: http://localhost:4444 for channel [id: 0x602a4ff4, L:/127.0.0.1:65154 - R:localhost/127.0.0.1:4444]
19:58:59.063 [Forwarding executeScript on session 30001ab78242fb900294c07c93657ed2 to remote] DEBUG o.a.netty.request.NettyRequestSender - Using pooled Channel '[id: 0x602a4ff4, L:/127.0.0.1:65154 - R:localhost/127.0.0.1:4444]' for 'POST' to 'http://localhost:4444/wd/hub/session/30001ab78242fb900294c07c93657ed2/execute/sync'
19:58:59.063 [Forwarding executeScript on session 30001ab78242fb900294c07c93657ed2 to remote] DEBUG o.a.netty.request.NettyRequestSender - Using open Channel [id: 0x602a4ff4, L:/127.0.0.1:65154 - R:localhost/127.0.0.1:4444] for POST '/wd/hub/session/30001ab78242fb900294c07c93657ed2/execute/sync'
19:58:59.077 [AsyncHttpClient-1-2] DEBUG o.a.netty.handler.HttpHandler - 

Request DefaultHttpRequest(decodeResult: success, version: HTTP/1.1)
POST /wd/hub/session/30001ab78242fb900294c07c93657ed2/execute/sync HTTP/1.1
User-Agent: selenium/4.9.1 (java windows)
Content-Length: 188
Content-Type: application/json; charset=utf-8
host: localhost:4444
accept: */*

Response DefaultHttpResponse(decodeResult: success, version: HTTP/1.1)
HTTP/1.1 200 OK
content-length: 14
content-type: application/json; charset=utf-8
cache-control: no-cache

19:58:59.078 [AsyncHttpClient-1-2] DEBUG o.a.netty.channel.ChannelManager - Adding key: http://localhost:4444 for channel [id: 0x602a4ff4, L:/127.0.0.1:65154 - R:localhost/127.0.0.1:4444]
19:58:59.079 [Forwarding findElement on session 30001ab78242fb900294c07c93657ed2 to remote] DEBUG o.a.netty.request.NettyRequestSender - Using pooled Channel '[id: 0x602a4ff4, L:/127.0.0.1:65154 - R:localhost/127.0.0.1:4444]' for 'POST' to 'http://localhost:4444/wd/hub/session/30001ab78242fb900294c07c93657ed2/element'
19:58:59.080 [Forwarding findElement on session 30001ab78242fb900294c07c93657ed2 to remote] DEBUG o.a.netty.request.NettyRequestSender - Using open Channel [id: 0x602a4ff4, L:/127.0.0.1:65154 - R:localhost/127.0.0.1:4444] for POST '/wd/hub/session/30001ab78242fb900294c07c93657ed2/element'
19:58:59.103 [AsyncHttpClient-1-2] DEBUG o.a.netty.handler.HttpHandler - 

Request DefaultHttpRequest(decodeResult: success, version: HTTP/1.1)
POST /wd/hub/session/30001ab78242fb900294c07c93657ed2/element HTTP/1.1
User-Agent: selenium/4.9.1 (java windows)
Content-Length: 93
Content-Type: application/json; charset=utf-8
host: localhost:4444
accept: */*

Response DefaultHttpResponse(decodeResult: success, version: HTTP/1.1)
HTTP/1.1 200 OK
content-length: 126
content-type: application/json; charset=utf-8
cache-control: no-cache

19:58:59.104 [AsyncHttpClient-1-2] DEBUG o.a.netty.channel.ChannelManager - Adding key: http://localhost:4444 for channel [id: 0x602a4ff4, L:/127.0.0.1:65154 - R:localhost/127.0.0.1:4444]
19:58:59.109 [Forwarding isElementDisplayed on session 30001ab78242fb900294c07c93657ed2 to remote] DEBUG o.a.netty.request.NettyRequestSender - Using pooled Channel '[id: 0x602a4ff4, L:/127.0.0.1:65154 - R:localhost/127.0.0.1:4444]' for 'POST' to 'http://localhost:4444/wd/hub/session/30001ab78242fb900294c07c93657ed2/execute/sync'
19:58:59.109 [Forwarding isElementDisplayed on session 30001ab78242fb900294c07c93657ed2 to remote] DEBUG o.a.netty.request.NettyRequestSender - Using open Channel [id: 0x602a4ff4, L:/127.0.0.1:65154 - R:localhost/127.0.0.1:4444] for POST '/wd/hub/session/30001ab78242fb900294c07c93657ed2/execute/sync'
19:58:59.140 [AsyncHttpClient-1-2] DEBUG o.a.netty.handler.HttpHandler - 

Request DefaultHttpRequest(decodeResult: success, version: HTTP/1.1)
POST /wd/hub/session/30001ab78242fb900294c07c93657ed2/execute/sync HTTP/1.1
User-Agent: selenium/4.9.1 (java windows)
Content-Length: 48845
Content-Type: application/json; charset=utf-8
host: localhost:4444
accept: */*

Response DefaultHttpResponse(decodeResult: success, version: HTTP/1.1)
HTTP/1.1 200 OK
content-length: 14
content-type: application/json; charset=utf-8
cache-control: no-cache

19:58:59.140 [AsyncHttpClient-1-2] DEBUG o.a.netty.channel.ChannelManager - Adding key: http://localhost:4444 for channel [id: 0x602a4ff4, L:/127.0.0.1:65154 - R:localhost/127.0.0.1:4444]
19:58:59.143 [Forwarding isElementEnabled on session 30001ab78242fb900294c07c93657ed2 to remote] DEBUG o.a.netty.request.NettyRequestSender - Using pooled Channel '[id: 0x602a4ff4, L:/127.0.0.1:65154 - R:localhost/127.0.0.1:4444]' for 'GET' to 'http://localhost:4444/wd/hub/session/30001ab78242fb900294c07c93657ed2/element/f.D6D752E85A031151A306B110D8DCF949.d.EA60173A7A52CABD9FF5E50574EF45AC.e.59/enabled'
19:58:59.143 [Forwarding isElementEnabled on session 30001ab78242fb900294c07c93657ed2 to remote] DEBUG o.a.netty.request.NettyRequestSender - Using open Channel [id: 0x602a4ff4, L:/127.0.0.1:65154 - R:localhost/127.0.0.1:4444] for GET '/wd/hub/session/30001ab78242fb900294c07c93657ed2/element/f.D6D752E85A031151A306B110D8DCF949.d.EA60173A7A52CABD9FF5E50574EF45AC.e.59/enabled'
19:58:59.169 [AsyncHttpClient-1-2] DEBUG o.a.netty.handler.HttpHandler - 

Request DefaultFullHttpRequest(decodeResult: success, version: HTTP/1.1, content: EmptyByteBufBE)
GET /wd/hub/session/30001ab78242fb900294c07c93657ed2/element/f.D6D752E85A031151A306B110D8DCF949.d.EA60173A7A52CABD9FF5E50574EF45AC.e.59/enabled HTTP/1.1
Cache-Control: no-cache
User-Agent: selenium/4.9.1 (java windows)
Content-Type: application/json; charset=utf-8
host: localhost:4444
accept: */*

Response DefaultHttpResponse(decodeResult: success, version: HTTP/1.1)
HTTP/1.1 200 OK
content-length: 14
content-type: application/json; charset=utf-8
cache-control: no-cache

19:58:59.169 [AsyncHttpClient-1-2] DEBUG o.a.netty.channel.ChannelManager - Adding key: http://localhost:4444 for channel [id: 0x602a4ff4, L:/127.0.0.1:65154 - R:localhost/127.0.0.1:4444]
19:58:59.173 [Forwarding getElementAttribute on session 30001ab78242fb900294c07c93657ed2 to remote] DEBUG o.a.netty.request.NettyRequestSender - Using pooled Channel '[id: 0x602a4ff4, L:/127.0.0.1:65154 - R:localhost/127.0.0.1:4444]' for 'POST' to 'http://localhost:4444/wd/hub/session/30001ab78242fb900294c07c93657ed2/execute/sync'
19:58:59.173 [Forwarding getElementAttribute on session 30001ab78242fb900294c07c93657ed2 to remote] DEBUG o.a.netty.request.NettyRequestSender - Using open Channel [id: 0x602a4ff4, L:/127.0.0.1:65154 - R:localhost/127.0.0.1:4444] for POST '/wd/hub/session/30001ab78242fb900294c07c93657ed2/execute/sync'
19:58:59.199 [AsyncHttpClient-1-2] DEBUG o.a.netty.handler.HttpHandler - 

Request DefaultHttpRequest(decodeResult: success, version: HTTP/1.1)
POST /wd/hub/session/30001ab78242fb900294c07c93657ed2/execute/sync HTTP/1.1
User-Agent: selenium/4.9.1 (java windows)
Content-Length: 47409
Content-Type: application/json; charset=utf-8
host: localhost:4444
accept: */*

Response DefaultHttpResponse(decodeResult: success, version: HTTP/1.1)
HTTP/1.1 200 OK
content-length: 14
content-type: application/json; charset=utf-8
cache-control: no-cache

19:58:59.199 [AsyncHttpClient-1-2] DEBUG o.a.netty.channel.ChannelManager - Adding key: http://localhost:4444 for channel [id: 0x602a4ff4, L:/127.0.0.1:65154 - R:localhost/127.0.0.1:4444]
19:58:59.201 [Forwarding clearElement on session 30001ab78242fb900294c07c93657ed2 to remote] DEBUG o.a.netty.request.NettyRequestSender - Using pooled Channel '[id: 0x602a4ff4, L:/127.0.0.1:65154 - R:localhost/127.0.0.1:4444]' for 'POST' to 'http://localhost:4444/wd/hub/session/30001ab78242fb900294c07c93657ed2/element/f.D6D752E85A031151A306B110D8DCF949.d.EA60173A7A52CABD9FF5E50574EF45AC.e.59/clear'
19:58:59.201 [Forwarding clearElement on session 30001ab78242fb900294c07c93657ed2 to remote] DEBUG o.a.netty.request.NettyRequestSender - Using open Channel [id: 0x602a4ff4, L:/127.0.0.1:65154 - R:localhost/127.0.0.1:4444] for POST '/wd/hub/session/30001ab78242fb900294c07c93657ed2/element/f.D6D752E85A031151A306B110D8DCF949.d.EA60173A7A52CABD9FF5E50574EF45AC.e.59/clear'
19:58:59.276 [AsyncHttpClient-1-2] DEBUG o.a.netty.handler.HttpHandler - 

Request DefaultHttpRequest(decodeResult: success, version: HTTP/1.1)
POST /wd/hub/session/30001ab78242fb900294c07c93657ed2/element/f.D6D752E85A031151A306B110D8DCF949.d.EA60173A7A52CABD9FF5E50574EF45AC.e.59/clear HTTP/1.1
User-Agent: selenium/4.9.1 (java windows)
Content-Length: 88
Content-Type: application/json; charset=utf-8
host: localhost:4444
accept: */*

Response DefaultHttpResponse(decodeResult: success, version: HTTP/1.1)
HTTP/1.1 200 OK
content-length: 14
content-type: application/json; charset=utf-8
cache-control: no-cache

19:58:59.277 [AsyncHttpClient-1-2] DEBUG o.a.netty.channel.ChannelManager - Adding key: http://localhost:4444 for channel [id: 0x602a4ff4, L:/127.0.0.1:65154 - R:localhost/127.0.0.1:4444]
19:58:59.280 [Forwarding sendKeysToElement on session 30001ab78242fb900294c07c93657ed2 to remote] DEBUG o.a.netty.request.NettyRequestSender - Using pooled Channel '[id: 0x602a4ff4, L:/127.0.0.1:65154 - R:localhost/127.0.0.1:4444]' for 'POST' to 'http://localhost:4444/wd/hub/session/30001ab78242fb900294c07c93657ed2/element/f.D6D752E85A031151A306B110D8DCF949.d.EA60173A7A52CABD9FF5E50574EF45AC.e.59/value'
19:58:59.281 [Forwarding sendKeysToElement on session 30001ab78242fb900294c07c93657ed2 to remote] DEBUG o.a.netty.request.NettyRequestSender - Using open Channel [id: 0x602a4ff4, L:/127.0.0.1:65154 - R:localhost/127.0.0.1:4444] for POST '/wd/hub/session/30001ab78242fb900294c07c93657ed2/element/f.D6D752E85A031151A306B110D8DCF949.d.EA60173A7A52CABD9FF5E50574EF45AC.e.59/value'
19:58:59.467 [AsyncHttpClient-1-2] DEBUG o.a.netty.handler.HttpHandler - 

Request DefaultHttpRequest(decodeResult: success, version: HTTP/1.1)
POST /wd/hub/session/30001ab78242fb900294c07c93657ed2/element/f.D6D752E85A031151A306B110D8DCF949.d.EA60173A7A52CABD9FF5E50574EF45AC.e.59/value HTTP/1.1
User-Agent: selenium/4.9.1 (java windows)
Content-Length: 159
Content-Type: application/json; charset=utf-8
host: localhost:4444
accept: */*

Response DefaultHttpResponse(decodeResult: success, version: HTTP/1.1)
HTTP/1.1 200 OK
content-length: 14
content-type: application/json; charset=utf-8
cache-control: no-cache

19:58:59.467 [AsyncHttpClient-1-2] DEBUG o.a.netty.channel.ChannelManager - Adding key: http://localhost:4444 for channel [id: 0x602a4ff4, L:/127.0.0.1:65154 - R:localhost/127.0.0.1:4444]
19:58:59.471 [Forwarding findElement on session 30001ab78242fb900294c07c93657ed2 to remote] DEBUG o.a.netty.request.NettyRequestSender - Using pooled Channel '[id: 0x602a4ff4, L:/127.0.0.1:65154 - R:localhost/127.0.0.1:4444]' for 'POST' to 'http://localhost:4444/wd/hub/session/30001ab78242fb900294c07c93657ed2/element'
19:58:59.471 [Forwarding findElement on session 30001ab78242fb900294c07c93657ed2 to remote] DEBUG o.a.netty.request.NettyRequestSender - Using open Channel [id: 0x602a4ff4, L:/127.0.0.1:65154 - R:localhost/127.0.0.1:4444] for POST '/wd/hub/session/30001ab78242fb900294c07c93657ed2/element'
19:58:59.503 [AsyncHttpClient-1-2] DEBUG o.a.netty.handler.HttpHandler - 

Request DefaultHttpRequest(decodeResult: success, version: HTTP/1.1)
POST /wd/hub/session/30001ab78242fb900294c07c93657ed2/element HTTP/1.1
User-Agent: selenium/4.9.1 (java windows)
Content-Length: 103
Content-Type: application/json; charset=utf-8
host: localhost:4444
accept: */*

Response DefaultHttpResponse(decodeResult: success, version: HTTP/1.1)
HTTP/1.1 200 OK
content-length: 126
content-type: application/json; charset=utf-8
cache-control: no-cache

19:58:59.504 [AsyncHttpClient-1-2] DEBUG o.a.netty.channel.ChannelManager - Adding key: http://localhost:4444 for channel [id: 0x602a4ff4, L:/127.0.0.1:65154 - R:localhost/127.0.0.1:4444]
19:58:59.510 [Forwarding isElementDisplayed on session 30001ab78242fb900294c07c93657ed2 to remote] DEBUG o.a.netty.request.NettyRequestSender - Using pooled Channel '[id: 0x602a4ff4, L:/127.0.0.1:65154 - R:localhost/127.0.0.1:4444]' for 'POST' to 'http://localhost:4444/wd/hub/session/30001ab78242fb900294c07c93657ed2/execute/sync'
19:58:59.510 [Forwarding isElementDisplayed on session 30001ab78242fb900294c07c93657ed2 to remote] DEBUG o.a.netty.request.NettyRequestSender - Using open Channel [id: 0x602a4ff4, L:/127.0.0.1:65154 - R:localhost/127.0.0.1:4444] for POST '/wd/hub/session/30001ab78242fb900294c07c93657ed2/execute/sync'
19:58:59.533 [AsyncHttpClient-1-2] DEBUG o.a.netty.handler.HttpHandler - 

Request DefaultHttpRequest(decodeResult: success, version: HTTP/1.1)
POST /wd/hub/session/30001ab78242fb900294c07c93657ed2/execute/sync HTTP/1.1
User-Agent: selenium/4.9.1 (java windows)
Content-Length: 48845
Content-Type: application/json; charset=utf-8
host: localhost:4444
accept: */*

Response DefaultHttpResponse(decodeResult: success, version: HTTP/1.1)
HTTP/1.1 200 OK
content-length: 14
content-type: application/json; charset=utf-8
cache-control: no-cache

19:58:59.534 [AsyncHttpClient-1-2] DEBUG o.a.netty.channel.ChannelManager - Adding key: http://localhost:4444 for channel [id: 0x602a4ff4, L:/127.0.0.1:65154 - R:localhost/127.0.0.1:4444]
19:58:59.535 [Forwarding findElement on session 30001ab78242fb900294c07c93657ed2 to remote] DEBUG o.a.netty.request.NettyRequestSender - Using pooled Channel '[id: 0x602a4ff4, L:/127.0.0.1:65154 - R:localhost/127.0.0.1:4444]' for 'POST' to 'http://localhost:4444/wd/hub/session/30001ab78242fb900294c07c93657ed2/element'
19:58:59.537 [Forwarding findElement on session 30001ab78242fb900294c07c93657ed2 to remote] DEBUG o.a.netty.request.NettyRequestSender - Using open Channel [id: 0x602a4ff4, L:/127.0.0.1:65154 - R:localhost/127.0.0.1:4444] for POST '/wd/hub/session/30001ab78242fb900294c07c93657ed2/element'
19:58:59.559 [AsyncHttpClient-1-2] DEBUG o.a.netty.handler.HttpHandler - 

Request DefaultHttpRequest(decodeResult: success, version: HTTP/1.1)
POST /wd/hub/session/30001ab78242fb900294c07c93657ed2/element HTTP/1.1
User-Agent: selenium/4.9.1 (java windows)
Content-Length: 103
Content-Type: application/json; charset=utf-8
host: localhost:4444
accept: */*

Response DefaultHttpResponse(decodeResult: success, version: HTTP/1.1)
HTTP/1.1 200 OK
content-length: 126
content-type: application/json; charset=utf-8
cache-control: no-cache

19:58:59.560 [AsyncHttpClient-1-2] DEBUG o.a.netty.channel.ChannelManager - Adding key: http://localhost:4444 for channel [id: 0x602a4ff4, L:/127.0.0.1:65154 - R:localhost/127.0.0.1:4444]
19:58:59.565 [Forwarding isElementDisplayed on session 30001ab78242fb900294c07c93657ed2 to remote] DEBUG o.a.netty.request.NettyRequestSender - Using pooled Channel '[id: 0x602a4ff4, L:/127.0.0.1:65154 - R:localhost/127.0.0.1:4444]' for 'POST' to 'http://localhost:4444/wd/hub/session/30001ab78242fb900294c07c93657ed2/execute/sync'
19:58:59.565 [Forwarding isElementDisplayed on session 30001ab78242fb900294c07c93657ed2 to remote] DEBUG o.a.netty.request.NettyRequestSender - Using open Channel [id: 0x602a4ff4, L:/127.0.0.1:65154 - R:localhost/127.0.0.1:4444] for POST '/wd/hub/session/30001ab78242fb900294c07c93657ed2/execute/sync'
19:58:59.589 [AsyncHttpClient-1-2] DEBUG o.a.netty.handler.HttpHandler - 

Request DefaultHttpRequest(decodeResult: success, version: HTTP/1.1)
POST /wd/hub/session/30001ab78242fb900294c07c93657ed2/execute/sync HTTP/1.1
User-Agent: selenium/4.9.1 (java windows)
Content-Length: 48845
Content-Type: application/json; charset=utf-8
host: localhost:4444
accept: */*

Response DefaultHttpResponse(decodeResult: success, version: HTTP/1.1)
HTTP/1.1 200 OK
content-length: 14
content-type: application/json; charset=utf-8
cache-control: no-cache

19:58:59.590 [AsyncHttpClient-1-2] DEBUG o.a.netty.channel.ChannelManager - Adding key: http://localhost:4444 for channel [id: 0x602a4ff4, L:/127.0.0.1:65154 - R:localhost/127.0.0.1:4444]
19:58:59.591 [Forwarding isElementEnabled on session 30001ab78242fb900294c07c93657ed2 to remote] DEBUG o.a.netty.request.NettyRequestSender - Using pooled Channel '[id: 0x602a4ff4, L:/127.0.0.1:65154 - R:localhost/127.0.0.1:4444]' for 'GET' to 'http://localhost:4444/wd/hub/session/30001ab78242fb900294c07c93657ed2/element/f.D6D752E85A031151A306B110D8DCF949.d.EA60173A7A52CABD9FF5E50574EF45AC.e.63/enabled'
19:58:59.591 [Forwarding isElementEnabled on session 30001ab78242fb900294c07c93657ed2 to remote] DEBUG o.a.netty.request.NettyRequestSender - Using open Channel [id: 0x602a4ff4, L:/127.0.0.1:65154 - R:localhost/127.0.0.1:4444] for GET '/wd/hub/session/30001ab78242fb900294c07c93657ed2/element/f.D6D752E85A031151A306B110D8DCF949.d.EA60173A7A52CABD9FF5E50574EF45AC.e.63/enabled'
19:58:59.612 [AsyncHttpClient-1-2] DEBUG o.a.netty.handler.HttpHandler - 

Request DefaultFullHttpRequest(decodeResult: success, version: HTTP/1.1, content: EmptyByteBufBE)
GET /wd/hub/session/30001ab78242fb900294c07c93657ed2/element/f.D6D752E85A031151A306B110D8DCF949.d.EA60173A7A52CABD9FF5E50574EF45AC.e.63/enabled HTTP/1.1
Cache-Control: no-cache
User-Agent: selenium/4.9.1 (java windows)
Content-Type: application/json; charset=utf-8
host: localhost:4444
accept: */*

Response DefaultHttpResponse(decodeResult: success, version: HTTP/1.1)
HTTP/1.1 200 OK
content-length: 14
content-type: application/json; charset=utf-8
cache-control: no-cache

19:58:59.612 [AsyncHttpClient-1-2] DEBUG o.a.netty.channel.ChannelManager - Adding key: http://localhost:4444 for channel [id: 0x602a4ff4, L:/127.0.0.1:65154 - R:localhost/127.0.0.1:4444]
19:58:59.615 [Forwarding getElementAttribute on session 30001ab78242fb900294c07c93657ed2 to remote] DEBUG o.a.netty.request.NettyRequestSender - Using pooled Channel '[id: 0x602a4ff4, L:/127.0.0.1:65154 - R:localhost/127.0.0.1:4444]' for 'POST' to 'http://localhost:4444/wd/hub/session/30001ab78242fb900294c07c93657ed2/execute/sync'
19:58:59.615 [Forwarding getElementAttribute on session 30001ab78242fb900294c07c93657ed2 to remote] DEBUG o.a.netty.request.NettyRequestSender - Using open Channel [id: 0x602a4ff4, L:/127.0.0.1:65154 - R:localhost/127.0.0.1:4444] for POST '/wd/hub/session/30001ab78242fb900294c07c93657ed2/execute/sync'
19:58:59.640 [AsyncHttpClient-1-2] DEBUG o.a.netty.handler.HttpHandler - 

Request DefaultHttpRequest(decodeResult: success, version: HTTP/1.1)
POST /wd/hub/session/30001ab78242fb900294c07c93657ed2/execute/sync HTTP/1.1
User-Agent: selenium/4.9.1 (java windows)
Content-Length: 47409
Content-Type: application/json; charset=utf-8
host: localhost:4444
accept: */*

Response DefaultHttpResponse(decodeResult: success, version: HTTP/1.1)
HTTP/1.1 200 OK
content-length: 14
content-type: application/json; charset=utf-8
cache-control: no-cache

19:58:59.641 [AsyncHttpClient-1-2] DEBUG o.a.netty.channel.ChannelManager - Adding key: http://localhost:4444 for channel [id: 0x602a4ff4, L:/127.0.0.1:65154 - R:localhost/127.0.0.1:4444]
19:58:59.643 [Forwarding clearElement on session 30001ab78242fb900294c07c93657ed2 to remote] DEBUG o.a.netty.request.NettyRequestSender - Using pooled Channel '[id: 0x602a4ff4, L:/127.0.0.1:65154 - R:localhost/127.0.0.1:4444]' for 'POST' to 'http://localhost:4444/wd/hub/session/30001ab78242fb900294c07c93657ed2/element/f.D6D752E85A031151A306B110D8DCF949.d.EA60173A7A52CABD9FF5E50574EF45AC.e.63/clear'
19:58:59.644 [Forwarding clearElement on session 30001ab78242fb900294c07c93657ed2 to remote] DEBUG o.a.netty.request.NettyRequestSender - Using open Channel [id: 0x602a4ff4, L:/127.0.0.1:65154 - R:localhost/127.0.0.1:4444] for POST '/wd/hub/session/30001ab78242fb900294c07c93657ed2/element/f.D6D752E85A031151A306B110D8DCF949.d.EA60173A7A52CABD9FF5E50574EF45AC.e.63/clear'
19:58:59.698 [AsyncHttpClient-1-2] DEBUG o.a.netty.handler.HttpHandler - 

Request DefaultHttpRequest(decodeResult: success, version: HTTP/1.1)
POST /wd/hub/session/30001ab78242fb900294c07c93657ed2/element/f.D6D752E85A031151A306B110D8DCF949.d.EA60173A7A52CABD9FF5E50574EF45AC.e.63/clear HTTP/1.1
User-Agent: selenium/4.9.1 (java windows)
Content-Length: 88
Content-Type: application/json; charset=utf-8
host: localhost:4444
accept: */*

Response DefaultHttpResponse(decodeResult: success, version: HTTP/1.1)
HTTP/1.1 200 OK
content-length: 14
content-type: application/json; charset=utf-8
cache-control: no-cache

19:58:59.698 [AsyncHttpClient-1-2] DEBUG o.a.netty.channel.ChannelManager - Adding key: http://localhost:4444 for channel [id: 0x602a4ff4, L:/127.0.0.1:65154 - R:localhost/127.0.0.1:4444]
19:58:59.701 [Forwarding sendKeysToElement on session 30001ab78242fb900294c07c93657ed2 to remote] DEBUG o.a.netty.request.NettyRequestSender - Using pooled Channel '[id: 0x602a4ff4, L:/127.0.0.1:65154 - R:localhost/127.0.0.1:4444]' for 'POST' to 'http://localhost:4444/wd/hub/session/30001ab78242fb900294c07c93657ed2/element/f.D6D752E85A031151A306B110D8DCF949.d.EA60173A7A52CABD9FF5E50574EF45AC.e.63/value'
19:58:59.701 [Forwarding sendKeysToElement on session 30001ab78242fb900294c07c93657ed2 to remote] DEBUG o.a.netty.request.NettyRequestSender - Using open Channel [id: 0x602a4ff4, L:/127.0.0.1:65154 - R:localhost/127.0.0.1:4444] for POST '/wd/hub/session/30001ab78242fb900294c07c93657ed2/element/f.D6D752E85A031151A306B110D8DCF949.d.EA60173A7A52CABD9FF5E50574EF45AC.e.63/value'
19:58:59.840 [AsyncHttpClient-1-2] DEBUG o.a.netty.handler.HttpHandler - 

Request DefaultHttpRequest(decodeResult: success, version: HTTP/1.1)
POST /wd/hub/session/30001ab78242fb900294c07c93657ed2/element/f.D6D752E85A031151A306B110D8DCF949.d.EA60173A7A52CABD9FF5E50574EF45AC.e.63/value HTTP/1.1
User-Agent: selenium/4.9.1 (java windows)
Content-Length: 269
Content-Type: application/json; charset=utf-8
host: localhost:4444
accept: */*

Response DefaultHttpResponse(decodeResult: success, version: HTTP/1.1)
HTTP/1.1 200 OK
content-length: 14
content-type: application/json; charset=utf-8
cache-control: no-cache

19:58:59.841 [AsyncHttpClient-1-2] DEBUG o.a.netty.channel.ChannelManager - Adding key: http://localhost:4444 for channel [id: 0x602a4ff4, L:/127.0.0.1:65154 - R:localhost/127.0.0.1:4444]
19:58:59.842 [Forwarding findElement on session 30001ab78242fb900294c07c93657ed2 to remote] DEBUG o.a.netty.request.NettyRequestSender - Using pooled Channel '[id: 0x602a4ff4, L:/127.0.0.1:65154 - R:localhost/127.0.0.1:4444]' for 'POST' to 'http://localhost:4444/wd/hub/session/30001ab78242fb900294c07c93657ed2/element'
19:58:59.843 [Forwarding findElement on session 30001ab78242fb900294c07c93657ed2 to remote] DEBUG o.a.netty.request.NettyRequestSender - Using open Channel [id: 0x602a4ff4, L:/127.0.0.1:65154 - R:localhost/127.0.0.1:4444] for POST '/wd/hub/session/30001ab78242fb900294c07c93657ed2/element'
19:58:59.861 [AsyncHttpClient-1-2] DEBUG o.a.netty.handler.HttpHandler - 

Request DefaultHttpRequest(decodeResult: success, version: HTTP/1.1)
POST /wd/hub/session/30001ab78242fb900294c07c93657ed2/element HTTP/1.1
User-Agent: selenium/4.9.1 (java windows)
Content-Length: 92
Content-Type: application/json; charset=utf-8
host: localhost:4444
accept: */*

Response DefaultHttpResponse(decodeResult: success, version: HTTP/1.1)
HTTP/1.1 200 OK
content-length: 126
content-type: application/json; charset=utf-8
cache-control: no-cache

19:58:59.862 [AsyncHttpClient-1-2] DEBUG o.a.netty.channel.ChannelManager - Adding key: http://localhost:4444 for channel [id: 0x602a4ff4, L:/127.0.0.1:65154 - R:localhost/127.0.0.1:4444]
19:58:59.865 [Forwarding isElementDisplayed on session 30001ab78242fb900294c07c93657ed2 to remote] DEBUG o.a.netty.request.NettyRequestSender - Using pooled Channel '[id: 0x602a4ff4, L:/127.0.0.1:65154 - R:localhost/127.0.0.1:4444]' for 'POST' to 'http://localhost:4444/wd/hub/session/30001ab78242fb900294c07c93657ed2/execute/sync'
19:58:59.865 [Forwarding isElementDisplayed on session 30001ab78242fb900294c07c93657ed2 to remote] DEBUG o.a.netty.request.NettyRequestSender - Using open Channel [id: 0x602a4ff4, L:/127.0.0.1:65154 - R:localhost/127.0.0.1:4444] for POST '/wd/hub/session/30001ab78242fb900294c07c93657ed2/execute/sync'
19:58:59.888 [AsyncHttpClient-1-2] DEBUG o.a.netty.handler.HttpHandler - 

Request DefaultHttpRequest(decodeResult: success, version: HTTP/1.1)
POST /wd/hub/session/30001ab78242fb900294c07c93657ed2/execute/sync HTTP/1.1
User-Agent: selenium/4.9.1 (java windows)
Content-Length: 48845
Content-Type: application/json; charset=utf-8
host: localhost:4444
accept: */*

Response DefaultHttpResponse(decodeResult: success, version: HTTP/1.1)
HTTP/1.1 200 OK
content-length: 14
content-type: application/json; charset=utf-8
cache-control: no-cache

19:58:59.889 [AsyncHttpClient-1-2] DEBUG o.a.netty.channel.ChannelManager - Adding key: http://localhost:4444 for channel [id: 0x602a4ff4, L:/127.0.0.1:65154 - R:localhost/127.0.0.1:4444]
19:58:59.891 [Forwarding isElementEnabled on session 30001ab78242fb900294c07c93657ed2 to remote] DEBUG o.a.netty.request.NettyRequestSender - Using pooled Channel '[id: 0x602a4ff4, L:/127.0.0.1:65154 - R:localhost/127.0.0.1:4444]' for 'GET' to 'http://localhost:4444/wd/hub/session/30001ab78242fb900294c07c93657ed2/element/f.D6D752E85A031151A306B110D8DCF949.d.EA60173A7A52CABD9FF5E50574EF45AC.e.74/enabled'
19:58:59.891 [Forwarding isElementEnabled on session 30001ab78242fb900294c07c93657ed2 to remote] DEBUG o.a.netty.request.NettyRequestSender - Using open Channel [id: 0x602a4ff4, L:/127.0.0.1:65154 - R:localhost/127.0.0.1:4444] for GET '/wd/hub/session/30001ab78242fb900294c07c93657ed2/element/f.D6D752E85A031151A306B110D8DCF949.d.EA60173A7A52CABD9FF5E50574EF45AC.e.74/enabled'
19:58:59.914 [AsyncHttpClient-1-2] DEBUG o.a.netty.handler.HttpHandler - 

Request DefaultFullHttpRequest(decodeResult: success, version: HTTP/1.1, content: EmptyByteBufBE)
GET /wd/hub/session/30001ab78242fb900294c07c93657ed2/element/f.D6D752E85A031151A306B110D8DCF949.d.EA60173A7A52CABD9FF5E50574EF45AC.e.74/enabled HTTP/1.1
Cache-Control: no-cache
User-Agent: selenium/4.9.1 (java windows)
Content-Type: application/json; charset=utf-8
host: localhost:4444
accept: */*

Response DefaultHttpResponse(decodeResult: success, version: HTTP/1.1)
HTTP/1.1 200 OK
content-length: 14
content-type: application/json; charset=utf-8
cache-control: no-cache

19:58:59.915 [AsyncHttpClient-1-2] DEBUG o.a.netty.channel.ChannelManager - Adding key: http://localhost:4444 for channel [id: 0x602a4ff4, L:/127.0.0.1:65154 - R:localhost/127.0.0.1:4444]
19:58:59.916 [Forwarding clickElement on session 30001ab78242fb900294c07c93657ed2 to remote] DEBUG o.a.netty.request.NettyRequestSender - Using pooled Channel '[id: 0x602a4ff4, L:/127.0.0.1:65154 - R:localhost/127.0.0.1:4444]' for 'POST' to 'http://localhost:4444/wd/hub/session/30001ab78242fb900294c07c93657ed2/element/f.D6D752E85A031151A306B110D8DCF949.d.EA60173A7A52CABD9FF5E50574EF45AC.e.74/click'
19:58:59.916 [Forwarding clickElement on session 30001ab78242fb900294c07c93657ed2 to remote] DEBUG o.a.netty.request.NettyRequestSender - Using open Channel [id: 0x602a4ff4, L:/127.0.0.1:65154 - R:localhost/127.0.0.1:4444] for POST '/wd/hub/session/30001ab78242fb900294c07c93657ed2/element/f.D6D752E85A031151A306B110D8DCF949.d.EA60173A7A52CABD9FF5E50574EF45AC.e.74/click'
19:59:00.025 [AsyncHttpClient-1-2] DEBUG o.a.netty.handler.HttpHandler - 

Request DefaultHttpRequest(decodeResult: success, version: HTTP/1.1)
POST /wd/hub/session/30001ab78242fb900294c07c93657ed2/element/f.D6D752E85A031151A306B110D8DCF949.d.EA60173A7A52CABD9FF5E50574EF45AC.e.74/click HTTP/1.1
User-Agent: selenium/4.9.1 (java windows)
Content-Length: 88
Content-Type: application/json; charset=utf-8
host: localhost:4444
accept: */*

Response DefaultHttpResponse(decodeResult: success, version: HTTP/1.1)
HTTP/1.1 200 OK
content-length: 14
content-type: application/json; charset=utf-8
cache-control: no-cache

19:59:00.026 [AsyncHttpClient-1-2] DEBUG o.a.netty.channel.ChannelManager - Adding key: http://localhost:4444 for channel [id: 0x602a4ff4, L:/127.0.0.1:65154 - R:localhost/127.0.0.1:4444]
19:59:00.971 [AsyncHttpClient-1-1] DEBUG o.a.netty.channel.DefaultChannelPool - Entry count for : http://localhost:4444 : 1
19:59:02.043 [Forwarding findElement on session 30001ab78242fb900294c07c93657ed2 to remote] DEBUG o.a.netty.request.NettyRequestSender - Using pooled Channel '[id: 0x602a4ff4, L:/127.0.0.1:65154 - R:localhost/127.0.0.1:4444]' for 'POST' to 'http://localhost:4444/wd/hub/session/30001ab78242fb900294c07c93657ed2/element'
19:59:02.043 [Forwarding findElement on session 30001ab78242fb900294c07c93657ed2 to remote] DEBUG o.a.netty.request.NettyRequestSender - Using open Channel [id: 0x602a4ff4, L:/127.0.0.1:65154 - R:localhost/127.0.0.1:4444] for POST '/wd/hub/session/30001ab78242fb900294c07c93657ed2/element'
19:59:02.067 [AsyncHttpClient-1-2] DEBUG o.a.netty.handler.HttpHandler - 

Request DefaultHttpRequest(decodeResult: success, version: HTTP/1.1)
POST /wd/hub/session/30001ab78242fb900294c07c93657ed2/element HTTP/1.1
User-Agent: selenium/4.9.1 (java windows)
Content-Length: 105
Content-Type: application/json; charset=utf-8
host: localhost:4444
accept: */*

Response DefaultHttpResponse(decodeResult: success, version: HTTP/1.1)
HTTP/1.1 200 OK
content-length: 126
content-type: application/json; charset=utf-8
cache-control: no-cache

19:59:02.067 [AsyncHttpClient-1-2] DEBUG o.a.netty.channel.ChannelManager - Adding key: http://localhost:4444 for channel [id: 0x602a4ff4, L:/127.0.0.1:65154 - R:localhost/127.0.0.1:4444]
19:59:02.071 [AsyncHttpClient-1-1] DEBUG o.a.netty.channel.DefaultChannelPool - Entry count for : http://localhost:4444 : 1
19:59:02.071 [Forwarding isElementDisplayed on session 30001ab78242fb900294c07c93657ed2 to remote] DEBUG o.a.netty.request.NettyRequestSender - Using pooled Channel '[id: 0x602a4ff4, L:/127.0.0.1:65154 - R:localhost/127.0.0.1:4444]' for 'POST' to 'http://localhost:4444/wd/hub/session/30001ab78242fb900294c07c93657ed2/execute/sync'
19:59:02.071 [Forwarding isElementDisplayed on session 30001ab78242fb900294c07c93657ed2 to remote] DEBUG o.a.netty.request.NettyRequestSender - Using open Channel [id: 0x602a4ff4, L:/127.0.0.1:65154 - R:localhost/127.0.0.1:4444] for POST '/wd/hub/session/30001ab78242fb900294c07c93657ed2/execute/sync'
19:59:02.102 [AsyncHttpClient-1-2] DEBUG o.a.netty.handler.HttpHandler - 

Request DefaultHttpRequest(decodeResult: success, version: HTTP/1.1)
POST /wd/hub/session/30001ab78242fb900294c07c93657ed2/execute/sync HTTP/1.1
User-Agent: selenium/4.9.1 (java windows)
Content-Length: 48845
Content-Type: application/json; charset=utf-8
host: localhost:4444
accept: */*

Response DefaultHttpResponse(decodeResult: success, version: HTTP/1.1)
HTTP/1.1 200 OK
content-length: 14
content-type: application/json; charset=utf-8
cache-control: no-cache

19:59:02.102 [AsyncHttpClient-1-2] DEBUG o.a.netty.channel.ChannelManager - Adding key: http://localhost:4444 for channel [id: 0x602a4ff4, L:/127.0.0.1:65154 - R:localhost/127.0.0.1:4444]
19:59:02.105 [Forwarding findElement on session 30001ab78242fb900294c07c93657ed2 to remote] DEBUG o.a.netty.request.NettyRequestSender - Using pooled Channel '[id: 0x602a4ff4, L:/127.0.0.1:65154 - R:localhost/127.0.0.1:4444]' for 'POST' to 'http://localhost:4444/wd/hub/session/30001ab78242fb900294c07c93657ed2/element'
19:59:02.105 [Forwarding findElement on session 30001ab78242fb900294c07c93657ed2 to remote] DEBUG o.a.netty.request.NettyRequestSender - Using open Channel [id: 0x602a4ff4, L:/127.0.0.1:65154 - R:localhost/127.0.0.1:4444] for POST '/wd/hub/session/30001ab78242fb900294c07c93657ed2/element'
19:59:02.136 [AsyncHttpClient-1-2] DEBUG o.a.netty.handler.HttpHandler - 

Request DefaultHttpRequest(decodeResult: success, version: HTTP/1.1)
POST /wd/hub/session/30001ab78242fb900294c07c93657ed2/element HTTP/1.1
User-Agent: selenium/4.9.1 (java windows)
Content-Length: 105
Content-Type: application/json; charset=utf-8
host: localhost:4444
accept: */*

Response DefaultHttpResponse(decodeResult: success, version: HTTP/1.1)
HTTP/1.1 200 OK
content-length: 126
content-type: application/json; charset=utf-8
cache-control: no-cache

19:59:02.137 [AsyncHttpClient-1-2] DEBUG o.a.netty.channel.ChannelManager - Adding key: http://localhost:4444 for channel [id: 0x602a4ff4, L:/127.0.0.1:65154 - R:localhost/127.0.0.1:4444]
19:59:02.142 [Forwarding isElementDisplayed on session 30001ab78242fb900294c07c93657ed2 to remote] DEBUG o.a.netty.request.NettyRequestSender - Using pooled Channel '[id: 0x602a4ff4, L:/127.0.0.1:65154 - R:localhost/127.0.0.1:4444]' for 'POST' to 'http://localhost:4444/wd/hub/session/30001ab78242fb900294c07c93657ed2/execute/sync'
19:59:02.143 [Forwarding isElementDisplayed on session 30001ab78242fb900294c07c93657ed2 to remote] DEBUG o.a.netty.request.NettyRequestSender - Using open Channel [id: 0x602a4ff4, L:/127.0.0.1:65154 - R:localhost/127.0.0.1:4444] for POST '/wd/hub/session/30001ab78242fb900294c07c93657ed2/execute/sync'
19:59:02.169 [AsyncHttpClient-1-2] DEBUG o.a.netty.handler.HttpHandler - 

Request DefaultHttpRequest(decodeResult: success, version: HTTP/1.1)
POST /wd/hub/session/30001ab78242fb900294c07c93657ed2/execute/sync HTTP/1.1
User-Agent: selenium/4.9.1 (java windows)
Content-Length: 48845
Content-Type: application/json; charset=utf-8
host: localhost:4444
accept: */*

Response DefaultHttpResponse(decodeResult: success, version: HTTP/1.1)
HTTP/1.1 200 OK
content-length: 14
content-type: application/json; charset=utf-8
cache-control: no-cache

19:59:02.170 [AsyncHttpClient-1-2] DEBUG o.a.netty.channel.ChannelManager - Adding key: http://localhost:4444 for channel [id: 0x602a4ff4, L:/127.0.0.1:65154 - R:localhost/127.0.0.1:4444]
19:59:02.171 [Forwarding isElementEnabled on session 30001ab78242fb900294c07c93657ed2 to remote] DEBUG o.a.netty.request.NettyRequestSender - Using pooled Channel '[id: 0x602a4ff4, L:/127.0.0.1:65154 - R:localhost/127.0.0.1:4444]' for 'GET' to 'http://localhost:4444/wd/hub/session/30001ab78242fb900294c07c93657ed2/element/f.D6D752E85A031151A306B110D8DCF949.d.EA60173A7A52CABD9FF5E50574EF45AC.e.15/enabled'
19:59:02.171 [Forwarding isElementEnabled on session 30001ab78242fb900294c07c93657ed2 to remote] DEBUG o.a.netty.request.NettyRequestSender - Using open Channel [id: 0x602a4ff4, L:/127.0.0.1:65154 - R:localhost/127.0.0.1:4444] for GET '/wd/hub/session/30001ab78242fb900294c07c93657ed2/element/f.D6D752E85A031151A306B110D8DCF949.d.EA60173A7A52CABD9FF5E50574EF45AC.e.15/enabled'
19:59:02.195 [AsyncHttpClient-1-2] DEBUG o.a.netty.handler.HttpHandler - 

Request DefaultFullHttpRequest(decodeResult: success, version: HTTP/1.1, content: EmptyByteBufBE)
GET /wd/hub/session/30001ab78242fb900294c07c93657ed2/element/f.D6D752E85A031151A306B110D8DCF949.d.EA60173A7A52CABD9FF5E50574EF45AC.e.15/enabled HTTP/1.1
Cache-Control: no-cache
User-Agent: selenium/4.9.1 (java windows)
Content-Type: application/json; charset=utf-8
host: localhost:4444
accept: */*

Response DefaultHttpResponse(decodeResult: success, version: HTTP/1.1)
HTTP/1.1 200 OK
content-length: 14
content-type: application/json; charset=utf-8
cache-control: no-cache

19:59:02.195 [AsyncHttpClient-1-2] DEBUG o.a.netty.channel.ChannelManager - Adding key: http://localhost:4444 for channel [id: 0x602a4ff4, L:/127.0.0.1:65154 - R:localhost/127.0.0.1:4444]
19:59:02.197 [Forwarding clickElement on session 30001ab78242fb900294c07c93657ed2 to remote] DEBUG o.a.netty.request.NettyRequestSender - Using pooled Channel '[id: 0x602a4ff4, L:/127.0.0.1:65154 - R:localhost/127.0.0.1:4444]' for 'POST' to 'http://localhost:4444/wd/hub/session/30001ab78242fb900294c07c93657ed2/element/f.D6D752E85A031151A306B110D8DCF949.d.EA60173A7A52CABD9FF5E50574EF45AC.e.15/click'
19:59:02.197 [Forwarding clickElement on session 30001ab78242fb900294c07c93657ed2 to remote] DEBUG o.a.netty.request.NettyRequestSender - Using open Channel [id: 0x602a4ff4, L:/127.0.0.1:65154 - R:localhost/127.0.0.1:4444] for POST '/wd/hub/session/30001ab78242fb900294c07c93657ed2/element/f.D6D752E85A031151A306B110D8DCF949.d.EA60173A7A52CABD9FF5E50574EF45AC.e.15/click'
19:59:02.274 [AsyncHttpClient-1-2] DEBUG o.a.netty.handler.HttpHandler - 

Request DefaultHttpRequest(decodeResult: success, version: HTTP/1.1)
POST /wd/hub/session/30001ab78242fb900294c07c93657ed2/element/f.D6D752E85A031151A306B110D8DCF949.d.EA60173A7A52CABD9FF5E50574EF45AC.e.15/click HTTP/1.1
User-Agent: selenium/4.9.1 (java windows)
Content-Length: 88
Content-Type: application/json; charset=utf-8
host: localhost:4444
accept: */*

Response DefaultHttpResponse(decodeResult: success, version: HTTP/1.1)
HTTP/1.1 200 OK
content-length: 14
content-type: application/json; charset=utf-8
cache-control: no-cache

19:59:02.274 [AsyncHttpClient-1-2] DEBUG o.a.netty.channel.ChannelManager - Adding key: http://localhost:4444 for channel [id: 0x602a4ff4, L:/127.0.0.1:65154 - R:localhost/127.0.0.1:4444]
19:59:02.275 [Forwarding findElement on session 30001ab78242fb900294c07c93657ed2 to remote] DEBUG o.a.netty.request.NettyRequestSender - Using pooled Channel '[id: 0x602a4ff4, L:/127.0.0.1:65154 - R:localhost/127.0.0.1:4444]' for 'POST' to 'http://localhost:4444/wd/hub/session/30001ab78242fb900294c07c93657ed2/element'
19:59:02.275 [Forwarding findElement on session 30001ab78242fb900294c07c93657ed2 to remote] DEBUG o.a.netty.request.NettyRequestSender - Using open Channel [id: 0x602a4ff4, L:/127.0.0.1:65154 - R:localhost/127.0.0.1:4444] for POST '/wd/hub/session/30001ab78242fb900294c07c93657ed2/element'
19:59:02.290 [AsyncHttpClient-1-2] DEBUG o.a.netty.handler.HttpHandler - 

Request DefaultHttpRequest(decodeResult: success, version: HTTP/1.1)
POST /wd/hub/session/30001ab78242fb900294c07c93657ed2/element HTTP/1.1
User-Agent: selenium/4.9.1 (java windows)
Content-Length: 92
Content-Type: application/json; charset=utf-8
host: localhost:4444
accept: */*

Response DefaultHttpResponse(decodeResult: success, version: HTTP/1.1)
HTTP/1.1 200 OK
content-length: 126
content-type: application/json; charset=utf-8
cache-control: no-cache

19:59:02.291 [AsyncHttpClient-1-2] DEBUG o.a.netty.channel.ChannelManager - Adding key: http://localhost:4444 for channel [id: 0x602a4ff4, L:/127.0.0.1:65154 - R:localhost/127.0.0.1:4444]
19:59:02.294 [Forwarding isElementDisplayed on session 30001ab78242fb900294c07c93657ed2 to remote] DEBUG o.a.netty.request.NettyRequestSender - Using pooled Channel '[id: 0x602a4ff4, L:/127.0.0.1:65154 - R:localhost/127.0.0.1:4444]' for 'POST' to 'http://localhost:4444/wd/hub/session/30001ab78242fb900294c07c93657ed2/execute/sync'
19:59:02.294 [Forwarding isElementDisplayed on session 30001ab78242fb900294c07c93657ed2 to remote] DEBUG o.a.netty.request.NettyRequestSender - Using open Channel [id: 0x602a4ff4, L:/127.0.0.1:65154 - R:localhost/127.0.0.1:4444] for POST '/wd/hub/session/30001ab78242fb900294c07c93657ed2/execute/sync'
19:59:02.314 [AsyncHttpClient-1-2] DEBUG o.a.netty.handler.HttpHandler - 

Request DefaultHttpRequest(decodeResult: success, version: HTTP/1.1)
POST /wd/hub/session/30001ab78242fb900294c07c93657ed2/execute/sync HTTP/1.1
User-Agent: selenium/4.9.1 (java windows)
Content-Length: 48845
Content-Type: application/json; charset=utf-8
host: localhost:4444
accept: */*

Response DefaultHttpResponse(decodeResult: success, version: HTTP/1.1)
HTTP/1.1 200 OK
content-length: 14
content-type: application/json; charset=utf-8
cache-control: no-cache

19:59:02.314 [AsyncHttpClient-1-2] DEBUG o.a.netty.channel.ChannelManager - Adding key: http://localhost:4444 for channel [id: 0x602a4ff4, L:/127.0.0.1:65154 - R:localhost/127.0.0.1:4444]
19:59:02.317 [Forwarding findElement on session 30001ab78242fb900294c07c93657ed2 to remote] DEBUG o.a.netty.request.NettyRequestSender - Using pooled Channel '[id: 0x602a4ff4, L:/127.0.0.1:65154 - R:localhost/127.0.0.1:4444]' for 'POST' to 'http://localhost:4444/wd/hub/session/30001ab78242fb900294c07c93657ed2/element'
19:59:02.317 [Forwarding findElement on session 30001ab78242fb900294c07c93657ed2 to remote] DEBUG o.a.netty.request.NettyRequestSender - Using open Channel [id: 0x602a4ff4, L:/127.0.0.1:65154 - R:localhost/127.0.0.1:4444] for POST '/wd/hub/session/30001ab78242fb900294c07c93657ed2/element'
19:59:02.341 [AsyncHttpClient-1-2] DEBUG o.a.netty.handler.HttpHandler - 

Request DefaultHttpRequest(decodeResult: success, version: HTTP/1.1)
POST /wd/hub/session/30001ab78242fb900294c07c93657ed2/element HTTP/1.1
User-Agent: selenium/4.9.1 (java windows)
Content-Length: 92
Content-Type: application/json; charset=utf-8
host: localhost:4444
accept: */*

Response DefaultHttpResponse(decodeResult: success, version: HTTP/1.1)
HTTP/1.1 200 OK
content-length: 126
content-type: application/json; charset=utf-8
cache-control: no-cache

19:59:02.342 [AsyncHttpClient-1-2] DEBUG o.a.netty.channel.ChannelManager - Adding key: http://localhost:4444 for channel [id: 0x602a4ff4, L:/127.0.0.1:65154 - R:localhost/127.0.0.1:4444]
19:59:02.347 [Forwarding isElementDisplayed on session 30001ab78242fb900294c07c93657ed2 to remote] DEBUG o.a.netty.request.NettyRequestSender - Using pooled Channel '[id: 0x602a4ff4, L:/127.0.0.1:65154 - R:localhost/127.0.0.1:4444]' for 'POST' to 'http://localhost:4444/wd/hub/session/30001ab78242fb900294c07c93657ed2/execute/sync'
19:59:02.348 [Forwarding isElementDisplayed on session 30001ab78242fb900294c07c93657ed2 to remote] DEBUG o.a.netty.request.NettyRequestSender - Using open Channel [id: 0x602a4ff4, L:/127.0.0.1:65154 - R:localhost/127.0.0.1:4444] for POST '/wd/hub/session/30001ab78242fb900294c07c93657ed2/execute/sync'
19:59:02.382 [AsyncHttpClient-1-2] DEBUG o.a.netty.handler.HttpHandler - 

Request DefaultHttpRequest(decodeResult: success, version: HTTP/1.1)
POST /wd/hub/session/30001ab78242fb900294c07c93657ed2/execute/sync HTTP/1.1
User-Agent: selenium/4.9.1 (java windows)
Content-Length: 48845
Content-Type: application/json; charset=utf-8
host: localhost:4444
accept: */*

Response DefaultHttpResponse(decodeResult: success, version: HTTP/1.1)
HTTP/1.1 200 OK
content-length: 14
content-type: application/json; charset=utf-8
cache-control: no-cache

19:59:02.383 [AsyncHttpClient-1-2] DEBUG o.a.netty.channel.ChannelManager - Adding key: http://localhost:4444 for channel [id: 0x602a4ff4, L:/127.0.0.1:65154 - R:localhost/127.0.0.1:4444]
19:59:02.385 [Forwarding isElementEnabled on session 30001ab78242fb900294c07c93657ed2 to remote] DEBUG o.a.netty.request.NettyRequestSender - Using pooled Channel '[id: 0x602a4ff4, L:/127.0.0.1:65154 - R:localhost/127.0.0.1:4444]' for 'GET' to 'http://localhost:4444/wd/hub/session/30001ab78242fb900294c07c93657ed2/element/f.D6D752E85A031151A306B110D8DCF949.d.EA60173A7A52CABD9FF5E50574EF45AC.e.16/enabled'
19:59:02.385 [Forwarding isElementEnabled on session 30001ab78242fb900294c07c93657ed2 to remote] DEBUG o.a.netty.request.NettyRequestSender - Using open Channel [id: 0x602a4ff4, L:/127.0.0.1:65154 - R:localhost/127.0.0.1:4444] for GET '/wd/hub/session/30001ab78242fb900294c07c93657ed2/element/f.D6D752E85A031151A306B110D8DCF949.d.EA60173A7A52CABD9FF5E50574EF45AC.e.16/enabled'
19:59:02.416 [AsyncHttpClient-1-2] DEBUG o.a.netty.handler.HttpHandler - 

Request DefaultFullHttpRequest(decodeResult: success, version: HTTP/1.1, content: EmptyByteBufBE)
GET /wd/hub/session/30001ab78242fb900294c07c93657ed2/element/f.D6D752E85A031151A306B110D8DCF949.d.EA60173A7A52CABD9FF5E50574EF45AC.e.16/enabled HTTP/1.1
Cache-Control: no-cache
User-Agent: selenium/4.9.1 (java windows)
Content-Type: application/json; charset=utf-8
host: localhost:4444
accept: */*

Response DefaultHttpResponse(decodeResult: success, version: HTTP/1.1)
HTTP/1.1 200 OK
content-length: 14
content-type: application/json; charset=utf-8
cache-control: no-cache

19:59:02.417 [AsyncHttpClient-1-2] DEBUG o.a.netty.channel.ChannelManager - Adding key: http://localhost:4444 for channel [id: 0x602a4ff4, L:/127.0.0.1:65154 - R:localhost/127.0.0.1:4444]
19:59:02.419 [Forwarding clickElement on session 30001ab78242fb900294c07c93657ed2 to remote] DEBUG o.a.netty.request.NettyRequestSender - Using pooled Channel '[id: 0x602a4ff4, L:/127.0.0.1:65154 - R:localhost/127.0.0.1:4444]' for 'POST' to 'http://localhost:4444/wd/hub/session/30001ab78242fb900294c07c93657ed2/element/f.D6D752E85A031151A306B110D8DCF949.d.EA60173A7A52CABD9FF5E50574EF45AC.e.16/click'
19:59:02.419 [Forwarding clickElement on session 30001ab78242fb900294c07c93657ed2 to remote] DEBUG o.a.netty.request.NettyRequestSender - Using open Channel [id: 0x602a4ff4, L:/127.0.0.1:65154 - R:localhost/127.0.0.1:4444] for POST '/wd/hub/session/30001ab78242fb900294c07c93657ed2/element/f.D6D752E85A031151A306B110D8DCF949.d.EA60173A7A52CABD9FF5E50574EF45AC.e.16/click'
19:59:02.556 [AsyncHttpClient-1-2] DEBUG o.a.netty.handler.HttpHandler - 

Request DefaultHttpRequest(decodeResult: success, version: HTTP/1.1)
POST /wd/hub/session/30001ab78242fb900294c07c93657ed2/element/f.D6D752E85A031151A306B110D8DCF949.d.EA60173A7A52CABD9FF5E50574EF45AC.e.16/click HTTP/1.1
User-Agent: selenium/4.9.1 (java windows)
Content-Length: 88
Content-Type: application/json; charset=utf-8
host: localhost:4444
accept: */*

Response DefaultHttpResponse(decodeResult: success, version: HTTP/1.1)
HTTP/1.1 200 OK
content-length: 14
content-type: application/json; charset=utf-8
cache-control: no-cache

19:59:02.556 [AsyncHttpClient-1-2] DEBUG o.a.netty.channel.ChannelManager - Adding key: http://localhost:4444 for channel [id: 0x602a4ff4, L:/127.0.0.1:65154 - R:localhost/127.0.0.1:4444]
19:59:02.557 [Forwarding findElement on session 30001ab78242fb900294c07c93657ed2 to remote] DEBUG o.a.netty.request.NettyRequestSender - Using pooled Channel '[id: 0x602a4ff4, L:/127.0.0.1:65154 - R:localhost/127.0.0.1:4444]' for 'POST' to 'http://localhost:4444/wd/hub/session/30001ab78242fb900294c07c93657ed2/element'
19:59:02.558 [Forwarding findElement on session 30001ab78242fb900294c07c93657ed2 to remote] DEBUG o.a.netty.request.NettyRequestSender - Using open Channel [id: 0x602a4ff4, L:/127.0.0.1:65154 - R:localhost/127.0.0.1:4444] for POST '/wd/hub/session/30001ab78242fb900294c07c93657ed2/element'
19:59:02.576 [AsyncHttpClient-1-2] DEBUG o.a.netty.handler.HttpHandler - 

Request DefaultHttpRequest(decodeResult: success, version: HTTP/1.1)
POST /wd/hub/session/30001ab78242fb900294c07c93657ed2/element HTTP/1.1
User-Agent: selenium/4.9.1 (java windows)
Content-Length: 122
Content-Type: application/json; charset=utf-8
host: localhost:4444
accept: */*

Response DefaultHttpResponse(decodeResult: success, version: HTTP/1.1)
HTTP/1.1 200 OK
content-length: 126
content-type: application/json; charset=utf-8
cache-control: no-cache

19:59:02.576 [AsyncHttpClient-1-2] DEBUG o.a.netty.channel.ChannelManager - Adding key: http://localhost:4444 for channel [id: 0x602a4ff4, L:/127.0.0.1:65154 - R:localhost/127.0.0.1:4444]
19:59:02.583 [Forwarding isElementDisplayed on session 30001ab78242fb900294c07c93657ed2 to remote] DEBUG o.a.netty.request.NettyRequestSender - Using pooled Channel '[id: 0x602a4ff4, L:/127.0.0.1:65154 - R:localhost/127.0.0.1:4444]' for 'POST' to 'http://localhost:4444/wd/hub/session/30001ab78242fb900294c07c93657ed2/execute/sync'
19:59:02.583 [Forwarding isElementDisplayed on session 30001ab78242fb900294c07c93657ed2 to remote] DEBUG o.a.netty.request.NettyRequestSender - Using open Channel [id: 0x602a4ff4, L:/127.0.0.1:65154 - R:localhost/127.0.0.1:4444] for POST '/wd/hub/session/30001ab78242fb900294c07c93657ed2/execute/sync'
19:59:02.635 [AsyncHttpClient-1-2] DEBUG o.a.netty.handler.HttpHandler - 

Request DefaultHttpRequest(decodeResult: success, version: HTTP/1.1)
POST /wd/hub/session/30001ab78242fb900294c07c93657ed2/execute/sync HTTP/1.1
User-Agent: selenium/4.9.1 (java windows)
Content-Length: 48845
Content-Type: application/json; charset=utf-8
host: localhost:4444
accept: */*

Response DefaultHttpResponse(decodeResult: success, version: HTTP/1.1)
HTTP/1.1 200 OK
content-length: 14
content-type: application/json; charset=utf-8
cache-control: no-cache

19:59:02.635 [AsyncHttpClient-1-2] DEBUG o.a.netty.channel.ChannelManager - Adding key: http://localhost:4444 for channel [id: 0x602a4ff4, L:/127.0.0.1:65154 - R:localhost/127.0.0.1:4444]
19:59:02.638 [Forwarding findElement on session 30001ab78242fb900294c07c93657ed2 to remote] DEBUG o.a.netty.request.NettyRequestSender - Using pooled Channel '[id: 0x602a4ff4, L:/127.0.0.1:65154 - R:localhost/127.0.0.1:4444]' for 'POST' to 'http://localhost:4444/wd/hub/session/30001ab78242fb900294c07c93657ed2/element'
19:59:02.638 [Forwarding findElement on session 30001ab78242fb900294c07c93657ed2 to remote] DEBUG o.a.netty.request.NettyRequestSender - Using open Channel [id: 0x602a4ff4, L:/127.0.0.1:65154 - R:localhost/127.0.0.1:4444] for POST '/wd/hub/session/30001ab78242fb900294c07c93657ed2/element'
19:59:02.663 [AsyncHttpClient-1-2] DEBUG o.a.netty.handler.HttpHandler - 

Request DefaultHttpRequest(decodeResult: success, version: HTTP/1.1)
POST /wd/hub/session/30001ab78242fb900294c07c93657ed2/element HTTP/1.1
User-Agent: selenium/4.9.1 (java windows)
Content-Length: 133
Content-Type: application/json; charset=utf-8
host: localhost:4444
accept: */*

Response DefaultHttpResponse(decodeResult: success, version: HTTP/1.1)
HTTP/1.1 200 OK
content-length: 126
content-type: application/json; charset=utf-8
cache-control: no-cache

19:59:02.663 [AsyncHttpClient-1-2] DEBUG o.a.netty.channel.ChannelManager - Adding key: http://localhost:4444 for channel [id: 0x602a4ff4, L:/127.0.0.1:65154 - R:localhost/127.0.0.1:4444]
19:59:02.665 [Forwarding getElementTagName on session 30001ab78242fb900294c07c93657ed2 to remote] DEBUG o.a.netty.request.NettyRequestSender - Using pooled Channel '[id: 0x602a4ff4, L:/127.0.0.1:65154 - R:localhost/127.0.0.1:4444]' for 'GET' to 'http://localhost:4444/wd/hub/session/30001ab78242fb900294c07c93657ed2/element/f.D6D752E85A031151A306B110D8DCF949.d.EA60173A7A52CABD9FF5E50574EF45AC.e.82/name'
19:59:02.665 [Forwarding getElementTagName on session 30001ab78242fb900294c07c93657ed2 to remote] DEBUG o.a.netty.request.NettyRequestSender - Using open Channel [id: 0x602a4ff4, L:/127.0.0.1:65154 - R:localhost/127.0.0.1:4444] for GET '/wd/hub/session/30001ab78242fb900294c07c93657ed2/element/f.D6D752E85A031151A306B110D8DCF949.d.EA60173A7A52CABD9FF5E50574EF45AC.e.82/name'
19:59:02.688 [AsyncHttpClient-1-2] DEBUG o.a.netty.handler.HttpHandler - 

Request DefaultFullHttpRequest(decodeResult: success, version: HTTP/1.1, content: EmptyByteBufBE)
GET /wd/hub/session/30001ab78242fb900294c07c93657ed2/element/f.D6D752E85A031151A306B110D8DCF949.d.EA60173A7A52CABD9FF5E50574EF45AC.e.82/name HTTP/1.1
Cache-Control: no-cache
User-Agent: selenium/4.9.1 (java windows)
Content-Type: application/json; charset=utf-8
host: localhost:4444
accept: */*

Response DefaultHttpResponse(decodeResult: success, version: HTTP/1.1)
HTTP/1.1 200 OK
content-length: 15
content-type: application/json; charset=utf-8
cache-control: no-cache

19:59:02.688 [AsyncHttpClient-1-2] DEBUG o.a.netty.channel.ChannelManager - Adding key: http://localhost:4444 for channel [id: 0x602a4ff4, L:/127.0.0.1:65154 - R:localhost/127.0.0.1:4444]
19:59:02.690 [Forwarding getElementText on session 30001ab78242fb900294c07c93657ed2 to remote] DEBUG o.a.netty.request.NettyRequestSender - Using pooled Channel '[id: 0x602a4ff4, L:/127.0.0.1:65154 - R:localhost/127.0.0.1:4444]' for 'GET' to 'http://localhost:4444/wd/hub/session/30001ab78242fb900294c07c93657ed2/element/f.D6D752E85A031151A306B110D8DCF949.d.EA60173A7A52CABD9FF5E50574EF45AC.e.82/text'
19:59:02.690 [Forwarding getElementText on session 30001ab78242fb900294c07c93657ed2 to remote] DEBUG o.a.netty.request.NettyRequestSender - Using open Channel [id: 0x602a4ff4, L:/127.0.0.1:65154 - R:localhost/127.0.0.1:4444] for GET '/wd/hub/session/30001ab78242fb900294c07c93657ed2/element/f.D6D752E85A031151A306B110D8DCF949.d.EA60173A7A52CABD9FF5E50574EF45AC.e.82/text'
19:59:02.726 [AsyncHttpClient-1-2] DEBUG o.a.netty.handler.HttpHandler - 

Request DefaultFullHttpRequest(decodeResult: success, version: HTTP/1.1, content: EmptyByteBufBE)
GET /wd/hub/session/30001ab78242fb900294c07c93657ed2/element/f.D6D752E85A031151A306B110D8DCF949.d.EA60173A7A52CABD9FF5E50574EF45AC.e.82/text HTTP/1.1
Cache-Control: no-cache
User-Agent: selenium/4.9.1 (java windows)
Content-Type: application/json; charset=utf-8
host: localhost:4444
accept: */*

Response DefaultHttpResponse(decodeResult: success, version: HTTP/1.1)
HTTP/1.1 200 OK
content-length: 27
content-type: application/json; charset=utf-8
cache-control: no-cache

19:59:02.727 [AsyncHttpClient-1-2] DEBUG o.a.netty.channel.ChannelManager - Adding key: http://localhost:4444 for channel [id: 0x602a4ff4, L:/127.0.0.1:65154 - R:localhost/127.0.0.1:4444]
19:59:02.736 [Forwarding findElement on session 30001ab78242fb900294c07c93657ed2 to remote] DEBUG o.a.netty.request.NettyRequestSender - Using pooled Channel '[id: 0x602a4ff4, L:/127.0.0.1:65154 - R:localhost/127.0.0.1:4444]' for 'POST' to 'http://localhost:4444/wd/hub/session/30001ab78242fb900294c07c93657ed2/element'
19:59:02.736 [Forwarding findElement on session 30001ab78242fb900294c07c93657ed2 to remote] DEBUG o.a.netty.request.NettyRequestSender - Using open Channel [id: 0x602a4ff4, L:/127.0.0.1:65154 - R:localhost/127.0.0.1:4444] for POST '/wd/hub/session/30001ab78242fb900294c07c93657ed2/element'
19:59:02.762 [AsyncHttpClient-1-2] DEBUG o.a.netty.handler.HttpHandler - 

Request DefaultHttpRequest(decodeResult: success, version: HTTP/1.1)
POST /wd/hub/session/30001ab78242fb900294c07c93657ed2/element HTTP/1.1
User-Agent: selenium/4.9.1 (java windows)
Content-Length: 105
Content-Type: application/json; charset=utf-8
host: localhost:4444
accept: */*

Response DefaultHttpResponse(decodeResult: success, version: HTTP/1.1)
HTTP/1.1 200 OK
content-length: 126
content-type: application/json; charset=utf-8
cache-control: no-cache

19:59:02.762 [AsyncHttpClient-1-2] DEBUG o.a.netty.channel.ChannelManager - Adding key: http://localhost:4444 for channel [id: 0x602a4ff4, L:/127.0.0.1:65154 - R:localhost/127.0.0.1:4444]
19:59:02.768 [Forwarding isElementDisplayed on session 30001ab78242fb900294c07c93657ed2 to remote] DEBUG o.a.netty.request.NettyRequestSender - Using pooled Channel '[id: 0x602a4ff4, L:/127.0.0.1:65154 - R:localhost/127.0.0.1:4444]' for 'POST' to 'http://localhost:4444/wd/hub/session/30001ab78242fb900294c07c93657ed2/execute/sync'
19:59:02.768 [Forwarding isElementDisplayed on session 30001ab78242fb900294c07c93657ed2 to remote] DEBUG o.a.netty.request.NettyRequestSender - Using open Channel [id: 0x602a4ff4, L:/127.0.0.1:65154 - R:localhost/127.0.0.1:4444] for POST '/wd/hub/session/30001ab78242fb900294c07c93657ed2/execute/sync'
19:59:02.804 [AsyncHttpClient-1-2] DEBUG o.a.netty.handler.HttpHandler - 

Request DefaultHttpRequest(decodeResult: success, version: HTTP/1.1)
POST /wd/hub/session/30001ab78242fb900294c07c93657ed2/execute/sync HTTP/1.1
User-Agent: selenium/4.9.1 (java windows)
Content-Length: 48845
Content-Type: application/json; charset=utf-8
host: localhost:4444
accept: */*

Response DefaultHttpResponse(decodeResult: success, version: HTTP/1.1)
HTTP/1.1 200 OK
content-length: 14
content-type: application/json; charset=utf-8
cache-control: no-cache

19:59:02.805 [AsyncHttpClient-1-2] DEBUG o.a.netty.channel.ChannelManager - Adding key: http://localhost:4444 for channel [id: 0x602a4ff4, L:/127.0.0.1:65154 - R:localhost/127.0.0.1:4444]
19:59:02.808 [Forwarding findElement on session 30001ab78242fb900294c07c93657ed2 to remote] DEBUG o.a.netty.request.NettyRequestSender - Using pooled Channel '[id: 0x602a4ff4, L:/127.0.0.1:65154 - R:localhost/127.0.0.1:4444]' for 'POST' to 'http://localhost:4444/wd/hub/session/30001ab78242fb900294c07c93657ed2/element'
19:59:02.808 [Forwarding findElement on session 30001ab78242fb900294c07c93657ed2 to remote] DEBUG o.a.netty.request.NettyRequestSender - Using open Channel [id: 0x602a4ff4, L:/127.0.0.1:65154 - R:localhost/127.0.0.1:4444] for POST '/wd/hub/session/30001ab78242fb900294c07c93657ed2/element'
19:59:02.835 [AsyncHttpClient-1-2] DEBUG o.a.netty.handler.HttpHandler - 

Request DefaultHttpRequest(decodeResult: success, version: HTTP/1.1)
POST /wd/hub/session/30001ab78242fb900294c07c93657ed2/element HTTP/1.1
User-Agent: selenium/4.9.1 (java windows)
Content-Length: 105
Content-Type: application/json; charset=utf-8
host: localhost:4444
accept: */*

Response DefaultHttpResponse(decodeResult: success, version: HTTP/1.1)
HTTP/1.1 200 OK
content-length: 126
content-type: application/json; charset=utf-8
cache-control: no-cache

19:59:02.835 [AsyncHttpClient-1-2] DEBUG o.a.netty.channel.ChannelManager - Adding key: http://localhost:4444 for channel [id: 0x602a4ff4, L:/127.0.0.1:65154 - R:localhost/127.0.0.1:4444]
19:59:02.840 [Forwarding isElementDisplayed on session 30001ab78242fb900294c07c93657ed2 to remote] DEBUG o.a.netty.request.NettyRequestSender - Using pooled Channel '[id: 0x602a4ff4, L:/127.0.0.1:65154 - R:localhost/127.0.0.1:4444]' for 'POST' to 'http://localhost:4444/wd/hub/session/30001ab78242fb900294c07c93657ed2/execute/sync'
19:59:02.840 [Forwarding isElementDisplayed on session 30001ab78242fb900294c07c93657ed2 to remote] DEBUG o.a.netty.request.NettyRequestSender - Using open Channel [id: 0x602a4ff4, L:/127.0.0.1:65154 - R:localhost/127.0.0.1:4444] for POST '/wd/hub/session/30001ab78242fb900294c07c93657ed2/execute/sync'
19:59:02.865 [AsyncHttpClient-1-2] DEBUG o.a.netty.handler.HttpHandler - 

Request DefaultHttpRequest(decodeResult: success, version: HTTP/1.1)
POST /wd/hub/session/30001ab78242fb900294c07c93657ed2/execute/sync HTTP/1.1
User-Agent: selenium/4.9.1 (java windows)
Content-Length: 48845
Content-Type: application/json; charset=utf-8
host: localhost:4444
accept: */*

Response DefaultHttpResponse(decodeResult: success, version: HTTP/1.1)
HTTP/1.1 200 OK
content-length: 14
content-type: application/json; charset=utf-8
cache-control: no-cache

19:59:02.865 [AsyncHttpClient-1-2] DEBUG o.a.netty.channel.ChannelManager - Adding key: http://localhost:4444 for channel [id: 0x602a4ff4, L:/127.0.0.1:65154 - R:localhost/127.0.0.1:4444]
19:59:02.867 [Forwarding isElementEnabled on session 30001ab78242fb900294c07c93657ed2 to remote] DEBUG o.a.netty.request.NettyRequestSender - Using pooled Channel '[id: 0x602a4ff4, L:/127.0.0.1:65154 - R:localhost/127.0.0.1:4444]' for 'GET' to 'http://localhost:4444/wd/hub/session/30001ab78242fb900294c07c93657ed2/element/f.D6D752E85A031151A306B110D8DCF949.d.EA60173A7A52CABD9FF5E50574EF45AC.e.15/enabled'
19:59:02.867 [Forwarding isElementEnabled on session 30001ab78242fb900294c07c93657ed2 to remote] DEBUG o.a.netty.request.NettyRequestSender - Using open Channel [id: 0x602a4ff4, L:/127.0.0.1:65154 - R:localhost/127.0.0.1:4444] for GET '/wd/hub/session/30001ab78242fb900294c07c93657ed2/element/f.D6D752E85A031151A306B110D8DCF949.d.EA60173A7A52CABD9FF5E50574EF45AC.e.15/enabled'
19:59:02.891 [AsyncHttpClient-1-2] DEBUG o.a.netty.handler.HttpHandler - 

Request DefaultFullHttpRequest(decodeResult: success, version: HTTP/1.1, content: EmptyByteBufBE)
GET /wd/hub/session/30001ab78242fb900294c07c93657ed2/element/f.D6D752E85A031151A306B110D8DCF949.d.EA60173A7A52CABD9FF5E50574EF45AC.e.15/enabled HTTP/1.1
Cache-Control: no-cache
User-Agent: selenium/4.9.1 (java windows)
Content-Type: application/json; charset=utf-8
host: localhost:4444
accept: */*

Response DefaultHttpResponse(decodeResult: success, version: HTTP/1.1)
HTTP/1.1 200 OK
content-length: 14
content-type: application/json; charset=utf-8
cache-control: no-cache

19:59:02.891 [AsyncHttpClient-1-2] DEBUG o.a.netty.channel.ChannelManager - Adding key: http://localhost:4444 for channel [id: 0x602a4ff4, L:/127.0.0.1:65154 - R:localhost/127.0.0.1:4444]
19:59:02.894 [Forwarding clickElement on session 30001ab78242fb900294c07c93657ed2 to remote] DEBUG o.a.netty.request.NettyRequestSender - Using pooled Channel '[id: 0x602a4ff4, L:/127.0.0.1:65154 - R:localhost/127.0.0.1:4444]' for 'POST' to 'http://localhost:4444/wd/hub/session/30001ab78242fb900294c07c93657ed2/element/f.D6D752E85A031151A306B110D8DCF949.d.EA60173A7A52CABD9FF5E50574EF45AC.e.15/click'
19:59:02.894 [Forwarding clickElement on session 30001ab78242fb900294c07c93657ed2 to remote] DEBUG o.a.netty.request.NettyRequestSender - Using open Channel [id: 0x602a4ff4, L:/127.0.0.1:65154 - R:localhost/127.0.0.1:4444] for POST '/wd/hub/session/30001ab78242fb900294c07c93657ed2/element/f.D6D752E85A031151A306B110D8DCF949.d.EA60173A7A52CABD9FF5E50574EF45AC.e.15/click'
19:59:02.984 [AsyncHttpClient-1-2] DEBUG o.a.netty.handler.HttpHandler - 

Request DefaultHttpRequest(decodeResult: success, version: HTTP/1.1)
POST /wd/hub/session/30001ab78242fb900294c07c93657ed2/element/f.D6D752E85A031151A306B110D8DCF949.d.EA60173A7A52CABD9FF5E50574EF45AC.e.15/click HTTP/1.1
User-Agent: selenium/4.9.1 (java windows)
Content-Length: 88
Content-Type: application/json; charset=utf-8
host: localhost:4444
accept: */*

Response DefaultHttpResponse(decodeResult: success, version: HTTP/1.1)
HTTP/1.1 200 OK
content-length: 14
content-type: application/json; charset=utf-8
cache-control: no-cache

19:59:02.984 [AsyncHttpClient-1-2] DEBUG o.a.netty.channel.ChannelManager - Adding key: http://localhost:4444 for channel [id: 0x602a4ff4, L:/127.0.0.1:65154 - R:localhost/127.0.0.1:4444]
19:59:02.986 [Forwarding findElement on session 30001ab78242fb900294c07c93657ed2 to remote] DEBUG o.a.netty.request.NettyRequestSender - Using pooled Channel '[id: 0x602a4ff4, L:/127.0.0.1:65154 - R:localhost/127.0.0.1:4444]' for 'POST' to 'http://localhost:4444/wd/hub/session/30001ab78242fb900294c07c93657ed2/element'
19:59:02.987 [Forwarding findElement on session 30001ab78242fb900294c07c93657ed2 to remote] DEBUG o.a.netty.request.NettyRequestSender - Using open Channel [id: 0x602a4ff4, L:/127.0.0.1:65154 - R:localhost/127.0.0.1:4444] for POST '/wd/hub/session/30001ab78242fb900294c07c93657ed2/element'
19:59:03.019 [AsyncHttpClient-1-2] DEBUG o.a.netty.handler.HttpHandler - 

Request DefaultHttpRequest(decodeResult: success, version: HTTP/1.1)
POST /wd/hub/session/30001ab78242fb900294c07c93657ed2/element HTTP/1.1
User-Agent: selenium/4.9.1 (java windows)
Content-Length: 92
Content-Type: application/json; charset=utf-8
host: localhost:4444
accept: */*

Response DefaultHttpResponse(decodeResult: success, version: HTTP/1.1)
HTTP/1.1 200 OK
content-length: 126
content-type: application/json; charset=utf-8
cache-control: no-cache

19:59:03.019 [AsyncHttpClient-1-2] DEBUG o.a.netty.channel.ChannelManager - Adding key: http://localhost:4444 for channel [id: 0x602a4ff4, L:/127.0.0.1:65154 - R:localhost/127.0.0.1:4444]
19:59:03.025 [Forwarding isElementDisplayed on session 30001ab78242fb900294c07c93657ed2 to remote] DEBUG o.a.netty.request.NettyRequestSender - Using pooled Channel '[id: 0x602a4ff4, L:/127.0.0.1:65154 - R:localhost/127.0.0.1:4444]' for 'POST' to 'http://localhost:4444/wd/hub/session/30001ab78242fb900294c07c93657ed2/execute/sync'
19:59:03.025 [Forwarding isElementDisplayed on session 30001ab78242fb900294c07c93657ed2 to remote] DEBUG o.a.netty.request.NettyRequestSender - Using open Channel [id: 0x602a4ff4, L:/127.0.0.1:65154 - R:localhost/127.0.0.1:4444] for POST '/wd/hub/session/30001ab78242fb900294c07c93657ed2/execute/sync'
19:59:03.064 [AsyncHttpClient-1-2] DEBUG o.a.netty.handler.HttpHandler - 

Request DefaultHttpRequest(decodeResult: success, version: HTTP/1.1)
POST /wd/hub/session/30001ab78242fb900294c07c93657ed2/execute/sync HTTP/1.1
User-Agent: selenium/4.9.1 (java windows)
Content-Length: 48845
Content-Type: application/json; charset=utf-8
host: localhost:4444
accept: */*

Response DefaultHttpResponse(decodeResult: success, version: HTTP/1.1)
HTTP/1.1 200 OK
content-length: 14
content-type: application/json; charset=utf-8
cache-control: no-cache

19:59:03.064 [AsyncHttpClient-1-2] DEBUG o.a.netty.channel.ChannelManager - Adding key: http://localhost:4444 for channel [id: 0x602a4ff4, L:/127.0.0.1:65154 - R:localhost/127.0.0.1:4444]
19:59:03.066 [Forwarding findElement on session 30001ab78242fb900294c07c93657ed2 to remote] DEBUG o.a.netty.request.NettyRequestSender - Using pooled Channel '[id: 0x602a4ff4, L:/127.0.0.1:65154 - R:localhost/127.0.0.1:4444]' for 'POST' to 'http://localhost:4444/wd/hub/session/30001ab78242fb900294c07c93657ed2/element'
19:59:03.066 [Forwarding findElement on session 30001ab78242fb900294c07c93657ed2 to remote] DEBUG o.a.netty.request.NettyRequestSender - Using open Channel [id: 0x602a4ff4, L:/127.0.0.1:65154 - R:localhost/127.0.0.1:4444] for POST '/wd/hub/session/30001ab78242fb900294c07c93657ed2/element'
19:59:03.086 [AsyncHttpClient-1-2] DEBUG o.a.netty.handler.HttpHandler - 

Request DefaultHttpRequest(decodeResult: success, version: HTTP/1.1)
POST /wd/hub/session/30001ab78242fb900294c07c93657ed2/element HTTP/1.1
User-Agent: selenium/4.9.1 (java windows)
Content-Length: 92
Content-Type: application/json; charset=utf-8
host: localhost:4444
accept: */*

Response DefaultHttpResponse(decodeResult: success, version: HTTP/1.1)
HTTP/1.1 200 OK
content-length: 126
content-type: application/json; charset=utf-8
cache-control: no-cache

19:59:03.087 [AsyncHttpClient-1-2] DEBUG o.a.netty.channel.ChannelManager - Adding key: http://localhost:4444 for channel [id: 0x602a4ff4, L:/127.0.0.1:65154 - R:localhost/127.0.0.1:4444]
19:59:03.092 [Forwarding isElementDisplayed on session 30001ab78242fb900294c07c93657ed2 to remote] DEBUG o.a.netty.request.NettyRequestSender - Using pooled Channel '[id: 0x602a4ff4, L:/127.0.0.1:65154 - R:localhost/127.0.0.1:4444]' for 'POST' to 'http://localhost:4444/wd/hub/session/30001ab78242fb900294c07c93657ed2/execute/sync'
19:59:03.093 [Forwarding isElementDisplayed on session 30001ab78242fb900294c07c93657ed2 to remote] DEBUG o.a.netty.request.NettyRequestSender - Using open Channel [id: 0x602a4ff4, L:/127.0.0.1:65154 - R:localhost/127.0.0.1:4444] for POST '/wd/hub/session/30001ab78242fb900294c07c93657ed2/execute/sync'
19:59:03.118 [AsyncHttpClient-1-2] DEBUG o.a.netty.handler.HttpHandler - 

Request DefaultHttpRequest(decodeResult: success, version: HTTP/1.1)
POST /wd/hub/session/30001ab78242fb900294c07c93657ed2/execute/sync HTTP/1.1
User-Agent: selenium/4.9.1 (java windows)
Content-Length: 48845
Content-Type: application/json; charset=utf-8
host: localhost:4444
accept: */*

Response DefaultHttpResponse(decodeResult: success, version: HTTP/1.1)
HTTP/1.1 200 OK
content-length: 14
content-type: application/json; charset=utf-8
cache-control: no-cache

19:59:03.118 [AsyncHttpClient-1-2] DEBUG o.a.netty.channel.ChannelManager - Adding key: http://localhost:4444 for channel [id: 0x602a4ff4, L:/127.0.0.1:65154 - R:localhost/127.0.0.1:4444]
19:59:03.119 [Forwarding isElementEnabled on session 30001ab78242fb900294c07c93657ed2 to remote] DEBUG o.a.netty.request.NettyRequestSender - Using pooled Channel '[id: 0x602a4ff4, L:/127.0.0.1:65154 - R:localhost/127.0.0.1:4444]' for 'GET' to 'http://localhost:4444/wd/hub/session/30001ab78242fb900294c07c93657ed2/element/f.D6D752E85A031151A306B110D8DCF949.d.EA60173A7A52CABD9FF5E50574EF45AC.e.16/enabled'
19:59:03.120 [Forwarding isElementEnabled on session 30001ab78242fb900294c07c93657ed2 to remote] DEBUG o.a.netty.request.NettyRequestSender - Using open Channel [id: 0x602a4ff4, L:/127.0.0.1:65154 - R:localhost/127.0.0.1:4444] for GET '/wd/hub/session/30001ab78242fb900294c07c93657ed2/element/f.D6D752E85A031151A306B110D8DCF949.d.EA60173A7A52CABD9FF5E50574EF45AC.e.16/enabled'
19:59:03.144 [AsyncHttpClient-1-2] DEBUG o.a.netty.handler.HttpHandler - 

Request DefaultFullHttpRequest(decodeResult: success, version: HTTP/1.1, content: EmptyByteBufBE)
GET /wd/hub/session/30001ab78242fb900294c07c93657ed2/element/f.D6D752E85A031151A306B110D8DCF949.d.EA60173A7A52CABD9FF5E50574EF45AC.e.16/enabled HTTP/1.1
Cache-Control: no-cache
User-Agent: selenium/4.9.1 (java windows)
Content-Type: application/json; charset=utf-8
host: localhost:4444
accept: */*

Response DefaultHttpResponse(decodeResult: success, version: HTTP/1.1)
HTTP/1.1 200 OK
content-length: 14
content-type: application/json; charset=utf-8
cache-control: no-cache

19:59:03.145 [AsyncHttpClient-1-2] DEBUG o.a.netty.channel.ChannelManager - Adding key: http://localhost:4444 for channel [id: 0x602a4ff4, L:/127.0.0.1:65154 - R:localhost/127.0.0.1:4444]
19:59:03.147 [Forwarding clickElement on session 30001ab78242fb900294c07c93657ed2 to remote] DEBUG o.a.netty.request.NettyRequestSender - Using pooled Channel '[id: 0x602a4ff4, L:/127.0.0.1:65154 - R:localhost/127.0.0.1:4444]' for 'POST' to 'http://localhost:4444/wd/hub/session/30001ab78242fb900294c07c93657ed2/element/f.D6D752E85A031151A306B110D8DCF949.d.EA60173A7A52CABD9FF5E50574EF45AC.e.16/click'
19:59:03.148 [Forwarding clickElement on session 30001ab78242fb900294c07c93657ed2 to remote] DEBUG o.a.netty.request.NettyRequestSender - Using open Channel [id: 0x602a4ff4, L:/127.0.0.1:65154 - R:localhost/127.0.0.1:4444] for POST '/wd/hub/session/30001ab78242fb900294c07c93657ed2/element/f.D6D752E85A031151A306B110D8DCF949.d.EA60173A7A52CABD9FF5E50574EF45AC.e.16/click'
19:59:03.256 [AsyncHttpClient-1-2] DEBUG o.a.netty.handler.HttpHandler - 

Request DefaultHttpRequest(decodeResult: success, version: HTTP/1.1)
POST /wd/hub/session/30001ab78242fb900294c07c93657ed2/element/f.D6D752E85A031151A306B110D8DCF949.d.EA60173A7A52CABD9FF5E50574EF45AC.e.16/click HTTP/1.1
User-Agent: selenium/4.9.1 (java windows)
Content-Length: 88
Content-Type: application/json; charset=utf-8
host: localhost:4444
accept: */*

Response DefaultHttpResponse(decodeResult: success, version: HTTP/1.1)
HTTP/1.1 200 OK
content-length: 14
content-type: application/json; charset=utf-8
cache-control: no-cache

19:59:03.257 [AsyncHttpClient-1-2] DEBUG o.a.netty.channel.ChannelManager - Adding key: http://localhost:4444 for channel [id: 0x602a4ff4, L:/127.0.0.1:65154 - R:localhost/127.0.0.1:4444]
19:59:03.258 [Forwarding findElement on session 30001ab78242fb900294c07c93657ed2 to remote] DEBUG o.a.netty.request.NettyRequestSender - Using pooled Channel '[id: 0x602a4ff4, L:/127.0.0.1:65154 - R:localhost/127.0.0.1:4444]' for 'POST' to 'http://localhost:4444/wd/hub/session/30001ab78242fb900294c07c93657ed2/element'
19:59:03.258 [Forwarding findElement on session 30001ab78242fb900294c07c93657ed2 to remote] DEBUG o.a.netty.request.NettyRequestSender - Using open Channel [id: 0x602a4ff4, L:/127.0.0.1:65154 - R:localhost/127.0.0.1:4444] for POST '/wd/hub/session/30001ab78242fb900294c07c93657ed2/element'
19:59:03.277 [AsyncHttpClient-1-2] DEBUG o.a.netty.handler.HttpHandler - 

Request DefaultHttpRequest(decodeResult: success, version: HTTP/1.1)
POST /wd/hub/session/30001ab78242fb900294c07c93657ed2/element HTTP/1.1
User-Agent: selenium/4.9.1 (java windows)
Content-Length: 122
Content-Type: application/json; charset=utf-8
host: localhost:4444
accept: */*

Response DefaultHttpResponse(decodeResult: success, version: HTTP/1.1)
HTTP/1.1 200 OK
content-length: 126
content-type: application/json; charset=utf-8
cache-control: no-cache

19:59:03.277 [AsyncHttpClient-1-2] DEBUG o.a.netty.channel.ChannelManager - Adding key: http://localhost:4444 for channel [id: 0x602a4ff4, L:/127.0.0.1:65154 - R:localhost/127.0.0.1:4444]
19:59:03.280 [Forwarding isElementDisplayed on session 30001ab78242fb900294c07c93657ed2 to remote] DEBUG o.a.netty.request.NettyRequestSender - Using pooled Channel '[id: 0x602a4ff4, L:/127.0.0.1:65154 - R:localhost/127.0.0.1:4444]' for 'POST' to 'http://localhost:4444/wd/hub/session/30001ab78242fb900294c07c93657ed2/execute/sync'
19:59:03.280 [Forwarding isElementDisplayed on session 30001ab78242fb900294c07c93657ed2 to remote] DEBUG o.a.netty.request.NettyRequestSender - Using open Channel [id: 0x602a4ff4, L:/127.0.0.1:65154 - R:localhost/127.0.0.1:4444] for POST '/wd/hub/session/30001ab78242fb900294c07c93657ed2/execute/sync'
19:59:03.323 [AsyncHttpClient-1-2] DEBUG o.a.netty.handler.HttpHandler - 

Request DefaultHttpRequest(decodeResult: success, version: HTTP/1.1)
POST /wd/hub/session/30001ab78242fb900294c07c93657ed2/execute/sync HTTP/1.1
User-Agent: selenium/4.9.1 (java windows)
Content-Length: 48845
Content-Type: application/json; charset=utf-8
host: localhost:4444
accept: */*

Response DefaultHttpResponse(decodeResult: success, version: HTTP/1.1)
HTTP/1.1 200 OK
content-length: 14
content-type: application/json; charset=utf-8
cache-control: no-cache

19:59:03.323 [AsyncHttpClient-1-2] DEBUG o.a.netty.channel.ChannelManager - Adding key: http://localhost:4444 for channel [id: 0x602a4ff4, L:/127.0.0.1:65154 - R:localhost/127.0.0.1:4444]
19:59:03.325 [Forwarding findElement on session 30001ab78242fb900294c07c93657ed2 to remote] DEBUG o.a.netty.request.NettyRequestSender - Using pooled Channel '[id: 0x602a4ff4, L:/127.0.0.1:65154 - R:localhost/127.0.0.1:4444]' for 'POST' to 'http://localhost:4444/wd/hub/session/30001ab78242fb900294c07c93657ed2/element'
19:59:03.325 [Forwarding findElement on session 30001ab78242fb900294c07c93657ed2 to remote] DEBUG o.a.netty.request.NettyRequestSender - Using open Channel [id: 0x602a4ff4, L:/127.0.0.1:65154 - R:localhost/127.0.0.1:4444] for POST '/wd/hub/session/30001ab78242fb900294c07c93657ed2/element'
19:59:03.348 [AsyncHttpClient-1-2] DEBUG o.a.netty.handler.HttpHandler - 

Request DefaultHttpRequest(decodeResult: success, version: HTTP/1.1)
POST /wd/hub/session/30001ab78242fb900294c07c93657ed2/element HTTP/1.1
User-Agent: selenium/4.9.1 (java windows)
Content-Length: 102
Content-Type: application/json; charset=utf-8
host: localhost:4444
accept: */*

Response DefaultHttpResponse(decodeResult: success, version: HTTP/1.1)
HTTP/1.1 200 OK
content-length: 126
content-type: application/json; charset=utf-8
cache-control: no-cache

19:59:03.348 [AsyncHttpClient-1-2] DEBUG o.a.netty.channel.ChannelManager - Adding key: http://localhost:4444 for channel [id: 0x602a4ff4, L:/127.0.0.1:65154 - R:localhost/127.0.0.1:4444]
19:59:03.352 [Forwarding isElementDisplayed on session 30001ab78242fb900294c07c93657ed2 to remote] DEBUG o.a.netty.request.NettyRequestSender - Using pooled Channel '[id: 0x602a4ff4, L:/127.0.0.1:65154 - R:localhost/127.0.0.1:4444]' for 'POST' to 'http://localhost:4444/wd/hub/session/30001ab78242fb900294c07c93657ed2/execute/sync'
19:59:03.352 [Forwarding isElementDisplayed on session 30001ab78242fb900294c07c93657ed2 to remote] DEBUG o.a.netty.request.NettyRequestSender - Using open Channel [id: 0x602a4ff4, L:/127.0.0.1:65154 - R:localhost/127.0.0.1:4444] for POST '/wd/hub/session/30001ab78242fb900294c07c93657ed2/execute/sync'
19:59:03.379 [AsyncHttpClient-1-2] DEBUG o.a.netty.handler.HttpHandler - 

Request DefaultHttpRequest(decodeResult: success, version: HTTP/1.1)
POST /wd/hub/session/30001ab78242fb900294c07c93657ed2/execute/sync HTTP/1.1
User-Agent: selenium/4.9.1 (java windows)
Content-Length: 48845
Content-Type: application/json; charset=utf-8
host: localhost:4444
accept: */*

Response DefaultHttpResponse(decodeResult: success, version: HTTP/1.1)
HTTP/1.1 200 OK
content-length: 14
content-type: application/json; charset=utf-8
cache-control: no-cache

19:59:03.379 [AsyncHttpClient-1-2] DEBUG o.a.netty.channel.ChannelManager - Adding key: http://localhost:4444 for channel [id: 0x602a4ff4, L:/127.0.0.1:65154 - R:localhost/127.0.0.1:4444]
19:59:03.381 [Forwarding isElementEnabled on session 30001ab78242fb900294c07c93657ed2 to remote] DEBUG o.a.netty.request.NettyRequestSender - Using pooled Channel '[id: 0x602a4ff4, L:/127.0.0.1:65154 - R:localhost/127.0.0.1:4444]' for 'GET' to 'http://localhost:4444/wd/hub/session/30001ab78242fb900294c07c93657ed2/element/f.D6D752E85A031151A306B110D8DCF949.d.EA60173A7A52CABD9FF5E50574EF45AC.e.85/enabled'
19:59:03.381 [Forwarding isElementEnabled on session 30001ab78242fb900294c07c93657ed2 to remote] DEBUG o.a.netty.request.NettyRequestSender - Using open Channel [id: 0x602a4ff4, L:/127.0.0.1:65154 - R:localhost/127.0.0.1:4444] for GET '/wd/hub/session/30001ab78242fb900294c07c93657ed2/element/f.D6D752E85A031151A306B110D8DCF949.d.EA60173A7A52CABD9FF5E50574EF45AC.e.85/enabled'
19:59:03.408 [AsyncHttpClient-1-2] DEBUG o.a.netty.handler.HttpHandler - 

Request DefaultFullHttpRequest(decodeResult: success, version: HTTP/1.1, content: EmptyByteBufBE)
GET /wd/hub/session/30001ab78242fb900294c07c93657ed2/element/f.D6D752E85A031151A306B110D8DCF949.d.EA60173A7A52CABD9FF5E50574EF45AC.e.85/enabled HTTP/1.1
Cache-Control: no-cache
User-Agent: selenium/4.9.1 (java windows)
Content-Type: application/json; charset=utf-8
host: localhost:4444
accept: */*

Response DefaultHttpResponse(decodeResult: success, version: HTTP/1.1)
HTTP/1.1 200 OK
content-length: 14
content-type: application/json; charset=utf-8
cache-control: no-cache

19:59:03.408 [AsyncHttpClient-1-2] DEBUG o.a.netty.channel.ChannelManager - Adding key: http://localhost:4444 for channel [id: 0x602a4ff4, L:/127.0.0.1:65154 - R:localhost/127.0.0.1:4444]
19:59:03.410 [Forwarding clickElement on session 30001ab78242fb900294c07c93657ed2 to remote] DEBUG o.a.netty.request.NettyRequestSender - Using pooled Channel '[id: 0x602a4ff4, L:/127.0.0.1:65154 - R:localhost/127.0.0.1:4444]' for 'POST' to 'http://localhost:4444/wd/hub/session/30001ab78242fb900294c07c93657ed2/element/f.D6D752E85A031151A306B110D8DCF949.d.EA60173A7A52CABD9FF5E50574EF45AC.e.85/click'
19:59:03.410 [Forwarding clickElement on session 30001ab78242fb900294c07c93657ed2 to remote] DEBUG o.a.netty.request.NettyRequestSender - Using open Channel [id: 0x602a4ff4, L:/127.0.0.1:65154 - R:localhost/127.0.0.1:4444] for POST '/wd/hub/session/30001ab78242fb900294c07c93657ed2/element/f.D6D752E85A031151A306B110D8DCF949.d.EA60173A7A52CABD9FF5E50574EF45AC.e.85/click'
19:59:03.541 [AsyncHttpClient-1-2] DEBUG o.a.netty.handler.HttpHandler - 

Request DefaultHttpRequest(decodeResult: success, version: HTTP/1.1)
POST /wd/hub/session/30001ab78242fb900294c07c93657ed2/element/f.D6D752E85A031151A306B110D8DCF949.d.EA60173A7A52CABD9FF5E50574EF45AC.e.85/click HTTP/1.1
User-Agent: selenium/4.9.1 (java windows)
Content-Length: 88
Content-Type: application/json; charset=utf-8
host: localhost:4444
accept: */*

Response DefaultHttpResponse(decodeResult: success, version: HTTP/1.1)
HTTP/1.1 200 OK
content-length: 14
content-type: application/json; charset=utf-8
cache-control: no-cache

19:59:03.542 [AsyncHttpClient-1-2] DEBUG o.a.netty.channel.ChannelManager - Adding key: http://localhost:4444 for channel [id: 0x602a4ff4, L:/127.0.0.1:65154 - R:localhost/127.0.0.1:4444]
19:59:03.544 [Forwarding findElement on session 30001ab78242fb900294c07c93657ed2 to remote] DEBUG o.a.netty.request.NettyRequestSender - Using pooled Channel '[id: 0x602a4ff4, L:/127.0.0.1:65154 - R:localhost/127.0.0.1:4444]' for 'POST' to 'http://localhost:4444/wd/hub/session/30001ab78242fb900294c07c93657ed2/element'
19:59:03.544 [Forwarding findElement on session 30001ab78242fb900294c07c93657ed2 to remote] DEBUG o.a.netty.request.NettyRequestSender - Using open Channel [id: 0x602a4ff4, L:/127.0.0.1:65154 - R:localhost/127.0.0.1:4444] for POST '/wd/hub/session/30001ab78242fb900294c07c93657ed2/element'
19:59:03.569 [AsyncHttpClient-1-2] DEBUG o.a.netty.handler.HttpHandler - 

Request DefaultHttpRequest(decodeResult: success, version: HTTP/1.1)
POST /wd/hub/session/30001ab78242fb900294c07c93657ed2/element HTTP/1.1
User-Agent: selenium/4.9.1 (java windows)
Content-Length: 116
Content-Type: application/json; charset=utf-8
host: localhost:4444
accept: */*

Response DefaultHttpResponse(decodeResult: success, version: HTTP/1.1)
HTTP/1.1 200 OK
content-length: 126
content-type: application/json; charset=utf-8
cache-control: no-cache

19:59:03.570 [AsyncHttpClient-1-2] DEBUG o.a.netty.channel.ChannelManager - Adding key: http://localhost:4444 for channel [id: 0x602a4ff4, L:/127.0.0.1:65154 - R:localhost/127.0.0.1:4444]
19:59:03.574 [Forwarding isElementDisplayed on session 30001ab78242fb900294c07c93657ed2 to remote] DEBUG o.a.netty.request.NettyRequestSender - Using pooled Channel '[id: 0x602a4ff4, L:/127.0.0.1:65154 - R:localhost/127.0.0.1:4444]' for 'POST' to 'http://localhost:4444/wd/hub/session/30001ab78242fb900294c07c93657ed2/execute/sync'
19:59:03.575 [Forwarding isElementDisplayed on session 30001ab78242fb900294c07c93657ed2 to remote] DEBUG o.a.netty.request.NettyRequestSender - Using open Channel [id: 0x602a4ff4, L:/127.0.0.1:65154 - R:localhost/127.0.0.1:4444] for POST '/wd/hub/session/30001ab78242fb900294c07c93657ed2/execute/sync'
19:59:03.614 [AsyncHttpClient-1-2] DEBUG o.a.netty.handler.HttpHandler - 

Request DefaultHttpRequest(decodeResult: success, version: HTTP/1.1)
POST /wd/hub/session/30001ab78242fb900294c07c93657ed2/execute/sync HTTP/1.1
User-Agent: selenium/4.9.1 (java windows)
Content-Length: 48845
Content-Type: application/json; charset=utf-8
host: localhost:4444
accept: */*

Response DefaultHttpResponse(decodeResult: success, version: HTTP/1.1)
HTTP/1.1 200 OK
content-length: 14
content-type: application/json; charset=utf-8
cache-control: no-cache

19:59:03.615 [AsyncHttpClient-1-2] DEBUG o.a.netty.channel.ChannelManager - Adding key: http://localhost:4444 for channel [id: 0x602a4ff4, L:/127.0.0.1:65154 - R:localhost/127.0.0.1:4444]
19:59:03.618 [Forwarding isElementEnabled on session 30001ab78242fb900294c07c93657ed2 to remote] DEBUG o.a.netty.request.NettyRequestSender - Using pooled Channel '[id: 0x602a4ff4, L:/127.0.0.1:65154 - R:localhost/127.0.0.1:4444]' for 'GET' to 'http://localhost:4444/wd/hub/session/30001ab78242fb900294c07c93657ed2/element/f.D6D752E85A031151A306B110D8DCF949.d.EA60173A7A52CABD9FF5E50574EF45AC.e.87/enabled'
19:59:03.618 [Forwarding isElementEnabled on session 30001ab78242fb900294c07c93657ed2 to remote] DEBUG o.a.netty.request.NettyRequestSender - Using open Channel [id: 0x602a4ff4, L:/127.0.0.1:65154 - R:localhost/127.0.0.1:4444] for GET '/wd/hub/session/30001ab78242fb900294c07c93657ed2/element/f.D6D752E85A031151A306B110D8DCF949.d.EA60173A7A52CABD9FF5E50574EF45AC.e.87/enabled'
19:59:03.678 [AsyncHttpClient-1-2] DEBUG o.a.netty.handler.HttpHandler - 

Request DefaultFullHttpRequest(decodeResult: success, version: HTTP/1.1, content: EmptyByteBufBE)
GET /wd/hub/session/30001ab78242fb900294c07c93657ed2/element/f.D6D752E85A031151A306B110D8DCF949.d.EA60173A7A52CABD9FF5E50574EF45AC.e.87/enabled HTTP/1.1
Cache-Control: no-cache
User-Agent: selenium/4.9.1 (java windows)
Content-Type: application/json; charset=utf-8
host: localhost:4444
accept: */*

Response DefaultHttpResponse(decodeResult: success, version: HTTP/1.1)
HTTP/1.1 200 OK
content-length: 14
content-type: application/json; charset=utf-8
cache-control: no-cache

19:59:03.679 [AsyncHttpClient-1-2] DEBUG o.a.netty.channel.ChannelManager - Adding key: http://localhost:4444 for channel [id: 0x602a4ff4, L:/127.0.0.1:65154 - R:localhost/127.0.0.1:4444]
19:59:03.684 [Forwarding clickElement on session 30001ab78242fb900294c07c93657ed2 to remote] DEBUG o.a.netty.request.NettyRequestSender - Using pooled Channel '[id: 0x602a4ff4, L:/127.0.0.1:65154 - R:localhost/127.0.0.1:4444]' for 'POST' to 'http://localhost:4444/wd/hub/session/30001ab78242fb900294c07c93657ed2/element/f.D6D752E85A031151A306B110D8DCF949.d.EA60173A7A52CABD9FF5E50574EF45AC.e.87/click'
19:59:03.684 [Forwarding clickElement on session 30001ab78242fb900294c07c93657ed2 to remote] DEBUG o.a.netty.request.NettyRequestSender - Using open Channel [id: 0x602a4ff4, L:/127.0.0.1:65154 - R:localhost/127.0.0.1:4444] for POST '/wd/hub/session/30001ab78242fb900294c07c93657ed2/element/f.D6D752E85A031151A306B110D8DCF949.d.EA60173A7A52CABD9FF5E50574EF45AC.e.87/click'
19:59:03.823 [AsyncHttpClient-1-2] DEBUG o.a.netty.handler.HttpHandler - 

Request DefaultHttpRequest(decodeResult: success, version: HTTP/1.1)
POST /wd/hub/session/30001ab78242fb900294c07c93657ed2/element/f.D6D752E85A031151A306B110D8DCF949.d.EA60173A7A52CABD9FF5E50574EF45AC.e.87/click HTTP/1.1
User-Agent: selenium/4.9.1 (java windows)
Content-Length: 88
Content-Type: application/json; charset=utf-8
host: localhost:4444
accept: */*

Response DefaultHttpResponse(decodeResult: success, version: HTTP/1.1)
HTTP/1.1 200 OK
content-length: 14
content-type: application/json; charset=utf-8
cache-control: no-cache

19:59:03.823 [AsyncHttpClient-1-2] DEBUG o.a.netty.channel.ChannelManager - Adding key: http://localhost:4444 for channel [id: 0x602a4ff4, L:/127.0.0.1:65154 - R:localhost/127.0.0.1:4444]
19:59:03.826 [Forwarding findElement on session 30001ab78242fb900294c07c93657ed2 to remote] DEBUG o.a.netty.request.NettyRequestSender - Using pooled Channel '[id: 0x602a4ff4, L:/127.0.0.1:65154 - R:localhost/127.0.0.1:4444]' for 'POST' to 'http://localhost:4444/wd/hub/session/30001ab78242fb900294c07c93657ed2/element'
19:59:03.827 [Forwarding findElement on session 30001ab78242fb900294c07c93657ed2 to remote] DEBUG o.a.netty.request.NettyRequestSender - Using open Channel [id: 0x602a4ff4, L:/127.0.0.1:65154 - R:localhost/127.0.0.1:4444] for POST '/wd/hub/session/30001ab78242fb900294c07c93657ed2/element'
19:59:03.867 [AsyncHttpClient-1-2] DEBUG o.a.netty.handler.HttpHandler - 

Request DefaultHttpRequest(decodeResult: success, version: HTTP/1.1)
POST /wd/hub/session/30001ab78242fb900294c07c93657ed2/element HTTP/1.1
User-Agent: selenium/4.9.1 (java windows)
Content-Length: 103
Content-Type: application/json; charset=utf-8
host: localhost:4444
accept: */*

Response DefaultHttpResponse(decodeResult: success, version: HTTP/1.1)
HTTP/1.1 200 OK
content-length: 126
content-type: application/json; charset=utf-8
cache-control: no-cache

19:59:03.868 [AsyncHttpClient-1-2] DEBUG o.a.netty.channel.ChannelManager - Adding key: http://localhost:4444 for channel [id: 0x602a4ff4, L:/127.0.0.1:65154 - R:localhost/127.0.0.1:4444]
19:59:03.874 [Forwarding isElementDisplayed on session 30001ab78242fb900294c07c93657ed2 to remote] DEBUG o.a.netty.request.NettyRequestSender - Using pooled Channel '[id: 0x602a4ff4, L:/127.0.0.1:65154 - R:localhost/127.0.0.1:4444]' for 'POST' to 'http://localhost:4444/wd/hub/session/30001ab78242fb900294c07c93657ed2/execute/sync'
19:59:03.874 [Forwarding isElementDisplayed on session 30001ab78242fb900294c07c93657ed2 to remote] DEBUG o.a.netty.request.NettyRequestSender - Using open Channel [id: 0x602a4ff4, L:/127.0.0.1:65154 - R:localhost/127.0.0.1:4444] for POST '/wd/hub/session/30001ab78242fb900294c07c93657ed2/execute/sync'
19:59:03.917 [AsyncHttpClient-1-2] DEBUG o.a.netty.handler.HttpHandler - 

Request DefaultHttpRequest(decodeResult: success, version: HTTP/1.1)
POST /wd/hub/session/30001ab78242fb900294c07c93657ed2/execute/sync HTTP/1.1
User-Agent: selenium/4.9.1 (java windows)
Content-Length: 48845
Content-Type: application/json; charset=utf-8
host: localhost:4444
accept: */*

Response DefaultHttpResponse(decodeResult: success, version: HTTP/1.1)
HTTP/1.1 200 OK
content-length: 14
content-type: application/json; charset=utf-8
cache-control: no-cache

19:59:03.918 [AsyncHttpClient-1-2] DEBUG o.a.netty.channel.ChannelManager - Adding key: http://localhost:4444 for channel [id: 0x602a4ff4, L:/127.0.0.1:65154 - R:localhost/127.0.0.1:4444]
19:59:03.920 [Forwarding isElementEnabled on session 30001ab78242fb900294c07c93657ed2 to remote] DEBUG o.a.netty.request.NettyRequestSender - Using pooled Channel '[id: 0x602a4ff4, L:/127.0.0.1:65154 - R:localhost/127.0.0.1:4444]' for 'GET' to 'http://localhost:4444/wd/hub/session/30001ab78242fb900294c07c93657ed2/element/f.D6D752E85A031151A306B110D8DCF949.d.EA60173A7A52CABD9FF5E50574EF45AC.e.91/enabled'
19:59:03.920 [Forwarding isElementEnabled on session 30001ab78242fb900294c07c93657ed2 to remote] DEBUG o.a.netty.request.NettyRequestSender - Using open Channel [id: 0x602a4ff4, L:/127.0.0.1:65154 - R:localhost/127.0.0.1:4444] for GET '/wd/hub/session/30001ab78242fb900294c07c93657ed2/element/f.D6D752E85A031151A306B110D8DCF949.d.EA60173A7A52CABD9FF5E50574EF45AC.e.91/enabled'
19:59:03.952 [AsyncHttpClient-1-2] DEBUG o.a.netty.handler.HttpHandler - 

Request DefaultFullHttpRequest(decodeResult: success, version: HTTP/1.1, content: EmptyByteBufBE)
GET /wd/hub/session/30001ab78242fb900294c07c93657ed2/element/f.D6D752E85A031151A306B110D8DCF949.d.EA60173A7A52CABD9FF5E50574EF45AC.e.91/enabled HTTP/1.1
Cache-Control: no-cache
User-Agent: selenium/4.9.1 (java windows)
Content-Type: application/json; charset=utf-8
host: localhost:4444
accept: */*

Response DefaultHttpResponse(decodeResult: success, version: HTTP/1.1)
HTTP/1.1 200 OK
content-length: 14
content-type: application/json; charset=utf-8
cache-control: no-cache

19:59:03.952 [AsyncHttpClient-1-2] DEBUG o.a.netty.channel.ChannelManager - Adding key: http://localhost:4444 for channel [id: 0x602a4ff4, L:/127.0.0.1:65154 - R:localhost/127.0.0.1:4444]
19:59:03.955 [Forwarding clickElement on session 30001ab78242fb900294c07c93657ed2 to remote] DEBUG o.a.netty.request.NettyRequestSender - Using pooled Channel '[id: 0x602a4ff4, L:/127.0.0.1:65154 - R:localhost/127.0.0.1:4444]' for 'POST' to 'http://localhost:4444/wd/hub/session/30001ab78242fb900294c07c93657ed2/element/f.D6D752E85A031151A306B110D8DCF949.d.EA60173A7A52CABD9FF5E50574EF45AC.e.91/click'
19:59:03.955 [Forwarding clickElement on session 30001ab78242fb900294c07c93657ed2 to remote] DEBUG o.a.netty.request.NettyRequestSender - Using open Channel [id: 0x602a4ff4, L:/127.0.0.1:65154 - R:localhost/127.0.0.1:4444] for POST '/wd/hub/session/30001ab78242fb900294c07c93657ed2/element/f.D6D752E85A031151A306B110D8DCF949.d.EA60173A7A52CABD9FF5E50574EF45AC.e.91/click'
19:59:04.094 [AsyncHttpClient-1-2] DEBUG o.a.netty.handler.HttpHandler - 

Request DefaultHttpRequest(decodeResult: success, version: HTTP/1.1)
POST /wd/hub/session/30001ab78242fb900294c07c93657ed2/element/f.D6D752E85A031151A306B110D8DCF949.d.EA60173A7A52CABD9FF5E50574EF45AC.e.91/click HTTP/1.1
User-Agent: selenium/4.9.1 (java windows)
Content-Length: 88
Content-Type: application/json; charset=utf-8
host: localhost:4444
accept: */*

Response DefaultHttpResponse(decodeResult: success, version: HTTP/1.1)
HTTP/1.1 200 OK
content-length: 14
content-type: application/json; charset=utf-8
cache-control: no-cache

19:59:04.094 [AsyncHttpClient-1-2] DEBUG o.a.netty.channel.ChannelManager - Adding key: http://localhost:4444 for channel [id: 0x602a4ff4, L:/127.0.0.1:65154 - R:localhost/127.0.0.1:4444]
19:59:04.096 [Forwarding findElement on session 30001ab78242fb900294c07c93657ed2 to remote] DEBUG o.a.netty.request.NettyRequestSender - Using pooled Channel '[id: 0x602a4ff4, L:/127.0.0.1:65154 - R:localhost/127.0.0.1:4444]' for 'POST' to 'http://localhost:4444/wd/hub/session/30001ab78242fb900294c07c93657ed2/element'
19:59:04.096 [Forwarding findElement on session 30001ab78242fb900294c07c93657ed2 to remote] DEBUG o.a.netty.request.NettyRequestSender - Using open Channel [id: 0x602a4ff4, L:/127.0.0.1:65154 - R:localhost/127.0.0.1:4444] for POST '/wd/hub/session/30001ab78242fb900294c07c93657ed2/element'
19:59:04.125 [AsyncHttpClient-1-2] DEBUG o.a.netty.handler.HttpHandler - 

Request DefaultHttpRequest(decodeResult: success, version: HTTP/1.1)
POST /wd/hub/session/30001ab78242fb900294c07c93657ed2/element HTTP/1.1
User-Agent: selenium/4.9.1 (java windows)
Content-Length: 106
Content-Type: application/json; charset=utf-8
host: localhost:4444
accept: */*

Response DefaultHttpResponse(decodeResult: success, version: HTTP/1.1)
HTTP/1.1 200 OK
content-length: 127
content-type: application/json; charset=utf-8
cache-control: no-cache

19:59:04.126 [AsyncHttpClient-1-2] DEBUG o.a.netty.channel.ChannelManager - Adding key: http://localhost:4444 for channel [id: 0x602a4ff4, L:/127.0.0.1:65154 - R:localhost/127.0.0.1:4444]
19:59:04.131 [Forwarding isElementDisplayed on session 30001ab78242fb900294c07c93657ed2 to remote] DEBUG o.a.netty.request.NettyRequestSender - Using pooled Channel '[id: 0x602a4ff4, L:/127.0.0.1:65154 - R:localhost/127.0.0.1:4444]' for 'POST' to 'http://localhost:4444/wd/hub/session/30001ab78242fb900294c07c93657ed2/execute/sync'
19:59:04.132 [Forwarding isElementDisplayed on session 30001ab78242fb900294c07c93657ed2 to remote] DEBUG o.a.netty.request.NettyRequestSender - Using open Channel [id: 0x602a4ff4, L:/127.0.0.1:65154 - R:localhost/127.0.0.1:4444] for POST '/wd/hub/session/30001ab78242fb900294c07c93657ed2/execute/sync'
19:59:04.159 [AsyncHttpClient-1-2] DEBUG o.a.netty.handler.HttpHandler - 

Request DefaultHttpRequest(decodeResult: success, version: HTTP/1.1)
POST /wd/hub/session/30001ab78242fb900294c07c93657ed2/execute/sync HTTP/1.1
User-Agent: selenium/4.9.1 (java windows)
Content-Length: 48846
Content-Type: application/json; charset=utf-8
host: localhost:4444
accept: */*

Response DefaultHttpResponse(decodeResult: success, version: HTTP/1.1)
HTTP/1.1 200 OK
content-length: 14
content-type: application/json; charset=utf-8
cache-control: no-cache

19:59:04.159 [AsyncHttpClient-1-2] DEBUG o.a.netty.channel.ChannelManager - Adding key: http://localhost:4444 for channel [id: 0x602a4ff4, L:/127.0.0.1:65154 - R:localhost/127.0.0.1:4444]
19:59:04.161 [Forwarding isElementEnabled on session 30001ab78242fb900294c07c93657ed2 to remote] DEBUG o.a.netty.request.NettyRequestSender - Using pooled Channel '[id: 0x602a4ff4, L:/127.0.0.1:65154 - R:localhost/127.0.0.1:4444]' for 'GET' to 'http://localhost:4444/wd/hub/session/30001ab78242fb900294c07c93657ed2/element/f.D6D752E85A031151A306B110D8DCF949.d.EA60173A7A52CABD9FF5E50574EF45AC.e.117/enabled'
19:59:04.161 [Forwarding isElementEnabled on session 30001ab78242fb900294c07c93657ed2 to remote] DEBUG o.a.netty.request.NettyRequestSender - Using open Channel [id: 0x602a4ff4, L:/127.0.0.1:65154 - R:localhost/127.0.0.1:4444] for GET '/wd/hub/session/30001ab78242fb900294c07c93657ed2/element/f.D6D752E85A031151A306B110D8DCF949.d.EA60173A7A52CABD9FF5E50574EF45AC.e.117/enabled'
19:59:04.190 [AsyncHttpClient-1-2] DEBUG o.a.netty.handler.HttpHandler - 

Request DefaultFullHttpRequest(decodeResult: success, version: HTTP/1.1, content: EmptyByteBufBE)
GET /wd/hub/session/30001ab78242fb900294c07c93657ed2/element/f.D6D752E85A031151A306B110D8DCF949.d.EA60173A7A52CABD9FF5E50574EF45AC.e.117/enabled HTTP/1.1
Cache-Control: no-cache
User-Agent: selenium/4.9.1 (java windows)
Content-Type: application/json; charset=utf-8
host: localhost:4444
accept: */*

Response DefaultHttpResponse(decodeResult: success, version: HTTP/1.1)
HTTP/1.1 200 OK
content-length: 14
content-type: application/json; charset=utf-8
cache-control: no-cache

19:59:04.190 [AsyncHttpClient-1-2] DEBUG o.a.netty.channel.ChannelManager - Adding key: http://localhost:4444 for channel [id: 0x602a4ff4, L:/127.0.0.1:65154 - R:localhost/127.0.0.1:4444]
19:59:04.192 [Forwarding clickElement on session 30001ab78242fb900294c07c93657ed2 to remote] DEBUG o.a.netty.request.NettyRequestSender - Using pooled Channel '[id: 0x602a4ff4, L:/127.0.0.1:65154 - R:localhost/127.0.0.1:4444]' for 'POST' to 'http://localhost:4444/wd/hub/session/30001ab78242fb900294c07c93657ed2/element/f.D6D752E85A031151A306B110D8DCF949.d.EA60173A7A52CABD9FF5E50574EF45AC.e.117/click'
19:59:04.192 [Forwarding clickElement on session 30001ab78242fb900294c07c93657ed2 to remote] DEBUG o.a.netty.request.NettyRequestSender - Using open Channel [id: 0x602a4ff4, L:/127.0.0.1:65154 - R:localhost/127.0.0.1:4444] for POST '/wd/hub/session/30001ab78242fb900294c07c93657ed2/element/f.D6D752E85A031151A306B110D8DCF949.d.EA60173A7A52CABD9FF5E50574EF45AC.e.117/click'
19:59:04.315 [AsyncHttpClient-1-2] DEBUG o.a.netty.handler.HttpHandler - 

Request DefaultHttpRequest(decodeResult: success, version: HTTP/1.1)
POST /wd/hub/session/30001ab78242fb900294c07c93657ed2/element/f.D6D752E85A031151A306B110D8DCF949.d.EA60173A7A52CABD9FF5E50574EF45AC.e.117/click HTTP/1.1
User-Agent: selenium/4.9.1 (java windows)
Content-Length: 89
Content-Type: application/json; charset=utf-8
host: localhost:4444
accept: */*

Response DefaultHttpResponse(decodeResult: success, version: HTTP/1.1)
HTTP/1.1 200 OK
content-length: 14
content-type: application/json; charset=utf-8
cache-control: no-cache

19:59:04.315 [AsyncHttpClient-1-2] DEBUG o.a.netty.channel.ChannelManager - Adding key: http://localhost:4444 for channel [id: 0x602a4ff4, L:/127.0.0.1:65154 - R:localhost/127.0.0.1:4444]
19:59:04.318 [Forwarding findElement on session 30001ab78242fb900294c07c93657ed2 to remote] DEBUG o.a.netty.request.NettyRequestSender - Using pooled Channel '[id: 0x602a4ff4, L:/127.0.0.1:65154 - R:localhost/127.0.0.1:4444]' for 'POST' to 'http://localhost:4444/wd/hub/session/30001ab78242fb900294c07c93657ed2/element'
19:59:04.318 [Forwarding findElement on session 30001ab78242fb900294c07c93657ed2 to remote] DEBUG o.a.netty.request.NettyRequestSender - Using open Channel [id: 0x602a4ff4, L:/127.0.0.1:65154 - R:localhost/127.0.0.1:4444] for POST '/wd/hub/session/30001ab78242fb900294c07c93657ed2/element'
19:59:04.353 [AsyncHttpClient-1-2] DEBUG o.a.netty.handler.HttpHandler - 

Request DefaultHttpRequest(decodeResult: success, version: HTTP/1.1)
POST /wd/hub/session/30001ab78242fb900294c07c93657ed2/element HTTP/1.1
User-Agent: selenium/4.9.1 (java windows)
Content-Length: 97
Content-Type: application/json; charset=utf-8
host: localhost:4444
accept: */*

Response DefaultHttpResponse(decodeResult: success, version: HTTP/1.1)
HTTP/1.1 404 Not Found
content-length: 947
content-type: application/json; charset=utf-8
cache-control: no-cache

19:59:04.354 [AsyncHttpClient-1-2] DEBUG o.a.netty.channel.ChannelManager - Adding key: http://localhost:4444 for channel [id: 0x602a4ff4, L:/127.0.0.1:65154 - R:localhost/127.0.0.1:4444]
19:59:04.361 [main] DEBUG com.codeborne.selenide.impl.Plugins - Using default implementation of com.codeborne.selenide.ex.ErrorFormatter: com.codeborne.selenide.ex.SelenideErrorFormatter
19:59:04.586 [Forwarding findElement on session 30001ab78242fb900294c07c93657ed2 to remote] DEBUG o.a.netty.request.NettyRequestSender - Using pooled Channel '[id: 0x602a4ff4, L:/127.0.0.1:65154 - R:localhost/127.0.0.1:4444]' for 'POST' to 'http://localhost:4444/wd/hub/session/30001ab78242fb900294c07c93657ed2/element'
19:59:04.586 [Forwarding findElement on session 30001ab78242fb900294c07c93657ed2 to remote] DEBUG o.a.netty.request.NettyRequestSender - Using open Channel [id: 0x602a4ff4, L:/127.0.0.1:65154 - R:localhost/127.0.0.1:4444] for POST '/wd/hub/session/30001ab78242fb900294c07c93657ed2/element'
19:59:04.613 [AsyncHttpClient-1-2] DEBUG o.a.netty.handler.HttpHandler - 

Request DefaultHttpRequest(decodeResult: success, version: HTTP/1.1)
POST /wd/hub/session/30001ab78242fb900294c07c93657ed2/element HTTP/1.1
User-Agent: selenium/4.9.1 (java windows)
Content-Length: 97
Content-Type: application/json; charset=utf-8
host: localhost:4444
accept: */*

Response DefaultHttpResponse(decodeResult: success, version: HTTP/1.1)
HTTP/1.1 200 OK
content-length: 127
content-type: application/json; charset=utf-8
cache-control: no-cache

19:59:04.613 [AsyncHttpClient-1-2] DEBUG o.a.netty.channel.ChannelManager - Adding key: http://localhost:4444 for channel [id: 0x602a4ff4, L:/127.0.0.1:65154 - R:localhost/127.0.0.1:4444]
19:59:04.632 [Forwarding isElementDisplayed on session 30001ab78242fb900294c07c93657ed2 to remote] DEBUG o.a.netty.request.NettyRequestSender - Using pooled Channel '[id: 0x602a4ff4, L:/127.0.0.1:65154 - R:localhost/127.0.0.1:4444]' for 'POST' to 'http://localhost:4444/wd/hub/session/30001ab78242fb900294c07c93657ed2/execute/sync'
19:59:04.632 [Forwarding isElementDisplayed on session 30001ab78242fb900294c07c93657ed2 to remote] DEBUG o.a.netty.request.NettyRequestSender - Using open Channel [id: 0x602a4ff4, L:/127.0.0.1:65154 - R:localhost/127.0.0.1:4444] for POST '/wd/hub/session/30001ab78242fb900294c07c93657ed2/execute/sync'
19:59:04.681 [AsyncHttpClient-1-2] DEBUG o.a.netty.handler.HttpHandler - 

Request DefaultHttpRequest(decodeResult: success, version: HTTP/1.1)
POST /wd/hub/session/30001ab78242fb900294c07c93657ed2/execute/sync HTTP/1.1
User-Agent: selenium/4.9.1 (java windows)
Content-Length: 48846
Content-Type: application/json; charset=utf-8
host: localhost:4444
accept: */*

Response DefaultHttpResponse(decodeResult: success, version: HTTP/1.1)
HTTP/1.1 200 OK
content-length: 14
content-type: application/json; charset=utf-8
cache-control: no-cache

19:59:04.681 [AsyncHttpClient-1-2] DEBUG o.a.netty.channel.ChannelManager - Adding key: http://localhost:4444 for channel [id: 0x602a4ff4, L:/127.0.0.1:65154 - R:localhost/127.0.0.1:4444]
19:59:04.683 [Forwarding isElementEnabled on session 30001ab78242fb900294c07c93657ed2 to remote] DEBUG o.a.netty.request.NettyRequestSender - Using pooled Channel '[id: 0x602a4ff4, L:/127.0.0.1:65154 - R:localhost/127.0.0.1:4444]' for 'GET' to 'http://localhost:4444/wd/hub/session/30001ab78242fb900294c07c93657ed2/element/f.D6D752E85A031151A306B110D8DCF949.d.EA60173A7A52CABD9FF5E50574EF45AC.e.128/enabled'
19:59:04.684 [Forwarding isElementEnabled on session 30001ab78242fb900294c07c93657ed2 to remote] DEBUG o.a.netty.request.NettyRequestSender - Using open Channel [id: 0x602a4ff4, L:/127.0.0.1:65154 - R:localhost/127.0.0.1:4444] for GET '/wd/hub/session/30001ab78242fb900294c07c93657ed2/element/f.D6D752E85A031151A306B110D8DCF949.d.EA60173A7A52CABD9FF5E50574EF45AC.e.128/enabled'
19:59:04.717 [AsyncHttpClient-1-2] DEBUG o.a.netty.handler.HttpHandler - 

Request DefaultFullHttpRequest(decodeResult: success, version: HTTP/1.1, content: EmptyByteBufBE)
GET /wd/hub/session/30001ab78242fb900294c07c93657ed2/element/f.D6D752E85A031151A306B110D8DCF949.d.EA60173A7A52CABD9FF5E50574EF45AC.e.128/enabled HTTP/1.1
Cache-Control: no-cache
User-Agent: selenium/4.9.1 (java windows)
Content-Type: application/json; charset=utf-8
host: localhost:4444
accept: */*

Response DefaultHttpResponse(decodeResult: success, version: HTTP/1.1)
HTTP/1.1 200 OK
content-length: 14
content-type: application/json; charset=utf-8
cache-control: no-cache

19:59:04.717 [AsyncHttpClient-1-2] DEBUG o.a.netty.channel.ChannelManager - Adding key: http://localhost:4444 for channel [id: 0x602a4ff4, L:/127.0.0.1:65154 - R:localhost/127.0.0.1:4444]
19:59:04.720 [Forwarding clickElement on session 30001ab78242fb900294c07c93657ed2 to remote] DEBUG o.a.netty.request.NettyRequestSender - Using pooled Channel '[id: 0x602a4ff4, L:/127.0.0.1:65154 - R:localhost/127.0.0.1:4444]' for 'POST' to 'http://localhost:4444/wd/hub/session/30001ab78242fb900294c07c93657ed2/element/f.D6D752E85A031151A306B110D8DCF949.d.EA60173A7A52CABD9FF5E50574EF45AC.e.128/click'
19:59:04.720 [Forwarding clickElement on session 30001ab78242fb900294c07c93657ed2 to remote] DEBUG o.a.netty.request.NettyRequestSender - Using open Channel [id: 0x602a4ff4, L:/127.0.0.1:65154 - R:localhost/127.0.0.1:4444] for POST '/wd/hub/session/30001ab78242fb900294c07c93657ed2/element/f.D6D752E85A031151A306B110D8DCF949.d.EA60173A7A52CABD9FF5E50574EF45AC.e.128/click'
19:59:04.815 [AsyncHttpClient-1-2] DEBUG o.a.netty.handler.HttpHandler - 

Request DefaultHttpRequest(decodeResult: success, version: HTTP/1.1)
POST /wd/hub/session/30001ab78242fb900294c07c93657ed2/element/f.D6D752E85A031151A306B110D8DCF949.d.EA60173A7A52CABD9FF5E50574EF45AC.e.128/click HTTP/1.1
User-Agent: selenium/4.9.1 (java windows)
Content-Length: 89
Content-Type: application/json; charset=utf-8
host: localhost:4444
accept: */*

Response DefaultHttpResponse(decodeResult: success, version: HTTP/1.1)
HTTP/1.1 200 OK
content-length: 14
content-type: application/json; charset=utf-8
cache-control: no-cache

19:59:04.815 [AsyncHttpClient-1-2] DEBUG o.a.netty.channel.ChannelManager - Adding key: http://localhost:4444 for channel [id: 0x602a4ff4, L:/127.0.0.1:65154 - R:localhost/127.0.0.1:4444]
19:59:04.817 [Forwarding findElement on session 30001ab78242fb900294c07c93657ed2 to remote] DEBUG o.a.netty.request.NettyRequestSender - Using pooled Channel '[id: 0x602a4ff4, L:/127.0.0.1:65154 - R:localhost/127.0.0.1:4444]' for 'POST' to 'http://localhost:4444/wd/hub/session/30001ab78242fb900294c07c93657ed2/element'
19:59:04.817 [Forwarding findElement on session 30001ab78242fb900294c07c93657ed2 to remote] DEBUG o.a.netty.request.NettyRequestSender - Using open Channel [id: 0x602a4ff4, L:/127.0.0.1:65154 - R:localhost/127.0.0.1:4444] for POST '/wd/hub/session/30001ab78242fb900294c07c93657ed2/element'
19:59:04.836 [AsyncHttpClient-1-2] DEBUG o.a.netty.handler.HttpHandler - 

Request DefaultHttpRequest(decodeResult: success, version: HTTP/1.1)
POST /wd/hub/session/30001ab78242fb900294c07c93657ed2/element HTTP/1.1
User-Agent: selenium/4.9.1 (java windows)
Content-Length: 106
Content-Type: application/json; charset=utf-8
host: localhost:4444
accept: */*

Response DefaultHttpResponse(decodeResult: success, version: HTTP/1.1)
HTTP/1.1 200 OK
content-length: 127
content-type: application/json; charset=utf-8
cache-control: no-cache

19:59:04.836 [AsyncHttpClient-1-2] DEBUG o.a.netty.channel.ChannelManager - Adding key: http://localhost:4444 for channel [id: 0x602a4ff4, L:/127.0.0.1:65154 - R:localhost/127.0.0.1:4444]
19:59:04.840 [Forwarding isElementDisplayed on session 30001ab78242fb900294c07c93657ed2 to remote] DEBUG o.a.netty.request.NettyRequestSender - Using pooled Channel '[id: 0x602a4ff4, L:/127.0.0.1:65154 - R:localhost/127.0.0.1:4444]' for 'POST' to 'http://localhost:4444/wd/hub/session/30001ab78242fb900294c07c93657ed2/execute/sync'
19:59:04.840 [Forwarding isElementDisplayed on session 30001ab78242fb900294c07c93657ed2 to remote] DEBUG o.a.netty.request.NettyRequestSender - Using open Channel [id: 0x602a4ff4, L:/127.0.0.1:65154 - R:localhost/127.0.0.1:4444] for POST '/wd/hub/session/30001ab78242fb900294c07c93657ed2/execute/sync'
19:59:04.862 [AsyncHttpClient-1-2] DEBUG o.a.netty.handler.HttpHandler - 

Request DefaultHttpRequest(decodeResult: success, version: HTTP/1.1)
POST /wd/hub/session/30001ab78242fb900294c07c93657ed2/execute/sync HTTP/1.1
User-Agent: selenium/4.9.1 (java windows)
Content-Length: 48846
Content-Type: application/json; charset=utf-8
host: localhost:4444
accept: */*

Response DefaultHttpResponse(decodeResult: success, version: HTTP/1.1)
HTTP/1.1 200 OK
content-length: 14
content-type: application/json; charset=utf-8
cache-control: no-cache

19:59:04.862 [AsyncHttpClient-1-2] DEBUG o.a.netty.channel.ChannelManager - Adding key: http://localhost:4444 for channel [id: 0x602a4ff4, L:/127.0.0.1:65154 - R:localhost/127.0.0.1:4444]
19:59:04.864 [Forwarding isElementEnabled on session 30001ab78242fb900294c07c93657ed2 to remote] DEBUG o.a.netty.request.NettyRequestSender - Using pooled Channel '[id: 0x602a4ff4, L:/127.0.0.1:65154 - R:localhost/127.0.0.1:4444]' for 'GET' to 'http://localhost:4444/wd/hub/session/30001ab78242fb900294c07c93657ed2/element/f.D6D752E85A031151A306B110D8DCF949.d.EA60173A7A52CABD9FF5E50574EF45AC.e.117/enabled'
19:59:04.864 [Forwarding isElementEnabled on session 30001ab78242fb900294c07c93657ed2 to remote] DEBUG o.a.netty.request.NettyRequestSender - Using open Channel [id: 0x602a4ff4, L:/127.0.0.1:65154 - R:localhost/127.0.0.1:4444] for GET '/wd/hub/session/30001ab78242fb900294c07c93657ed2/element/f.D6D752E85A031151A306B110D8DCF949.d.EA60173A7A52CABD9FF5E50574EF45AC.e.117/enabled'
19:59:04.892 [AsyncHttpClient-1-2] DEBUG o.a.netty.handler.HttpHandler - 

Request DefaultFullHttpRequest(decodeResult: success, version: HTTP/1.1, content: EmptyByteBufBE)
GET /wd/hub/session/30001ab78242fb900294c07c93657ed2/element/f.D6D752E85A031151A306B110D8DCF949.d.EA60173A7A52CABD9FF5E50574EF45AC.e.117/enabled HTTP/1.1
Cache-Control: no-cache
User-Agent: selenium/4.9.1 (java windows)
Content-Type: application/json; charset=utf-8
host: localhost:4444
accept: */*

Response DefaultHttpResponse(decodeResult: success, version: HTTP/1.1)
HTTP/1.1 200 OK
content-length: 14
content-type: application/json; charset=utf-8
cache-control: no-cache

19:59:04.892 [AsyncHttpClient-1-2] DEBUG o.a.netty.channel.ChannelManager - Adding key: http://localhost:4444 for channel [id: 0x602a4ff4, L:/127.0.0.1:65154 - R:localhost/127.0.0.1:4444]
19:59:04.894 [Forwarding clickElement on session 30001ab78242fb900294c07c93657ed2 to remote] DEBUG o.a.netty.request.NettyRequestSender - Using pooled Channel '[id: 0x602a4ff4, L:/127.0.0.1:65154 - R:localhost/127.0.0.1:4444]' for 'POST' to 'http://localhost:4444/wd/hub/session/30001ab78242fb900294c07c93657ed2/element/f.D6D752E85A031151A306B110D8DCF949.d.EA60173A7A52CABD9FF5E50574EF45AC.e.117/click'
19:59:04.895 [Forwarding clickElement on session 30001ab78242fb900294c07c93657ed2 to remote] DEBUG o.a.netty.request.NettyRequestSender - Using open Channel [id: 0x602a4ff4, L:/127.0.0.1:65154 - R:localhost/127.0.0.1:4444] for POST '/wd/hub/session/30001ab78242fb900294c07c93657ed2/element/f.D6D752E85A031151A306B110D8DCF949.d.EA60173A7A52CABD9FF5E50574EF45AC.e.117/click'
19:59:04.972 [AsyncHttpClient-1-2] DEBUG o.a.netty.handler.HttpHandler - 

Request DefaultHttpRequest(decodeResult: success, version: HTTP/1.1)
POST /wd/hub/session/30001ab78242fb900294c07c93657ed2/element/f.D6D752E85A031151A306B110D8DCF949.d.EA60173A7A52CABD9FF5E50574EF45AC.e.117/click HTTP/1.1
User-Agent: selenium/4.9.1 (java windows)
Content-Length: 89
Content-Type: application/json; charset=utf-8
host: localhost:4444
accept: */*

Response DefaultHttpResponse(decodeResult: success, version: HTTP/1.1)
HTTP/1.1 200 OK
content-length: 14
content-type: application/json; charset=utf-8
cache-control: no-cache

19:59:04.975 [AsyncHttpClient-1-2] DEBUG o.a.netty.channel.ChannelManager - Adding key: http://localhost:4444 for channel [id: 0x602a4ff4, L:/127.0.0.1:65154 - R:localhost/127.0.0.1:4444]
19:59:04.977 [Forwarding findElement on session 30001ab78242fb900294c07c93657ed2 to remote] DEBUG o.a.netty.request.NettyRequestSender - Using pooled Channel '[id: 0x602a4ff4, L:/127.0.0.1:65154 - R:localhost/127.0.0.1:4444]' for 'POST' to 'http://localhost:4444/wd/hub/session/30001ab78242fb900294c07c93657ed2/element'
19:59:04.977 [Forwarding findElement on session 30001ab78242fb900294c07c93657ed2 to remote] DEBUG o.a.netty.request.NettyRequestSender - Using open Channel [id: 0x602a4ff4, L:/127.0.0.1:65154 - R:localhost/127.0.0.1:4444] for POST '/wd/hub/session/30001ab78242fb900294c07c93657ed2/element'
19:59:05.001 [AsyncHttpClient-1-2] DEBUG o.a.netty.handler.HttpHandler - 

Request DefaultHttpRequest(decodeResult: success, version: HTTP/1.1)
POST /wd/hub/session/30001ab78242fb900294c07c93657ed2/element HTTP/1.1
User-Agent: selenium/4.9.1 (java windows)
Content-Length: 91
Content-Type: application/json; charset=utf-8
host: localhost:4444
accept: */*

Response DefaultHttpResponse(decodeResult: success, version: HTTP/1.1)
HTTP/1.1 200 OK
content-length: 127
content-type: application/json; charset=utf-8
cache-control: no-cache

19:59:05.001 [AsyncHttpClient-1-2] DEBUG o.a.netty.channel.ChannelManager - Adding key: http://localhost:4444 for channel [id: 0x602a4ff4, L:/127.0.0.1:65154 - R:localhost/127.0.0.1:4444]
19:59:05.006 [Forwarding isElementDisplayed on session 30001ab78242fb900294c07c93657ed2 to remote] DEBUG o.a.netty.request.NettyRequestSender - Using pooled Channel '[id: 0x602a4ff4, L:/127.0.0.1:65154 - R:localhost/127.0.0.1:4444]' for 'POST' to 'http://localhost:4444/wd/hub/session/30001ab78242fb900294c07c93657ed2/execute/sync'
19:59:05.006 [Forwarding isElementDisplayed on session 30001ab78242fb900294c07c93657ed2 to remote] DEBUG o.a.netty.request.NettyRequestSender - Using open Channel [id: 0x602a4ff4, L:/127.0.0.1:65154 - R:localhost/127.0.0.1:4444] for POST '/wd/hub/session/30001ab78242fb900294c07c93657ed2/execute/sync'
19:59:05.045 [AsyncHttpClient-1-2] DEBUG o.a.netty.handler.HttpHandler - 

Request DefaultHttpRequest(decodeResult: success, version: HTTP/1.1)
POST /wd/hub/session/30001ab78242fb900294c07c93657ed2/execute/sync HTTP/1.1
User-Agent: selenium/4.9.1 (java windows)
Content-Length: 48846
Content-Type: application/json; charset=utf-8
host: localhost:4444
accept: */*

Response DefaultHttpResponse(decodeResult: success, version: HTTP/1.1)
HTTP/1.1 200 OK
content-length: 14
content-type: application/json; charset=utf-8
cache-control: no-cache

19:59:05.046 [AsyncHttpClient-1-2] DEBUG o.a.netty.channel.ChannelManager - Adding key: http://localhost:4444 for channel [id: 0x602a4ff4, L:/127.0.0.1:65154 - R:localhost/127.0.0.1:4444]
19:59:05.048 [Forwarding isElementEnabled on session 30001ab78242fb900294c07c93657ed2 to remote] DEBUG o.a.netty.request.NettyRequestSender - Using pooled Channel '[id: 0x602a4ff4, L:/127.0.0.1:65154 - R:localhost/127.0.0.1:4444]' for 'GET' to 'http://localhost:4444/wd/hub/session/30001ab78242fb900294c07c93657ed2/element/f.D6D752E85A031151A306B110D8DCF949.d.EA60173A7A52CABD9FF5E50574EF45AC.e.144/enabled'
19:59:05.048 [Forwarding isElementEnabled on session 30001ab78242fb900294c07c93657ed2 to remote] DEBUG o.a.netty.request.NettyRequestSender - Using open Channel [id: 0x602a4ff4, L:/127.0.0.1:65154 - R:localhost/127.0.0.1:4444] for GET '/wd/hub/session/30001ab78242fb900294c07c93657ed2/element/f.D6D752E85A031151A306B110D8DCF949.d.EA60173A7A52CABD9FF5E50574EF45AC.e.144/enabled'
19:59:05.081 [AsyncHttpClient-1-2] DEBUG o.a.netty.handler.HttpHandler - 

Request DefaultFullHttpRequest(decodeResult: success, version: HTTP/1.1, content: EmptyByteBufBE)
GET /wd/hub/session/30001ab78242fb900294c07c93657ed2/element/f.D6D752E85A031151A306B110D8DCF949.d.EA60173A7A52CABD9FF5E50574EF45AC.e.144/enabled HTTP/1.1
Cache-Control: no-cache
User-Agent: selenium/4.9.1 (java windows)
Content-Type: application/json; charset=utf-8
host: localhost:4444
accept: */*

Response DefaultHttpResponse(decodeResult: success, version: HTTP/1.1)
HTTP/1.1 200 OK
content-length: 14
content-type: application/json; charset=utf-8
cache-control: no-cache

19:59:05.082 [AsyncHttpClient-1-2] DEBUG o.a.netty.channel.ChannelManager - Adding key: http://localhost:4444 for channel [id: 0x602a4ff4, L:/127.0.0.1:65154 - R:localhost/127.0.0.1:4444]
19:59:05.085 [Forwarding clickElement on session 30001ab78242fb900294c07c93657ed2 to remote] DEBUG o.a.netty.request.NettyRequestSender - Using pooled Channel '[id: 0x602a4ff4, L:/127.0.0.1:65154 - R:localhost/127.0.0.1:4444]' for 'POST' to 'http://localhost:4444/wd/hub/session/30001ab78242fb900294c07c93657ed2/element/f.D6D752E85A031151A306B110D8DCF949.d.EA60173A7A52CABD9FF5E50574EF45AC.e.144/click'
19:59:05.086 [Forwarding clickElement on session 30001ab78242fb900294c07c93657ed2 to remote] DEBUG o.a.netty.request.NettyRequestSender - Using open Channel [id: 0x602a4ff4, L:/127.0.0.1:65154 - R:localhost/127.0.0.1:4444] for POST '/wd/hub/session/30001ab78242fb900294c07c93657ed2/element/f.D6D752E85A031151A306B110D8DCF949.d.EA60173A7A52CABD9FF5E50574EF45AC.e.144/click'
19:59:05.208 [AsyncHttpClient-1-2] DEBUG o.a.netty.handler.HttpHandler - 

Request DefaultHttpRequest(decodeResult: success, version: HTTP/1.1)
POST /wd/hub/session/30001ab78242fb900294c07c93657ed2/element/f.D6D752E85A031151A306B110D8DCF949.d.EA60173A7A52CABD9FF5E50574EF45AC.e.144/click HTTP/1.1
User-Agent: selenium/4.9.1 (java windows)
Content-Length: 89
Content-Type: application/json; charset=utf-8
host: localhost:4444
accept: */*

Response DefaultHttpResponse(decodeResult: success, version: HTTP/1.1)
HTTP/1.1 200 OK
content-length: 14
content-type: application/json; charset=utf-8
cache-control: no-cache

19:59:05.208 [AsyncHttpClient-1-2] DEBUG o.a.netty.channel.ChannelManager - Adding key: http://localhost:4444 for channel [id: 0x602a4ff4, L:/127.0.0.1:65154 - R:localhost/127.0.0.1:4444]
19:59:05.210 [Forwarding findElement on session 30001ab78242fb900294c07c93657ed2 to remote] DEBUG o.a.netty.request.NettyRequestSender - Using pooled Channel '[id: 0x602a4ff4, L:/127.0.0.1:65154 - R:localhost/127.0.0.1:4444]' for 'POST' to 'http://localhost:4444/wd/hub/session/30001ab78242fb900294c07c93657ed2/element'
19:59:05.210 [Forwarding findElement on session 30001ab78242fb900294c07c93657ed2 to remote] DEBUG o.a.netty.request.NettyRequestSender - Using open Channel [id: 0x602a4ff4, L:/127.0.0.1:65154 - R:localhost/127.0.0.1:4444] for POST '/wd/hub/session/30001ab78242fb900294c07c93657ed2/element'
19:59:05.227 [AsyncHttpClient-1-2] DEBUG o.a.netty.handler.HttpHandler - 

Request DefaultHttpRequest(decodeResult: success, version: HTTP/1.1)
POST /wd/hub/session/30001ab78242fb900294c07c93657ed2/element HTTP/1.1
User-Agent: selenium/4.9.1 (java windows)
Content-Length: 82
Content-Type: application/json; charset=utf-8
host: localhost:4444
accept: */*

Response DefaultHttpResponse(decodeResult: success, version: HTTP/1.1)
HTTP/1.1 200 OK
content-length: 127
content-type: application/json; charset=utf-8
cache-control: no-cache

19:59:05.227 [AsyncHttpClient-1-2] DEBUG o.a.netty.channel.ChannelManager - Adding key: http://localhost:4444 for channel [id: 0x602a4ff4, L:/127.0.0.1:65154 - R:localhost/127.0.0.1:4444]
19:59:05.229 [Forwarding isElementDisplayed on session 30001ab78242fb900294c07c93657ed2 to remote] DEBUG o.a.netty.request.NettyRequestSender - Using pooled Channel '[id: 0x602a4ff4, L:/127.0.0.1:65154 - R:localhost/127.0.0.1:4444]' for 'POST' to 'http://localhost:4444/wd/hub/session/30001ab78242fb900294c07c93657ed2/execute/sync'
19:59:05.230 [Forwarding isElementDisplayed on session 30001ab78242fb900294c07c93657ed2 to remote] DEBUG o.a.netty.request.NettyRequestSender - Using open Channel [id: 0x602a4ff4, L:/127.0.0.1:65154 - R:localhost/127.0.0.1:4444] for POST '/wd/hub/session/30001ab78242fb900294c07c93657ed2/execute/sync'
19:59:05.247 [AsyncHttpClient-1-2] DEBUG o.a.netty.handler.HttpHandler - 

Request DefaultHttpRequest(decodeResult: success, version: HTTP/1.1)
POST /wd/hub/session/30001ab78242fb900294c07c93657ed2/execute/sync HTTP/1.1
User-Agent: selenium/4.9.1 (java windows)
Content-Length: 48846
Content-Type: application/json; charset=utf-8
host: localhost:4444
accept: */*

Response DefaultHttpResponse(decodeResult: success, version: HTTP/1.1)
HTTP/1.1 200 OK
content-length: 14
content-type: application/json; charset=utf-8
cache-control: no-cache

19:59:05.247 [AsyncHttpClient-1-2] DEBUG o.a.netty.channel.ChannelManager - Adding key: http://localhost:4444 for channel [id: 0x602a4ff4, L:/127.0.0.1:65154 - R:localhost/127.0.0.1:4444]
19:59:05.248 [Forwarding findElement on session 30001ab78242fb900294c07c93657ed2 to remote] DEBUG o.a.netty.request.NettyRequestSender - Using pooled Channel '[id: 0x602a4ff4, L:/127.0.0.1:65154 - R:localhost/127.0.0.1:4444]' for 'POST' to 'http://localhost:4444/wd/hub/session/30001ab78242fb900294c07c93657ed2/element'
19:59:05.248 [Forwarding findElement on session 30001ab78242fb900294c07c93657ed2 to remote] DEBUG o.a.netty.request.NettyRequestSender - Using open Channel [id: 0x602a4ff4, L:/127.0.0.1:65154 - R:localhost/127.0.0.1:4444] for POST '/wd/hub/session/30001ab78242fb900294c07c93657ed2/element'
19:59:05.260 [AsyncHttpClient-1-2] DEBUG o.a.netty.handler.HttpHandler - 

Request DefaultHttpRequest(decodeResult: success, version: HTTP/1.1)
POST /wd/hub/session/30001ab78242fb900294c07c93657ed2/element HTTP/1.1
User-Agent: selenium/4.9.1 (java windows)
Content-Length: 82
Content-Type: application/json; charset=utf-8
host: localhost:4444
accept: */*

Response DefaultHttpResponse(decodeResult: success, version: HTTP/1.1)
HTTP/1.1 200 OK
content-length: 127
content-type: application/json; charset=utf-8
cache-control: no-cache

19:59:05.260 [AsyncHttpClient-1-2] DEBUG o.a.netty.channel.ChannelManager - Adding key: http://localhost:4444 for channel [id: 0x602a4ff4, L:/127.0.0.1:65154 - R:localhost/127.0.0.1:4444]
19:59:05.261 [Forwarding getElementTagName on session 30001ab78242fb900294c07c93657ed2 to remote] DEBUG o.a.netty.request.NettyRequestSender - Using pooled Channel '[id: 0x602a4ff4, L:/127.0.0.1:65154 - R:localhost/127.0.0.1:4444]' for 'GET' to 'http://localhost:4444/wd/hub/session/30001ab78242fb900294c07c93657ed2/element/f.D6D752E85A031151A306B110D8DCF949.d.EA60173A7A52CABD9FF5E50574EF45AC.e.148/name'
19:59:05.261 [Forwarding getElementTagName on session 30001ab78242fb900294c07c93657ed2 to remote] DEBUG o.a.netty.request.NettyRequestSender - Using open Channel [id: 0x602a4ff4, L:/127.0.0.1:65154 - R:localhost/127.0.0.1:4444] for GET '/wd/hub/session/30001ab78242fb900294c07c93657ed2/element/f.D6D752E85A031151A306B110D8DCF949.d.EA60173A7A52CABD9FF5E50574EF45AC.e.148/name'
19:59:05.275 [AsyncHttpClient-1-2] DEBUG o.a.netty.handler.HttpHandler - 

Request DefaultFullHttpRequest(decodeResult: success, version: HTTP/1.1, content: EmptyByteBufBE)
GET /wd/hub/session/30001ab78242fb900294c07c93657ed2/element/f.D6D752E85A031151A306B110D8DCF949.d.EA60173A7A52CABD9FF5E50574EF45AC.e.148/name HTTP/1.1
Cache-Control: no-cache
User-Agent: selenium/4.9.1 (java windows)
Content-Type: application/json; charset=utf-8
host: localhost:4444
accept: */*

Response DefaultHttpResponse(decodeResult: success, version: HTTP/1.1)
HTTP/1.1 200 OK
content-length: 16
content-type: application/json; charset=utf-8
cache-control: no-cache

19:59:05.275 [AsyncHttpClient-1-2] DEBUG o.a.netty.channel.ChannelManager - Adding key: http://localhost:4444 for channel [id: 0x602a4ff4, L:/127.0.0.1:65154 - R:localhost/127.0.0.1:4444]
19:59:05.277 [Forwarding getElementText on session 30001ab78242fb900294c07c93657ed2 to remote] DEBUG o.a.netty.request.NettyRequestSender - Using pooled Channel '[id: 0x602a4ff4, L:/127.0.0.1:65154 - R:localhost/127.0.0.1:4444]' for 'GET' to 'http://localhost:4444/wd/hub/session/30001ab78242fb900294c07c93657ed2/element/f.D6D752E85A031151A306B110D8DCF949.d.EA60173A7A52CABD9FF5E50574EF45AC.e.148/text'
19:59:05.277 [Forwarding getElementText on session 30001ab78242fb900294c07c93657ed2 to remote] DEBUG o.a.netty.request.NettyRequestSender - Using open Channel [id: 0x602a4ff4, L:/127.0.0.1:65154 - R:localhost/127.0.0.1:4444] for GET '/wd/hub/session/30001ab78242fb900294c07c93657ed2/element/f.D6D752E85A031151A306B110D8DCF949.d.EA60173A7A52CABD9FF5E50574EF45AC.e.148/text'
19:59:05.293 [AsyncHttpClient-1-2] DEBUG o.a.netty.handler.HttpHandler - 

Request DefaultFullHttpRequest(decodeResult: success, version: HTTP/1.1, content: EmptyByteBufBE)
GET /wd/hub/session/30001ab78242fb900294c07c93657ed2/element/f.D6D752E85A031151A306B110D8DCF949.d.EA60173A7A52CABD9FF5E50574EF45AC.e.148/text HTTP/1.1
Cache-Control: no-cache
User-Agent: selenium/4.9.1 (java windows)
Content-Type: application/json; charset=utf-8
host: localhost:4444
accept: */*

Response DefaultHttpResponse(decodeResult: success, version: HTTP/1.1)
HTTP/1.1 200 OK
content-length: 35
content-type: application/json; charset=utf-8
cache-control: no-cache

19:59:05.294 [AsyncHttpClient-1-2] DEBUG o.a.netty.channel.ChannelManager - Adding key: http://localhost:4444 for channel [id: 0x602a4ff4, L:/127.0.0.1:65154 - R:localhost/127.0.0.1:4444]
19:59:05.300 [Forwarding findElement on session 30001ab78242fb900294c07c93657ed2 to remote] DEBUG o.a.netty.request.NettyRequestSender - Using pooled Channel '[id: 0x602a4ff4, L:/127.0.0.1:65154 - R:localhost/127.0.0.1:4444]' for 'POST' to 'http://localhost:4444/wd/hub/session/30001ab78242fb900294c07c93657ed2/element'
19:59:05.300 [Forwarding findElement on session 30001ab78242fb900294c07c93657ed2 to remote] DEBUG o.a.netty.request.NettyRequestSender - Using open Channel [id: 0x602a4ff4, L:/127.0.0.1:65154 - R:localhost/127.0.0.1:4444] for POST '/wd/hub/session/30001ab78242fb900294c07c93657ed2/element'
19:59:05.316 [AsyncHttpClient-1-2] DEBUG o.a.netty.handler.HttpHandler - 

Request DefaultHttpRequest(decodeResult: success, version: HTTP/1.1)
POST /wd/hub/session/30001ab78242fb900294c07c93657ed2/element HTTP/1.1
User-Agent: selenium/4.9.1 (java windows)
Content-Length: 105
Content-Type: application/json; charset=utf-8
host: localhost:4444
accept: */*

Response DefaultHttpResponse(decodeResult: success, version: HTTP/1.1)
HTTP/1.1 200 OK
content-length: 126
content-type: application/json; charset=utf-8
cache-control: no-cache

19:59:05.316 [AsyncHttpClient-1-2] DEBUG o.a.netty.channel.ChannelManager - Adding key: http://localhost:4444 for channel [id: 0x602a4ff4, L:/127.0.0.1:65154 - R:localhost/127.0.0.1:4444]
19:59:05.319 [Forwarding isElementDisplayed on session 30001ab78242fb900294c07c93657ed2 to remote] DEBUG o.a.netty.request.NettyRequestSender - Using pooled Channel '[id: 0x602a4ff4, L:/127.0.0.1:65154 - R:localhost/127.0.0.1:4444]' for 'POST' to 'http://localhost:4444/wd/hub/session/30001ab78242fb900294c07c93657ed2/execute/sync'
19:59:05.319 [Forwarding isElementDisplayed on session 30001ab78242fb900294c07c93657ed2 to remote] DEBUG o.a.netty.request.NettyRequestSender - Using open Channel [id: 0x602a4ff4, L:/127.0.0.1:65154 - R:localhost/127.0.0.1:4444] for POST '/wd/hub/session/30001ab78242fb900294c07c93657ed2/execute/sync'
19:59:05.335 [AsyncHttpClient-1-2] DEBUG o.a.netty.handler.HttpHandler - 

Request DefaultHttpRequest(decodeResult: success, version: HTTP/1.1)
POST /wd/hub/session/30001ab78242fb900294c07c93657ed2/execute/sync HTTP/1.1
User-Agent: selenium/4.9.1 (java windows)
Content-Length: 48845
Content-Type: application/json; charset=utf-8
host: localhost:4444
accept: */*

Response DefaultHttpResponse(decodeResult: success, version: HTTP/1.1)
HTTP/1.1 200 OK
content-length: 14
content-type: application/json; charset=utf-8
cache-control: no-cache

19:59:05.335 [AsyncHttpClient-1-2] DEBUG o.a.netty.channel.ChannelManager - Adding key: http://localhost:4444 for channel [id: 0x602a4ff4, L:/127.0.0.1:65154 - R:localhost/127.0.0.1:4444]
19:59:05.337 [Forwarding findElement on session 30001ab78242fb900294c07c93657ed2 to remote] DEBUG o.a.netty.request.NettyRequestSender - Using pooled Channel '[id: 0x602a4ff4, L:/127.0.0.1:65154 - R:localhost/127.0.0.1:4444]' for 'POST' to 'http://localhost:4444/wd/hub/session/30001ab78242fb900294c07c93657ed2/element'
19:59:05.337 [Forwarding findElement on session 30001ab78242fb900294c07c93657ed2 to remote] DEBUG o.a.netty.request.NettyRequestSender - Using open Channel [id: 0x602a4ff4, L:/127.0.0.1:65154 - R:localhost/127.0.0.1:4444] for POST '/wd/hub/session/30001ab78242fb900294c07c93657ed2/element'
19:59:05.356 [AsyncHttpClient-1-2] DEBUG o.a.netty.handler.HttpHandler - 

Request DefaultHttpRequest(decodeResult: success, version: HTTP/1.1)
POST /wd/hub/session/30001ab78242fb900294c07c93657ed2/element HTTP/1.1
User-Agent: selenium/4.9.1 (java windows)
Content-Length: 105
Content-Type: application/json; charset=utf-8
host: localhost:4444
accept: */*

Response DefaultHttpResponse(decodeResult: success, version: HTTP/1.1)
HTTP/1.1 200 OK
content-length: 126
content-type: application/json; charset=utf-8
cache-control: no-cache

19:59:05.356 [AsyncHttpClient-1-2] DEBUG o.a.netty.channel.ChannelManager - Adding key: http://localhost:4444 for channel [id: 0x602a4ff4, L:/127.0.0.1:65154 - R:localhost/127.0.0.1:4444]
19:59:05.362 [Forwarding isElementDisplayed on session 30001ab78242fb900294c07c93657ed2 to remote] DEBUG o.a.netty.request.NettyRequestSender - Using pooled Channel '[id: 0x602a4ff4, L:/127.0.0.1:65154 - R:localhost/127.0.0.1:4444]' for 'POST' to 'http://localhost:4444/wd/hub/session/30001ab78242fb900294c07c93657ed2/execute/sync'
19:59:05.362 [Forwarding isElementDisplayed on session 30001ab78242fb900294c07c93657ed2 to remote] DEBUG o.a.netty.request.NettyRequestSender - Using open Channel [id: 0x602a4ff4, L:/127.0.0.1:65154 - R:localhost/127.0.0.1:4444] for POST '/wd/hub/session/30001ab78242fb900294c07c93657ed2/execute/sync'
19:59:05.385 [AsyncHttpClient-1-2] DEBUG o.a.netty.handler.HttpHandler - 

Request DefaultHttpRequest(decodeResult: success, version: HTTP/1.1)
POST /wd/hub/session/30001ab78242fb900294c07c93657ed2/execute/sync HTTP/1.1
User-Agent: selenium/4.9.1 (java windows)
Content-Length: 48845
Content-Type: application/json; charset=utf-8
host: localhost:4444
accept: */*

Response DefaultHttpResponse(decodeResult: success, version: HTTP/1.1)
HTTP/1.1 200 OK
content-length: 14
content-type: application/json; charset=utf-8
cache-control: no-cache

19:59:05.385 [AsyncHttpClient-1-2] DEBUG o.a.netty.channel.ChannelManager - Adding key: http://localhost:4444 for channel [id: 0x602a4ff4, L:/127.0.0.1:65154 - R:localhost/127.0.0.1:4444]
19:59:05.386 [Forwarding isElementEnabled on session 30001ab78242fb900294c07c93657ed2 to remote] DEBUG o.a.netty.request.NettyRequestSender - Using pooled Channel '[id: 0x602a4ff4, L:/127.0.0.1:65154 - R:localhost/127.0.0.1:4444]' for 'GET' to 'http://localhost:4444/wd/hub/session/30001ab78242fb900294c07c93657ed2/element/f.D6D752E85A031151A306B110D8DCF949.d.EA60173A7A52CABD9FF5E50574EF45AC.e.15/enabled'
19:59:05.386 [Forwarding isElementEnabled on session 30001ab78242fb900294c07c93657ed2 to remote] DEBUG o.a.netty.request.NettyRequestSender - Using open Channel [id: 0x602a4ff4, L:/127.0.0.1:65154 - R:localhost/127.0.0.1:4444] for GET '/wd/hub/session/30001ab78242fb900294c07c93657ed2/element/f.D6D752E85A031151A306B110D8DCF949.d.EA60173A7A52CABD9FF5E50574EF45AC.e.15/enabled'
19:59:05.399 [AsyncHttpClient-1-2] DEBUG o.a.netty.handler.HttpHandler - 

Request DefaultFullHttpRequest(decodeResult: success, version: HTTP/1.1, content: EmptyByteBufBE)
GET /wd/hub/session/30001ab78242fb900294c07c93657ed2/element/f.D6D752E85A031151A306B110D8DCF949.d.EA60173A7A52CABD9FF5E50574EF45AC.e.15/enabled HTTP/1.1
Cache-Control: no-cache
User-Agent: selenium/4.9.1 (java windows)
Content-Type: application/json; charset=utf-8
host: localhost:4444
accept: */*

Response DefaultHttpResponse(decodeResult: success, version: HTTP/1.1)
HTTP/1.1 200 OK
content-length: 14
content-type: application/json; charset=utf-8
cache-control: no-cache

19:59:05.399 [AsyncHttpClient-1-2] DEBUG o.a.netty.channel.ChannelManager - Adding key: http://localhost:4444 for channel [id: 0x602a4ff4, L:/127.0.0.1:65154 - R:localhost/127.0.0.1:4444]
19:59:05.401 [Forwarding clickElement on session 30001ab78242fb900294c07c93657ed2 to remote] DEBUG o.a.netty.request.NettyRequestSender - Using pooled Channel '[id: 0x602a4ff4, L:/127.0.0.1:65154 - R:localhost/127.0.0.1:4444]' for 'POST' to 'http://localhost:4444/wd/hub/session/30001ab78242fb900294c07c93657ed2/element/f.D6D752E85A031151A306B110D8DCF949.d.EA60173A7A52CABD9FF5E50574EF45AC.e.15/click'
19:59:05.401 [Forwarding clickElement on session 30001ab78242fb900294c07c93657ed2 to remote] DEBUG o.a.netty.request.NettyRequestSender - Using open Channel [id: 0x602a4ff4, L:/127.0.0.1:65154 - R:localhost/127.0.0.1:4444] for POST '/wd/hub/session/30001ab78242fb900294c07c93657ed2/element/f.D6D752E85A031151A306B110D8DCF949.d.EA60173A7A52CABD9FF5E50574EF45AC.e.15/click'
19:59:05.446 [AsyncHttpClient-1-2] DEBUG o.a.netty.handler.HttpHandler - 

Request DefaultHttpRequest(decodeResult: success, version: HTTP/1.1)
POST /wd/hub/session/30001ab78242fb900294c07c93657ed2/element/f.D6D752E85A031151A306B110D8DCF949.d.EA60173A7A52CABD9FF5E50574EF45AC.e.15/click HTTP/1.1
User-Agent: selenium/4.9.1 (java windows)
Content-Length: 88
Content-Type: application/json; charset=utf-8
host: localhost:4444
accept: */*

Response DefaultHttpResponse(decodeResult: success, version: HTTP/1.1)
HTTP/1.1 200 OK
content-length: 14
content-type: application/json; charset=utf-8
cache-control: no-cache

19:59:05.446 [AsyncHttpClient-1-2] DEBUG o.a.netty.channel.ChannelManager - Adding key: http://localhost:4444 for channel [id: 0x602a4ff4, L:/127.0.0.1:65154 - R:localhost/127.0.0.1:4444]
19:59:05.448 [Forwarding findElement on session 30001ab78242fb900294c07c93657ed2 to remote] DEBUG o.a.netty.request.NettyRequestSender - Using pooled Channel '[id: 0x602a4ff4, L:/127.0.0.1:65154 - R:localhost/127.0.0.1:4444]' for 'POST' to 'http://localhost:4444/wd/hub/session/30001ab78242fb900294c07c93657ed2/element'
19:59:05.448 [Forwarding findElement on session 30001ab78242fb900294c07c93657ed2 to remote] DEBUG o.a.netty.request.NettyRequestSender - Using open Channel [id: 0x602a4ff4, L:/127.0.0.1:65154 - R:localhost/127.0.0.1:4444] for POST '/wd/hub/session/30001ab78242fb900294c07c93657ed2/element'
19:59:05.466 [AsyncHttpClient-1-2] DEBUG o.a.netty.handler.HttpHandler - 

Request DefaultHttpRequest(decodeResult: success, version: HTTP/1.1)
POST /wd/hub/session/30001ab78242fb900294c07c93657ed2/element HTTP/1.1
User-Agent: selenium/4.9.1 (java windows)
Content-Length: 92
Content-Type: application/json; charset=utf-8
host: localhost:4444
accept: */*

Response DefaultHttpResponse(decodeResult: success, version: HTTP/1.1)
HTTP/1.1 200 OK
content-length: 126
content-type: application/json; charset=utf-8
cache-control: no-cache

19:59:05.466 [AsyncHttpClient-1-2] DEBUG o.a.netty.channel.ChannelManager - Adding key: http://localhost:4444 for channel [id: 0x602a4ff4, L:/127.0.0.1:65154 - R:localhost/127.0.0.1:4444]
19:59:05.469 [Forwarding isElementDisplayed on session 30001ab78242fb900294c07c93657ed2 to remote] DEBUG o.a.netty.request.NettyRequestSender - Using pooled Channel '[id: 0x602a4ff4, L:/127.0.0.1:65154 - R:localhost/127.0.0.1:4444]' for 'POST' to 'http://localhost:4444/wd/hub/session/30001ab78242fb900294c07c93657ed2/execute/sync'
19:59:05.469 [Forwarding isElementDisplayed on session 30001ab78242fb900294c07c93657ed2 to remote] DEBUG o.a.netty.request.NettyRequestSender - Using open Channel [id: 0x602a4ff4, L:/127.0.0.1:65154 - R:localhost/127.0.0.1:4444] for POST '/wd/hub/session/30001ab78242fb900294c07c93657ed2/execute/sync'
19:59:05.486 [AsyncHttpClient-1-2] DEBUG o.a.netty.handler.HttpHandler - 

Request DefaultHttpRequest(decodeResult: success, version: HTTP/1.1)
POST /wd/hub/session/30001ab78242fb900294c07c93657ed2/execute/sync HTTP/1.1
User-Agent: selenium/4.9.1 (java windows)
Content-Length: 48845
Content-Type: application/json; charset=utf-8
host: localhost:4444
accept: */*

Response DefaultHttpResponse(decodeResult: success, version: HTTP/1.1)
HTTP/1.1 200 OK
content-length: 14
content-type: application/json; charset=utf-8
cache-control: no-cache

19:59:05.486 [AsyncHttpClient-1-2] DEBUG o.a.netty.channel.ChannelManager - Adding key: http://localhost:4444 for channel [id: 0x602a4ff4, L:/127.0.0.1:65154 - R:localhost/127.0.0.1:4444]
19:59:05.488 [Forwarding findElement on session 30001ab78242fb900294c07c93657ed2 to remote] DEBUG o.a.netty.request.NettyRequestSender - Using pooled Channel '[id: 0x602a4ff4, L:/127.0.0.1:65154 - R:localhost/127.0.0.1:4444]' for 'POST' to 'http://localhost:4444/wd/hub/session/30001ab78242fb900294c07c93657ed2/element'
19:59:05.488 [Forwarding findElement on session 30001ab78242fb900294c07c93657ed2 to remote] DEBUG o.a.netty.request.NettyRequestSender - Using open Channel [id: 0x602a4ff4, L:/127.0.0.1:65154 - R:localhost/127.0.0.1:4444] for POST '/wd/hub/session/30001ab78242fb900294c07c93657ed2/element'
19:59:05.502 [AsyncHttpClient-1-2] DEBUG o.a.netty.handler.HttpHandler - 

Request DefaultHttpRequest(decodeResult: success, version: HTTP/1.1)
POST /wd/hub/session/30001ab78242fb900294c07c93657ed2/element HTTP/1.1
User-Agent: selenium/4.9.1 (java windows)
Content-Length: 92
Content-Type: application/json; charset=utf-8
host: localhost:4444
accept: */*

Response DefaultHttpResponse(decodeResult: success, version: HTTP/1.1)
HTTP/1.1 200 OK
content-length: 126
content-type: application/json; charset=utf-8
cache-control: no-cache

19:59:05.502 [AsyncHttpClient-1-2] DEBUG o.a.netty.channel.ChannelManager - Adding key: http://localhost:4444 for channel [id: 0x602a4ff4, L:/127.0.0.1:65154 - R:localhost/127.0.0.1:4444]
19:59:05.506 [Forwarding isElementDisplayed on session 30001ab78242fb900294c07c93657ed2 to remote] DEBUG o.a.netty.request.NettyRequestSender - Using pooled Channel '[id: 0x602a4ff4, L:/127.0.0.1:65154 - R:localhost/127.0.0.1:4444]' for 'POST' to 'http://localhost:4444/wd/hub/session/30001ab78242fb900294c07c93657ed2/execute/sync'
19:59:05.506 [Forwarding isElementDisplayed on session 30001ab78242fb900294c07c93657ed2 to remote] DEBUG o.a.netty.request.NettyRequestSender - Using open Channel [id: 0x602a4ff4, L:/127.0.0.1:65154 - R:localhost/127.0.0.1:4444] for POST '/wd/hub/session/30001ab78242fb900294c07c93657ed2/execute/sync'
19:59:05.521 [AsyncHttpClient-1-2] DEBUG o.a.netty.handler.HttpHandler - 

Request DefaultHttpRequest(decodeResult: success, version: HTTP/1.1)
POST /wd/hub/session/30001ab78242fb900294c07c93657ed2/execute/sync HTTP/1.1
User-Agent: selenium/4.9.1 (java windows)
Content-Length: 48845
Content-Type: application/json; charset=utf-8
host: localhost:4444
accept: */*

Response DefaultHttpResponse(decodeResult: success, version: HTTP/1.1)
HTTP/1.1 200 OK
content-length: 14
content-type: application/json; charset=utf-8
cache-control: no-cache

19:59:05.521 [AsyncHttpClient-1-2] DEBUG o.a.netty.channel.ChannelManager - Adding key: http://localhost:4444 for channel [id: 0x602a4ff4, L:/127.0.0.1:65154 - R:localhost/127.0.0.1:4444]
19:59:05.523 [Forwarding isElementEnabled on session 30001ab78242fb900294c07c93657ed2 to remote] DEBUG o.a.netty.request.NettyRequestSender - Using pooled Channel '[id: 0x602a4ff4, L:/127.0.0.1:65154 - R:localhost/127.0.0.1:4444]' for 'GET' to 'http://localhost:4444/wd/hub/session/30001ab78242fb900294c07c93657ed2/element/f.D6D752E85A031151A306B110D8DCF949.d.EA60173A7A52CABD9FF5E50574EF45AC.e.16/enabled'
19:59:05.523 [Forwarding isElementEnabled on session 30001ab78242fb900294c07c93657ed2 to remote] DEBUG o.a.netty.request.NettyRequestSender - Using open Channel [id: 0x602a4ff4, L:/127.0.0.1:65154 - R:localhost/127.0.0.1:4444] for GET '/wd/hub/session/30001ab78242fb900294c07c93657ed2/element/f.D6D752E85A031151A306B110D8DCF949.d.EA60173A7A52CABD9FF5E50574EF45AC.e.16/enabled'
19:59:05.539 [AsyncHttpClient-1-2] DEBUG o.a.netty.handler.HttpHandler - 

Request DefaultFullHttpRequest(decodeResult: success, version: HTTP/1.1, content: EmptyByteBufBE)
GET /wd/hub/session/30001ab78242fb900294c07c93657ed2/element/f.D6D752E85A031151A306B110D8DCF949.d.EA60173A7A52CABD9FF5E50574EF45AC.e.16/enabled HTTP/1.1
Cache-Control: no-cache
User-Agent: selenium/4.9.1 (java windows)
Content-Type: application/json; charset=utf-8
host: localhost:4444
accept: */*

Response DefaultHttpResponse(decodeResult: success, version: HTTP/1.1)
HTTP/1.1 200 OK
content-length: 14
content-type: application/json; charset=utf-8
cache-control: no-cache

19:59:05.539 [AsyncHttpClient-1-2] DEBUG o.a.netty.channel.ChannelManager - Adding key: http://localhost:4444 for channel [id: 0x602a4ff4, L:/127.0.0.1:65154 - R:localhost/127.0.0.1:4444]
19:59:05.540 [Forwarding clickElement on session 30001ab78242fb900294c07c93657ed2 to remote] DEBUG o.a.netty.request.NettyRequestSender - Using pooled Channel '[id: 0x602a4ff4, L:/127.0.0.1:65154 - R:localhost/127.0.0.1:4444]' for 'POST' to 'http://localhost:4444/wd/hub/session/30001ab78242fb900294c07c93657ed2/element/f.D6D752E85A031151A306B110D8DCF949.d.EA60173A7A52CABD9FF5E50574EF45AC.e.16/click'
19:59:05.540 [Forwarding clickElement on session 30001ab78242fb900294c07c93657ed2 to remote] DEBUG o.a.netty.request.NettyRequestSender - Using open Channel [id: 0x602a4ff4, L:/127.0.0.1:65154 - R:localhost/127.0.0.1:4444] for POST '/wd/hub/session/30001ab78242fb900294c07c93657ed2/element/f.D6D752E85A031151A306B110D8DCF949.d.EA60173A7A52CABD9FF5E50574EF45AC.e.16/click'
19:59:05.645 [AsyncHttpClient-1-2] DEBUG o.a.netty.handler.HttpHandler - 

Request DefaultHttpRequest(decodeResult: success, version: HTTP/1.1)
POST /wd/hub/session/30001ab78242fb900294c07c93657ed2/element/f.D6D752E85A031151A306B110D8DCF949.d.EA60173A7A52CABD9FF5E50574EF45AC.e.16/click HTTP/1.1
User-Agent: selenium/4.9.1 (java windows)
Content-Length: 88
Content-Type: application/json; charset=utf-8
host: localhost:4444
accept: */*

Response DefaultHttpResponse(decodeResult: success, version: HTTP/1.1)
HTTP/1.1 200 OK
content-length: 14
content-type: application/json; charset=utf-8
cache-control: no-cache

19:59:05.645 [AsyncHttpClient-1-2] DEBUG o.a.netty.channel.ChannelManager - Adding key: http://localhost:4444 for channel [id: 0x602a4ff4, L:/127.0.0.1:65154 - R:localhost/127.0.0.1:4444]
19:59:05.646 [Forwarding findElement on session 30001ab78242fb900294c07c93657ed2 to remote] DEBUG o.a.netty.request.NettyRequestSender - Using pooled Channel '[id: 0x602a4ff4, L:/127.0.0.1:65154 - R:localhost/127.0.0.1:4444]' for 'POST' to 'http://localhost:4444/wd/hub/session/30001ab78242fb900294c07c93657ed2/element'
19:59:05.646 [Forwarding findElement on session 30001ab78242fb900294c07c93657ed2 to remote] DEBUG o.a.netty.request.NettyRequestSender - Using open Channel [id: 0x602a4ff4, L:/127.0.0.1:65154 - R:localhost/127.0.0.1:4444] for POST '/wd/hub/session/30001ab78242fb900294c07c93657ed2/element'
19:59:05.661 [AsyncHttpClient-1-2] DEBUG o.a.netty.handler.HttpHandler - 

Request DefaultHttpRequest(decodeResult: success, version: HTTP/1.1)
POST /wd/hub/session/30001ab78242fb900294c07c93657ed2/element HTTP/1.1
User-Agent: selenium/4.9.1 (java windows)
Content-Length: 122
Content-Type: application/json; charset=utf-8
host: localhost:4444
accept: */*

Response DefaultHttpResponse(decodeResult: success, version: HTTP/1.1)
HTTP/1.1 200 OK
content-length: 127
content-type: application/json; charset=utf-8
cache-control: no-cache

19:59:05.661 [AsyncHttpClient-1-2] DEBUG o.a.netty.channel.ChannelManager - Adding key: http://localhost:4444 for channel [id: 0x602a4ff4, L:/127.0.0.1:65154 - R:localhost/127.0.0.1:4444]
19:59:05.666 [Forwarding isElementDisplayed on session 30001ab78242fb900294c07c93657ed2 to remote] DEBUG o.a.netty.request.NettyRequestSender - Using pooled Channel '[id: 0x602a4ff4, L:/127.0.0.1:65154 - R:localhost/127.0.0.1:4444]' for 'POST' to 'http://localhost:4444/wd/hub/session/30001ab78242fb900294c07c93657ed2/execute/sync'
19:59:05.666 [Forwarding isElementDisplayed on session 30001ab78242fb900294c07c93657ed2 to remote] DEBUG o.a.netty.request.NettyRequestSender - Using open Channel [id: 0x602a4ff4, L:/127.0.0.1:65154 - R:localhost/127.0.0.1:4444] for POST '/wd/hub/session/30001ab78242fb900294c07c93657ed2/execute/sync'
19:59:05.685 [AsyncHttpClient-1-2] DEBUG o.a.netty.handler.HttpHandler - 

Request DefaultHttpRequest(decodeResult: success, version: HTTP/1.1)
POST /wd/hub/session/30001ab78242fb900294c07c93657ed2/execute/sync HTTP/1.1
User-Agent: selenium/4.9.1 (java windows)
Content-Length: 48846
Content-Type: application/json; charset=utf-8
host: localhost:4444
accept: */*

Response DefaultHttpResponse(decodeResult: success, version: HTTP/1.1)
HTTP/1.1 200 OK
content-length: 14
content-type: application/json; charset=utf-8
cache-control: no-cache

19:59:05.685 [AsyncHttpClient-1-2] DEBUG o.a.netty.channel.ChannelManager - Adding key: http://localhost:4444 for channel [id: 0x602a4ff4, L:/127.0.0.1:65154 - R:localhost/127.0.0.1:4444]
19:59:05.690 [Forwarding findElement on session 30001ab78242fb900294c07c93657ed2 to remote] DEBUG o.a.netty.request.NettyRequestSender - Using pooled Channel '[id: 0x602a4ff4, L:/127.0.0.1:65154 - R:localhost/127.0.0.1:4444]' for 'POST' to 'http://localhost:4444/wd/hub/session/30001ab78242fb900294c07c93657ed2/element'
19:59:05.690 [Forwarding findElement on session 30001ab78242fb900294c07c93657ed2 to remote] DEBUG o.a.netty.request.NettyRequestSender - Using open Channel [id: 0x602a4ff4, L:/127.0.0.1:65154 - R:localhost/127.0.0.1:4444] for POST '/wd/hub/session/30001ab78242fb900294c07c93657ed2/element'
19:59:05.719 [AsyncHttpClient-1-2] DEBUG o.a.netty.handler.HttpHandler - 

Request DefaultHttpRequest(decodeResult: success, version: HTTP/1.1)
POST /wd/hub/session/30001ab78242fb900294c07c93657ed2/element HTTP/1.1
User-Agent: selenium/4.9.1 (java windows)
Content-Length: 108
Content-Type: application/json; charset=utf-8
host: localhost:4444
accept: */*

Response DefaultHttpResponse(decodeResult: success, version: HTTP/1.1)
HTTP/1.1 200 OK
content-length: 127
content-type: application/json; charset=utf-8
cache-control: no-cache

19:59:05.720 [AsyncHttpClient-1-2] DEBUG o.a.netty.channel.ChannelManager - Adding key: http://localhost:4444 for channel [id: 0x602a4ff4, L:/127.0.0.1:65154 - R:localhost/127.0.0.1:4444]
19:59:05.723 [Forwarding isElementDisplayed on session 30001ab78242fb900294c07c93657ed2 to remote] DEBUG o.a.netty.request.NettyRequestSender - Using pooled Channel '[id: 0x602a4ff4, L:/127.0.0.1:65154 - R:localhost/127.0.0.1:4444]' for 'POST' to 'http://localhost:4444/wd/hub/session/30001ab78242fb900294c07c93657ed2/execute/sync'
19:59:05.723 [Forwarding isElementDisplayed on session 30001ab78242fb900294c07c93657ed2 to remote] DEBUG o.a.netty.request.NettyRequestSender - Using open Channel [id: 0x602a4ff4, L:/127.0.0.1:65154 - R:localhost/127.0.0.1:4444] for POST '/wd/hub/session/30001ab78242fb900294c07c93657ed2/execute/sync'
19:59:05.742 [AsyncHttpClient-1-2] DEBUG o.a.netty.handler.HttpHandler - 

Request DefaultHttpRequest(decodeResult: success, version: HTTP/1.1)
POST /wd/hub/session/30001ab78242fb900294c07c93657ed2/execute/sync HTTP/1.1
User-Agent: selenium/4.9.1 (java windows)
Content-Length: 48846
Content-Type: application/json; charset=utf-8
host: localhost:4444
accept: */*

Response DefaultHttpResponse(decodeResult: success, version: HTTP/1.1)
HTTP/1.1 200 OK
content-length: 14
content-type: application/json; charset=utf-8
cache-control: no-cache

19:59:05.742 [AsyncHttpClient-1-2] DEBUG o.a.netty.channel.ChannelManager - Adding key: http://localhost:4444 for channel [id: 0x602a4ff4, L:/127.0.0.1:65154 - R:localhost/127.0.0.1:4444]
19:59:05.744 [Forwarding findElement on session 30001ab78242fb900294c07c93657ed2 to remote] DEBUG o.a.netty.request.NettyRequestSender - Using pooled Channel '[id: 0x602a4ff4, L:/127.0.0.1:65154 - R:localhost/127.0.0.1:4444]' for 'POST' to 'http://localhost:4444/wd/hub/session/30001ab78242fb900294c07c93657ed2/element'
19:59:05.744 [Forwarding findElement on session 30001ab78242fb900294c07c93657ed2 to remote] DEBUG o.a.netty.request.NettyRequestSender - Using open Channel [id: 0x602a4ff4, L:/127.0.0.1:65154 - R:localhost/127.0.0.1:4444] for POST '/wd/hub/session/30001ab78242fb900294c07c93657ed2/element'
19:59:05.763 [AsyncHttpClient-1-2] DEBUG o.a.netty.handler.HttpHandler - 

Request DefaultHttpRequest(decodeResult: success, version: HTTP/1.1)
POST /wd/hub/session/30001ab78242fb900294c07c93657ed2/element HTTP/1.1
User-Agent: selenium/4.9.1 (java windows)
Content-Length: 108
Content-Type: application/json; charset=utf-8
host: localhost:4444
accept: */*

Response DefaultHttpResponse(decodeResult: success, version: HTTP/1.1)
HTTP/1.1 200 OK
content-length: 127
content-type: application/json; charset=utf-8
cache-control: no-cache

19:59:05.763 [AsyncHttpClient-1-2] DEBUG o.a.netty.channel.ChannelManager - Adding key: http://localhost:4444 for channel [id: 0x602a4ff4, L:/127.0.0.1:65154 - R:localhost/127.0.0.1:4444]
19:59:05.767 [Forwarding isElementDisplayed on session 30001ab78242fb900294c07c93657ed2 to remote] DEBUG o.a.netty.request.NettyRequestSender - Using pooled Channel '[id: 0x602a4ff4, L:/127.0.0.1:65154 - R:localhost/127.0.0.1:4444]' for 'POST' to 'http://localhost:4444/wd/hub/session/30001ab78242fb900294c07c93657ed2/execute/sync'
19:59:05.767 [Forwarding isElementDisplayed on session 30001ab78242fb900294c07c93657ed2 to remote] DEBUG o.a.netty.request.NettyRequestSender - Using open Channel [id: 0x602a4ff4, L:/127.0.0.1:65154 - R:localhost/127.0.0.1:4444] for POST '/wd/hub/session/30001ab78242fb900294c07c93657ed2/execute/sync'
19:59:05.796 [AsyncHttpClient-1-2] DEBUG o.a.netty.handler.HttpHandler - 

Request DefaultHttpRequest(decodeResult: success, version: HTTP/1.1)
POST /wd/hub/session/30001ab78242fb900294c07c93657ed2/execute/sync HTTP/1.1
User-Agent: selenium/4.9.1 (java windows)
Content-Length: 48846
Content-Type: application/json; charset=utf-8
host: localhost:4444
accept: */*

Response DefaultHttpResponse(decodeResult: success, version: HTTP/1.1)
HTTP/1.1 200 OK
content-length: 14
content-type: application/json; charset=utf-8
cache-control: no-cache

19:59:05.796 [AsyncHttpClient-1-2] DEBUG o.a.netty.channel.ChannelManager - Adding key: http://localhost:4444 for channel [id: 0x602a4ff4, L:/127.0.0.1:65154 - R:localhost/127.0.0.1:4444]
19:59:05.798 [Forwarding findElement on session 30001ab78242fb900294c07c93657ed2 to remote] DEBUG o.a.netty.request.NettyRequestSender - Using pooled Channel '[id: 0x602a4ff4, L:/127.0.0.1:65154 - R:localhost/127.0.0.1:4444]' for 'POST' to 'http://localhost:4444/wd/hub/session/30001ab78242fb900294c07c93657ed2/element'
19:59:05.798 [Forwarding findElement on session 30001ab78242fb900294c07c93657ed2 to remote] DEBUG o.a.netty.request.NettyRequestSender - Using open Channel [id: 0x602a4ff4, L:/127.0.0.1:65154 - R:localhost/127.0.0.1:4444] for POST '/wd/hub/session/30001ab78242fb900294c07c93657ed2/element'
19:59:05.825 [AsyncHttpClient-1-2] DEBUG o.a.netty.handler.HttpHandler - 

Request DefaultHttpRequest(decodeResult: success, version: HTTP/1.1)
POST /wd/hub/session/30001ab78242fb900294c07c93657ed2/element HTTP/1.1
User-Agent: selenium/4.9.1 (java windows)
Content-Length: 108
Content-Type: application/json; charset=utf-8
host: localhost:4444
accept: */*

Response DefaultHttpResponse(decodeResult: success, version: HTTP/1.1)
HTTP/1.1 200 OK
content-length: 127
content-type: application/json; charset=utf-8
cache-control: no-cache

19:59:05.826 [AsyncHttpClient-1-2] DEBUG o.a.netty.channel.ChannelManager - Adding key: http://localhost:4444 for channel [id: 0x602a4ff4, L:/127.0.0.1:65154 - R:localhost/127.0.0.1:4444]
19:59:05.829 [Forwarding isElementDisplayed on session 30001ab78242fb900294c07c93657ed2 to remote] DEBUG o.a.netty.request.NettyRequestSender - Using pooled Channel '[id: 0x602a4ff4, L:/127.0.0.1:65154 - R:localhost/127.0.0.1:4444]' for 'POST' to 'http://localhost:4444/wd/hub/session/30001ab78242fb900294c07c93657ed2/execute/sync'
19:59:05.829 [Forwarding isElementDisplayed on session 30001ab78242fb900294c07c93657ed2 to remote] DEBUG o.a.netty.request.NettyRequestSender - Using open Channel [id: 0x602a4ff4, L:/127.0.0.1:65154 - R:localhost/127.0.0.1:4444] for POST '/wd/hub/session/30001ab78242fb900294c07c93657ed2/execute/sync'
19:59:05.858 [AsyncHttpClient-1-2] DEBUG o.a.netty.handler.HttpHandler - 

Request DefaultHttpRequest(decodeResult: success, version: HTTP/1.1)
POST /wd/hub/session/30001ab78242fb900294c07c93657ed2/execute/sync HTTP/1.1
User-Agent: selenium/4.9.1 (java windows)
Content-Length: 48846
Content-Type: application/json; charset=utf-8
host: localhost:4444
accept: */*

Response DefaultHttpResponse(decodeResult: success, version: HTTP/1.1)
HTTP/1.1 200 OK
content-length: 14
content-type: application/json; charset=utf-8
cache-control: no-cache

19:59:05.859 [AsyncHttpClient-1-2] DEBUG o.a.netty.channel.ChannelManager - Adding key: http://localhost:4444 for channel [id: 0x602a4ff4, L:/127.0.0.1:65154 - R:localhost/127.0.0.1:4444]
19:59:05.860 [Forwarding isElementEnabled on session 30001ab78242fb900294c07c93657ed2 to remote] DEBUG o.a.netty.request.NettyRequestSender - Using pooled Channel '[id: 0x602a4ff4, L:/127.0.0.1:65154 - R:localhost/127.0.0.1:4444]' for 'GET' to 'http://localhost:4444/wd/hub/session/30001ab78242fb900294c07c93657ed2/element/f.D6D752E85A031151A306B110D8DCF949.d.EA60173A7A52CABD9FF5E50574EF45AC.e.157/enabled'
19:59:05.861 [Forwarding isElementEnabled on session 30001ab78242fb900294c07c93657ed2 to remote] DEBUG o.a.netty.request.NettyRequestSender - Using open Channel [id: 0x602a4ff4, L:/127.0.0.1:65154 - R:localhost/127.0.0.1:4444] for GET '/wd/hub/session/30001ab78242fb900294c07c93657ed2/element/f.D6D752E85A031151A306B110D8DCF949.d.EA60173A7A52CABD9FF5E50574EF45AC.e.157/enabled'
19:59:05.890 [AsyncHttpClient-1-2] DEBUG o.a.netty.handler.HttpHandler - 

Request DefaultFullHttpRequest(decodeResult: success, version: HTTP/1.1, content: EmptyByteBufBE)
GET /wd/hub/session/30001ab78242fb900294c07c93657ed2/element/f.D6D752E85A031151A306B110D8DCF949.d.EA60173A7A52CABD9FF5E50574EF45AC.e.157/enabled HTTP/1.1
Cache-Control: no-cache
User-Agent: selenium/4.9.1 (java windows)
Content-Type: application/json; charset=utf-8
host: localhost:4444
accept: */*

Response DefaultHttpResponse(decodeResult: success, version: HTTP/1.1)
HTTP/1.1 200 OK
content-length: 14
content-type: application/json; charset=utf-8
cache-control: no-cache

19:59:05.891 [AsyncHttpClient-1-2] DEBUG o.a.netty.channel.ChannelManager - Adding key: http://localhost:4444 for channel [id: 0x602a4ff4, L:/127.0.0.1:65154 - R:localhost/127.0.0.1:4444]
19:59:05.893 [Forwarding clickElement on session 30001ab78242fb900294c07c93657ed2 to remote] DEBUG o.a.netty.request.NettyRequestSender - Using pooled Channel '[id: 0x602a4ff4, L:/127.0.0.1:65154 - R:localhost/127.0.0.1:4444]' for 'POST' to 'http://localhost:4444/wd/hub/session/30001ab78242fb900294c07c93657ed2/element/f.D6D752E85A031151A306B110D8DCF949.d.EA60173A7A52CABD9FF5E50574EF45AC.e.157/click'
19:59:05.893 [Forwarding clickElement on session 30001ab78242fb900294c07c93657ed2 to remote] DEBUG o.a.netty.request.NettyRequestSender - Using open Channel [id: 0x602a4ff4, L:/127.0.0.1:65154 - R:localhost/127.0.0.1:4444] for POST '/wd/hub/session/30001ab78242fb900294c07c93657ed2/element/f.D6D752E85A031151A306B110D8DCF949.d.EA60173A7A52CABD9FF5E50574EF45AC.e.157/click'
19:59:07.062 [AsyncHttpClient-1-2] DEBUG o.a.netty.handler.HttpHandler - 

Request DefaultHttpRequest(decodeResult: success, version: HTTP/1.1)
POST /wd/hub/session/30001ab78242fb900294c07c93657ed2/element/f.D6D752E85A031151A306B110D8DCF949.d.EA60173A7A52CABD9FF5E50574EF45AC.e.157/click HTTP/1.1
User-Agent: selenium/4.9.1 (java windows)
Content-Length: 89
Content-Type: application/json; charset=utf-8
host: localhost:4444
accept: */*

Response DefaultHttpResponse(decodeResult: success, version: HTTP/1.1)
HTTP/1.1 400 Bad Request
content-length: 1257
content-type: application/json; charset=utf-8
cache-control: no-cache

19:59:07.063 [AsyncHttpClient-1-2] DEBUG o.a.netty.channel.ChannelManager - Adding key: http://localhost:4444 for channel [id: 0x602a4ff4, L:/127.0.0.1:65154 - R:localhost/127.0.0.1:4444]
19:59:07.279 [Forwarding findElement on session 30001ab78242fb900294c07c93657ed2 to remote] DEBUG o.a.netty.request.NettyRequestSender - Using pooled Channel '[id: 0x602a4ff4, L:/127.0.0.1:65154 - R:localhost/127.0.0.1:4444]' for 'POST' to 'http://localhost:4444/wd/hub/session/30001ab78242fb900294c07c93657ed2/element'
19:59:07.279 [Forwarding findElement on session 30001ab78242fb900294c07c93657ed2 to remote] DEBUG o.a.netty.request.NettyRequestSender - Using open Channel [id: 0x602a4ff4, L:/127.0.0.1:65154 - R:localhost/127.0.0.1:4444] for POST '/wd/hub/session/30001ab78242fb900294c07c93657ed2/element'
19:59:07.306 [AsyncHttpClient-1-2] DEBUG o.a.netty.handler.HttpHandler - 

Request DefaultHttpRequest(decodeResult: success, version: HTTP/1.1)
POST /wd/hub/session/30001ab78242fb900294c07c93657ed2/element HTTP/1.1
User-Agent: selenium/4.9.1 (java windows)
Content-Length: 108
Content-Type: application/json; charset=utf-8
host: localhost:4444
accept: */*

Response DefaultHttpResponse(decodeResult: success, version: HTTP/1.1)
HTTP/1.1 200 OK
content-length: 127
content-type: application/json; charset=utf-8
cache-control: no-cache

19:59:07.306 [AsyncHttpClient-1-2] DEBUG o.a.netty.channel.ChannelManager - Adding key: http://localhost:4444 for channel [id: 0x602a4ff4, L:/127.0.0.1:65154 - R:localhost/127.0.0.1:4444]
19:59:07.311 [Forwarding isElementDisplayed on session 30001ab78242fb900294c07c93657ed2 to remote] DEBUG o.a.netty.request.NettyRequestSender - Using pooled Channel '[id: 0x602a4ff4, L:/127.0.0.1:65154 - R:localhost/127.0.0.1:4444]' for 'POST' to 'http://localhost:4444/wd/hub/session/30001ab78242fb900294c07c93657ed2/execute/sync'
19:59:07.311 [Forwarding isElementDisplayed on session 30001ab78242fb900294c07c93657ed2 to remote] DEBUG o.a.netty.request.NettyRequestSender - Using open Channel [id: 0x602a4ff4, L:/127.0.0.1:65154 - R:localhost/127.0.0.1:4444] for POST '/wd/hub/session/30001ab78242fb900294c07c93657ed2/execute/sync'
19:59:07.341 [AsyncHttpClient-1-2] DEBUG o.a.netty.handler.HttpHandler - 

Request DefaultHttpRequest(decodeResult: success, version: HTTP/1.1)
POST /wd/hub/session/30001ab78242fb900294c07c93657ed2/execute/sync HTTP/1.1
User-Agent: selenium/4.9.1 (java windows)
Content-Length: 48846
Content-Type: application/json; charset=utf-8
host: localhost:4444
accept: */*

Response DefaultHttpResponse(decodeResult: success, version: HTTP/1.1)
HTTP/1.1 200 OK
content-length: 14
content-type: application/json; charset=utf-8
cache-control: no-cache

19:59:07.342 [AsyncHttpClient-1-2] DEBUG o.a.netty.channel.ChannelManager - Adding key: http://localhost:4444 for channel [id: 0x602a4ff4, L:/127.0.0.1:65154 - R:localhost/127.0.0.1:4444]
19:59:07.344 [Forwarding isElementEnabled on session 30001ab78242fb900294c07c93657ed2 to remote] DEBUG o.a.netty.request.NettyRequestSender - Using pooled Channel '[id: 0x602a4ff4, L:/127.0.0.1:65154 - R:localhost/127.0.0.1:4444]' for 'GET' to 'http://localhost:4444/wd/hub/session/30001ab78242fb900294c07c93657ed2/element/f.D6D752E85A031151A306B110D8DCF949.d.EA60173A7A52CABD9FF5E50574EF45AC.e.157/enabled'
19:59:07.344 [Forwarding isElementEnabled on session 30001ab78242fb900294c07c93657ed2 to remote] DEBUG o.a.netty.request.NettyRequestSender - Using open Channel [id: 0x602a4ff4, L:/127.0.0.1:65154 - R:localhost/127.0.0.1:4444] for GET '/wd/hub/session/30001ab78242fb900294c07c93657ed2/element/f.D6D752E85A031151A306B110D8DCF949.d.EA60173A7A52CABD9FF5E50574EF45AC.e.157/enabled'
19:59:07.362 [AsyncHttpClient-1-2] DEBUG o.a.netty.handler.HttpHandler - 

Request DefaultFullHttpRequest(decodeResult: success, version: HTTP/1.1, content: EmptyByteBufBE)
GET /wd/hub/session/30001ab78242fb900294c07c93657ed2/element/f.D6D752E85A031151A306B110D8DCF949.d.EA60173A7A52CABD9FF5E50574EF45AC.e.157/enabled HTTP/1.1
Cache-Control: no-cache
User-Agent: selenium/4.9.1 (java windows)
Content-Type: application/json; charset=utf-8
host: localhost:4444
accept: */*

Response DefaultHttpResponse(decodeResult: success, version: HTTP/1.1)
HTTP/1.1 200 OK
content-length: 14
content-type: application/json; charset=utf-8
cache-control: no-cache

19:59:07.362 [AsyncHttpClient-1-2] DEBUG o.a.netty.channel.ChannelManager - Adding key: http://localhost:4444 for channel [id: 0x602a4ff4, L:/127.0.0.1:65154 - R:localhost/127.0.0.1:4444]
19:59:07.364 [Forwarding clickElement on session 30001ab78242fb900294c07c93657ed2 to remote] DEBUG o.a.netty.request.NettyRequestSender - Using pooled Channel '[id: 0x602a4ff4, L:/127.0.0.1:65154 - R:localhost/127.0.0.1:4444]' for 'POST' to 'http://localhost:4444/wd/hub/session/30001ab78242fb900294c07c93657ed2/element/f.D6D752E85A031151A306B110D8DCF949.d.EA60173A7A52CABD9FF5E50574EF45AC.e.157/click'
19:59:07.364 [Forwarding clickElement on session 30001ab78242fb900294c07c93657ed2 to remote] DEBUG o.a.netty.request.NettyRequestSender - Using open Channel [id: 0x602a4ff4, L:/127.0.0.1:65154 - R:localhost/127.0.0.1:4444] for POST '/wd/hub/session/30001ab78242fb900294c07c93657ed2/element/f.D6D752E85A031151A306B110D8DCF949.d.EA60173A7A52CABD9FF5E50574EF45AC.e.157/click'
19:59:08.455 [AsyncHttpClient-1-2] DEBUG o.a.netty.handler.HttpHandler - 

Request DefaultHttpRequest(decodeResult: success, version: HTTP/1.1)
POST /wd/hub/session/30001ab78242fb900294c07c93657ed2/element/f.D6D752E85A031151A306B110D8DCF949.d.EA60173A7A52CABD9FF5E50574EF45AC.e.157/click HTTP/1.1
User-Agent: selenium/4.9.1 (java windows)
Content-Length: 89
Content-Type: application/json; charset=utf-8
host: localhost:4444
accept: */*

Response DefaultHttpResponse(decodeResult: success, version: HTTP/1.1)
HTTP/1.1 400 Bad Request
content-length: 1257
content-type: application/json; charset=utf-8
cache-control: no-cache

19:59:08.456 [AsyncHttpClient-1-2] DEBUG o.a.netty.channel.ChannelManager - Adding key: http://localhost:4444 for channel [id: 0x602a4ff4, L:/127.0.0.1:65154 - R:localhost/127.0.0.1:4444]
19:59:08.666 [AsyncHttpClient-1-1] DEBUG o.a.netty.channel.DefaultChannelPool - Entry count for : http://localhost:4444 : 1
19:59:08.667 [Forwarding findElement on session 30001ab78242fb900294c07c93657ed2 to remote] DEBUG o.a.netty.request.NettyRequestSender - Using pooled Channel '[id: 0x602a4ff4, L:/127.0.0.1:65154 - R:localhost/127.0.0.1:4444]' for 'POST' to 'http://localhost:4444/wd/hub/session/30001ab78242fb900294c07c93657ed2/element'
19:59:08.667 [Forwarding findElement on session 30001ab78242fb900294c07c93657ed2 to remote] DEBUG o.a.netty.request.NettyRequestSender - Using open Channel [id: 0x602a4ff4, L:/127.0.0.1:65154 - R:localhost/127.0.0.1:4444] for POST '/wd/hub/session/30001ab78242fb900294c07c93657ed2/element'
19:59:08.690 [AsyncHttpClient-1-2] DEBUG o.a.netty.handler.HttpHandler - 

Request DefaultHttpRequest(decodeResult: success, version: HTTP/1.1)
POST /wd/hub/session/30001ab78242fb900294c07c93657ed2/element HTTP/1.1
User-Agent: selenium/4.9.1 (java windows)
Content-Length: 108
Content-Type: application/json; charset=utf-8
host: localhost:4444
accept: */*

Response DefaultHttpResponse(decodeResult: success, version: HTTP/1.1)
HTTP/1.1 200 OK
content-length: 127
content-type: application/json; charset=utf-8
cache-control: no-cache

19:59:08.690 [AsyncHttpClient-1-2] DEBUG o.a.netty.channel.ChannelManager - Adding key: http://localhost:4444 for channel [id: 0x602a4ff4, L:/127.0.0.1:65154 - R:localhost/127.0.0.1:4444]
19:59:08.695 [Forwarding isElementDisplayed on session 30001ab78242fb900294c07c93657ed2 to remote] DEBUG o.a.netty.request.NettyRequestSender - Using pooled Channel '[id: 0x602a4ff4, L:/127.0.0.1:65154 - R:localhost/127.0.0.1:4444]' for 'POST' to 'http://localhost:4444/wd/hub/session/30001ab78242fb900294c07c93657ed2/execute/sync'
19:59:08.695 [Forwarding isElementDisplayed on session 30001ab78242fb900294c07c93657ed2 to remote] DEBUG o.a.netty.request.NettyRequestSender - Using open Channel [id: 0x602a4ff4, L:/127.0.0.1:65154 - R:localhost/127.0.0.1:4444] for POST '/wd/hub/session/30001ab78242fb900294c07c93657ed2/execute/sync'
19:59:08.725 [AsyncHttpClient-1-2] DEBUG o.a.netty.handler.HttpHandler - 

Request DefaultHttpRequest(decodeResult: success, version: HTTP/1.1)
POST /wd/hub/session/30001ab78242fb900294c07c93657ed2/execute/sync HTTP/1.1
User-Agent: selenium/4.9.1 (java windows)
Content-Length: 48846
Content-Type: application/json; charset=utf-8
host: localhost:4444
accept: */*

Response DefaultHttpResponse(decodeResult: success, version: HTTP/1.1)
HTTP/1.1 200 OK
content-length: 14
content-type: application/json; charset=utf-8
cache-control: no-cache

19:59:08.725 [AsyncHttpClient-1-2] DEBUG o.a.netty.channel.ChannelManager - Adding key: http://localhost:4444 for channel [id: 0x602a4ff4, L:/127.0.0.1:65154 - R:localhost/127.0.0.1:4444]
19:59:08.727 [Forwarding isElementEnabled on session 30001ab78242fb900294c07c93657ed2 to remote] DEBUG o.a.netty.request.NettyRequestSender - Using pooled Channel '[id: 0x602a4ff4, L:/127.0.0.1:65154 - R:localhost/127.0.0.1:4444]' for 'GET' to 'http://localhost:4444/wd/hub/session/30001ab78242fb900294c07c93657ed2/element/f.D6D752E85A031151A306B110D8DCF949.d.EA60173A7A52CABD9FF5E50574EF45AC.e.157/enabled'
19:59:08.727 [Forwarding isElementEnabled on session 30001ab78242fb900294c07c93657ed2 to remote] DEBUG o.a.netty.request.NettyRequestSender - Using open Channel [id: 0x602a4ff4, L:/127.0.0.1:65154 - R:localhost/127.0.0.1:4444] for GET '/wd/hub/session/30001ab78242fb900294c07c93657ed2/element/f.D6D752E85A031151A306B110D8DCF949.d.EA60173A7A52CABD9FF5E50574EF45AC.e.157/enabled'
19:59:08.761 [AsyncHttpClient-1-2] DEBUG o.a.netty.handler.HttpHandler - 

Request DefaultFullHttpRequest(decodeResult: success, version: HTTP/1.1, content: EmptyByteBufBE)
GET /wd/hub/session/30001ab78242fb900294c07c93657ed2/element/f.D6D752E85A031151A306B110D8DCF949.d.EA60173A7A52CABD9FF5E50574EF45AC.e.157/enabled HTTP/1.1
Cache-Control: no-cache
User-Agent: selenium/4.9.1 (java windows)
Content-Type: application/json; charset=utf-8
host: localhost:4444
accept: */*

Response DefaultHttpResponse(decodeResult: success, version: HTTP/1.1)
HTTP/1.1 200 OK
content-length: 14
content-type: application/json; charset=utf-8
cache-control: no-cache

19:59:08.761 [AsyncHttpClient-1-2] DEBUG o.a.netty.channel.ChannelManager - Adding key: http://localhost:4444 for channel [id: 0x602a4ff4, L:/127.0.0.1:65154 - R:localhost/127.0.0.1:4444]
19:59:08.764 [Forwarding clickElement on session 30001ab78242fb900294c07c93657ed2 to remote] DEBUG o.a.netty.request.NettyRequestSender - Using pooled Channel '[id: 0x602a4ff4, L:/127.0.0.1:65154 - R:localhost/127.0.0.1:4444]' for 'POST' to 'http://localhost:4444/wd/hub/session/30001ab78242fb900294c07c93657ed2/element/f.D6D752E85A031151A306B110D8DCF949.d.EA60173A7A52CABD9FF5E50574EF45AC.e.157/click'
19:59:08.764 [Forwarding clickElement on session 30001ab78242fb900294c07c93657ed2 to remote] DEBUG o.a.netty.request.NettyRequestSender - Using open Channel [id: 0x602a4ff4, L:/127.0.0.1:65154 - R:localhost/127.0.0.1:4444] for POST '/wd/hub/session/30001ab78242fb900294c07c93657ed2/element/f.D6D752E85A031151A306B110D8DCF949.d.EA60173A7A52CABD9FF5E50574EF45AC.e.157/click'
19:59:09.943 [AsyncHttpClient-1-2] DEBUG o.a.netty.handler.HttpHandler - 

Request DefaultHttpRequest(decodeResult: success, version: HTTP/1.1)
POST /wd/hub/session/30001ab78242fb900294c07c93657ed2/element/f.D6D752E85A031151A306B110D8DCF949.d.EA60173A7A52CABD9FF5E50574EF45AC.e.157/click HTTP/1.1
User-Agent: selenium/4.9.1 (java windows)
Content-Length: 89
Content-Type: application/json; charset=utf-8
host: localhost:4444
accept: */*

Response DefaultHttpResponse(decodeResult: success, version: HTTP/1.1)
HTTP/1.1 400 Bad Request
content-length: 1257
content-type: application/json; charset=utf-8
cache-control: no-cache

19:59:09.943 [AsyncHttpClient-1-2] DEBUG o.a.netty.channel.ChannelManager - Adding key: http://localhost:4444 for channel [id: 0x602a4ff4, L:/127.0.0.1:65154 - R:localhost/127.0.0.1:4444]
19:59:09.966 [Forwarding getPageSource on session 30001ab78242fb900294c07c93657ed2 to remote] DEBUG o.a.netty.request.NettyRequestSender - Using pooled Channel '[id: 0x602a4ff4, L:/127.0.0.1:65154 - R:localhost/127.0.0.1:4444]' for 'POST' to 'http://localhost:4444/wd/hub/session/30001ab78242fb900294c07c93657ed2/execute/sync'
19:59:09.966 [Forwarding getPageSource on session 30001ab78242fb900294c07c93657ed2 to remote] DEBUG o.a.netty.request.NettyRequestSender - Using open Channel [id: 0x602a4ff4, L:/127.0.0.1:65154 - R:localhost/127.0.0.1:4444] for POST '/wd/hub/session/30001ab78242fb900294c07c93657ed2/execute/sync'
19:59:10.004 [AsyncHttpClient-1-2] DEBUG o.a.netty.handler.HttpHandler - 

Request DefaultHttpRequest(decodeResult: success, version: HTTP/1.1)
POST /wd/hub/session/30001ab78242fb900294c07c93657ed2/execute/sync HTTP/1.1
User-Agent: selenium/4.9.1 (java windows)
Content-Length: 176
Content-Type: application/json; charset=utf-8
host: localhost:4444
accept: */*

Response DefaultHttpResponse(decodeResult: success, version: HTTP/1.1)
HTTP/1.1 200 OK
content-length: 92501
content-type: application/json; charset=utf-8
cache-control: no-cache

19:59:10.005 [AsyncHttpClient-1-2] DEBUG o.a.netty.channel.ChannelManager - Adding key: http://localhost:4444 for channel [id: 0x602a4ff4, L:/127.0.0.1:65154 - R:localhost/127.0.0.1:4444]
19:59:10.021 [Forwarding screenshot on session 30001ab78242fb900294c07c93657ed2 to remote] DEBUG o.a.netty.request.NettyRequestSender - Using pooled Channel '[id: 0x602a4ff4, L:/127.0.0.1:65154 - R:localhost/127.0.0.1:4444]' for 'GET' to 'http://localhost:4444/wd/hub/session/30001ab78242fb900294c07c93657ed2/screenshot'
19:59:10.021 [Forwarding screenshot on session 30001ab78242fb900294c07c93657ed2 to remote] DEBUG o.a.netty.request.NettyRequestSender - Using open Channel [id: 0x602a4ff4, L:/127.0.0.1:65154 - R:localhost/127.0.0.1:4444] for GET '/wd/hub/session/30001ab78242fb900294c07c93657ed2/screenshot'
19:59:10.152 [AsyncHttpClient-1-2] DEBUG o.a.netty.handler.HttpHandler - 

Request DefaultFullHttpRequest(decodeResult: success, version: HTTP/1.1, content: EmptyByteBufBE)
GET /wd/hub/session/30001ab78242fb900294c07c93657ed2/screenshot HTTP/1.1
Cache-Control: no-cache
User-Agent: selenium/4.9.1 (java windows)
Content-Type: application/json; charset=utf-8
host: localhost:4444
accept: */*

Response DefaultHttpResponse(decodeResult: success, version: HTTP/1.1)
HTTP/1.1 200 OK
content-length: 155468
content-type: application/json; charset=utf-8
cache-control: no-cache

19:59:10.153 [AsyncHttpClient-1-2] DEBUG o.a.netty.channel.ChannelManager - Adding key: http://localhost:4444 for channel [id: 0x602a4ff4, L:/127.0.0.1:65154 - R:localhost/127.0.0.1:4444]
19:59:10.219 [Thread-0] INFO  c.c.s.d.DisposablesRegistry - Run cleanup: size=1
19:59:10.220 [Thread-0] INFO  c.c.s.d.CloseDriverCommand - Close webdriver: 52 -> RemoteWebDriver: chrome on Windows 11 (30001ab78242fb900294c07c93657ed2)...
19:59:10.222 [Forwarding quit on session 30001ab78242fb900294c07c93657ed2 to remote] DEBUG o.a.netty.request.NettyRequestSender - Using pooled Channel '[id: 0x602a4ff4, L:/127.0.0.1:65154 - R:localhost/127.0.0.1:4444]' for 'DELETE' to 'http://localhost:4444/wd/hub/session/30001ab78242fb900294c07c93657ed2'
19:59:10.222 [Forwarding quit on session 30001ab78242fb900294c07c93657ed2 to remote] DEBUG o.a.netty.request.NettyRequestSender - Using open Channel [id: 0x602a4ff4, L:/127.0.0.1:65154 - R:localhost/127.0.0.1:4444] for DELETE '/wd/hub/session/30001ab78242fb900294c07c93657ed2'
19:59:10.577 [AsyncHttpClient-1-2] DEBUG o.a.netty.handler.HttpHandler - 

Request DefaultFullHttpRequest(decodeResult: success, version: HTTP/1.1, content: EmptyByteBufBE)
DELETE /wd/hub/session/30001ab78242fb900294c07c93657ed2 HTTP/1.1
User-Agent: selenium/4.9.1 (java windows)
Content-Type: application/json; charset=utf-8
host: localhost:4444
accept: */*

Response DefaultHttpResponse(decodeResult: success, version: HTTP/1.1)
HTTP/1.1 200 OK
content-length: 14
content-type: application/json; charset=utf-8
cache-control: no-cache

19:59:10.577 [AsyncHttpClient-1-2] DEBUG o.a.netty.channel.ChannelManager - Adding key: http://localhost:4444 for channel [id: 0x602a4ff4, L:/127.0.0.1:65154 - R:localhost/127.0.0.1:4444]
19:59:10.578 [Thread-0] INFO  c.c.s.d.CloseDriverCommand - Closed webdriver 52 in 358 ms
19:59:10.578 [Thread-0] INFO  c.c.s.d.DisposablesRegistry - Finished cleanup
